12-07 07:46:27.635 I/am_finish_activity( 1182): [0,154972771,24,com.android.phone/.MobileNetworkSettings,app-request]
12-07 07:46:27.636 I/am_pause_activity( 1182): [0,154972771,com.android.phone/.MobileNetworkSettings]
12-07 07:46:27.640 I/am_on_paused_called( 2774): [0,com.android.phone.MobileNetworkSettings]
12-07 07:46:27.644 I/am_resume_activity( 1182): [0,463143198,24,com.android.settings/.Settings]
12-07 07:46:27.749 I/am_on_resume_called( 3805): [0,com.android.settings.Settings]
12-07 07:46:28.432 I/am_destroy_activity( 1182): [0,154972771,24,com.android.phone/.MobileNetworkSettings,finish-imm]
12-07 07:46:28.447 I/sf_frame_dur(  401): [com.android.phone/com.android.phone.MobileNetworkSettings,17,1,1,0,1,2,1]
12-07 07:46:28.758 I/keyevent( 1182): kbq keyCode=4 down=true canceled=false
12-07 07:46:28.760 I/keyevent( 1182): kbd keyCode=4 down=true repeatCount=0 canceled=false
12-07 07:46:28.762 I/keyevent( 1182): kbq keyCode=4 down=false canceled=false
12-07 07:46:28.763 I/keyevent( 1182): kbd keyCode=4 down=false repeatCount=0 canceled=false
12-07 07:46:28.765 I/am_finish_activity( 1182): [0,463143198,24,com.android.settings/.Settings,app-request]
12-07 07:46:28.765 I/wm_task_moved( 1182): [7,1,0]
12-07 07:46:28.794 I/am_pause_activity( 1182): [0,463143198,com.android.settings/.Settings]
12-07 07:46:28.818 I/am_on_paused_called( 3805): [0,com.android.settings.Settings]
12-07 07:46:28.827 I/am_resume_activity( 1182): [0,872178599,7,com.android.launcher3/.Launcher]
12-07 07:46:28.854 I/am_on_resume_called( 2844): [0,com.android.launcher3.Launcher]
12-07 07:46:29.370 I/am_destroy_activity( 1182): [0,463143198,24,com.android.settings/.Settings,finish-imm]
12-07 07:46:29.383 I/sf_frame_dur(  401): [com.android.settings/com.android.settings.Settings,1,0,1,0,2,0,0]
12-07 07:46:29.509 I/wm_task_removed( 1182): [24,removeAppToken: last token]
12-07 07:46:29.510 I/wm_task_removed( 1182): [24,removeTask]
12-07 07:46:29.892 I/keyevent( 1182): kbq keyCode=3 down=true canceled=false
12-07 07:46:29.895 I/keyevent( 1182): kbd keyCode=3 down=true repeatCount=0 canceled=false
12-07 07:46:29.896 I/keyevent( 1182): kbq keyCode=3 down=false canceled=false
12-07 07:46:29.898 I/keyevent( 1182): kbd keyCode=3 down=false repeatCount=0 canceled=false
12-07 07:46:29.909 I/wm_task_moved( 1182): [7,1,0]
12-07 07:46:29.909 I/am_new_intent( 1182): [0,199829353,7,com.android.launcher3/.Launcher,android.intent.action.MAIN,NULL,NULL,270532608]
12-07 07:46:31.487 I/am_create_task( 1182): [0,25]
12-07 07:46:31.487 I/am_create_activity( 1182): [0,983853711,25,com.android.settings/.Settings,android.intent.action.MAIN,NULL,NULL,270532608]
12-07 07:46:31.488 I/wm_task_created( 1182): [25,1]
12-07 07:46:31.488 I/wm_task_moved( 1182): [25,1,1]
12-07 07:46:31.537 I/am_pause_activity( 1182): [0,872178599,com.android.launcher3/.Launcher]
12-07 07:46:31.553 I/am_on_paused_called( 2844): [0,com.android.launcher3.Launcher]
12-07 07:46:31.556 I/am_restart_activity( 1182): [0,983853711,25,com.android.settings/.Settings]
12-07 07:46:31.613 I/am_on_resume_called( 3805): [0,com.android.settings.Settings]
12-07 07:46:31.738 I/am_activity_launch_time( 1182): [0,983853711,com.android.settings/.Settings,183,183]
12-07 07:46:31.884 I/sf_frame_dur(  401): [com.android.launcher3/com.android.launcher3.Launcher,57,1,1,1,1,2,0]
12-07 07:46:36.669 I/wm_task_moved( 1182): [25,1,1]
12-07 07:46:36.669 I/am_create_activity( 1182): [0,932331694,25,com.android.phone/.MobileNetworkSettings,android.intent.action.MAIN,NULL,NULL,0]
12-07 07:46:36.669 I/am_pause_activity( 1182): [0,983853711,com.android.settings/.Settings]
12-07 07:46:36.694 I/am_on_paused_called( 3805): [0,com.android.settings.Settings]
12-07 07:46:36.703 I/am_restart_activity( 1182): [0,932331694,25,com.android.phone/.MobileNetworkSettings]
12-07 07:46:36.900 I/am_on_resume_called( 2774): [0,com.android.phone.MobileNetworkSettings]
12-07 07:46:36.944 I/notification_cancel( 1182): [10025,2172,com.android.systemui,100,low_battery,0,0,64,8,NULL]
12-07 07:46:37.221 I/am_activity_launch_time( 1182): [0,932331694,com.android.phone/.MobileNetworkSettings,525,525]
12-07 07:46:37.565 I/sf_frame_dur(  401): [com.android.settings/com.android.settings.Settings,35,1,3,1,0,2,1]
12-07 07:46:39.332 I/dvm_lock_sample(18992): [uiautomator,0,UiAutomatorHandlerThread,85,QueryController.java,61,-,149,17]
12-07 07:46:43.133 I/sf_frame_dur(  401): [com.android.phone/com.android.phone.MobileNetworkSettings,14,1,1,0,1,1,0]
12-07 07:46:47.243 I/notification_cancel( 1182): [10025,2172,com.android.systemui,100,low_battery,0,0,64,8,NULL]
12-07 07:47:02.836 I/keyevent( 1182): kbq keyCode=4 down=true canceled=false
12-07 07:47:02.851 I/keyevent( 1182): kbd keyCode=4 down=true repeatCount=0 canceled=false
12-07 07:47:02.858 I/keyevent( 1182): kbq keyCode=4 down=false canceled=false
12-07 07:47:02.860 I/keyevent( 1182): kbd keyCode=4 down=false repeatCount=0 canceled=false
12-07 07:47:02.863 I/am_finish_activity( 1182): [0,932331694,25,com.android.phone/.MobileNetworkSettings,app-request]
12-07 07:47:02.866 I/am_pause_activity( 1182): [0,932331694,com.android.phone/.MobileNetworkSettings]
12-07 07:47:02.877 I/am_on_paused_called( 2774): [0,com.android.phone.MobileNetworkSettings]
12-07 07:47:02.894 I/am_resume_activity( 1182): [0,983853711,25,com.android.settings/.Settings]
12-07 07:47:02.988 I/am_on_resume_called( 3805): [0,com.android.settings.Settings]
12-07 07:47:03.556 I/am_destroy_activity( 1182): [0,932331694,25,com.android.phone/.MobileNetworkSettings,finish-imm]
12-07 07:47:03.569 I/sf_frame_dur(  401): [com.android.phone/com.android.phone.MobileNetworkSettings,16,0,3,0,1,3,2]
12-07 07:47:03.878 I/keyevent( 1182): kbq keyCode=4 down=true canceled=false
12-07 07:47:03.882 I/keyevent( 1182): kbd keyCode=4 down=true repeatCount=0 canceled=false
12-07 07:47:03.887 I/keyevent( 1182): kbq keyCode=4 down=false canceled=false
12-07 07:47:03.893 I/keyevent( 1182): kbd keyCode=4 down=false repeatCount=0 canceled=false
12-07 07:47:03.895 I/am_finish_activity( 1182): [0,983853711,25,com.android.settings/.Settings,app-request]
12-07 07:47:03.896 I/wm_task_moved( 1182): [7,1,0]
12-07 07:47:03.935 I/am_pause_activity( 1182): [0,983853711,com.android.settings/.Settings]
12-07 07:47:03.973 I/am_on_paused_called( 3805): [0,com.android.settings.Settings]
12-07 07:47:03.979 I/am_resume_activity( 1182): [0,872178599,7,com.android.launcher3/.Launcher]
12-07 07:47:03.999 I/am_on_resume_called( 2844): [0,com.android.launcher3.Launcher]
12-07 07:47:04.525 I/am_destroy_activity( 1182): [0,983853711,25,com.android.settings/.Settings,finish-imm]
12-07 07:47:04.539 I/sf_frame_dur(  401): [com.android.settings/com.android.settings.Settings,0,0,1,0,1,0,0]
12-07 07:47:04.670 I/wm_task_removed( 1182): [25,removeAppToken: last token]
12-07 07:47:04.671 I/wm_task_removed( 1182): [25,removeTask]
12-07 07:47:04.893 I/notification_cancel( 1182): [10025,2172,com.android.systemui,100,low_battery,0,0,64,8,NULL]
12-07 07:47:05.034 I/keyevent( 1182): kbq keyCode=4 down=true canceled=false
12-07 07:47:05.042 I/keyevent( 1182): kbd keyCode=4 down=true repeatCount=0 canceled=false
12-07 07:47:05.049 I/keyevent( 1182): kbq keyCode=4 down=false canceled=false
12-07 07:47:05.051 I/keyevent( 1182): kbd keyCode=4 down=false repeatCount=0 canceled=false
12-07 07:47:06.330 I/keyevent( 1182): kbq keyCode=4 down=true canceled=false
12-07 07:47:06.332 I/keyevent( 1182): kbd keyCode=4 down=true repeatCount=0 canceled=false
12-07 07:47:06.334 I/keyevent( 1182): kbq keyCode=4 down=false canceled=false
12-07 07:47:06.336 I/keyevent( 1182): kbd keyCode=4 down=false repeatCount=0 canceled=false
12-07 07:47:07.630 I/keyevent( 1182): kbq keyCode=4 down=true canceled=false
12-07 07:47:07.633 I/keyevent( 1182): kbd keyCode=4 down=true repeatCount=0 canceled=false
12-07 07:47:07.637 I/keyevent( 1182): kbq keyCode=4 down=false canceled=false
12-07 07:47:07.645 I/keyevent( 1182): kbd keyCode=4 down=false repeatCount=0 canceled=false
12-07 07:47:08.928 I/keyevent( 1182): kbq keyCode=3 down=true canceled=false
12-07 07:47:08.939 I/keyevent( 1182): kbd keyCode=3 down=true repeatCount=0 canceled=false
12-07 07:47:08.941 I/keyevent( 1182): kbq keyCode=3 down=false canceled=false
12-07 07:47:08.946 I/keyevent( 1182): kbd keyCode=3 down=false repeatCount=0 canceled=false
12-07 07:47:08.967 I/wm_task_moved( 1182): [7,1,0]
12-07 07:47:08.967 I/am_new_intent( 1182): [0,1048188695,7,com.android.launcher3/.Launcher,android.intent.action.MAIN,NULL,NULL,270532608]
12-07 07:47:10.573 I/am_create_task( 1182): [0,26]
12-07 07:47:10.573 I/am_create_activity( 1182): [0,42360610,26,com.android.settings/.Settings,android.intent.action.MAIN,NULL,NULL,270532608]
12-07 07:47:10.574 I/wm_task_created( 1182): [26,1]
12-07 07:47:10.574 I/wm_task_moved( 1182): [26,1,1]
12-07 07:47:10.618 I/am_pause_activity( 1182): [0,872178599,com.android.launcher3/.Launcher]
12-07 07:47:10.643 I/am_on_paused_called( 2844): [0,com.android.launcher3.Launcher]
12-07 07:47:10.653 I/am_restart_activity( 1182): [0,42360610,26,com.android.settings/.Settings]
12-07 07:47:10.720 I/am_on_resume_called( 3805): [0,com.android.settings.Settings]
12-07 07:47:10.909 I/am_activity_launch_time( 1182): [0,42360610,com.android.settings/.Settings,264,264]
12-07 07:47:10.993 I/sf_frame_dur(  401): [com.android.launcher3/com.android.launcher3.Launcher,223,5,5,1,4,2,0]
12-07 07:47:14.779 I/wm_task_moved( 1182): [26,1,1]
12-07 07:47:14.779 I/am_create_activity( 1182): [0,451237828,26,com.android.phone/.MobileNetworkSettings,android.intent.action.MAIN,NULL,NULL,0]
12-07 07:47:14.780 I/am_pause_activity( 1182): [0,42360610,com.android.settings/.Settings]
12-07 07:47:14.815 I/am_on_paused_called( 3805): [0,com.android.settings.Settings]
12-07 07:47:14.817 I/am_restart_activity( 1182): [0,451237828,26,com.android.phone/.MobileNetworkSettings]
12-07 07:47:15.013 I/am_on_resume_called( 2774): [0,com.android.phone.MobileNetworkSettings]
12-07 07:47:15.189 I/notification_cancel( 1182): [10025,2172,com.android.systemui,100,low_battery,0,0,64,8,NULL]
12-07 07:47:15.242 I/am_activity_launch_time( 1182): [0,451237828,com.android.phone/.MobileNetworkSettings,427,427]
12-07 07:47:15.573 I/sf_frame_dur(  401): [com.android.settings/com.android.settings.Settings,33,1,5,1,0,2,1]
12-07 07:47:23.397 I/gsm_service_state_change( 2774): [0,0,0,1]
12-07 07:47:23.407 I/sf_frame_dur(  401): [com.android.phone/com.android.phone.MobileNetworkSettings,15,0,2,0,1,1,0]
12-07 07:47:23.499 I/netstats_mobile_sample( 1182): [423377,795,109264,960,423377,795,105084,960,423586,797,105272,963,1449445643761]
12-07 07:47:23.499 I/netstats_wifi_sample( 1182): [0,0,0,0,0,0,0,0,0,0,0,0,1449445643761]
12-07 07:47:23.566 I/netstats_mobile_sample( 1182): [423377,795,109264,960,423377,795,105084,960,423586,797,105272,963,1449445643829]
12-07 07:47:23.566 I/netstats_wifi_sample( 1182): [0,0,0,0,0,0,0,0,0,0,0,0,1449445643829]
12-07 07:47:24.514 I/notification_cancel( 1182): [1000,3805,com.android.settings,12180,NULL,0,0,0,8,NULL]
12-07 07:47:24.540 I/notification_cancel( 1182): [1000,3805,com.android.settings,1002,NULL,0,0,0,8,NULL]
12-07 07:47:24.622 I/sf_frame_dur(  401): [com.android.phone/com.android.phone.MobileNetworkSettings,4,4,4,2,1,0,0]
12-07 07:47:24.837 I/gsm_service_state_change( 2774): [0,1,1,1]
12-07 07:47:24.837 I/gsm_rat_switched_new( 2774): [-1,14,0]
12-07 07:47:25.159 I/gsm_service_state_change( 2774): [0,1,1,1]
12-07 07:47:25.159 I/gsm_rat_switched_new( 2774): [-1,16,0]
12-07 07:47:25.320 I/am_proc_start( 1182): [0,2540,10004,com.android.contacts,broadcast,com.android.contacts/com.mediatek.contacts.simcontact.BootCmpReceiver]
12-07 07:47:25.392 I/am_proc_bound( 1182): [0,2540,com.android.contacts]
12-07 07:47:25.454 I/am_kill ( 1182): [0,7979,com.letv.android.bugreporter,15,empty #9]
12-07 07:47:25.569 I/am_proc_died( 1182): [0,7979,com.letv.android.bugreporter]
12-07 07:47:25.679 I/am_proc_start( 1182): [0,2926,10004,android.process.acore,content provider,com.android.providers.contacts/.ContactsProvider2]
12-07 07:47:25.776 I/am_proc_bound( 1182): [0,2926,android.process.acore]
12-07 07:47:25.990 I/am_kill ( 1182): [0,8025,com.letv.android.cloudservice,15,empty #9]
12-07 07:47:26.109 I/am_proc_died( 1182): [0,8025,com.letv.android.cloudservice]
12-07 07:47:26.317 I/am_proc_start( 1182): [0,3125,10039,com.android.exchange,content provider,com.android.exchange/.provider.ExchangeDirectoryProvider]
12-07 07:47:26.325 I/notification_cancel( 1182): [1000,3805,com.android.settings,12180,NULL,0,0,0,8,NULL]
12-07 07:47:26.344 I/notification_cancel( 1182): [1000,3805,com.android.settings,1002,NULL,0,0,0,8,NULL]
12-07 07:47:26.398 I/am_proc_bound( 1182): [0,3125,com.android.exchange]
12-07 07:47:26.407 I/am_kill ( 1182): [0,8051,com.letv.android.client,15,empty #9]
12-07 07:47:26.515 I/am_proc_died( 1182): [0,8051,com.letv.android.client]
12-07 07:47:26.590 I/am_broadcast_discard_app( 1182): [0,824967292,android.net.conn.CONNECTIVITY_CHANGE,0,ResolveInfo{38078f8b com.lesports.glivesports/com.f1llib.receiver.ConnectionChangeReceiver p=2147483647 m=0x108000}]
12-07 07:47:26.592 I/dvm_lock_sample( 1182): [system_server,1,main,65,ActivityManagerService.java,17677,BroadcastQueue.java,544,13]
12-07 07:47:26.689 I/notification_cancel( 1182): [1001,2774,com.android.phone,54,NULL,-1,0,64,8,NULL]
12-07 07:47:26.717 I/am_proc_start( 1182): [0,3212,10007,android.process.media,broadcast,com.android.providers.downloads/.DownloadReceiver]
12-07 07:47:26.754 I/am_proc_start( 1182): [0,3236,10038,com.android.email,content provider,com.android.email/.provider.EmailProvider]
12-07 07:47:26.757 I/dvm_lock_sample( 1182): [system_server,0,Binder_B,72,ActivityManagerService.java,15766,BroadcastQueue.java,544,14]
12-07 07:47:26.757 I/notification_cancel( 1182): [1001,2774,com.android.phone,4,NULL,-1,0,64,8,NULL]
12-07 07:47:26.761 I/am_proc_bound( 1182): [0,3212,android.process.media]
12-07 07:47:26.856 I/am_proc_bound( 1182): [0,3236,com.android.email]
12-07 07:47:27.253 I/am_proc_start( 1182): [0,3477,10033,com.android.calendar,broadcast,com.android.calendar/com.letv.calendar.AccountChangeReceiver]
12-07 07:47:27.261 I/am_kill ( 1182): [0,2063,com.android.browser:service,15,empty #9]
12-07 07:47:27.308 I/dvm_lock_sample( 3236): [com.android.email,0,AsyncTask #2,117,EmailProvider.java,458,SQLiteConnection.java,-2,23]
12-07 07:47:27.313 I/dvm_lock_sample( 3236): [com.android.email,0,AsyncTask #1,118,EmailProvider.java,458,SQLiteConnection.java,-2,23]
12-07 07:47:27.371 I/am_kill ( 1182): [0,10090,com.sina.weibo,15,empty #9]
12-07 07:47:27.589 I/dvm_lock_sample( 1182): [system_server,0,Binder_1,310,ActivityManagerService.java,15328,-,16649,62]
12-07 07:47:27.593 I/dvm_lock_sample( 1182): [system_server,1,Binder_D,314,ActivityManagerService.java,10683,-,16649,62]
12-07 07:47:27.594 I/dvm_lock_sample( 1182): [system_server,1,Binder_5,271,ActivityManagerService.java,6838,-,16649,54]
12-07 07:47:27.595 I/am_proc_bound( 1182): [0,3477,com.android.calendar]
12-07 07:47:27.596 I/dvm_lock_sample( 1182): [system_server,1,Binder_4,297,ActivityManagerService.java,10606,-,16649,59]
12-07 07:47:27.605 I/dvm_lock_sample( 1182): [system_server,1,Binder_A,280,ActivityManagerService.java,16418,-,16649,56]
12-07 07:47:27.607 I/am_proc_died( 1182): [0,2063,com.android.browser:service]
12-07 07:47:27.619 I/dvm_lock_sample( 1182): [system_server,1,Binder_10,280,ActivityManagerService.java,16418,-,16649,56]
12-07 07:47:27.624 I/dvm_lock_sample( 1182): [system_server,0,Binder_2,138,ActivityManagerService.java,1217,-,16649,27]
12-07 07:47:27.625 I/am_proc_died( 1182): [0,10090,com.sina.weibo]
12-07 07:47:27.635 I/dvm_lock_sample( 1182): [system_server,0,Binder_3,87,ActivityManagerService.java,15766,-,16649,17]
12-07 07:47:27.645 I/dvm_lock_sample( 3236): [com.android.email,0,AsyncTask #4,458,AccountReconciler.java,119,EmptyImmutableList.java,90,91]
12-07 07:47:27.646 I/dvm_lock_sample( 1182): [system_server,0,Binder_B,38,ActivityManagerService.java,15723,-,1217,7]
12-07 07:47:27.747 I/dvm_lock_sample( 3236): [com.android.email,0,AsyncTask #6,547,AccountReconciler.java,119,EmptyImmutableList.java,90,100]
12-07 07:47:27.847 I/am_proc_start( 1182): [0,3604,10002,com.android.providers.calendar,content provider,com.android.providers.calendar/.CalendarProvider2]
12-07 07:47:27.848 I/dvm_lock_sample( 1182): [system_server,0,Binder_3,46,ActivityManagerService.java,16649,-,10080,9]
12-07 07:47:27.895 I/am_proc_bound( 1182): [0,3604,com.android.providers.calendar]
12-07 07:47:27.961 I/am_proc_start( 1182): [0,3632,10036,com.android.deskclock,broadcast,com.android.deskclock/.AlarmInitReceiver]
12-07 07:47:27.962 I/am_kill ( 1182): [0,2540,com.android.contacts,15,empty #9]
12-07 07:47:28.178 I/am_kill ( 1182): [0,11035,com.android.cellbroadcastreceiver,15,empty #10]
12-07 07:47:28.284 I/dvm_lock_sample( 1182): [system_server,1,Binder_D,346,ActivityManagerService.java,18001,BroadcastQueue.java,544,69]
12-07 07:47:28.288 I/dvm_lock_sample( 1182): [system_server,0,Binder_B,340,ActivityManagerService.java,15766,BroadcastQueue.java,544,68]
12-07 07:47:28.288 I/dvm_lock_sample( 1182): [system_server,1,ActivityManager,326,ActivityManagerService.java,3745,-,19838,65]
12-07 07:47:28.289 I/dvm_lock_sample( 1182): [system_server,1,Binder_10,327,ActivityManagerService.java,17677,-,19838,65]
12-07 07:47:28.290 I/dvm_lock_sample( 1182): [system_server,1,Binder_8,251,ActivityManagerService.java,6838,-,19838,50]
12-07 07:47:28.290 I/am_proc_bound( 1182): [0,3632,com.android.deskclock]
12-07 07:47:28.302 I/am_proc_died( 1182): [0,2540,com.android.contacts]
12-07 07:47:28.307 I/am_proc_died( 1182): [0,11035,com.android.cellbroadcastreceiver]
12-07 07:47:28.308 I/dvm_lock_sample( 1182): [system_server,1,ActivityManager,17,BroadcastQueue.java,544,ActivityManagerService.java,6838,3]
12-07 07:47:28.702 I/am_proc_start( 1182): [0,3868,10040,com.android.gallery3d,broadcast,com.android.gallery3d/.cloudservice.photowall.service.core.NetworkStateReceiver]
12-07 07:47:28.703 I/am_kill ( 1182): [0,8002,com.letv.bugpostbox,15,empty #9]
12-07 07:47:28.811 I/dvm_lock_sample( 1182): [system_server,0,Binder_10,117,ActivityManagerService.java,15766,BroadcastQueue.java,544,23]
12-07 07:47:28.812 I/am_proc_bound( 1182): [0,3868,com.android.gallery3d]
12-07 07:47:28.873 I/am_proc_died( 1182): [0,8002,com.letv.bugpostbox]
12-07 07:47:29.144 I/am_broadcast_discard_app( 1182): [0,824967292,android.net.conn.CONNECTIVITY_CHANGE,10,ResolveInfo{307d0617 com.letv.lesophoneclient/com.letv.component.upgrade.core.receiver.NetChangeReceiver m=0x108000}]
12-07 07:47:29.145 I/am_kill ( 1182): [0,2926,android.process.acore,15,empty #9]
12-07 07:47:29.232 I/backup_data_changed( 1182): android
12-07 07:47:29.239 I/backup_data_changed( 1182): android
12-07 07:47:29.240 I/backup_data_changed( 1182): android
12-07 07:47:29.240 I/notification_cancel( 1182): [1001,2774,com.android.stk,333,NULL,0,0,64,8,NULL]
12-07 07:47:29.241 I/backup_data_changed( 1182): android
12-07 07:47:29.242 I/backup_data_changed( 1182): android
12-07 07:47:29.360 I/am_broadcast_discard_app( 1182): [0,824967292,android.net.conn.CONNECTIVITY_CHANGE,11,ResolveInfo{9e0ca04 com.letv.lesophoneclient/com.soundink.lib.ConnectionChangeReceiver m=0x108000}]
12-07 07:47:29.384 I/am_broadcast_discard_app( 1182): [0,824967292,android.net.conn.CONNECTIVITY_CHANGE,12,ResolveInfo{391d5a22 com.letv.letvshop/com.umeng.message.SystemReceiver m=0x108000}]
12-07 07:47:29.384 I/am_broadcast_discard_app( 1182): [0,824967292,android.net.conn.CONNECTIVITY_CHANGE,13,ResolveInfo{36a28270 com.letv.letvshop/com.easy.android.framework.util.netstate.EANetworkStateReceiver m=0x108000}]
12-07 07:47:29.391 I/notification_cancel( 1182): [1001,2774,com.android.stk,333,NULL,0,0,64,8,NULL]
12-07 07:47:29.401 I/am_proc_died( 1182): [0,2926,android.process.acore]
12-07 07:47:29.427 I/am_broadcast_discard_app( 1182): [0,824967292,android.net.conn.CONNECTIVITY_CHANGE,17,ResolveInfo{198fd9e9 com.letv.games/cn.jpush.android.service.PushReceiver m=0x108000}]
12-07 07:47:29.428 I/am_broadcast_discard_app( 1182): [0,824967292,android.net.conn.CONNECTIVITY_CHANGE,18,ResolveInfo{29daf66e com.letv.games/com.leplay.gamecenter.activities.StatFragmentActivity$StatReceiver m=0x108000}]
12-07 07:47:29.441 I/am_broadcast_discard_app( 1182): [0,868887813,android.net.conn.CONNECTIVITY_CHANGE,0,ResolveInfo{1064a10f com.lesports.glivesports/com.f1llib.receiver.ConnectionChangeReceiver p=2147483647 m=0x108000}]
12-07 07:47:29.520 I/am_proc_start( 1182): [0,4111,10001,com.letv.bugpostbox,broadcast,com.letv.bugpostbox/.receiver.NetworkChangeReceiver]
12-07 07:47:29.614 I/am_proc_bound( 1182): [0,4111,com.letv.bugpostbox]
12-07 07:47:29.738 I/am_broadcast_discard_app( 1182): [0,868887813,android.net.conn.CONNECTIVITY_CHANGE,10,ResolveInfo{2c9fdd21 com.letv.lesophoneclient/com.letv.component.upgrade.core.receiver.NetChangeReceiver m=0x108000}]
12-07 07:47:29.741 I/am_broadcast_discard_app( 1182): [0,868887813,android.net.conn.CONNECTIVITY_CHANGE,11,ResolveInfo{1df76546 com.letv.lesophoneclient/com.soundink.lib.ConnectionChangeReceiver m=0x108000}]
12-07 07:47:29.742 I/am_broadcast_discard_app( 1182): [0,868887813,android.net.conn.CONNECTIVITY_CHANGE,12,ResolveInfo{138cbc34 com.letv.letvshop/com.umeng.message.SystemReceiver m=0x108000}]
12-07 07:47:29.742 I/am_broadcast_discard_app( 1182): [0,868887813,android.net.conn.CONNECTIVITY_CHANGE,13,ResolveInfo{2b48fd2 com.letv.letvshop/com.easy.android.framework.util.netstate.EANetworkStateReceiver m=0x108000}]
12-07 07:47:29.762 I/am_broadcast_discard_app( 1182): [0,868887813,android.net.conn.CONNECTIVITY_CHANGE,17,ResolveInfo{391f68a3 com.letv.games/cn.jpush.android.service.PushReceiver m=0x108000}]
12-07 07:47:29.763 I/am_broadcast_discard_app( 1182): [0,868887813,android.net.conn.CONNECTIVITY_CHANGE,18,ResolveInfo{355367a0 com.letv.games/com.leplay.gamecenter.activities.StatFragmentActivity$StatReceiver m=0x108000}]
12-07 07:47:29.815 I/am_proc_start( 1182): [0,4213,10004,com.android.contacts,broadcast,com.android.contacts/com.mediatek.contacts.simcontact.BootCmpReceiver]
12-07 07:47:29.879 I/am_proc_bound( 1182): [0,4213,com.android.contacts]
12-07 07:47:29.983 I/am_proc_start( 1182): [0,4260,10012,com.letv.android.ecoProvider,broadcast,com.letv.android.ecoProvider/.syncData.AccountChangeReceiver]
12-07 07:47:29.985 I/am_kill ( 1182): [0,3125,com.android.exchange,15,empty #9]
12-07 07:47:30.095 I/am_proc_bound( 1182): [0,4260,com.letv.android.ecoProvider]
12-07 07:47:30.102 I/am_proc_died( 1182): [0,3125,com.android.exchange]
12-07 07:47:30.181 I/am_proc_start( 1182): [0,4316,10004,android.process.acore,content provider,com.android.providers.contacts/.ContactsProvider2]
12-07 07:47:30.205 I/notification_cancel( 1182): [10001,4111,com.letv.bugpostbox,1000,logOpenNotification,0,0,64,8,NULL]
12-07 07:47:30.258 I/am_proc_bound( 1182): [0,4316,android.process.acore]
12-07 07:47:30.275 I/am_kill ( 1182): [0,3604,com.android.providers.calendar,15,empty #9]
12-07 07:47:30.385 I/am_proc_died( 1182): [0,3604,com.android.providers.calendar]
12-07 07:47:30.388 I/am_kill ( 1182): [0,4111,com.letv.bugpostbox,15,empty #9]
12-07 07:47:30.613 I/dvm_lock_sample( 1182): [system_server,0,Binder_4,94,ActivityManagerService.java,1217,-,16649,18]
12-07 07:47:30.613 I/am_proc_died( 1182): [0,4111,com.letv.bugpostbox]
12-07 07:47:30.772 I/am_kill ( 1182): [0,3212,android.process.media,15,empty #9]
12-07 07:47:30.880 I/am_proc_died( 1182): [0,3212,android.process.media]
12-07 07:47:30.927 I/am_proc_start( 1182): [0,4436,10039,com.android.exchange,content provider,com.android.exchange/.provider.ExchangeDirectoryProvider]
12-07 07:47:30.968 I/am_proc_bound( 1182): [0,4436,com.android.exchange]
12-07 07:47:30.972 I/am_kill ( 1182): [0,3477,com.android.calendar,15,empty #9]
12-07 07:47:31.183 I/am_proc_died( 1182): [0,3477,com.android.calendar]
12-07 07:47:31.183 I/am_schedule_service_restart( 1182): [0,com.android.calendar/.IClockService,1000]
12-07 07:47:32.280 I/am_proc_start( 1182): [0,4473,10033,com.android.calendar,service,com.android.calendar/.IClockService]
12-07 07:47:32.309 I/am_proc_bound( 1182): [0,4473,com.android.calendar]
12-07 07:47:32.405 I/am_proc_start( 1182): [0,4504,10002,com.android.providers.calendar,content provider,com.android.providers.calendar/.CalendarProvider2]
12-07 07:47:32.449 I/am_proc_bound( 1182): [0,4504,com.android.providers.calendar]
12-07 07:47:32.457 I/am_kill ( 1182): [0,3632,com.android.deskclock,15,empty #9]
12-07 07:47:32.567 I/am_kill ( 1182): [0,3236,com.android.email,15,empty #9]
12-07 07:47:32.606 I/auditd  ( 4535): type=1400 audit(0.0:74): avc: denied { write } for comm="modprobe" name="modules" dev="mmcblk0p40" ino=2721 scontext=u:r:kernel:s0 tcontext=u:object_r:system_file:s0 tclass=dir permissive=0
12-07 07:47:32.675 I/am_proc_died( 1182): [0,3632,com.android.deskclock]
12-07 07:47:32.678 I/am_proc_died( 1182): [0,3236,com.android.email]
12-07 07:47:32.916 I/auditd  ( 4547): type=1400 audit(0.0:75): avc: denied { write } for comm="modprobe" name="modules" dev="mmcblk0p40" ino=2721 scontext=u:r:kernel:s0 tcontext=u:object_r:system_file:s0 tclass=dir permissive=0
12-07 07:47:33.226 I/auditd  ( 4555): type=1400 audit(0.0:76): avc: denied { write } for comm="modprobe" name="modules" dev="mmcblk0p40" ino=2721 scontext=u:r:kernel:s0 tcontext=u:object_r:system_file:s0 tclass=dir permissive=0
12-07 07:47:33.536 I/auditd  ( 4563): type=1400 audit(0.0:77): avc: denied { write } for comm="modprobe" name="modules" dev="mmcblk0p40" ino=2721 scontext=u:r:kernel:s0 tcontext=u:object_r:system_file:s0 tclass=dir permissive=0
12-07 07:47:33.856 I/auditd  ( 4575): type=1400 audit(0.0:78): avc: denied { write } for comm="modprobe" name="modules" dev="mmcblk0p40" ino=2721 scontext=u:r:kernel:s0 tcontext=u:object_r:system_file:s0 tclass=dir permissive=0
12-07 07:47:34.136 I/auditd  ( 4598): type=1400 audit(0.0:79): avc: denied { write } for comm="modprobe" name="modules" dev="mmcblk0p40" ino=2721 scontext=u:r:kernel:s0 tcontext=u:object_r:system_file:s0 tclass=dir permissive=0
12-07 07:47:34.196 I/auditd  ( 4622): type=1400 audit(0.0:80): avc: denied { write } for comm="modprobe" name="modules" dev="mmcblk0p40" ino=2721 scontext=u:r:kernel:s0 tcontext=u:object_r:system_file:s0 tclass=dir permissive=0
12-07 07:47:34.426 I/auditd  ( 4786): type=1400 audit(0.0:81): avc: denied { write } for comm="modprobe" name="modules" dev="mmcblk0p40" ino=2721 scontext=u:r:kernel:s0 tcontext=u:object_r:system_file:s0 tclass=dir permissive=0
12-07 07:47:34.506 I/auditd  ( 4831): type=1400 audit(0.0:82): avc: denied { write } for comm="modprobe" name="modules" dev="mmcblk0p40" ino=2721 scontext=u:r:kernel:s0 tcontext=u:object_r:system_file:s0 tclass=dir permissive=0
12-07 07:47:34.566 I/auditd  ( 4857): type=1400 audit(0.0:83): avc: denied { write } for comm="modprobe" name="modules" dev="mmcblk0p40" ino=2721 scontext=u:r:kernel:s0 tcontext=u:object_r:system_file:s0 tclass=dir permissive=0
12-07 07:47:34.826 I/auditd  ( 5071): type=1400 audit(0.0:84): avc: denied { write } for comm="modprobe" name="modules" dev="mmcblk0p40" ino=2721 scontext=u:r:kernel:s0 tcontext=u:object_r:system_file:s0 tclass=dir permissive=0
12-07 07:47:34.936 I/auditd  ( 5157): type=1400 audit(0.0:85): avc: denied { write } for comm="modprobe" name="modules" dev="mmcblk0p40" ino=2721 scontext=u:r:kernel:s0 tcontext=u:object_r:system_file:s0 tclass=dir permissive=0
12-07 07:47:35.056 I/auditd  ( 5240): type=1400 audit(0.0:86): avc: denied { write } for comm="modprobe" name="modules" dev="mmcblk0p40" ino=2721 scontext=u:r:kernel:s0 tcontext=u:object_r:system_file:s0 tclass=dir permissive=0
12-07 07:47:35.246 I/auditd  ( 5351): type=1400 audit(0.0:87): avc: denied { write } for comm="modprobe" name="modules" dev="mmcblk0p40" ino=2721 scontext=u:r:kernel:s0 tcontext=u:object_r:system_file:s0 tclass=dir permissive=0
12-07 07:47:35.496 I/auditd  ( 5494): type=1400 audit(0.0:88): avc: denied { write } for comm="modprobe" name="modules" dev="mmcblk0p40" ino=2721 scontext=u:r:kernel:s0 tcontext=u:object_r:system_file:s0 tclass=dir permissive=0
12-07 07:47:35.906 I/auditd  ( 5759): type=1400 audit(0.0:89): avc: denied { write } for comm="modprobe" name="modules" dev="mmcblk0p40" ino=2721 scontext=u:r:kernel:s0 tcontext=u:object_r:system_file:s0 tclass=dir permissive=0
12-07 07:47:35.963 I/gsm_service_state_change( 2774): [1,1,3,3]
12-07 07:47:36.067 I/am_proc_start( 1182): [0,5841,10003,com.android.cellbroadcastreceiver,broadcast,com.android.cellbroadcastreceiver/.CellBroadcastReceiver]
12-07 07:47:36.136 I/am_proc_bound( 1182): [0,5841,com.android.cellbroadcastreceiver]
12-07 07:47:36.169 I/gsm_service_state_change( 2774): [3,3,3,3]
12-07 07:47:36.231 I/am_kill ( 1182): [0,3868,com.android.gallery3d,15,empty #9]
12-07 07:47:36.286 I/auditd  ( 5872): type=1400 audit(0.0:90): avc: denied { write } for comm="modprobe" name="modules" dev="mmcblk0p40" ino=2721 scontext=u:r:kernel:s0 tcontext=u:object_r:system_file:s0 tclass=dir permissive=0
12-07 07:47:36.451 I/dvm_lock_sample( 1182): [system_server,1,Binder_5,206,ActivityManagerService.java,17677,BroadcastQueue.java,544,41]
12-07 07:47:36.455 I/am_proc_died( 1182): [0,3868,com.android.gallery3d]
12-07 07:47:36.489 I/notification_cancel( 1182): [1001,2774,com.android.phone,54,NULL,-1,0,64,8,NULL]
12-07 07:47:36.539 I/gsm_service_state_change( 2774): [3,3,3,3]
12-07 07:47:36.686 I/auditd  ( 5890): type=1400 audit(0.0:91): avc: denied { write } for comm="modprobe" name="modules" dev="mmcblk0p40" ino=2721 scontext=u:r:kernel:s0 tcontext=u:object_r:system_file:s0 tclass=dir permissive=0
12-07 07:47:36.767 I/configuration_changed( 1182): 2
12-07 07:47:36.874 I/am_relaunch_resume_activity( 1182): [0,451237828,26,com.android.phone/.MobileNetworkSettings]
12-07 07:47:37.003 I/notification_cancel( 1182): [1001,2774,com.android.phone,4,NULL,-1,0,64,8,NULL]
12-07 07:47:37.070 I/am_on_paused_called( 2774): [0,com.android.phone.MobileNetworkSettings]
12-07 07:47:37.132 I/sf_frame_dur(  401): [com.android.phone/com.android.phone.MobileNetworkSettings,17,1,4,2,3,4,2]
12-07 07:47:37.136 I/auditd  ( 5982): type=1400 audit(0.0:92): avc: denied { write } for comm="modprobe" name="modules" dev="mmcblk0p40" ino=2721 scontext=u:r:kernel:s0 tcontext=u:object_r:system_file:s0 tclass=dir permissive=0
12-07 07:47:37.322 I/am_on_resume_called( 2774): [0,com.android.phone.MobileNetworkSettings]
12-07 07:47:37.576 I/auditd  ( 6092): type=1400 audit(0.0:93): avc: denied { write } for comm="modprobe" name="modules" dev="mmcblk0p40" ino=2721 scontext=u:r:kernel:s0 tcontext=u:object_r:system_file:s0 tclass=dir permissive=0
12-07 07:47:37.694 I/configuration_changed( 1182): 2
12-07 07:47:37.717 I/am_relaunch_resume_activity( 1182): [0,451237828,26,com.android.phone/.MobileNetworkSettings]
12-07 07:47:38.036 I/auditd  ( 6177): type=1400 audit(0.0:94): avc: denied { write } for comm="modprobe" name="modules" dev="mmcblk0p40" ino=2721 scontext=u:r:kernel:s0 tcontext=u:object_r:system_file:s0 tclass=dir permissive=0
12-07 07:47:38.142 I/am_on_paused_called( 2774): [0,com.android.phone.MobileNetworkSettings]
12-07 07:47:38.626 I/auditd  ( 6266): type=1400 audit(0.0:95): avc: denied { write } for comm="modprobe" name="modules" dev="mmcblk0p40" ino=2721 scontext=u:r:kernel:s0 tcontext=u:object_r:system_file:s0 tclass=dir permissive=0
12-07 07:47:38.747 I/am_on_resume_called( 2774): [0,com.android.phone.MobileNetworkSettings]
12-07 07:47:39.036 I/auditd  ( 6306): type=1400 audit(0.0:96): avc: denied { write } for comm="modprobe" name="modules" dev="mmcblk0p40" ino=2721 scontext=u:r:kernel:s0 tcontext=u:object_r:system_file:s0 tclass=dir permissive=0
12-07 07:47:39.473 I/am_proc_start( 1182): [0,6386,10006,com.android.dialer,broadcast,com.android.dialer/.calllog.CallLogReceiver]
12-07 07:47:39.474 I/dvm_lock_sample( 1182): [system_server,1,Binder_7,44,ActivityManagerService.java,12899,BroadcastQueue.java,544,8]
12-07 07:47:39.540 I/am_proc_bound( 1182): [0,6386,com.android.dialer]
12-07 07:47:39.637 I/am_kill ( 1182): [0,1368,com.android.mms,15,empty #9]
12-07 07:47:39.851 I/dvm_lock_sample( 1182): [system_server,0,Binder_2,210,ActivityManagerService.java,15328,BroadcastQueue.java,544,42]
12-07 07:47:39.854 I/dvm_lock_sample( 1182): [system_server,0,Binder_F,166,ActivityManagerService.java,15328,BroadcastQueue.java,544,33]
12-07 07:47:39.857 I/am_proc_died( 1182): [0,1368,com.android.mms]
12-07 07:47:40.128 I/notification_cancel( 1182): [1000,3805,com.android.settings,1003,NULL,0,0,0,8,NULL]
12-07 07:47:40.164 I/am_proc_start( 1182): [0,6496,1001,com.qualcomm.qti.telephony,broadcast,com.qualcomm.qti.telephony/.SubInfoRecordUpdatedReceiver]
12-07 07:47:40.225 I/am_proc_bound( 1182): [0,6496,com.qualcomm.qti.telephony]
12-07 07:47:40.271 I/am_kill ( 1182): [0,4436,com.android.exchange,15,empty #9]
12-07 07:47:40.299 I/gsm_service_state_change( 2774): [3,3,3,3]
12-07 07:47:40.389 I/dvm_lock_sample( 1182): [system_server,0,Binder_8,95,ActivityManagerService.java,15328,BroadcastQueue.java,544,19]
12-07 07:47:40.390 I/dvm_lock_sample( 1182): [system_server,1,Binder_C,71,ActivityManagerService.java,17677,BroadcastQueue.java,544,14]
12-07 07:47:40.390 I/am_proc_died( 1182): [0,4436,com.android.exchange]
12-07 07:47:40.552 I/notification_cancel( 1182): [1001,2774,com.qti.xdivert,22,NULL,0,0,64,8,NULL]
12-07 07:47:40.561 I/notification_cancel( 1182): [1001,2774,com.android.phone,53,NULL,-1,0,64,8,NULL]
12-07 07:47:41.073 I/gsm_service_state_change( 2774): [1,1,0,1]
12-07 07:47:41.073 I/gsm_rat_switched_new( 2774): [22814,0,16]
12-07 07:47:41.133 I/am_proc_start( 1182): [0,6752,10013,com.android.mms,broadcast,com.android.mms/.transaction.MmsSystemEventReceiver]
12-07 07:47:41.198 I/am_proc_bound( 1182): [0,6752,com.android.mms]
12-07 07:47:41.214 I/notification_cancel( 1182): [1001,2774,com.android.phone,3,NULL,-1,0,64,8,NULL]
12-07 07:47:41.225 I/notification_cancel( 1182): [1001,2774,com.android.phone,4,NULL,-1,0,64,8,NULL]
12-07 07:47:41.225 I/notification_cancel( 1182): [1001,2774,com.android.phone,53,NULL,-1,0,64,8,NULL]
12-07 07:47:41.231 I/notification_cancel( 1182): [1001,2774,com.android.phone,54,NULL,-1,0,64,8,NULL]
12-07 07:47:41.479 I/am_proc_start( 1182): [0,6824,10098,com.letv.android.quicksearchbox,broadcast,com.letv.android.quicksearchbox/.CorporaUpdateReceiver]
12-07 07:47:41.480 I/am_kill ( 1182): [0,4473,com.android.calendar,15,empty #9]
12-07 07:47:41.587 I/dvm_lock_sample( 1182): [system_server,1,Binder_B,107,ActivityManagerService.java,16862,-,19838,21]
12-07 07:47:41.589 I/am_proc_bound( 1182): [0,6824,com.letv.android.quicksearchbox]
12-07 07:47:41.592 I/am_proc_died( 1182): [0,4473,com.android.calendar]
12-07 07:47:41.647 I/notification_cancel( 1182): [1001,2774,com.qti.xdivert,22,NULL,0,0,64,8,NULL]
12-07 07:47:41.681 I/am_proc_start( 1182): [0,6847,10098,com.letv.android.quicksearchbox:install,service,com.letv.android.quicksearchbox/.update.SilenceInstallService]
12-07 07:47:41.681 I/notification_cancel( 1182): [1001,2774,com.android.phone,3,NULL,-1,0,64,8,NULL]
12-07 07:47:41.722 I/am_proc_bound( 1182): [0,6847,com.letv.android.quicksearchbox:install]
12-07 07:47:41.834 I/am_kill ( 1182): [0,4260,com.letv.android.ecoProvider,15,empty #9]
12-07 07:47:41.942 I/am_proc_died( 1182): [0,4260,com.letv.android.ecoProvider]
12-07 07:47:41.807 I/am_kill ( 1182): [0,4504,com.android.providers.calendar,15,empty #9]
12-07 07:47:42.019 I/dvm_lock_sample( 1182): [system_server,1,Binder_8,129,ActivityManagerService.java,16985,-,16649,25]
12-07 07:47:42.065 I/am_proc_start( 1182): [0,6892,10033,com.android.calendar,broadcast,com.android.calendar/.widget.CalendarAppWidgetService$CalendarFactory]
12-07 07:47:42.066 I/dvm_lock_sample( 1182): [system_server,0,Binder_B,143,ActivityManagerService.java,1217,-,16649,28]
12-07 07:47:42.072 I/am_proc_died( 1182): [0,4504,com.android.providers.calendar]
12-07 07:47:42.106 I/am_proc_bound( 1182): [0,6892,com.android.calendar]
12-07 07:47:42.164 I/gsm_service_state_change( 2774): [3,3,1,1]
12-07 07:47:42.202 I/am_proc_start( 1182): [0,6929,10002,com.android.providers.calendar,content provider,com.android.providers.calendar/.CalendarProvider2]
12-07 07:47:42.255 I/am_proc_start( 1182): [0,6952,10012,com.letv.android.ecoProvider,broadcast,com.letv.android.ecoProvider/.syncData.AccountChangeReceiver]
12-07 07:47:42.262 I/dvm_lock_sample( 1182): [system_server,1,Binder_B,36,ActivityManagerService.java,16385,BroadcastQueue.java,544,7]
12-07 07:47:42.267 I/am_proc_bound( 1182): [0,6929,com.android.providers.calendar]
12-07 07:47:42.349 I/am_proc_start( 1182): [0,6978,10036,com.android.deskclock,broadcast,com.android.deskclock/.AlarmInitReceiver]
12-07 07:47:42.354 I/am_kill ( 1182): [0,6386,com.android.dialer,15,empty #9]
12-07 07:47:42.463 I/am_proc_bound( 1182): [0,6952,com.letv.android.ecoProvider]
12-07 07:47:42.471 I/am_proc_bound( 1182): [0,6978,com.android.deskclock]
12-07 07:47:42.479 I/am_proc_died( 1182): [0,6386,com.android.dialer]
12-07 07:47:42.551 I/am_kill ( 1182): [0,6496,com.qualcomm.qti.telephony,15,empty #9]
12-07 07:47:42.660 I/dvm_lock_sample( 1182): [system_server,1,Binder_9,108,ActivityManagerService.java,10683,-,16649,21]
12-07 07:47:42.661 I/dvm_lock_sample( 1182): [system_server,1,Binder_3,104,ActivityManagerService.java,16385,-,16649,20]
12-07 07:47:42.663 I/dvm_lock_sample( 1182): [system_server,1,Binder_7,64,ActivityManagerService.java,7203,-,16649,12]
12-07 07:47:42.664 I/am_proc_died( 1182): [0,6496,com.qualcomm.qti.telephony]
12-07 07:47:42.673 I/dvm_lock_sample( 6892): [com.android.calendar,0,AsyncTask #1,79,ActivityThread.java,4802,Binder.java,-2,15]
12-07 07:47:42.792 I/am_proc_start( 1182): [0,7025,10056,com.letv.android.note,broadcast,com.letv.android.note/.widget.NoteWidgetProvider$UpdateWidgetReciver]
12-07 07:47:42.800 I/am_kill ( 1182): [0,6824,com.letv.android.quicksearchbox,15,empty #9]
12-07 07:47:42.909 I/am_kill ( 1182): [0,4316,android.process.acore,15,empty #10]
12-07 07:47:43.017 I/dvm_lock_sample( 1182): [system_server,1,Binder_F,267,ActivityManagerService.java,17677,BroadcastQueue.java,544,53]
12-07 07:47:43.018 I/dvm_lock_sample( 1182): [system_server,1,Binder_D,177,ActivityManagerService.java,6838,-,19838,35]
12-07 07:47:43.018 I/am_proc_bound( 1182): [0,7025,com.letv.android.note]
12-07 07:47:43.021 I/dvm_lock_sample( 1182): [system_server,0,Binder_C,139,ActivityManagerService.java,1217,-,19838,27]
12-07 07:47:43.022 I/am_proc_died( 1182): [0,6824,com.letv.android.quicksearchbox]
12-07 07:47:43.024 I/am_proc_died( 1182): [0,4316,android.process.acore]
12-07 07:47:43.130 I/dvm_lock_sample(18992): [uiautomator,0,UiAutomatorHandlerThread,662,QueryController.java,61,-,149,100]
12-07 07:47:43.151 I/keyevent( 1182): kbq keyCode=4 down=true canceled=false
12-07 07:47:43.157 I/keyevent( 1182): kbd keyCode=4 down=true repeatCount=0 canceled=false
12-07 07:47:43.164 I/keyevent( 1182): kbq keyCode=4 down=false canceled=false
12-07 07:47:43.165 I/keyevent( 1182): kbd keyCode=4 down=false repeatCount=0 canceled=false
12-07 07:47:43.175 I/am_proc_start( 1182): [0,7065,10060,com.letv.leui.schpwronoff,broadcast,com.letv.leui.schpwronoff/.AlarmInitReceiver]
12-07 07:47:43.176 I/dvm_lock_sample( 1182): [system_server,1,Binder_4,34,ActivityManagerService.java,16438,BroadcastQueue.java,544,6]
12-07 07:47:43.176 I/am_finish_activity( 1182): [0,451237828,26,com.android.phone/.MobileNetworkSettings,app-request]
12-07 07:47:43.177 I/am_pause_activity( 1182): [0,451237828,com.android.phone/.MobileNetworkSettings]
12-07 07:47:43.179 I/am_on_paused_called( 2774): [0,com.android.phone.MobileNetworkSettings]
12-07 07:47:43.188 I/am_resume_activity( 1182): [0,42360610,26,com.android.settings/.Settings]
12-07 07:47:43.194 I/am_kill ( 1182): [0,6847,com.letv.android.quicksearchbox:install,15,empty #9]
12-07 07:47:43.407 I/dvm_lock_sample( 1182): [system_server,1,ActivityManager,221,ActivityManagerService.java,3745,-,7052,44]
12-07 07:47:43.409 I/am_proc_bound( 1182): [0,7065,com.letv.leui.schpwronoff]
12-07 07:47:43.417 I/am_proc_died( 1182): [0,6847,com.letv.android.quicksearchbox:install]
12-07 07:47:43.506 I/am_proc_start( 1182): [0,7099,1000,com.qualcomm.timeservice,broadcast,com.qualcomm.timeservice/.TimeServiceBroadcastReceiver]
12-07 07:47:43.506 I/dvm_lock_sample( 1182): [system_server,1,Binder_E,52,ActivityManagerService.java,16862,BroadcastQueue.java,544,10]
12-07 07:47:43.528 I/am_kill ( 1182): [0,4213,com.android.contacts,15,empty #9]
12-07 07:47:43.743 I/dvm_lock_sample( 1182): [system_server,1,Binder_6,207,ActivityManagerService.java,16862,-,16649,41]
12-07 07:47:43.743 I/dvm_lock_sample( 1182): [system_server,1,Binder_7,188,ActivityManagerService.java,6838,-,16649,37]
12-07 07:47:43.744 I/dvm_lock_sample( 1182): [system_server,0,Binder_10,134,ActivityManagerService.java,15328,-,16649,26]
12-07 07:47:43.744 I/am_proc_died( 1182): [0,4213,com.android.contacts]
12-07 07:47:43.761 I/dvm_lock_sample( 1182): [system_server,0,Binder_A,117,ActivityManagerService.java,15328,-,16649,23]
12-07 07:47:43.764 I/am_proc_bound( 1182): [0,7099,com.qualcomm.timeservice]
12-07 07:47:43.813 I/am_kill ( 1182): [0,6752,com.android.mms,15,empty #9]
12-07 07:47:43.923 I/dvm_lock_sample( 1182): [system_server,0,Binder_A,102,ActivityManagerService.java,15328,BroadcastQueue.java,544,20]
12-07 07:47:43.925 I/am_proc_died( 1182): [0,6752,com.android.mms]
12-07 07:47:43.947 I/am_on_resume_called( 3805): [0,com.android.settings.Settings]
12-07 07:47:43.981 I/backup_data_changed( 1182): android
12-07 07:47:43.987 I/backup_data_changed( 1182): android
12-07 07:47:43.988 I/backup_data_changed( 1182): android
12-07 07:47:44.643 I/am_destroy_activity( 1182): [0,451237828,26,com.android.phone/.MobileNetworkSettings,finish-imm]
12-07 07:47:44.663 I/sf_frame_dur(  401): [com.android.phone/com.android.phone.MobileNetworkSettings,1,2,2,1,1,3,1]
12-07 07:47:44.958 I/keyevent( 1182): kbq keyCode=4 down=true canceled=false
12-07 07:47:44.971 I/keyevent( 1182): kbd keyCode=4 down=true repeatCount=0 canceled=false
12-07 07:47:44.975 I/keyevent( 1182): kbq keyCode=4 down=false canceled=false
12-07 07:47:44.978 I/keyevent( 1182): kbd keyCode=4 down=false repeatCount=0 canceled=false
12-07 07:47:44.981 I/am_finish_activity( 1182): [0,42360610,26,com.android.settings/.Settings,app-request]
12-07 07:47:44.982 I/wm_task_moved( 1182): [7,1,0]
12-07 07:47:45.012 I/am_pause_activity( 1182): [0,42360610,com.android.settings/.Settings]
12-07 07:47:45.028 I/am_on_paused_called( 3805): [0,com.android.settings.Settings]
12-07 07:47:45.036 I/am_resume_activity( 1182): [0,872178599,7,com.android.launcher3/.Launcher]
12-07 07:47:45.092 I/am_on_resume_called( 2844): [0,com.android.launcher3.Launcher]
12-07 07:47:45.602 I/am_destroy_activity( 1182): [0,42360610,26,com.android.settings/.Settings,finish-imm]
12-07 07:47:45.617 I/sf_frame_dur(  401): [com.android.settings/com.android.settings.Settings,1,0,1,0,2,0,0]
12-07 07:47:45.748 I/wm_task_removed( 1182): [26,removeAppToken: last token]
12-07 07:47:45.748 I/wm_task_removed( 1182): [26,removeTask]
12-07 07:47:46.116 I/keyevent( 1182): kbq keyCode=4 down=true canceled=false
12-07 07:47:46.129 I/keyevent( 1182): kbd keyCode=4 down=true repeatCount=0 canceled=false
12-07 07:47:46.134 I/keyevent( 1182): kbq keyCode=4 down=false canceled=false
12-07 07:47:46.135 I/keyevent( 1182): kbd keyCode=4 down=false repeatCount=0 canceled=false
12-07 07:47:48.331 I/gsm_service_state_change( 2774): [1,1,0,0]
12-07 07:47:48.331 I/gsm_rat_switched_new( 2774): [4615535,0,14]
12-07 07:47:48.691 I/auditd  ( 8882): type=1400 audit(0.0:97): avc: denied { write } for comm="modprobe" name="modules" dev="mmcblk0p40" ino=2721 scontext=u:r:kernel:s0 tcontext=u:object_r:system_file:s0 tclass=dir permissive=0
12-07 07:47:49.051 I/auditd  ( 8941): type=1400 audit(0.0:98): avc: denied { write } for comm="modprobe" name="modules" dev="mmcblk0p40" ino=2721 scontext=u:r:kernel:s0 tcontext=u:object_r:system_file:s0 tclass=dir permissive=0
12-07 07:47:49.146 I/am_create_task( 1182): [0,27]
12-07 07:47:49.146 I/am_create_activity( 1182): [0,611538141,27,com.android.stk/.StkDialogActivity,NULL,NULL,NULL,1954807808]
12-07 07:47:49.146 I/wm_task_created( 1182): [27,1]
12-07 07:47:49.146 I/wm_task_moved( 1182): [27,1,1]
12-07 07:47:49.179 I/am_pause_activity( 1182): [0,872178599,com.android.launcher3/.Launcher]
12-07 07:47:49.183 I/am_on_paused_called( 2844): [0,com.android.launcher3.Launcher]
12-07 07:47:49.197 I/am_restart_activity( 1182): [0,611538141,27,com.android.stk/.StkDialogActivity]
12-07 07:47:49.245 I/am_on_resume_called( 2774): [0,com.android.stk.StkDialogActivity]
12-07 07:47:49.392 I/am_activity_launch_time( 1182): [0,611538141,com.android.stk/.StkDialogActivity,196,196]
12-07 07:47:49.581 I/auditd  ( 9053): type=1400 audit(0.0:99): avc: denied { write } for comm="modprobe" name="modules" dev="mmcblk0p40" ino=2721 scontext=u:r:kernel:s0 tcontext=u:object_r:system_file:s0 tclass=dir permissive=0
12-07 07:47:49.930 I/notification_cancel( 1182): [1000,1182,android,65537,CaptivePortal.Notification,0,0,0,8,NULL]
12-07 07:47:50.030 I/netstats_mobile_sample( 1182): [423377,795,109264,960,423377,795,105084,960,423586,797,105272,963,1449445670511]
12-07 07:47:50.030 I/netstats_wifi_sample( 1182): [0,0,0,0,0,0,0,0,0,0,0,0,1449445670511]
12-07 07:47:50.433 I/free_storage_changed( 1182): 9271787520
12-07 07:47:51.767 I/battery_level( 1182): [95,4115,337]
12-07 07:47:51.770 I/notification_cancel( 1182): [10025,2172,com.android.systemui,100,low_battery,0,0,64,8,NULL]
12-07 07:47:52.148 I/keyevent( 1182): kbq keyCode=4 down=true canceled=false
12-07 07:47:52.153 I/keyevent( 1182): kbd keyCode=4 down=true repeatCount=0 canceled=false
12-07 07:47:52.160 I/am_finish_activity( 1182): [0,611538141,27,com.android.stk/.StkDialogActivity,app-request]
12-07 07:47:52.165 I/wm_task_moved( 1182): [7,1,0]
12-07 07:47:52.202 I/am_pause_activity( 1182): [0,611538141,com.android.stk/.StkDialogActivity]
12-07 07:47:52.205 I/keyevent( 1182): kbq keyCode=4 down=false canceled=false
12-07 07:47:52.207 I/keyevent( 1182): kbd keyCode=4 down=false repeatCount=0 canceled=false
12-07 07:47:52.208 I/am_on_paused_called( 2774): [0,com.android.stk.StkDialogActivity]
12-07 07:47:52.213 I/am_resume_activity( 1182): [0,872178599,7,com.android.launcher3/.Launcher]
12-07 07:47:52.217 I/am_on_resume_called( 2844): [0,com.android.launcher3.Launcher]
12-07 07:47:52.230 I/dvm_lock_sample( 1182): [system_server,1,ActivityManager,17,ActivityManagerService.java,1728,-,7052,3]
12-07 07:47:52.253 I/am_destroy_activity( 1182): [0,611538141,27,com.android.stk/.StkDialogActivity,finish-imm]
12-07 07:47:52.594 I/wm_task_removed( 1182): [27,removeAppToken: last token]
12-07 07:47:52.594 I/wm_task_removed( 1182): [27,removeTask]
12-07 07:47:52.601 I/sf_frame_dur(  401): [com.android.stk/com.android.stk.StkDialogActivity,1,0,0,0,0,0,0]
12-07 07:47:52.998 I/am_broadcast_discard_app( 1182): [0,856051304,android.net.conn.CONNECTIVITY_CHANGE,0,ResolveInfo{32034281 com.lesports.glivesports/com.f1llib.receiver.ConnectionChangeReceiver p=2147483647 m=0x108000}]
12-07 07:47:53.062 I/am_proc_start( 1182): [0,9091,10104,com.sina.weibo,content provider,com.sina.weibo/.datasource.SinaWeiboSPProvider]
12-07 07:47:53.109 I/am_proc_start( 1182): [0,9113,10001,com.letv.bugpostbox,broadcast,com.letv.bugpostbox/.receiver.NetworkChangeReceiver]
12-07 07:47:53.110 I/am_proc_bound( 1182): [0,9091,com.sina.weibo]
12-07 07:47:53.142 I/am_proc_bound( 1182): [0,9113,com.letv.bugpostbox]
12-07 07:47:53.224 I/am_proc_start( 1182): [0,9137,10007,android.process.media,broadcast,com.android.providers.downloads/.DownloadReceiver]
12-07 07:47:53.232 I/keyevent( 1182): kbq keyCode=4 down=true canceled=false
12-07 07:47:53.236 I/keyevent( 1182): kbd keyCode=4 down=true repeatCount=0 canceled=false
12-07 07:47:53.241 I/keyevent( 1182): kbq keyCode=4 down=false canceled=false
12-07 07:47:53.242 I/keyevent( 1182): kbd keyCode=4 down=false repeatCount=0 canceled=false
12-07 07:47:53.265 I/am_proc_bound( 1182): [0,9137,android.process.media]
12-07 07:47:53.415 I/am_proc_start( 1182): [0,9167,10013,com.android.mms,broadcast,com.android.mms/.transaction.MmsSystemEventReceiver]
12-07 07:47:53.436 I/am_kill ( 1182): [0,6978,com.android.deskclock,15,empty #9]
12-07 07:47:53.646 I/dvm_lock_sample( 1182): [system_server,1,Binder_4,213,ActivityManagerService.java,10683,-,16649,42]
12-07 07:47:53.647 I/dvm_lock_sample( 1182): [system_server,1,Binder_F,187,ActivityManagerService.java,6838,-,16649,37]
12-07 07:47:53.647 I/dvm_lock_sample( 7351): [com.sina.weibo:remote,0,pool-4-thread-1,208,ActivityThread.java,4802,-,4802,41]
12-07 07:47:53.647 I/am_proc_bound( 1182): [0,9167,com.android.mms]
12-07 07:47:53.652 I/dvm_lock_sample( 1182): [system_server,1,Binder_B,186,ActivityManagerService.java,16862,-,16649,37]
12-07 07:47:53.662 I/am_proc_died( 1182): [0,6978,com.android.deskclock]
12-07 07:47:53.692 I/am_kill ( 1182): [0,6952,com.letv.android.ecoProvider,15,empty #9]
12-07 07:47:53.743 I/notification_cancel( 1182): [10001,9113,com.letv.bugpostbox,1000,logOpenNotification,0,0,64,8,NULL]
12-07 07:47:53.810 I/dvm_lock_sample( 1182): [system_server,1,Binder_5,96,ActivityManagerService.java,16862,-,10529,19]
12-07 07:47:53.811 I/dvm_lock_sample( 1182): [system_server,1,main,67,ActivityManagerService.java,7245,-,10529,13]
12-07 07:47:53.815 I/dvm_lock_sample( 1182): [system_server,0,Binder_F,33,ActivityManagerService.java,1217,-,10529,6]
12-07 07:47:53.815 I/am_proc_died( 1182): [0,6952,com.letv.android.ecoProvider]
12-07 07:47:54.086 I/am_kill ( 1182): [0,6892,com.android.calendar,15,empty #9]
12-07 07:47:54.299 I/am_kill ( 1182): [0,6929,com.android.providers.calendar,15,empty #10]
12-07 07:47:54.513 I/dvm_lock_sample( 1182): [system_server,1,Binder_A,450,ActivityManagerService.java,17677,-,16385,90]
