12-07 07:50:26.425 I/am_destroy_activity( 1182): [0,862799966,30,com.android.settings/.Settings,finish-imm]
12-07 07:50:26.439 I/sf_frame_dur(  401): [com.android.settings/com.android.settings.Settings,0,0,0,0,2,0,0]
12-07 07:50:26.572 I/wm_task_removed( 1182): [30,removeAppToken: last token]
12-07 07:50:26.572 I/wm_task_removed( 1182): [30,removeTask]
12-07 07:50:26.976 I/keyevent( 1182): kbq keyCode=4 down=true canceled=false
12-07 07:50:26.978 I/keyevent( 1182): kbd keyCode=4 down=true repeatCount=0 canceled=false
12-07 07:50:26.982 I/keyevent( 1182): kbq keyCode=4 down=false canceled=false
12-07 07:50:26.984 I/keyevent( 1182): kbd keyCode=4 down=false repeatCount=0 canceled=false
12-07 07:50:28.268 I/keyevent( 1182): kbq keyCode=4 down=true canceled=false
12-07 07:50:28.270 I/keyevent( 1182): kbd keyCode=4 down=true repeatCount=0 canceled=false
12-07 07:50:28.275 I/keyevent( 1182): kbq keyCode=4 down=false canceled=false
12-07 07:50:28.277 I/keyevent( 1182): kbd keyCode=4 down=false repeatCount=0 canceled=false
12-07 07:50:29.563 I/keyevent( 1182): kbq keyCode=4 down=true canceled=false
12-07 07:50:29.572 I/keyevent( 1182): kbd keyCode=4 down=true repeatCount=0 canceled=false
12-07 07:50:29.581 I/keyevent( 1182): kbq keyCode=4 down=false canceled=false
12-07 07:50:29.586 I/keyevent( 1182): kbd keyCode=4 down=false repeatCount=0 canceled=false
12-07 07:50:30.865 I/keyevent( 1182): kbq keyCode=3 down=true canceled=false
12-07 07:50:30.874 I/keyevent( 1182): kbd keyCode=3 down=true repeatCount=0 canceled=false
12-07 07:50:30.876 I/keyevent( 1182): kbq keyCode=3 down=false canceled=false
12-07 07:50:30.886 I/keyevent( 1182): kbd keyCode=3 down=false repeatCount=0 canceled=false
12-07 07:50:30.906 I/wm_task_moved( 1182): [7,1,0]
12-07 07:50:30.906 I/am_new_intent( 1182): [0,70895860,7,com.android.launcher3/.Launcher,android.intent.action.MAIN,NULL,NULL,270532608]
12-07 07:50:32.461 I/am_create_task( 1182): [0,31]
12-07 07:50:32.461 I/am_create_activity( 1182): [0,379879520,31,com.android.settings/.Settings,android.intent.action.MAIN,NULL,NULL,270532608]
12-07 07:50:32.468 I/wm_task_created( 1182): [31,1]
12-07 07:50:32.468 I/wm_task_moved( 1182): [31,1,1]
12-07 07:50:32.508 I/am_pause_activity( 1182): [0,872178599,com.android.launcher3/.Launcher]
12-07 07:50:32.522 I/am_on_paused_called( 2844): [0,com.android.launcher3.Launcher]
12-07 07:50:32.540 I/am_restart_activity( 1182): [0,379879520,31,com.android.settings/.Settings]
12-07 07:50:32.606 I/am_on_resume_called( 3805): [0,com.android.settings.Settings]
12-07 07:50:32.847 I/am_activity_launch_time( 1182): [0,379879520,com.android.settings/.Settings,309,309]
12-07 07:50:32.876 I/sf_frame_dur(  401): [com.android.launcher3/com.android.launcher3.Launcher,226,4,4,3,3,1,0]
12-07 07:50:36.115 I/dvm_lock_sample(26078): [uiautomator,0,UiAutomatorHandlerThread,252,QueryController.java,61,-,149,50]
12-07 07:50:36.882 I/wm_task_moved( 1182): [31,1,1]
12-07 07:50:36.882 I/am_create_activity( 1182): [0,312858962,31,com.android.phone/.MobileNetworkSettings,android.intent.action.MAIN,NULL,NULL,0]
12-07 07:50:36.882 I/am_pause_activity( 1182): [0,379879520,com.android.settings/.Settings]
12-07 07:50:36.965 I/am_on_paused_called( 3805): [0,com.android.settings.Settings]
12-07 07:50:36.966 I/am_restart_activity( 1182): [0,312858962,31,com.android.phone/.MobileNetworkSettings]
12-07 07:50:37.145 I/am_on_resume_called( 2774): [0,com.android.phone.MobileNetworkSettings]
12-07 07:50:37.417 I/am_activity_launch_time( 1182): [0,312858962,com.android.phone/.MobileNetworkSettings,452,452]
12-07 07:50:37.762 I/sf_frame_dur(  401): [com.android.settings/com.android.settings.Settings,37,3,3,1,0,2,1]
12-07 07:50:43.672 I/sf_frame_dur(  401): [com.android.phone/com.android.phone.MobileNetworkSettings,5,1,0,1,1,1,0]
12-07 07:50:43.873 I/gsm_service_state_change( 2774): [0,0,0,1]
12-07 07:50:43.882 I/netstats_mobile_sample( 1182): [681352,1155,152184,1377,681352,1155,146219,1377,681561,1157,146407,1380,1449445844363]
12-07 07:50:43.882 I/netstats_wifi_sample( 1182): [0,0,0,0,0,0,0,0,0,0,0,0,1449445844363]
12-07 07:50:43.920 I/netstats_mobile_sample( 1182): [681352,1155,152184,1377,681352,1155,146219,1377,681561,1157,146407,1380,1449445844400]
12-07 07:50:43.920 I/netstats_wifi_sample( 1182): [0,0,0,0,0,0,0,0,0,0,0,0,1449445844400]
12-07 07:50:44.458 I/dvm_lock_sample( 2774): [com.android.phone,0,RILReceiver,5,RIL.java,2484,-,2472,1]
12-07 07:50:44.938 I/notification_cancel( 1182): [1000,3805,com.android.settings,12180,NULL,0,0,0,8,NULL]
12-07 07:50:44.951 I/notification_cancel( 1182): [1000,3805,com.android.settings,1002,NULL,0,0,0,8,NULL]
12-07 07:50:45.090 I/sf_frame_dur(  401): [com.android.phone/com.android.phone.MobileNetworkSettings,7,4,2,2,2,0,0]
12-07 07:50:46.116 I/gsm_service_state_change( 2774): [0,1,1,1]
12-07 07:50:46.116 I/gsm_rat_switched_new( 2774): [-1,16,0]
12-07 07:50:46.836 I/am_broadcast_discard_app( 1182): [0,184112471,android.net.conn.CONNECTIVITY_CHANGE,0,ResolveInfo{846d2d com.lesports.glivesports/com.f1llib.receiver.ConnectionChangeReceiver p=2147483647 m=0x108000}]
12-07 07:50:46.999 I/am_proc_start( 1182): [0,10855,10007,android.process.media,broadcast,com.android.providers.downloads/.DownloadReceiver]
12-07 07:50:47.054 I/dvm_lock_sample( 1182): [system_server,1,main,145,PowerManagerService.java,1022,-,1094,29]
12-07 07:50:47.062 I/dvm_lock_sample( 1182): [system_server,1,ActivityManager,18,BroadcastQueue.java,544,ActivityManagerService.java,16649,3]
12-07 07:50:47.086 I/am_proc_bound( 1182): [0,10855,android.process.media]
12-07 07:50:47.176 I/gsm_rat_switched_new( 2774): [6373604,14,3]
12-07 07:50:47.336 I/am_proc_start( 1182): [0,10938,10013,com.android.mms,broadcast,com.android.mms/.transaction.MmsSystemEventReceiver]
12-07 07:50:47.338 I/dvm_lock_sample( 1182): [system_server,0,Binder_2,24,ActivityManagerService.java,15328,BroadcastQueue.java,544,4]
12-07 07:50:47.368 I/am_kill ( 1182): [0,11266,com.android.calendar,15,empty #9]
12-07 07:50:47.586 I/dvm_lock_sample( 1182): [system_server,0,Binder_F,209,ActivityManagerService.java,15328,-,16649,41]
12-07 07:50:47.586 I/am_proc_bound( 1182): [0,10938,com.android.mms]
12-07 07:50:47.590 I/am_proc_died( 1182): [0,11266,com.android.calendar]
12-07 07:50:47.707 I/am_kill ( 1182): [0,10365,com.android.browser:service,15,empty #9]
12-07 07:50:47.818 I/am_proc_died( 1182): [0,10365,com.android.browser:service]
12-07 07:50:47.870 I/am_proc_start( 1182): [0,11051,10033,com.android.calendar,broadcast,com.android.calendar/com.letv.calendar.AccountChangeReceiver]
12-07 07:50:47.924 I/am_proc_bound( 1182): [0,11051,com.android.calendar]
12-07 07:50:48.091 I/am_proc_start( 1182): [0,11138,10002,com.android.providers.calendar,content provider,com.android.providers.calendar/.CalendarProvider2]
12-07 07:50:48.133 I/am_proc_bound( 1182): [0,11138,com.android.providers.calendar]
12-07 07:50:48.233 I/am_proc_start( 1182): [0,11178,10036,com.android.deskclock,broadcast,com.android.deskclock/.AlarmInitReceiver]
12-07 07:50:48.235 I/am_kill ( 1182): [0,16928,com.letv.android.cloudservice,15,empty #9]
12-07 07:50:48.451 I/am_kill ( 1182): [0,16872,com.letv.android.bugreporter,15,empty #10]
12-07 07:50:48.676 I/dvm_lock_sample( 1182): [system_server,1,Binder_A,439,ActivityManagerService.java,16862,-,19838,87]
12-07 07:50:48.677 I/dvm_lock_sample( 1182): [system_server,1,ActivityManager,443,ActivityManagerService.java,3745,-,19838,88]
12-07 07:50:48.682 I/dvm_lock_sample( 1182): [system_server,0,Binder_3,427,ActivityManagerService.java,15328,-,19838,85]
12-07 07:50:48.683 I/dvm_lock_sample( 1182): [system_server,1,Binder_2,394,ActivityManagerService.java,6838,-,19838,78]
12-07 07:50:48.684 I/am_proc_bound( 1182): [0,11178,com.android.deskclock]
12-07 07:50:48.685 I/dvm_lock_sample( 1182): [system_server,0,Binder_10,413,ActivityManagerService.java,15328,-,19838,82]
12-07 07:50:48.699 I/dvm_lock_sample( 1182): [system_server,0,Binder_5,409,ActivityManagerService.java,15328,-,19838,81]
12-07 07:50:48.699 I/dvm_lock_sample( 1182): [system_server,0,Binder_E,393,ActivityManagerService.java,15328,-,19838,78]
12-07 07:50:48.700 I/dvm_lock_sample( 1182): [system_server,0,Binder_C,379,ActivityManagerService.java,15328,-,19838,75]
12-07 07:50:48.701 I/dvm_lock_sample( 1182): [system_server,0,Binder_1,341,ActivityManagerService.java,1217,-,19838,68]
12-07 07:50:48.701 I/am_proc_died( 1182): [0,16928,com.letv.android.cloudservice]
12-07 07:50:48.707 I/dvm_lock_sample( 1182): [system_server,1,Binder_6,6,ActivityManagerService.java,17677,-,1217,1]
12-07 07:50:48.708 I/am_proc_died( 1182): [0,16872,com.letv.android.bugreporter]
12-07 07:50:49.035 I/am_proc_start( 1182): [0,11297,10038,com.android.email,broadcast,com.android.email/com.android.mail.browse.NetWorkReceiver]
12-07 07:50:49.037 I/am_kill ( 1182): [0,16955,com.letv.android.client,15,empty #9]
12-07 07:50:49.146 I/am_proc_bound( 1182): [0,11297,com.android.email]
12-07 07:50:49.151 I/am_proc_died( 1182): [0,16955,com.letv.android.client]
12-07 07:50:49.420 I/am_proc_start( 1182): [0,11398,10040,com.android.gallery3d,broadcast,com.android.gallery3d/.cloudservice.photowall.service.core.NetworkStateReceiver]
12-07 07:50:49.421 I/am_kill ( 1182): [0,17675,com.sina.weibo,15,empty #9]
12-07 07:50:49.578 I/am_proc_start( 1182): [0,11421,10039,com.android.exchange,service,com.android.exchange/.service.EasService]
12-07 07:50:49.580 I/am_proc_bound( 1182): [0,11398,com.android.gallery3d]
12-07 07:50:49.584 I/am_proc_died( 1182): [0,17675,com.sina.weibo]
12-07 07:50:49.636 I/am_proc_bound( 1182): [0,11421,com.android.exchange]
12-07 07:50:49.726 I/am_broadcast_discard_app( 1182): [0,184112471,android.net.conn.CONNECTIVITY_CHANGE,10,ResolveInfo{167c9021 com.letv.lesophoneclient/com.letv.component.upgrade.core.receiver.NetChangeReceiver m=0x108000}]
12-07 07:50:49.727 I/am_broadcast_discard_app( 1182): [0,184112471,android.net.conn.CONNECTIVITY_CHANGE,11,ResolveInfo{21799c46 com.letv.lesophoneclient/com.soundink.lib.ConnectionChangeReceiver m=0x108000}]
12-07 07:50:49.728 I/am_broadcast_discard_app( 1182): [0,184112471,android.net.conn.CONNECTIVITY_CHANGE,12,ResolveInfo{270b4b34 com.letv.letvshop/com.umeng.message.SystemReceiver m=0x108000}]
12-07 07:50:49.728 I/am_broadcast_discard_app( 1182): [0,184112471,android.net.conn.CONNECTIVITY_CHANGE,13,ResolveInfo{21a336d2 com.letv.letvshop/com.easy.android.framework.util.netstate.EANetworkStateReceiver m=0x108000}]
12-07 07:50:49.745 I/am_kill ( 1182): [0,18213,com.android.cellbroadcastreceiver,15,empty #9]
12-07 07:50:49.853 I/am_proc_died( 1182): [0,18213,com.android.cellbroadcastreceiver]
12-07 07:50:49.859 I/am_kill ( 1182): [0,10855,android.process.media,11,empty #9]
12-07 07:50:49.966 I/dvm_lock_sample( 1182): [system_server,1,ActivityManager,107,ActivityManagerService.java,3745,-,16649,21]
12-07 07:50:49.969 I/am_broadcast_discard_app( 1182): [0,184112471,android.net.conn.CONNECTIVITY_CHANGE,17,ResolveInfo{59e83a3 com.letv.games/cn.jpush.android.service.PushReceiver m=0x108000}]
12-07 07:50:49.970 I/am_proc_died( 1182): [0,10855,android.process.media]
12-07 07:50:49.973 I/am_broadcast_discard_app( 1182): [0,184112471,android.net.conn.CONNECTIVITY_CHANGE,18,ResolveInfo{23abe6a0 com.letv.games/com.leplay.gamecenter.activities.StatFragmentActivity$StatReceiver m=0x108000}]
12-07 07:50:50.023 I/am_proc_start( 1182): [0,11559,10007,android.process.media,content provider,com.android.providers.media/.MediaProvider]
12-07 07:50:50.025 I/dvm_lock_sample( 1182): [system_server,0,Binder_4,30,ActivityManagerService.java,16649,-,10080,6]
12-07 07:50:50.026 I/am_broadcast_discard_app( 1182): [0,1014237252,android.net.conn.CONNECTIVITY_CHANGE,0,ResolveInfo{10362259 com.lesports.glivesports/com.f1llib.receiver.ConnectionChangeReceiver p=2147483647 m=0x108000}]
12-07 07:50:50.071 I/am_proc_bound( 1182): [0,11559,android.process.media]
12-07 07:50:50.214 I/am_broadcast_discard_app( 1182): [0,1014237252,android.net.conn.CONNECTIVITY_CHANGE,10,ResolveInfo{beec41b com.letv.lesophoneclient/com.letv.component.upgrade.core.receiver.NetChangeReceiver m=0x108000}]
12-07 07:50:50.216 I/am_kill ( 1182): [0,11138,com.android.providers.calendar,15,empty #9]
12-07 07:50:50.426 I/am_broadcast_discard_app( 1182): [0,1014237252,android.net.conn.CONNECTIVITY_CHANGE,11,ResolveInfo{1c4be9b8 com.letv.lesophoneclient/com.soundink.lib.ConnectionChangeReceiver m=0x108000}]
12-07 07:50:50.426 I/am_broadcast_discard_app( 1182): [0,1014237252,android.net.conn.CONNECTIVITY_CHANGE,12,ResolveInfo{3007a2f6 com.letv.letvshop/com.umeng.message.SystemReceiver m=0x108000}]
12-07 07:50:50.427 I/am_broadcast_discard_app( 1182): [0,1014237252,android.net.conn.CONNECTIVITY_CHANGE,13,ResolveInfo{2ab1e964 com.letv.letvshop/com.easy.android.framework.util.netstate.EANetworkStateReceiver m=0x108000}]
12-07 07:50:50.430 I/am_proc_died( 1182): [0,11138,com.android.providers.calendar]
12-07 07:50:50.452 I/am_broadcast_discard_app( 1182): [0,1014237252,android.net.conn.CONNECTIVITY_CHANGE,17,ResolveInfo{a3507cd com.letv.games/cn.jpush.android.service.PushReceiver m=0x108000}]
12-07 07:50:50.453 I/am_broadcast_discard_app( 1182): [0,1014237252,android.net.conn.CONNECTIVITY_CHANGE,18,ResolveInfo{1682f882 com.letv.games/com.leplay.gamecenter.activities.StatFragmentActivity$StatReceiver m=0x108000}]
12-07 07:50:50.507 I/am_proc_start( 1182): [0,11590,10003,com.android.cellbroadcastreceiver,broadcast,com.android.cellbroadcastreceiver/.CellBroadcastReceiver]
12-07 07:50:50.537 I/am_proc_bound( 1182): [0,11590,com.android.cellbroadcastreceiver]
12-07 07:50:50.611 I/am_proc_start( 1182): [0,11615,10012,com.letv.android.ecoProvider,broadcast,com.letv.android.ecoProvider/.syncData.AccountChangeReceiver]
12-07 07:50:50.615 I/am_kill ( 1182): [0,11421,com.android.exchange,15,empty #9]
12-07 07:50:50.724 I/am_proc_bound( 1182): [0,11615,com.letv.android.ecoProvider]
12-07 07:50:50.729 I/dvm_lock_sample( 1182): [system_server,0,Binder_4,31,ActivityManagerService.java,1217,-,16649,6]
12-07 07:50:50.729 I/am_proc_died( 1182): [0,11421,com.android.exchange]
12-07 07:50:50.808 I/am_kill ( 1182): [0,16895,com.letv.bugpostbox,15,empty #9]
12-07 07:50:50.915 I/am_proc_died( 1182): [0,16895,com.letv.bugpostbox]
12-07 07:50:51.335 I/backup_data_changed( 1182): android
12-07 07:50:51.336 I/backup_data_changed( 1182): android
12-07 07:50:51.646 I/am_proc_start( 1182): [0,11648,10004,com.android.contacts,broadcast,com.android.contacts/com.mediatek.contacts.simcontact.BootCmpReceiver]
12-07 07:50:51.660 I/gsm_service_state_change( 2774): [0,1,1,1]
12-07 07:50:51.660 I/gsm_rat_switched_new( 2774): [-1,3,0]
12-07 07:50:51.698 I/am_proc_bound( 1182): [0,11648,com.android.contacts]
12-07 07:50:51.766 I/am_kill ( 1182): [0,11559,android.process.media,15,empty #9]
12-07 07:50:51.875 I/dvm_lock_sample( 1182): [system_server,1,Binder_8,59,ActivityManagerService.java,17677,BroadcastQueue.java,544,11]
12-07 07:50:51.876 I/am_proc_died( 1182): [0,11559,android.process.media]
12-07 07:50:51.947 I/am_proc_start( 1182): [0,11684,10004,android.process.acore,content provider,com.android.providers.contacts/.ContactsProvider2]
12-07 07:50:52.017 I/am_proc_bound( 1182): [0,11684,android.process.acore]
12-07 07:50:52.125 I/am_kill ( 1182): [0,11051,com.android.calendar,15,empty #9]
12-07 07:50:52.335 I/dvm_lock_sample( 1182): [system_server,1,ActivityManager,209,ActivityManagerService.java,3745,-,10573,41]
12-07 07:50:52.335 I/dvm_lock_sample( 1182): [system_server,1,Binder_2,180,ActivityManagerService.java,17677,-,10573,36]
12-07 07:50:52.337 I/dvm_lock_sample( 1182): [system_server,1,Binder_5,121,ActivityManagerService.java,16862,-,10573,24]
12-07 07:50:52.337 I/dvm_lock_sample( 1182): [system_server,0,Binder_6,81,ActivityManagerService.java,1217,-,10573,16]
12-07 07:50:52.338 I/am_proc_died( 1182): [0,11051,com.android.calendar]
12-07 07:50:52.338 I/am_schedule_service_restart( 1182): [0,com.android.calendar/.IClockService,1000]
12-07 07:50:52.431 I/notification_cancel( 1182): [1000,3805,com.android.settings,12180,NULL,0,0,0,8,NULL]
12-07 07:50:52.450 I/notification_cancel( 1182): [1000,3805,com.android.settings,1002,NULL,0,0,0,8,NULL]
12-07 07:50:52.556 I/am_proc_start( 1182): [0,11719,10039,com.android.exchange,content provider,com.android.exchange/.provider.ExchangeDirectoryProvider]
12-07 07:50:52.581 I/notification_cancel( 1182): [1001,2774,com.android.phone,54,NULL,-1,0,64,8,NULL]
12-07 07:50:52.589 I/notification_cancel( 1182): [1001,2774,com.android.phone,4,NULL,-1,0,64,8,NULL]
12-07 07:50:52.609 I/am_proc_bound( 1182): [0,11719,com.android.exchange]
12-07 07:50:52.614 I/am_kill ( 1182): [0,11178,com.android.deskclock,15,empty #9]
12-07 07:50:52.724 I/am_proc_died( 1182): [0,11178,com.android.deskclock]
12-07 07:50:54.617 I/backup_data_changed( 1182): android
12-07 07:50:54.628 I/notification_cancel( 1182): [1001,2774,com.android.stk,333,NULL,0,0,64,8,NULL]
12-07 07:50:54.629 I/backup_data_changed( 1182): android
12-07 07:50:54.629 I/backup_data_changed( 1182): android
12-07 07:50:54.666 I/notification_cancel( 1182): [1001,2774,com.android.stk,333,NULL,0,0,64,8,NULL]
12-07 07:50:57.206 I/battery_level( 1182): [94,4128,350]
12-07 07:50:57.212 I/notification_cancel( 1182): [10025,2172,com.android.systemui,100,low_battery,0,0,64,8,NULL]
12-07 07:50:58.821 I/auditd  (13571): type=1400 audit(0.0:115): avc: denied { write } for comm="modprobe" name="modules" dev="mmcblk0p40" ino=2721 scontext=u:r:kernel:s0 tcontext=u:object_r:system_file:s0 tclass=dir permissive=0
12-07 07:50:59.281 I/auditd  (13655): type=1400 audit(0.0:116): avc: denied { write } for comm="modprobe" name="modules" dev="mmcblk0p40" ino=2721 scontext=u:r:kernel:s0 tcontext=u:object_r:system_file:s0 tclass=dir permissive=0
12-07 07:50:59.581 I/auditd  (13668): type=1400 audit(0.0:117): avc: denied { write } for comm="modprobe" name="modules" dev="mmcblk0p40" ino=2721 scontext=u:r:kernel:s0 tcontext=u:object_r:system_file:s0 tclass=dir permissive=0
12-07 07:50:59.881 I/auditd  (13675): type=1400 audit(0.0:118): avc: denied { write } for comm="modprobe" name="modules" dev="mmcblk0p40" ino=2721 scontext=u:r:kernel:s0 tcontext=u:object_r:system_file:s0 tclass=dir permissive=0
12-07 07:51:00.201 I/auditd  (13685): type=1400 audit(0.0:119): avc: denied { write } for comm="modprobe" name="modules" dev="mmcblk0p40" ino=2721 scontext=u:r:kernel:s0 tcontext=u:object_r:system_file:s0 tclass=dir permissive=0
12-07 07:51:00.301 I/auditd  (13694): type=1400 audit(0.0:120): avc: denied { write } for comm="modprobe" name="modules" dev="mmcblk0p40" ino=2721 scontext=u:r:kernel:s0 tcontext=u:object_r:system_file:s0 tclass=dir permissive=0
12-07 07:51:00.521 I/auditd  (13701): type=1400 audit(0.0:121): avc: denied { write } for comm="modprobe" name="modules" dev="mmcblk0p40" ino=2721 scontext=u:r:kernel:s0 tcontext=u:object_r:system_file:s0 tclass=dir permissive=0
12-07 07:51:00.551 I/auditd  (13706): type=1400 audit(0.0:122): avc: denied { write } for comm="modprobe" name="modules" dev="mmcblk0p40" ino=2721 scontext=u:r:kernel:s0 tcontext=u:object_r:system_file:s0 tclass=dir permissive=0
12-07 07:51:00.701 I/auditd  (13712): type=1400 audit(0.0:123): avc: denied { write } for comm="modprobe" name="modules" dev="mmcblk0p40" ino=2721 scontext=u:r:kernel:s0 tcontext=u:object_r:system_file:s0 tclass=dir permissive=0
12-07 07:51:00.901 I/auditd  (13714): type=1400 audit(0.0:124): avc: denied { write } for comm="modprobe" name="modules" dev="mmcblk0p40" ino=2721 scontext=u:r:kernel:s0 tcontext=u:object_r:system_file:s0 tclass=dir permissive=0
12-07 07:51:01.021 I/auditd  (13718): type=1400 audit(0.0:125): avc: denied { write } for comm="modprobe" name="modules" dev="mmcblk0p40" ino=2721 scontext=u:r:kernel:s0 tcontext=u:object_r:system_file:s0 tclass=dir permissive=0
12-07 07:51:01.251 I/auditd  (13721): type=1400 audit(0.0:126): avc: denied { write } for comm="modprobe" name="modules" dev="mmcblk0p40" ino=2721 scontext=u:r:kernel:s0 tcontext=u:object_r:system_file:s0 tclass=dir permissive=0
12-07 07:51:01.301 I/auditd  (13723): type=1400 audit(0.0:127): avc: denied { write } for comm="modprobe" name="modules" dev="mmcblk0p40" ino=2721 scontext=u:r:kernel:s0 tcontext=u:object_r:system_file:s0 tclass=dir permissive=0
12-07 07:51:01.461 I/auditd  (13726): type=1400 audit(0.0:128): avc: denied { write } for comm="modprobe" name="modules" dev="mmcblk0p40" ino=2721 scontext=u:r:kernel:s0 tcontext=u:object_r:system_file:s0 tclass=dir permissive=0
12-07 07:51:01.641 I/auditd  (13728): type=1400 audit(0.0:129): avc: denied { write } for comm="modprobe" name="modules" dev="mmcblk0p40" ino=2721 scontext=u:r:kernel:s0 tcontext=u:object_r:system_file:s0 tclass=dir permissive=0
12-07 07:51:02.081 I/auditd  (13731): type=1400 audit(0.0:130): avc: denied { write } for comm="modprobe" name="modules" dev="mmcblk0p40" ino=2721 scontext=u:r:kernel:s0 tcontext=u:object_r:system_file:s0 tclass=dir permissive=0
12-07 07:51:02.401 I/auditd  (13733): type=1400 audit(0.0:131): avc: denied { write } for comm="modprobe" name="modules" dev="mmcblk0p40" ino=2721 scontext=u:r:kernel:s0 tcontext=u:object_r:system_file:s0 tclass=dir permissive=0
12-07 07:51:02.461 I/gsm_service_state_change( 2774): [1,1,3,3]
12-07 07:51:02.656 I/gsm_service_state_change( 2774): [3,3,3,3]
12-07 07:51:02.731 I/auditd  (13764): type=1400 audit(0.0:132): avc: denied { write } for comm="modprobe" name="modules" dev="mmcblk0p40" ino=2721 scontext=u:r:kernel:s0 tcontext=u:object_r:system_file:s0 tclass=dir permissive=0
12-07 07:51:02.811 I/gsm_service_state_change( 2774): [3,3,3,3]
12-07 07:51:02.826 I/notification_cancel( 1182): [1001,2774,com.android.phone,54,NULL,-1,0,64,8,NULL]
12-07 07:51:03.001 I/notification_cancel( 1182): [1001,2774,com.android.phone,4,NULL,-1,0,64,8,NULL]
12-07 07:51:03.031 I/auditd  (13775): type=1400 audit(0.0:133): avc: denied { write } for comm="modprobe" name="modules" dev="mmcblk0p40" ino=2721 scontext=u:r:kernel:s0 tcontext=u:object_r:system_file:s0 tclass=dir permissive=0
12-07 07:51:03.147 I/dvm_lock_sample(26078): [uiautomator,0,UiAutomatorHandlerThread,399,QueryController.java,61,-,149,79]
12-07 07:51:03.154 I/configuration_changed( 1182): 2
12-07 07:51:03.222 I/am_relaunch_resume_activity( 1182): [0,312858962,31,com.android.phone/.MobileNetworkSettings]
12-07 07:51:03.255 I/am_on_paused_called( 2774): [0,com.android.phone.MobileNetworkSettings]
12-07 07:51:03.285 I/sf_frame_dur(  401): [com.android.phone/com.android.phone.MobileNetworkSettings,18,2,2,3,2,6,3]
12-07 07:51:03.361 I/auditd  (13787): type=1400 audit(0.0:134): avc: denied { write } for comm="modprobe" name="modules" dev="mmcblk0p40" ino=2721 scontext=u:r:kernel:s0 tcontext=u:object_r:system_file:s0 tclass=dir permissive=0
12-07 07:51:03.456 I/am_on_resume_called( 2774): [0,com.android.phone.MobileNetworkSettings]
12-07 07:51:03.671 I/auditd  (13827): type=1400 audit(0.0:135): avc: denied { write } for comm="modprobe" name="modules" dev="mmcblk0p40" ino=2721 scontext=u:r:kernel:s0 tcontext=u:object_r:system_file:s0 tclass=dir permissive=0
12-07 07:51:03.713 I/dvm_lock_sample( 1182): [system_server,1,Binder_8,20,WindowManagerService.java,8628,-,8169,4]
12-07 07:51:04.021 I/auditd  (13988): type=1400 audit(0.0:136): avc: denied { write } for comm="modprobe" name="modules" dev="mmcblk0p40" ino=2721 scontext=u:r:kernel:s0 tcontext=u:object_r:system_file:s0 tclass=dir permissive=0
12-07 07:51:04.351 I/auditd  (14162): type=1400 audit(0.0:137): avc: denied { write } for comm="modprobe" name="modules" dev="mmcblk0p40" ino=2721 scontext=u:r:kernel:s0 tcontext=u:object_r:system_file:s0 tclass=dir permissive=0
12-07 07:51:04.431 I/configuration_changed( 1182): 2
12-07 07:51:04.511 I/am_relaunch_resume_activity( 1182): [0,312858962,31,com.android.phone/.MobileNetworkSettings]
12-07 07:51:04.524 I/dvm_lock_sample( 1182): [system_server,0,Binder_A,46,ActivityManagerService.java,15328,-,18001,9]
12-07 07:51:05.171 I/am_on_paused_called( 2774): [0,com.android.phone.MobileNetworkSettings]
12-07 07:51:05.226 I/am_proc_start( 1182): [0,14539,10006,com.android.dialer,broadcast,com.android.dialer/.calllog.CallLogReceiver]
12-07 07:51:05.228 I/dvm_lock_sample( 1182): [system_server,0,Binder_9,29,ActivityManagerService.java,15328,BroadcastQueue.java,544,5]
12-07 07:51:05.287 I/am_proc_bound( 1182): [0,14539,com.android.dialer]
12-07 07:51:05.323 I/sf_frame_dur(  401): [com.android.phone/com.android.phone.MobileNetworkSettings,0,0,0,1,0,1,0]
12-07 07:51:05.363 I/am_kill ( 1182): [0,11297,com.android.email,15,empty #9]
12-07 07:51:05.585 I/dvm_lock_sample( 1182): [system_server,1,ActivityManager,220,ActivityManagerService.java,3745,BroadcastQueue.java,544,44]
12-07 07:51:05.587 I/dvm_lock_sample( 1182): [system_server,1,Binder_1,200,ActivityManagerService.java,12899,BroadcastQueue.java,544,40]
12-07 07:51:05.588 I/dvm_lock_sample( 1182): [system_server,0,Binder_A,198,ActivityManagerService.java,15328,BroadcastQueue.java,544,39]
12-07 07:51:05.592 I/dvm_lock_sample( 1182): [system_server,0,Binder_4,177,ActivityManagerService.java,15328,BroadcastQueue.java,544,35]
12-07 07:51:05.593 I/dvm_lock_sample( 1182): [system_server,0,Binder_5,146,ActivityManagerService.java,15328,BroadcastQueue.java,544,29]
12-07 07:51:05.594 I/am_proc_died( 1182): [0,11297,com.android.email]
12-07 07:51:05.700 I/notification_cancel( 1182): [1000,3805,com.android.settings,1003,NULL,0,0,0,8,NULL]
12-07 07:51:05.741 I/am_on_resume_called( 2774): [0,com.android.phone.MobileNetworkSettings]
12-07 07:51:05.756 I/am_proc_start( 1182): [0,14761,1001,com.qualcomm.qti.telephony,broadcast,com.qualcomm.qti.telephony/.SubInfoRecordUpdatedReceiver]
12-07 07:51:05.757 I/dvm_lock_sample( 1182): [system_server,0,Binder_2,46,ActivityManagerService.java,15328,BroadcastQueue.java,544,9]
12-07 07:51:05.808 I/am_proc_bound( 1182): [0,14761,com.qualcomm.qti.telephony]
12-07 07:51:05.839 I/am_kill ( 1182): [0,11398,com.android.gallery3d,15,empty #9]
12-07 07:51:06.054 I/dvm_lock_sample( 1182): [system_server,1,Binder_4,200,ActivityManagerService.java,16862,BroadcastQueue.java,544,40]
12-07 07:51:06.055 I/dvm_lock_sample( 1182): [system_server,0,Binder_D,186,ActivityManagerService.java,15328,BroadcastQueue.java,544,37]
12-07 07:51:06.056 I/dvm_lock_sample( 1182): [system_server,0,Binder_8,155,ActivityManagerService.java,15328,BroadcastQueue.java,544,31]
12-07 07:51:06.057 I/dvm_lock_sample( 1182): [system_server,0,Binder_C,99,ActivityManagerService.java,1217,BroadcastQueue.java,544,19]
12-07 07:51:06.057 I/am_proc_died( 1182): [0,11398,com.android.gallery3d]
12-07 07:51:06.137 I/notification_cancel( 1182): [1001,2774,com.qti.xdivert,22,NULL,0,0,64,8,NULL]
12-07 07:51:06.139 I/notification_cancel( 1182): [1001,2774,com.android.phone,3,NULL,-1,0,64,8,NULL]
12-07 07:51:06.193 I/gsm_service_state_change( 2774): [3,3,3,3]
12-07 07:51:06.206 I/dvm_lock_sample(26078): [uiautomator,0,UiAutomatorHandlerThread,2743,QueryController.java,61,-,149,100]
12-07 07:51:06.207 I/keyevent( 1182): kbq keyCode=4 down=true canceled=false
12-07 07:51:06.637 I/am_proc_start( 1182): [0,14903,10098,com.letv.android.quicksearchbox,broadcast,com.letv.android.quicksearchbox/.CorporaUpdateReceiver]
12-07 07:51:06.702 I/am_proc_bound( 1182): [0,14903,com.letv.android.quicksearchbox]
12-07 07:51:06.795 I/am_proc_start( 1182): [0,15000,10098,com.letv.android.quicksearchbox:install,service,com.letv.android.quicksearchbox/.update.SilenceInstallService]
12-07 07:51:06.890 I/am_proc_bound( 1182): [0,15000,com.letv.android.quicksearchbox:install]
12-07 07:51:06.957 I/notification_cancel( 1182): [1001,2774,com.qti.xdivert,22,NULL,0,0,64,8,NULL]
12-07 07:51:06.958 I/notification_cancel( 1182): [1001,2774,com.android.phone,53,NULL,-1,0,64,8,NULL]
12-07 07:51:07.096 I/keyevent( 1182): kbd keyCode=4 down=true repeatCount=0 canceled=false
12-07 07:51:07.162 I/am_kill ( 1182): [0,11615,com.letv.android.ecoProvider,15,empty #9]
12-07 07:51:07.212 I/keyevent( 1182): kbq keyCode=4 down=false canceled=false
12-07 07:51:07.213 I/notification_cancel( 1182): [1001,2774,com.android.phone,3,NULL,-1,0,64,8,NULL]
12-07 07:51:07.215 I/keyevent( 1182): kbd keyCode=4 down=false repeatCount=0 canceled=false
12-07 07:51:07.269 I/dvm_lock_sample( 1182): [system_server,0,Binder_6,96,ActivityManagerService.java,15766,BroadcastQueue.java,544,19]
12-07 07:51:07.270 I/notification_cancel( 1182): [1001,2774,com.android.phone,4,NULL,-1,0,64,8,NULL]
12-07 07:51:07.270 I/dvm_lock_sample( 1182): [system_server,0,Binder_4,52,ActivityManagerService.java,1217,BroadcastQueue.java,544,10]
12-07 07:51:07.270 I/am_proc_died( 1182): [0,11615,com.letv.android.ecoProvider]
12-07 07:51:07.276 I/am_finish_activity( 1182): [0,312858962,31,com.android.phone/.MobileNetworkSettings,app-request]
12-07 07:51:07.277 I/am_pause_activity( 1182): [0,312858962,com.android.phone/.MobileNetworkSettings]
12-07 07:51:07.282 I/notification_cancel( 1182): [1001,2774,com.android.phone,53,NULL,-1,0,64,8,NULL]
12-07 07:51:07.284 I/am_kill ( 1182): [0,11719,com.android.exchange,15,empty #9]
12-07 07:51:07.293 I/notification_cancel( 1182): [1001,2774,com.android.phone,54,NULL,-1,0,64,8,NULL]
12-07 07:51:07.499 I/dvm_lock_sample( 1182): [system_server,1,main,205,ActivityManagerService.java,7245,-,16629,41]
12-07 07:51:07.500 I/dvm_lock_sample( 1182): [system_server,0,Binder_F,155,ActivityManagerService.java,15328,-,16629,31]
12-07 07:51:07.507 I/am_proc_died( 1182): [0,11719,com.android.exchange]
12-07 07:51:07.787 I/am_resume_activity( 1182): [0,379879520,31,com.android.settings/.Settings]
12-07 07:51:07.860 I/am_on_paused_called( 2774): [0,com.android.phone.MobileNetworkSettings]
12-07 07:51:07.860 I/am_failed_to_pause( 1182): [0,312858962,com.android.phone/.MobileNetworkSettings,(none)]
12-07 07:51:07.911 I/am_on_resume_called( 3805): [0,com.android.settings.Settings]
12-07 07:51:07.984 I/gsm_service_state_change( 2774): [3,3,1,1]
12-07 07:51:09.122 I/am_proc_start( 1182): [0,15226,10033,com.android.calendar,broadcast,com.android.calendar/.widget.CalendarAppWidgetService$CalendarFactory]
12-07 07:51:09.208 I/am_proc_bound( 1182): [0,15226,com.android.calendar]
12-07 07:51:09.320 I/am_proc_start( 1182): [0,15274,10002,com.android.providers.calendar,content provider,com.android.providers.calendar/.CalendarProvider2]
12-07 07:51:09.377 I/am_proc_start( 1182): [0,15319,10012,com.letv.android.ecoProvider,broadcast,com.letv.android.ecoProvider/.syncData.AccountChangeReceiver]
12-07 07:51:09.413 I/am_proc_bound( 1182): [0,15274,com.android.providers.calendar]
12-07 07:51:09.522 I/am_proc_start( 1182): [0,15392,10036,com.android.deskclock,broadcast,com.android.deskclock/.AlarmInitReceiver]
12-07 07:51:09.533 I/am_kill ( 1182): [0,14761,com.qualcomm.qti.telephony,15,empty #9]
12-07 07:51:09.744 I/am_kill ( 1182): [0,14539,com.android.dialer,15,empty #10]
12-07 07:51:09.084 I/dvm_lock_sample( 1182): [system_server,0,Binder_5,447,ActivityManagerService.java,15328,BroadcastQueue.java,544,89]
12-07 07:51:09.084 I/am_proc_bound( 1182): [0,15319,com.letv.android.ecoProvider]
12-07 07:51:09.085 I/dvm_lock_sample( 1182): [system_server,1,Binder_B,434,ActivityManagerService.java,16862,BroadcastQueue.java,544,86]
12-07 07:51:09.086 I/keyevent( 1182): kbq keyCode=4 down=true canceled=false
12-07 07:51:09.088 I/dvm_lock_sample( 1182): [system_server,1,ActivityManager,433,ActivityManagerService.java,3745,-,19838,86]
12-07 07:51:09.089 I/dvm_lock_sample( 1182): [system_server,1,android.display,380,ActivityRecord.java,990,ActivityManagerService.java,19838,76]
12-07 07:51:09.089 I/am_proc_bound( 1182): [0,15392,com.android.deskclock]
12-07 07:51:09.092 I/keyevent( 1182): kbd keyCode=4 down=true repeatCount=0 canceled=false
12-07 07:51:09.094 I/am_proc_died( 1182): [0,14761,com.qualcomm.qti.telephony]
12-07 07:51:09.097 I/keyevent( 1182): kbq keyCode=4 down=false canceled=false
12-07 07:51:09.105 I/keyevent( 1182): kbd keyCode=4 down=false repeatCount=0 canceled=false
12-07 07:51:09.115 I/sf_frame_dur(  401): [com.android.phone/com.android.phone.MobileNetworkSettings,0,1,0,1,1,1,0]
12-07 07:51:09.119 I/dvm_lock_sample( 1182): [system_server,0,Binder_6,269,ActivityManagerService.java,15766,-,19838,53]
12-07 07:51:09.120 I/dvm_lock_sample( 1182): [system_server,0,Binder_3,126,ActivityManagerService.java,1217,-,19838,25]
12-07 07:51:09.121 I/am_proc_died( 1182): [0,14539,com.android.dialer]
12-07 07:51:09.128 I/am_destroy_activity( 1182): [0,312858962,31,com.android.phone/.MobileNetworkSettings,finish-imm]
12-07 07:51:09.140 I/am_finish_activity( 1182): [0,379879520,31,com.android.settings/.Settings,app-request]
12-07 07:51:09.141 I/wm_task_moved( 1182): [7,1,0]
12-07 07:51:09.142 I/gsm_service_state_change( 2774): [1,1,0,1]
12-07 07:51:09.142 I/gsm_rat_switched_new( 2774): [18961545,0,17]
12-07 07:51:09.171 I/am_pause_activity( 1182): [0,379879520,com.android.settings/.Settings]
12-07 07:51:09.309 I/am_on_paused_called( 3805): [0,com.android.settings.Settings]
12-07 07:51:09.365 I/am_resume_activity( 1182): [0,872178599,7,com.android.launcher3/.Launcher]
12-07 07:51:09.423 I/dvm_lock_sample( 1182): [system_server,0,Binder_6,73,ActivityManagerService.java,15328,-,7052,14]
12-07 07:51:09.424 I/dvm_lock_sample( 1182): [system_server,1,Binder_D,47,ActivityManagerService.java,7203,-,7052,9]
12-07 07:51:09.424 I/dvm_lock_sample( 1182): [system_server,1,Binder_1,48,ActivityManagerService.java,16438,-,7052,9]
12-07 07:51:09.425 I/dvm_lock_sample( 1182): [system_server,1,Binder_7,81,ActivityManagerService.java,12899,-,7052,16]
12-07 07:51:09.669 I/am_on_resume_called( 2844): [0,com.android.launcher3.Launcher]
12-07 07:51:09.775 I/am_proc_start( 1182): [0,15557,10056,com.letv.android.note,broadcast,com.letv.android.note/.widget.NoteWidgetProvider$UpdateWidgetReciver]
12-07 07:51:09.775 I/dvm_lock_sample( 1182): [system_server,0,Binder_10,43,ActivityManagerService.java,15766,BroadcastQueue.java,544,8]
12-07 07:51:09.778 I/am_kill ( 1182): [0,11684,android.process.acore,15,empty #9]
12-07 07:51:09.990 I/am_kill ( 1182): [0,11648,com.android.contacts,15,empty #10]
12-07 07:51:10.110 I/dvm_lock_sample( 1182): [system_server,0,Binder_6,364,ActivityManagerService.java,15766,BroadcastQueue.java,544,72]
12-07 07:51:10.112 I/dvm_lock_sample( 1182): [system_server,1,Binder_8,374,ActivityManagerService.java,20739,BroadcastQueue.java,544,74]
12-07 07:51:10.113 I/dvm_lock_sample( 1182): [system_server,0,Binder_10,337,ActivityManagerService.java,15766,-,19838,67]
12-07 07:51:10.114 I/dvm_lock_sample( 1182): [system_server,1,ActivityManager,337,ActivityManagerService.java,3745,-,19838,67]
12-07 07:51:10.116 I/am_proc_bound( 1182): [0,15557,com.letv.android.note]
12-07 07:51:10.126 I/dvm_lock_sample( 1182): [system_server,0,Binder_E,297,ActivityManagerService.java,15766,-,19838,59]
12-07 07:51:10.131 I/am_proc_died( 1182): [0,11684,android.process.acore]
12-07 07:51:10.138 I/am_proc_died( 1182): [0,11648,com.android.contacts]
12-07 07:51:10.285 I/keyevent( 1182): kbq keyCode=4 down=true canceled=false
12-07 07:51:10.290 I/keyevent( 1182): kbd keyCode=4 down=true repeatCount=0 canceled=false
12-07 07:51:10.290 I/am_proc_start( 1182): [0,15650,10060,com.letv.leui.schpwronoff,broadcast,com.letv.leui.schpwronoff/.AlarmInitReceiver]
12-07 07:51:10.306 I/dvm_lock_sample( 1182): [system_server,1,Binder_3,61,ActivityManagerService.java,16438,BroadcastQueue.java,544,12]
12-07 07:51:10.342 I/am_kill ( 1182): [0,14903,com.letv.android.quicksearchbox,15,empty #9]
12-07 07:51:10.346 I/keyevent( 1182): kbq keyCode=4 down=false canceled=false
12-07 07:51:10.350 I/keyevent( 1182): kbd keyCode=4 down=false repeatCount=0 canceled=false
12-07 07:51:10.561 I/dvm_lock_sample( 1182): [system_server,1,ActivityManager,218,ActivityManagerService.java,3745,-,16649,43]
12-07 07:51:10.563 I/dvm_lock_sample( 1182): [system_server,1,Binder_5,174,ActivityManagerService.java,16862,-,16649,34]
12-07 07:51:10.564 I/am_proc_died( 1182): [0,14903,com.letv.android.quicksearchbox]
12-07 07:51:10.568 I/am_destroy_activity( 1182): [0,379879520,31,com.android.settings/.Settings,finish-imm]
12-07 07:51:10.578 I/dvm_lock_sample( 1182): [system_server,1,Binder_3,14,ActivityManagerService.java,6838,BroadcastQueue.java,544,2]
12-07 07:51:10.578 I/am_proc_bound( 1182): [0,15650,com.letv.leui.schpwronoff]
12-07 07:51:10.581 I/sf_frame_dur(  401): [com.android.settings/com.android.settings.Settings,0,0,1,2,0,1,0]
12-07 07:51:10.702 I/am_proc_start( 1182): [0,15704,1000,com.qualcomm.timeservice,broadcast,com.qualcomm.timeservice/.TimeServiceBroadcastReceiver]
12-07 07:51:10.731 I/wm_task_removed( 1182): [31,removeAppToken: last token]
12-07 07:51:10.731 I/wm_task_removed( 1182): [31,removeTask]
12-07 07:51:10.751 I/am_kill ( 1182): [0,15000,com.letv.android.quicksearchbox:install,15,empty #9]
12-07 07:51:10.799 I/gsm_service_state_change( 2774): [0,1,0,0]
12-07 07:51:10.970 I/dvm_lock_sample( 1182): [system_server,1,ActivityManager,220,ActivityManagerService.java,3745,-,16649,44]
12-07 07:51:10.971 I/dvm_lock_sample( 1182): [system_server,1,Binder_4,189,ActivityManagerService.java,6838,-,16649,37]
12-07 07:51:10.971 I/am_proc_bound( 1182): [0,15704,com.qualcomm.timeservice]
12-07 07:51:10.985 I/dvm_lock_sample( 1182): [system_server,0,Binder_A,110,ActivityManagerService.java,1217,-,16649,22]
12-07 07:51:10.986 I/am_proc_died( 1182): [0,15000,com.letv.android.quicksearchbox:install]
12-07 07:51:11.108 I/am_kill ( 1182): [0,10938,com.android.mms,15,empty #9]
12-07 07:51:11.328 I/dvm_lock_sample( 1182): [system_server,0,Binder_3,211,ActivityManagerService.java,15328,-,16649,42]
12-07 07:51:11.329 I/am_proc_died( 1182): [0,10938,com.android.mms]
12-07 07:51:11.329 I/dvm_lock_sample( 1182): [system_server,1,Binder_B,175,ActivityManagerService.java,17677,-,16649,35]
12-07 07:51:11.422 I/auditd  (15841): type=1400 audit(0.0:138): avc: denied { write } for comm="modprobe" name="modules" dev="mmcblk0p40" ino=2721 scontext=u:r:kernel:s0 tcontext=u:object_r:system_file:s0 tclass=dir permissive=0
12-07 07:51:11.665 I/keyevent( 1182): kbq keyCode=4 down=true canceled=false
12-07 07:51:11.672 I/keyevent( 1182): kbd keyCode=4 down=true repeatCount=0 canceled=false
12-07 07:51:11.674 I/keyevent( 1182): kbq keyCode=4 down=false canceled=false
12-07 07:51:11.675 I/keyevent( 1182): kbd keyCode=4 down=false repeatCount=0 canceled=false
12-07 07:51:11.698 I/backup_data_changed( 1182): android
12-07 07:51:11.709 I/backup_data_changed( 1182): android
12-07 07:51:11.709 I/backup_data_changed( 1182): android
12-07 07:51:11.772 I/auditd  (15920): type=1400 audit(0.0:139): avc: denied { write } for comm="modprobe" name="modules" dev="mmcblk0p40" ino=2721 scontext=u:r:kernel:s0 tcontext=u:object_r:system_file:s0 tclass=dir permissive=0
12-07 07:51:12.962 I/keyevent( 1182): kbq keyCode=4 down=true canceled=false
12-07 07:51:12.965 I/keyevent( 1182): kbd keyCode=4 down=true repeatCount=0 canceled=false
12-07 07:51:12.970 I/keyevent( 1182): kbq keyCode=4 down=false canceled=false
12-07 07:51:12.972 I/keyevent( 1182): kbd keyCode=4 down=false repeatCount=0 canceled=false
12-07 07:51:13.894 I/am_create_task( 1182): [0,32]
12-07 07:51:13.894 I/am_create_activity( 1182): [0,668504506,32,com.android.stk/.StkDialogActivity,NULL,NULL,NULL,1954807808]
12-07 07:51:13.894 I/wm_task_created( 1182): [32,1]
12-07 07:51:13.894 I/wm_task_moved( 1182): [32,1,1]
12-07 07:51:13.916 I/am_pause_activity( 1182): [0,872178599,com.android.launcher3/.Launcher]
12-07 07:51:13.916 I/am_on_paused_called( 2844): [0,com.android.launcher3.Launcher]
12-07 07:51:13.924 I/am_restart_activity( 1182): [0,668504506,32,com.android.stk/.StkDialogActivity]
12-07 07:51:13.961 I/am_on_resume_called( 2774): [0,com.android.stk.StkDialogActivity]
12-07 07:51:14.012 I/am_activity_launch_time( 1182): [0,668504506,com.android.stk/.StkDialogActivity,89,89]
12-07 07:51:14.249 I/gsm_service_state_change( 2774): [1,1,0,1]
12-07 07:51:14.249 I/gsm_rat_switched_new( 2774): [22101,0,16]
12-07 07:51:14.596 I/keyevent( 1182): kbq keyCode=3 down=true canceled=false
12-07 07:51:14.598 I/keyevent( 1182): kbd keyCode=3 down=true repeatCount=0 canceled=false
12-07 07:51:14.598 I/keyevent( 1182): kbq keyCode=3 down=false canceled=false
12-07 07:51:14.600 I/keyevent( 1182): kbd keyCode=3 down=false repeatCount=0 canceled=false
12-07 07:51:14.614 I/wm_task_moved( 1182): [7,1,0]
12-07 07:51:14.614 I/wm_task_moved( 1182): [7,1,0]
12-07 07:51:14.642 I/am_pause_activity( 1182): [0,668504506,com.android.stk/.StkDialogActivity]
12-07 07:51:14.643 I/am_on_paused_called( 2774): [0,com.android.stk.StkDialogActivity]
12-07 07:51:14.645 I/am_task_to_front( 1182): [0,7]
12-07 07:51:14.645 I/am_new_intent( 1182): [0,231156023,7,com.android.launcher3/.Launcher,android.intent.action.MAIN,NULL,NULL,274726912]
12-07 07:51:14.699 I/am_proc_start( 1182): [0,16319,10104,com.sina.weibo,broadcast,com.sina.weibo/.SwitchStateReceiver]
12-07 07:51:14.702 I/am_resume_activity( 1182): [0,872178599,7,com.android.launcher3/.Launcher]
12-07 07:51:14.715 I/am_finish_activity( 1182): [0,668504506,32,com.android.stk/.StkDialogActivity,no-history]
12-07 07:51:14.722 I/am_on_resume_called( 2844): [0,com.android.launcher3.Launcher]
12-07 07:51:14.762 I/am_destroy_activity( 1182): [0,668504506,32,com.android.stk/.StkDialogActivity,finish-idle]
12-07 07:51:14.779 I/am_proc_bound( 1182): [0,16319,com.sina.weibo]
12-07 07:51:15.095 I/wm_task_removed( 1182): [32,removeAppToken: last token]
12-07 07:51:15.095 I/wm_task_removed( 1182): [32,removeTask]
12-07 07:51:15.107 I/sf_frame_dur(  401): [com.android.stk/com.android.stk.StkDialogActivity,1,0,0,0,0,0,0]
12-07 07:51:15.756 I/am_kill ( 1182): [0,15319,com.letv.android.ecoProvider,15,empty #9]
12-07 07:51:15.942 I/auditd  (16893): type=1400 audit(0.0:140): avc: denied { write } for comm="modprobe" name="modules" dev="mmcblk0p40" ino=2721 scontext=u:r:kernel:s0 tcontext=u:object_r:system_file:s0 tclass=dir permissive=0
12-07 07:51:15.997 I/dvm_lock_sample( 1182): [system_server,1,ActivityManager,241,ActivityManagerService.java,3745,BroadcastQueue.java,544,48]
12-07 07:51:16.001 I/dvm_lock_sample( 1182): [system_server,1,Binder_2,167,ActivityManagerService.java,17677,BroadcastQueue.java,544,33]
12-07 07:51:16.008 I/am_proc_died( 1182): [0,15319,com.letv.android.ecoProvider]
12-07 07:51:16.021 I/dvm_lock_sample(16319): [com.sina.weibo,0,HIGH_IO # default#5,156,SharePrefManager.java,331,Binder.java,-2,31]
12-07 07:51:16.055 I/am_create_task( 1182): [0,33]
12-07 07:51:16.055 I/am_create_activity( 1182): [0,346561257,33,com.android.mms/.ui.ConversationList,android.intent.action.MAIN,NULL,NULL,270532608]
12-07 07:51:16.056 I/wm_task_created( 1182): [33,1]
12-07 07:51:16.056 I/wm_task_moved( 1182): [33,1,1]
12-07 07:51:16.121 I/am_pause_activity( 1182): [0,872178599,com.android.launcher3/.Launcher]
12-07 07:51:16.221 I/gsm_rat_switched_new( 2774): [17671681,17,14]
12-07 07:51:16.258 I/am_on_paused_called( 2844): [0,com.android.launcher3.Launcher]
12-07 07:51:16.411 I/am_proc_start( 1182): [0,16993,10013,com.android.mms,activity,com.android.mms/.ui.ConversationList]
12-07 07:51:16.420 I/notification_cancel( 1182): [10025,2172,com.android.systemui,100,low_battery,0,0,64,8,NULL]
12-07 07:51:16.553 I/am_proc_bound( 1182): [0,16993,com.android.mms]
12-07 07:51:16.596 I/am_restart_activity( 1182): [0,346561257,33,com.android.mms/.ui.ConversationList]
12-07 07:51:16.671 I/notification_cancel( 1182): [1000,1182,android,65537,CaptivePortal.Notification,0,0,0,8,NULL]
12-07 07:51:16.785 I/dvm_lock_sample( 1182): [system_server,0,Binder_B,39,ActivityManagerService.java,17783,-,1550,7]
12-07 07:51:16.816 I/dvm_lock_sample( 1182): [system_server,1,Binder_9,71,WindowManagerService.java,3186,WindowAnimator.java,121,14]
12-07 07:51:16.875 I/netstats_mobile_sample( 1182): [681352,1155,152184,1377,681352,1155,146219,1377,681561,1157,146407,1380,1449445877459]
12-07 07:51:16.875 I/netstats_wifi_sample( 1182): [0,0,0,0,0,0,0,0,0,0,0,0,1449445877459]
12-07 07:51:16.990 I/sf_frame_dur(  401): [com.android.launcher3/com.android.launcher3.Launcher,168,9,2,4,1,2,0]
12-07 07:51:17.409 I/dvm_lock_sample( 1182): [system_server,1,ActivityManager,520,NetworkPolicyManagerService.java,645,-,1187,100]
12-07 07:51:17.544 I/notification_cancel( 1182): [10013,16993,com.android.mms,239,NULL,0,0,64,8,NULL]
12-07 07:51:17.555 I/am_on_resume_called(16993): [0,com.android.mms.ui.ConversationList]
12-07 07:51:17.632 I/auditd  (17144): type=1400 audit(0.0:141): avc: denied { search } for comm="RenderThread" name="thermal" dev="sysfs" ino=19400 scontext=u:r:untrusted_app:s0 tcontext=u:object_r:sysfs_thermal:s0 tclass=dir permissive=0
12-07 07:51:17.680 I/notification_cancel( 1182): [10013,16993,com.android.mms,531,NULL,0,0,64,8,NULL]
12-07 07:51:17.702 I/notification_cancel_all( 1182): [10013,16993,com.android.mms,0,0,64,9,NULL]
12-07 07:51:17.857 I/am_proc_start( 1182): [0,17186,10004,android.process.acore,content provider,com.android.providers.contacts/.ContactsProvider2]
12-07 07:51:17.950 I/am_proc_bound( 1182): [0,17186,android.process.acore]
12-07 07:51:18.265 I/am_activity_launch_time( 1182): [0,346561257,com.android.mms/.ui.ConversationList,1893,1893]
12-07 07:51:18.320 I/notification_cancel( 1182): [10013,16993,com.android.mms,789,NULL,0,0,64,8,NULL]
12-07 07:51:18.700 I/am_proc_start( 1182): [0,17271,10006,com.android.dialer,content provider,com.android.dialer/com.letv.android.letvyellowpage.provider.ypContentProvider]
12-07 07:51:18.755 I/am_proc_bound( 1182): [0,17271,com.android.dialer]
12-07 07:51:18.802 I/auditd  (17144): type=1400 audit(0.0:142): avc: denied { search } for comm="RenderThread" name="thermal" dev="sysfs" ino=19400 scontext=u:r:untrusted_app:s0 tcontext=u:object_r:sysfs_thermal:s0 tclass=dir permissive=0
12-07 07:51:18.822 I/am_proc_start( 1182): [0,17361,10039,com.android.exchange,content provider,com.android.exchange/.provider.ExchangeDirectoryProvider]
12-07 07:51:18.945 I/am_proc_bound( 1182): [0,17361,com.android.exchange]
12-07 07:51:19.166 I/am_proc_start( 1182): [0,17402,10038,com.android.email,content provider,com.android.email/.provider.EmailProvider]
12-07 07:51:19.348 I/am_kill ( 1182): [0,15226,com.android.calendar,15,empty #9]
12-07 07:51:19.564 I/am_proc_bound( 1182): [0,17402,com.android.email]
12-07 07:51:19.568 I/am_kill ( 1182): [0,15274,com.android.providers.calendar,15,empty #9]
12-07 07:51:19.782 I/dvm_lock_sample( 1182): [system_server,1,Binder_2,378,ActivityManagerService.java,10080,-,10529,75]
12-07 07:51:19.783 I/dvm_lock_sample( 1182): [system_server,1,Binder_B,378,ActivityManagerService.java,10683,-,10529,75]
12-07 07:51:19.785 I/dvm_lock_sample( 1182): [system_server,0,Binder_7,358,ActivityManagerService.java,15766,-,10529,71]
12-07 07:51:19.785 I/dvm_lock_sample( 1182): [system_server,0,Binder_E,296,ActivityManagerService.java,1217,-,10529,59]
12-07 07:51:19.786 I/dvm_lock_sample( 1182): [system_server,0,Binder_A,271,ActivityManagerService.java,15766,-,10529,54]
12-07 07:51:19.786 I/dvm_lock_sample( 1182): [system_server,1,ActivityManager,216,ActivityManagerService.java,3745,-,6838,43]
12-07 07:51:19.788 I/am_proc_died( 1182): [0,15274,com.android.providers.calendar]
12-07 07:51:19.796 I/am_proc_died( 1182): [0,15226,com.android.calendar]
12-07 07:51:19.797 I/am_schedule_service_restart( 1182): [0,com.android.calendar/.IClockService,1000]
12-07 07:51:19.805 I/am_broadcast_discard_app( 1182): [0,129285854,android.net.conn.CONNECTIVITY_CHANGE,0,ResolveInfo{17d118bf com.lesports.glivesports/com.f1llib.receiver.ConnectionChangeReceiver p=2147483647 m=0x108000}]
12-07 07:51:20.016 I/am_proc_start( 1182): [0,17518,10001,com.letv.bugpostbox,broadcast,com.letv.bugpostbox/.receiver.NetworkChangeReceiver]
12-07 07:51:20.002 I/auditd  (17144): type=1400 audit(0.0:143): avc: denied { search } for comm="RenderThread" name="thermal" dev="sysfs" ino=19400 scontext=u:r:untrusted_app:s0 tcontext=u:object_r:sysfs_thermal:s0 tclass=dir permissive=0
12-07 07:51:20.029 I/dvm_lock_sample( 1182): [system_server,0,Binder_6,62,ActivityManagerService.java,15328,BroadcastQueue.java,544,12]
12-07 07:51:20.082 I/dvm_lock_sample( 7351): [com.sina.weibo:remote,0,pool-4-thread-1,106,ActivityThread.java,4802,-,4802,21]
12-07 07:51:20.112 I/am_kill ( 1182): [0,15392,com.android.deskclock,15,empty #9]
12-07 07:51:20.330 I/dvm_lock_sample( 1182): [system_server,1,ActivityManager,229,ActivityManagerService.java,3745,-,10529,45]
12-07 07:51:20.331 I/dvm_lock_sample( 1182): [system_server,1,Binder_F,219,ActivityManagerService.java,10683,-,10529,43]
12-07 07:51:20.331 I/dvm_lock_sample( 1182): [system_server,1,Binder_1,212,ActivityManagerService.java,10080,-,10529,42]
12-07 07:51:20.333 I/am_proc_bound( 1182): [0,17518,com.letv.bugpostbox]
12-07 07:51:20.508 I/am_proc_start( 1182): [0,17552,10007,android.process.media,broadcast,com.android.providers.downloads/.DownloadReceiver]
12-07 07:51:20.540 I/am_proc_died( 1182): [0,15392,com.android.deskclock]
12-07 07:51:20.561 I/am_proc_bound( 1182): [0,17552,android.process.media]
12-07 07:51:20.633 I/am_kill ( 1182): [0,15557,com.letv.android.note,15,empty #9]
12-07 07:51:20.672 I/dvm_lock_sample(17402): [com.android.email,0,AsyncTask #3,76,EmailProvider.java,458,Posix.java,-2,15]
12-07 07:51:20.678 I/dvm_lock_sample(17402): [com.android.email,0,AsyncTask #6,79,EmailProvider.java,458,Posix.java,-2,15]
12-07 07:51:20.743 I/dvm_lock_sample( 1182): [system_server,1,Binder_A,106,ActivityManagerService.java,16611,-,10529,21]
12-07 07:51:20.748 I/dvm_lock_sample( 1182): [system_server,1,Binder_5,39,ActivityManagerService.java,16418,-,10529,7]
12-07 07:51:20.765 I/dvm_lock_sample( 1182): [system_server,0,Binder_9,40,ActivityManagerService.java,1217,-,10529,8]
12-07 07:51:20.765 I/am_proc_died( 1182): [0,15557,com.letv.android.note]
