12-07 07:47:54.516 I/dvm_lock_sample( 1182): [system_server,1,Binder_D,437,ActivityManagerService.java,10529,BroadcastQueue.java,544,87]
12-07 07:47:54.518 I/dvm_lock_sample( 1182): [system_server,1,Binder_3,437,ActivityManagerService.java,16862,BroadcastQueue.java,544,87]
12-07 07:47:54.523 I/keyevent( 1182): kbq keyCode=3 down=true canceled=false
12-07 07:47:54.524 I/dvm_lock_sample( 1182): [system_server,0,Binder_B,441,ActivityManagerService.java,15328,BroadcastQueue.java,544,88]
12-07 07:47:54.527 I/dvm_lock_sample( 1182): [system_server,1,Binder_6,442,ActivityManagerService.java,13314,BroadcastQueue.java,544,88]
12-07 07:47:54.529 I/dvm_lock_sample( 1182): [system_server,1,main,441,ActivityManagerService.java,2235,BroadcastQueue.java,544,88]
12-07 07:47:54.530 I/dvm_lock_sample( 1182): [system_server,0,android.bg,436,ActivityManagerService.java,17677,BroadcastQueue.java,544,87]
12-07 07:47:54.532 I/dvm_lock_sample( 1182): [system_server,0,Binder_10,421,ActivityManagerService.java,15328,BroadcastQueue.java,544,84]
12-07 07:47:54.537 I/am_proc_died( 1182): [0,6892,com.android.calendar]
12-07 07:47:54.539 I/am_proc_died( 1182): [0,6929,com.android.providers.calendar]
12-07 07:47:54.541 I/keyevent( 1182): kbd keyCode=3 down=true repeatCount=0 canceled=false
12-07 07:47:54.545 I/keyevent( 1182): kbq keyCode=3 down=false canceled=false
12-07 07:47:54.555 I/keyevent( 1182): kbd keyCode=3 down=false repeatCount=0 canceled=false
12-07 07:47:54.643 I/am_proc_start( 1182): [0,9437,10033,com.android.calendar,broadcast,com.android.calendar/com.letv.calendar.AccountChangeReceiver]
12-07 07:47:54.645 I/dvm_lock_sample( 1182): [system_server,1,Binder_3,48,ActivityManagerService.java,17677,BroadcastQueue.java,544,9]
12-07 07:47:54.647 I/wm_task_moved( 1182): [7,1,0]
12-07 07:47:54.648 I/am_new_intent( 1182): [0,264785924,7,com.android.launcher3/.Launcher,android.intent.action.MAIN,NULL,NULL,270532608]
12-07 07:47:54.736 I/am_proc_bound( 1182): [0,9437,com.android.calendar]
12-07 07:47:54.819 I/am_proc_start( 1182): [0,9574,10002,com.android.providers.calendar,content provider,com.android.providers.calendar/.CalendarProvider2]
12-07 07:47:54.938 I/am_proc_start( 1182): [0,9639,10036,com.android.deskclock,broadcast,com.android.deskclock/.AlarmInitReceiver]
12-07 07:47:54.939 I/am_kill ( 1182): [0,7025,com.letv.android.note,15,empty #9]
12-07 07:47:55.150 I/dvm_lock_sample( 1182): [system_server,1,Binder_8,239,ActivityManagerService.java,6838,BroadcastQueue.java,544,47]
12-07 07:47:55.151 I/am_proc_bound( 1182): [0,9574,com.android.providers.calendar]
12-07 07:47:55.159 I/am_kill ( 1182): [0,7065,com.letv.leui.schpwronoff,15,empty #9]
12-07 07:47:55.268 I/dvm_lock_sample( 1182): [system_server,1,Binder_6,346,ActivityManagerService.java,16385,BroadcastQueue.java,544,69]
12-07 07:47:55.271 I/am_proc_bound( 1182): [0,9639,com.android.deskclock]
12-07 07:47:55.275 I/am_proc_died( 1182): [0,7025,com.letv.android.note]
12-07 07:47:55.283 I/dvm_lock_sample( 1182): [system_server,0,android.bg,129,ActivityManagerService.java,2109,-,6838,25]
12-07 07:47:55.283 I/dvm_lock_sample( 1182): [system_server,0,Binder_2,37,ActivityManagerService.java,1217,-,6838,7]
12-07 07:47:55.283 I/am_proc_died( 1182): [0,7065,com.letv.leui.schpwronoff]
12-07 07:47:55.587 I/am_proc_start( 1182): [0,9848,10038,com.android.email,broadcast,com.android.email/com.android.mail.browse.NetWorkReceiver]
12-07 07:47:55.588 I/am_kill ( 1182): [0,7099,com.qualcomm.timeservice,15,empty #9]
12-07 07:47:55.700 I/dvm_lock_sample( 1182): [system_server,0,Binder_A,112,ActivityManagerService.java,15328,-,19838,22]
12-07 07:47:55.703 I/am_proc_bound( 1182): [0,9848,com.android.email]
12-07 07:47:55.714 I/am_proc_died( 1182): [0,7099,com.qualcomm.timeservice]
12-07 07:47:55.962 I/am_proc_start( 1182): [0,10038,10040,com.android.gallery3d,broadcast,com.android.gallery3d/.cloudservice.photowall.service.core.NetworkStateReceiver]
12-07 07:47:55.963 I/am_kill ( 1182): [0,5841,com.android.cellbroadcastreceiver,15,empty #9]
12-07 07:47:56.077 I/dvm_lock_sample( 1182): [system_server,1,Binder_5,122,ActivityManagerService.java,16418,BroadcastQueue.java,544,24]
12-07 07:47:56.117 I/am_proc_start( 1182): [0,10090,10039,com.android.exchange,service,com.android.exchange/.service.EasService]
12-07 07:47:56.121 I/am_proc_bound( 1182): [0,10038,com.android.gallery3d]
12-07 07:47:56.127 I/am_proc_died( 1182): [0,5841,com.android.cellbroadcastreceiver]
12-07 07:47:56.131 I/dvm_lock_sample( 1182): [system_server,0,Binder_4,53,ActivityManagerService.java,2660,-,2660,10]
12-07 07:47:56.180 I/am_proc_bound( 1182): [0,10090,com.android.exchange]
12-07 07:47:56.261 I/dvm_lock_sample( 9848): [com.android.email,0,AsyncTask #8,396,AccountReconciler.java,119,AssetManager.java,-2,79]
12-07 07:47:56.351 I/wm_task_moved( 1182): [22,1,0]
12-07 07:47:56.403 I/am_pause_activity( 1182): [0,872178599,com.android.launcher3/.Launcher]
12-07 07:47:56.407 I/am_task_to_front( 1182): [0,22]
12-07 07:47:56.407 I/am_new_intent( 1182): [0,375926273,22,com.android.browser/.MainActivity,android.intent.action.MAIN,NULL,NULL,274726912]
12-07 07:47:56.424 I/am_broadcast_discard_app( 1182): [0,856051304,android.net.conn.CONNECTIVITY_CHANGE,10,ResolveInfo{428a93d com.letv.lesophoneclient/com.letv.component.upgrade.core.receiver.NetChangeReceiver m=0x108000}]
12-07 07:47:56.430 I/am_kill ( 1182): [0,9091,com.sina.weibo,15,empty #9]
12-07 07:47:56.657 I/dvm_lock_sample( 1182): [system_server,0,Binder_6,233,ActivityManagerService.java,15328,BroadcastQueue.java,544,46]
12-07 07:47:56.663 I/dvm_lock_sample( 1182): [system_server,1,Binder_B,209,ActivityManagerService.java,10683,-,10529,41]
12-07 07:47:56.664 I/dvm_lock_sample( 1182): [system_server,1,Binder_2,199,ActivityManagerService.java,16611,-,10529,39]
12-07 07:47:56.667 I/am_proc_died( 1182): [0,9091,com.sina.weibo]
12-07 07:47:56.670 I/am_broadcast_discard_app( 1182): [0,856051304,android.net.conn.CONNECTIVITY_CHANGE,11,ResolveInfo{16d59c00 com.letv.lesophoneclient/com.soundink.lib.ConnectionChangeReceiver m=0x108000}]
12-07 07:47:56.675 I/am_broadcast_discard_app( 1182): [0,856051304,android.net.conn.CONNECTIVITY_CHANGE,12,ResolveInfo{2951127e com.letv.letvshop/com.umeng.message.SystemReceiver m=0x108000}]
12-07 07:47:56.675 I/am_broadcast_discard_app( 1182): [0,856051304,android.net.conn.CONNECTIVITY_CHANGE,13,ResolveInfo{3af8782c com.letv.letvshop/com.easy.android.framework.util.netstate.EANetworkStateReceiver m=0x108000}]
12-07 07:47:56.677 I/am_on_paused_called( 2844): [0,com.android.launcher3.Launcher]
12-07 07:47:56.687 I/am_resume_activity( 1182): [0,673630791,22,com.android.browser/.MainActivity]
12-07 07:47:56.738 I/dvm_lock_sample( 1182): [system_server,1,Binder_8,42,ActivityManagerService.java,16618,-,7052,8]
12-07 07:47:56.827 I/am_proc_start( 1182): [0,10365,10031,com.android.browser:service,service,com.android.browser/.service.BrowserService]
12-07 07:47:56.868 I/am_broadcast_discard_app( 1182): [0,856051304,android.net.conn.CONNECTIVITY_CHANGE,17,ResolveInfo{3e6d6efb com.letv.games/cn.jpush.android.service.PushReceiver m=0x108000}]
12-07 07:47:56.870 I/am_broadcast_discard_app( 1182): [0,856051304,android.net.conn.CONNECTIVITY_CHANGE,18,ResolveInfo{3d8aeb18 com.letv.games/com.leplay.gamecenter.activities.StatFragmentActivity$StatReceiver m=0x108000}]
12-07 07:47:56.892 I/am_kill ( 1182): [0,9113,com.letv.bugpostbox,15,empty #9]
12-07 07:47:57.110 I/dvm_lock_sample( 1182): [system_server,1,Binder_E,212,ActivityManagerService.java,16385,-,16649,42]
12-07 07:47:57.111 I/dvm_lock_sample( 1182): [system_server,1,Binder_F,204,ActivityManagerService.java,6838,-,16649,40]
12-07 07:47:57.111 I/am_proc_bound( 1182): [0,10365,com.android.browser:service]
12-07 07:47:57.113 I/dvm_lock_sample( 1182): [system_server,1,Binder_8,166,ActivityManagerService.java,7203,-,16649,33]
12-07 07:47:57.117 I/am_proc_died( 1182): [0,9113,com.letv.bugpostbox]
12-07 07:47:57.160 I/am_on_resume_called( 1346): [0,com.android.browser.MainActivity]
12-07 07:47:57.207 I/am_proc_start( 1182): [0,10494,10004,android.process.acore,broadcast,com.android.providers.contacts/.PackageIntentReceiver]
12-07 07:47:57.221 I/notification_cancel( 1182): [10025,2172,com.android.systemui,100,low_battery,0,0,64,8,NULL]
12-07 07:47:57.241 I/auditd  ( 2098): type=1400 audit(0.0:100): avc: denied { search } for comm="RenderThread" name="thermal" dev="sysfs" ino=19400 scontext=u:r:platform_app:s0 tcontext=u:object_r:sysfs_thermal:s0 tclass=dir permissive=0
12-07 07:47:57.303 I/am_proc_bound( 1182): [0,10494,android.process.acore]
12-07 07:47:57.668 I/am_proc_start( 1182): [0,10523,10098,com.letv.android.quicksearchbox,broadcast,com.letv.android.quicksearchbox/.CorporaUpdateReceiver]
12-07 07:47:57.669 I/am_kill ( 1182): [0,9639,com.android.deskclock,15,empty #9]
12-07 07:47:57.796 I/am_proc_died( 1182): [0,9639,com.android.deskclock]
12-07 07:47:57.798 I/am_proc_bound( 1182): [0,10523,com.letv.android.quicksearchbox]
12-07 07:47:57.800 I/sf_frame_dur(  401): [com.android.launcher3/com.android.launcher3.Launcher,198,8,4,1,4,2,1]
12-07 07:47:57.907 I/backup_data_changed( 1182): android
12-07 07:47:57.910 I/am_proc_start( 1182): [0,10605,10098,com.letv.android.quicksearchbox:install,service,com.letv.android.quicksearchbox/.update.SilenceInstallService]
12-07 07:47:57.961 I/backup_data_changed( 1182): android
12-07 07:47:58.012 I/am_proc_bound( 1182): [0,10605,com.letv.android.quicksearchbox:install]
12-07 07:47:58.303 I/am_proc_start( 1182): [0,10658,10104,com.sina.weibo,broadcast,com.sina.weibo/.SwitchStateReceiver]
12-07 07:47:58.304 I/am_kill ( 1182): [0,9574,com.android.providers.calendar,15,empty #9]
12-07 07:47:58.416 I/am_proc_bound( 1182): [0,10658,com.sina.weibo]
12-07 07:47:58.423 I/am_proc_died( 1182): [0,9574,com.android.providers.calendar]
12-07 07:47:58.431 I/auditd  ( 2098): type=1400 audit(0.0:101): avc: denied { search } for comm="RenderThread" name="thermal" dev="sysfs" ino=19400 scontext=u:r:platform_app:s0 tcontext=u:object_r:sysfs_thermal:s0 tclass=dir permissive=0
12-07 07:47:58.512 I/am_kill ( 1182): [0,9167,com.android.mms,15,empty #9]
12-07 07:47:58.723 I/dvm_lock_sample( 1182): [system_server,1,ActivityManager,210,ActivityManagerService.java,3745,-,16629,42]
12-07 07:47:58.744 I/am_proc_died( 1182): [0,9167,com.android.mms]
12-07 07:47:59.194 I/am_proc_start( 1182): [0,10862,10012,com.letv.android.ecoProvider,broadcast,com.letv.android.ecoProvider/.syncData.AccountChangeReceiver]
12-07 07:47:59.195 I/am_kill ( 1182): [0,9437,com.android.calendar,15,empty #9]
12-07 07:47:59.314 I/dvm_lock_sample( 1182): [system_server,1,Binder_6,122,ActivityManagerService.java,16862,BroadcastQueue.java,544,24]
12-07 07:47:59.314 I/dvm_lock_sample( 1182): [system_server,1,ActivityManager,118,ActivityManagerService.java,3745,-,19838,23]
12-07 07:47:59.315 I/am_proc_bound( 1182): [0,10862,com.letv.android.ecoProvider]
12-07 07:47:59.319 I/am_proc_died( 1182): [0,9437,com.android.calendar]
12-07 07:47:59.319 I/dvm_lock_sample(10658): [com.sina.weibo,0,HIGH_IO # default#5,131,SharePrefManager.java,331,Object.java,-2,26]
12-07 07:47:59.342 I/dvm_lock_sample(10658): [com.sina.weibo,0,HIGH_IO # default#4,132,SharePrefManager.java,331,Object.java,-2,26]
12-07 07:48:01.058 I/am_proc_start( 1182): [0,11266,10033,com.android.calendar,broadcast,com.android.calendar/com.letv.calendar.AccountChangeReceiver]
12-07 07:48:01.074 I/am_kill ( 1182): [0,10038,com.android.gallery3d,15,empty #9]
12-07 07:48:01.286 I/dvm_lock_sample( 1182): [system_server,0,Binder_9,169,ActivityManagerService.java,15766,-,16649,33]
12-07 07:48:01.286 I/dvm_lock_sample( 1182): [system_server,1,ActivityManager,212,ActivityManagerService.java,3745,-,16649,42]
12-07 07:48:01.286 I/dvm_lock_sample( 1182): [system_server,1,Binder_2,155,ActivityManagerService.java,12899,-,16649,31]
12-07 07:48:01.287 I/am_proc_bound( 1182): [0,11266,com.android.calendar]
12-07 07:48:01.293 I/dvm_lock_sample( 1182): [system_server,0,Binder_7,103,ActivityManagerService.java,1217,-,16649,20]
12-07 07:48:01.293 I/am_proc_died( 1182): [0,10038,com.android.gallery3d]
12-07 07:48:01.427 I/am_proc_start( 1182): [0,11362,10002,com.android.providers.calendar,content provider,com.android.providers.calendar/.CalendarProvider2]
12-07 07:48:01.477 I/am_proc_bound( 1182): [0,11362,com.android.providers.calendar]
12-07 07:48:01.659 I/am_kill ( 1182): [0,9137,android.process.media,15,empty #9]
12-07 07:48:01.873 I/dvm_lock_sample( 1182): [system_server,1,ActivityManager,213,ActivityManagerService.java,3745,BroadcastQueue.java,544,42]
12-07 07:48:01.877 I/dvm_lock_sample( 1182): [system_server,1,Binder_7,185,ActivityManagerService.java,17677,BroadcastQueue.java,544,37]
12-07 07:48:01.879 I/am_proc_died( 1182): [0,9137,android.process.media]
12-07 07:48:01.939 I/am_kill ( 1182): [0,10090,com.android.exchange,15,empty #9]
12-07 07:48:02.149 I/dvm_lock_sample( 1182): [system_server,1,ActivityManager,210,ActivityManagerService.java,3745,-,16649,42]
12-07 07:48:02.151 I/dvm_lock_sample( 1182): [system_server,0,Binder_E,49,ActivityManagerService.java,1217,-,16649,9]
12-07 07:48:02.151 I/am_proc_died( 1182): [0,10090,com.android.exchange]
12-07 07:48:06.691 I/auditd  ( 2098): type=1400 audit(0.0:102): avc: denied { search } for comm="RenderThread" name="thermal" dev="sysfs" ino=19400 scontext=u:r:platform_app:s0 tcontext=u:object_r:sysfs_thermal:s0 tclass=dir permissive=0
12-07 07:48:09.091 I/auditd  ( 2098): type=1400 audit(0.0:103): avc: denied { search } for comm="RenderThread" name="thermal" dev="sysfs" ino=19400 scontext=u:r:platform_app:s0 tcontext=u:object_r:sysfs_thermal:s0 tclass=dir permissive=0
12-07 07:48:10.531 I/auditd  ( 2098): type=1400 audit(0.0:104): avc: denied { search } for comm="RenderThread" name="thermal" dev="sysfs" ino=19400 scontext=u:r:platform_app:s0 tcontext=u:object_r:sysfs_thermal:s0 tclass=dir permissive=0
12-07 07:48:10.936 I/notification_cancel( 1182): [10025,2172,com.android.systemui,100,low_battery,0,0,64,8,NULL]
12-07 07:48:11.298 I/keyevent( 1182): kbq keyCode=67 down=true canceled=false
12-07 07:48:11.305 I/keyevent( 1182): kbd keyCode=67 down=true repeatCount=0 canceled=false
12-07 07:48:11.314 I/keyevent( 1182): kbq keyCode=67 down=false canceled=false
12-07 07:48:11.317 I/keyevent( 1182): kbd keyCode=67 down=false repeatCount=0 canceled=false
12-07 07:48:11.326 I/keyevent( 1182): kbq keyCode=36 down=true canceled=false
12-07 07:48:11.340 I/keyevent( 1182): kbd keyCode=36 down=true repeatCount=0 canceled=false
12-07 07:48:11.345 I/keyevent( 1182): kbq keyCode=36 down=false canceled=false
12-07 07:48:11.349 I/keyevent( 1182): kbd keyCode=36 down=false repeatCount=0 canceled=false
12-07 07:48:11.388 I/keyevent( 1182): kbq keyCode=48 down=true canceled=false
12-07 07:48:11.390 I/keyevent( 1182): kbd keyCode=48 down=true repeatCount=0 canceled=false
12-07 07:48:11.419 I/keyevent( 1182): kbq keyCode=48 down=false canceled=false
12-07 07:48:11.425 I/keyevent( 1182): kbd keyCode=48 down=false repeatCount=0 canceled=false
12-07 07:48:11.430 I/keyevent( 1182): kbq keyCode=48 down=true canceled=false
12-07 07:48:11.432 I/keyevent( 1182): kbd keyCode=48 down=true repeatCount=0 canceled=false
12-07 07:48:11.561 I/keyevent( 1182): kbq keyCode=48 down=false canceled=false
12-07 07:48:11.563 I/keyevent( 1182): kbd keyCode=48 down=false repeatCount=0 canceled=false
12-07 07:48:11.561 I/auditd  ( 2098): type=1400 audit(0.0:105): avc: denied { search } for comm="RenderThread" name="thermal" dev="sysfs" ino=19400 scontext=u:r:platform_app:s0 tcontext=u:object_r:sysfs_thermal:s0 tclass=dir permissive=0
12-07 07:48:11.571 I/keyevent( 1182): kbq keyCode=44 down=true canceled=false
12-07 07:48:11.573 I/keyevent( 1182): kbd keyCode=44 down=true repeatCount=0 canceled=false
12-07 07:48:11.612 I/keyevent( 1182): kbq keyCode=44 down=false canceled=false
12-07 07:48:11.618 I/keyevent( 1182): kbd keyCode=44 down=false repeatCount=0 canceled=false
12-07 07:48:11.641 I/sf_frame_dur(  401): [PopupWindow:29458cf,0,1,0,0,0,0,0]
12-07 07:48:11.650 I/keyevent( 1182): kbq keyCode=59 down=true canceled=false
12-07 07:48:11.656 I/keyevent( 1182): kbd keyCode=59 down=true repeatCount=0 canceled=false
12-07 07:48:11.664 I/keyevent( 1182): kbq keyCode=74 down=true canceled=false
12-07 07:48:11.667 I/keyevent( 1182): kbd keyCode=74 down=true repeatCount=0 canceled=false
12-07 07:48:11.671 I/keyevent( 1182): kbq keyCode=74 down=false canceled=false
12-07 07:48:11.672 I/keyevent( 1182): kbd keyCode=74 down=false repeatCount=0 canceled=false
12-07 07:48:11.675 I/keyevent( 1182): kbq keyCode=59 down=false canceled=false
12-07 07:48:11.677 I/keyevent( 1182): kbd keyCode=59 down=false repeatCount=0 canceled=false
12-07 07:48:11.680 I/keyevent( 1182): kbq keyCode=76 down=true canceled=false
12-07 07:48:11.683 I/keyevent( 1182): kbd keyCode=76 down=true repeatCount=0 canceled=false
12-07 07:48:11.688 I/keyevent( 1182): kbq keyCode=76 down=false canceled=false
12-07 07:48:11.689 I/keyevent( 1182): kbd keyCode=76 down=false repeatCount=0 canceled=false
12-07 07:48:11.708 I/keyevent( 1182): kbq keyCode=76 down=true canceled=false
12-07 07:48:11.709 I/keyevent( 1182): kbd keyCode=76 down=true repeatCount=0 canceled=false
12-07 07:48:11.728 I/keyevent( 1182): kbq keyCode=76 down=false canceled=false
12-07 07:48:11.731 I/keyevent( 1182): kbd keyCode=76 down=false repeatCount=0 canceled=false
12-07 07:48:11.734 I/keyevent( 1182): kbq keyCode=47 down=true canceled=false
12-07 07:48:11.735 I/keyevent( 1182): kbd keyCode=47 down=true repeatCount=0 canceled=false
12-07 07:48:11.742 I/keyevent( 1182): kbq keyCode=47 down=false canceled=false
12-07 07:48:11.745 I/keyevent( 1182): kbd keyCode=47 down=false repeatCount=0 canceled=false
12-07 07:48:11.751 I/keyevent( 1182): kbq keyCode=37 down=true canceled=false
12-07 07:48:11.754 I/keyevent( 1182): kbd keyCode=37 down=true repeatCount=0 canceled=false
12-07 07:48:11.759 I/keyevent( 1182): kbq keyCode=37 down=false canceled=false
12-07 07:48:11.762 I/keyevent( 1182): kbd keyCode=37 down=false repeatCount=0 canceled=false
12-07 07:48:11.765 I/keyevent( 1182): kbq keyCode=42 down=true canceled=false
12-07 07:48:11.767 I/keyevent( 1182): kbd keyCode=42 down=true repeatCount=0 canceled=false
12-07 07:48:11.836 I/keyevent( 1182): kbq keyCode=42 down=false canceled=false
12-07 07:48:11.845 I/keyevent( 1182): kbd keyCode=42 down=false repeatCount=0 canceled=false
12-07 07:48:11.849 I/keyevent( 1182): kbq keyCode=29 down=true canceled=false
12-07 07:48:11.854 I/keyevent( 1182): kbd keyCode=29 down=true repeatCount=0 canceled=false
12-07 07:48:11.862 I/keyevent( 1182): kbq keyCode=29 down=false canceled=false
12-07 07:48:11.864 I/keyevent( 1182): kbd keyCode=29 down=false repeatCount=0 canceled=false
12-07 07:48:11.870 I/keyevent( 1182): kbq keyCode=56 down=true canceled=false
12-07 07:48:11.872 I/keyevent( 1182): kbd keyCode=56 down=true repeatCount=0 canceled=false
12-07 07:48:11.881 I/keyevent( 1182): kbq keyCode=56 down=false canceled=false
12-07 07:48:11.884 I/keyevent( 1182): kbd keyCode=56 down=false repeatCount=0 canceled=false
12-07 07:48:11.915 I/keyevent( 1182): kbq keyCode=31 down=true canceled=false
12-07 07:48:11.917 I/keyevent( 1182): kbd keyCode=31 down=true repeatCount=0 canceled=false
12-07 07:48:11.922 I/keyevent( 1182): kbq keyCode=31 down=false canceled=false
12-07 07:48:11.926 I/keyevent( 1182): kbd keyCode=31 down=false repeatCount=0 canceled=false
12-07 07:48:11.934 I/keyevent( 1182): kbq keyCode=42 down=true canceled=false
12-07 07:48:11.936 I/keyevent( 1182): kbd keyCode=42 down=true repeatCount=0 canceled=false
12-07 07:48:11.942 I/keyevent( 1182): kbq keyCode=42 down=false canceled=false
12-07 07:48:11.949 I/keyevent( 1182): kbd keyCode=42 down=false repeatCount=0 canceled=false
12-07 07:48:11.977 I/keyevent( 1182): kbq keyCode=76 down=true canceled=false
12-07 07:48:11.985 I/keyevent( 1182): kbd keyCode=76 down=true repeatCount=0 canceled=false
12-07 07:48:11.991 I/keyevent( 1182): kbq keyCode=76 down=false canceled=false
12-07 07:48:11.995 I/keyevent( 1182): kbd keyCode=76 down=false repeatCount=0 canceled=false
12-07 07:48:13.000 I/keyevent( 1182): kbq keyCode=66 down=true canceled=false
12-07 07:48:13.005 I/keyevent( 1182): kbd keyCode=66 down=true repeatCount=0 canceled=false
12-07 07:48:13.089 I/keyevent( 1182): kbq keyCode=66 down=false canceled=false
12-07 07:48:13.093 I/keyevent( 1182): kbd keyCode=66 down=false repeatCount=0 canceled=false
12-07 07:48:13.131 I/auditd  ( 2098): type=1400 audit(0.0:106): avc: denied { search } for comm="RenderThread" name="thermal" dev="sysfs" ino=19400 scontext=u:r:platform_app:s0 tcontext=u:object_r:sysfs_thermal:s0 tclass=dir permissive=0
12-07 07:48:13.301 I/sf_frame_dur(  401): [PopupWindow:14a86ed9,2,5,6,0,0,0,0]
12-07 07:48:13.949 I/dvm_lock_sample( 1182): [system_server,0,Binder_7,17,ActivityManagerService.java,2660,-,2660,3]
12-07 07:48:14.141 I/auditd  ( 2098): type=1400 audit(0.0:107): avc: denied { search } for comm="RenderThread" name="thermal" dev="sysfs" ino=19400 scontext=u:r:platform_app:s0 tcontext=u:object_r:sysfs_thermal:s0 tclass=dir permissive=0
12-07 07:48:15.122 I/browser_page_loaded( 1346): http://sina.cn/|1968
12-07 07:48:15.141 I/auditd  ( 2098): type=1400 audit(0.0:108): avc: denied { search } for comm="RenderThread" name="thermal" dev="sysfs" ino=19400 scontext=u:r:platform_app:s0 tcontext=u:object_r:sysfs_thermal:s0 tclass=dir permissive=0
12-07 07:48:16.701 I/auditd  ( 2098): type=1400 audit(0.0:109): avc: denied { search } for comm="RenderThread" name="thermal" dev="sysfs" ino=19400 scontext=u:r:platform_app:s0 tcontext=u:object_r:sysfs_thermal:s0 tclass=dir permissive=0
12-07 07:48:17.741 I/auditd  ( 2098): type=1400 audit(0.0:110): avc: denied { search } for comm="RenderThread" name="thermal" dev="sysfs" ino=19400 scontext=u:r:platform_app:s0 tcontext=u:object_r:sysfs_thermal:s0 tclass=dir permissive=0
12-07 07:48:19.731 I/auditd  ( 2098): type=1400 audit(0.0:111): avc: denied { search } for comm="RenderThread" name="thermal" dev="sysfs" ino=19400 scontext=u:r:platform_app:s0 tcontext=u:object_r:sysfs_thermal:s0 tclass=dir permissive=0
12-07 07:48:21.239 I/notification_cancel( 1182): [10025,2172,com.android.systemui,100,low_battery,0,0,64,8,NULL]
12-07 07:48:22.751 I/auditd  ( 2098): type=1400 audit(0.0:112): avc: denied { search } for comm="RenderThread" name="thermal" dev="sysfs" ino=19400 scontext=u:r:platform_app:s0 tcontext=u:object_r:sysfs_thermal:s0 tclass=dir permissive=0
12-07 07:48:23.243 I/data_network_registration_fail( 2774): [46000,22814]
12-07 07:48:24.712 I/keyevent( 1182): kbq keyCode=4 down=true canceled=false
12-07 07:48:24.716 I/keyevent( 1182): kbd keyCode=4 down=true repeatCount=0 canceled=false
12-07 07:48:24.719 I/keyevent( 1182): kbq keyCode=4 down=false canceled=false
12-07 07:48:24.721 I/keyevent( 1182): kbd keyCode=4 down=false repeatCount=0 canceled=false
12-07 07:48:24.801 I/auditd  ( 2098): type=1400 audit(0.0:113): avc: denied { search } for comm="RenderThread" name="thermal" dev="sysfs" ino=19400 scontext=u:r:platform_app:s0 tcontext=u:object_r:sysfs_thermal:s0 tclass=dir permissive=0
12-07 07:48:25.941 I/auditd  ( 2098): type=1400 audit(0.0:114): avc: denied { search } for comm="RenderThread" name="thermal" dev="sysfs" ino=19400 scontext=u:r:platform_app:s0 tcontext=u:object_r:sysfs_thermal:s0 tclass=dir permissive=0
12-07 07:48:26.284 I/keyevent( 1182): kbq keyCode=4 down=true canceled=false
12-07 07:48:26.287 I/keyevent( 1182): kbd keyCode=4 down=true repeatCount=0 canceled=false
12-07 07:48:26.296 I/keyevent( 1182): kbq keyCode=4 down=false canceled=false
12-07 07:48:26.302 I/keyevent( 1182): kbd keyCode=4 down=false repeatCount=0 canceled=false
12-07 07:48:26.304 I/wm_task_moved( 1182): [22,0,0]
12-07 07:48:26.307 I/wm_task_moved( 1182): [7,1,0]
12-07 07:48:26.337 I/am_pause_activity( 1182): [0,673630791,com.android.browser/.MainActivity]
12-07 07:48:26.348 I/am_on_paused_called( 1346): [0,com.android.browser.MainActivity]
12-07 07:48:26.378 I/am_resume_activity( 1182): [0,872178599,7,com.android.launcher3/.Launcher]
12-07 07:48:26.410 I/am_on_resume_called( 2844): [0,com.android.launcher3.Launcher]
12-07 07:48:27.009 I/sf_frame_dur(  401): [com.android.browser/com.android.browser.MainActivity,176,18,16,6,6,6,6]
12-07 07:48:27.010 I/dvm_lock_sample( 1182): [system_server,1,Binder_C,8,ActivityManagerService.java,16618,ActivityStackSupervisor.java,3606,1]
12-07 07:48:27.013 I/am_kill ( 1182): [0,9848,com.android.email,15,empty #9]
12-07 07:48:27.224 I/dvm_lock_sample( 1182): [system_server,0,android.bg,210,ActivityManagerService.java,2172,-,16649,42]
12-07 07:48:27.224 I/dvm_lock_sample( 1182): [system_server,0,Binder_2,151,ActivityManagerService.java,15766,-,16649,30]
12-07 07:48:27.225 I/dvm_lock_sample( 1182): [system_server,1,android.display,206,ActivityManagerService.java,2831,-,16649,41]
12-07 07:48:27.229 I/am_proc_died( 1182): [0,9848,com.android.email]
12-07 07:48:27.351 I/keyevent( 1182): kbq keyCode=4 down=true canceled=false
12-07 07:48:27.360 I/keyevent( 1182): kbd keyCode=4 down=true repeatCount=0 canceled=false
12-07 07:48:27.362 I/keyevent( 1182): kbq keyCode=4 down=false canceled=false
12-07 07:48:27.364 I/keyevent( 1182): kbd keyCode=4 down=false repeatCount=0 canceled=false
12-07 07:48:28.652 I/keyevent( 1182): kbq keyCode=4 down=true canceled=false
12-07 07:48:28.661 I/keyevent( 1182): kbd keyCode=4 down=true repeatCount=0 canceled=false
12-07 07:48:28.663 I/keyevent( 1182): kbq keyCode=4 down=false canceled=false
12-07 07:48:28.665 I/keyevent( 1182): kbd keyCode=4 down=false repeatCount=0 canceled=false
12-07 07:48:29.949 I/keyevent( 1182): kbq keyCode=4 down=true canceled=false
12-07 07:48:29.957 I/keyevent( 1182): kbd keyCode=4 down=true repeatCount=0 canceled=false
12-07 07:48:29.963 I/keyevent( 1182): kbq keyCode=4 down=false canceled=false
12-07 07:48:29.968 I/keyevent( 1182): kbd keyCode=4 down=false repeatCount=0 canceled=false
12-07 07:48:30.058 I/notification_cancel( 1182): [10025,2172,com.android.systemui,100,low_battery,0,0,64,8,NULL]
12-07 07:48:31.255 I/keyevent( 1182): kbq keyCode=4 down=true canceled=false
12-07 07:48:31.266 I/keyevent( 1182): kbd keyCode=4 down=true repeatCount=0 canceled=false
12-07 07:48:31.270 I/keyevent( 1182): kbq keyCode=4 down=false canceled=false
12-07 07:48:31.273 I/keyevent( 1182): kbd keyCode=4 down=false repeatCount=0 canceled=false
12-07 07:48:32.632 I/keyevent( 1182): kbq keyCode=4 down=true canceled=false
12-07 07:48:32.646 I/keyevent( 1182): kbd keyCode=4 down=true repeatCount=0 canceled=false
12-07 07:48:32.649 I/keyevent( 1182): kbq keyCode=4 down=false canceled=false
12-07 07:48:32.652 I/keyevent( 1182): kbd keyCode=4 down=false repeatCount=0 canceled=false
12-07 07:48:33.400 I/am_proc_start( 1182): [0,16872,10010,com.letv.android.bugreporter,broadcast,com.letv.android.bugreporter/com.letv.bugservices.bbs.MyReceiver]
12-07 07:48:33.428 I/am_proc_bound( 1182): [0,16872,com.letv.android.bugreporter]
12-07 07:48:33.515 I/am_proc_start( 1182): [0,16895,10001,com.letv.bugpostbox,service,com.letv.bugpostbox/.ExceptionSendService]
12-07 07:48:33.521 I/am_kill ( 1182): [0,10523,com.letv.android.quicksearchbox,15,empty #9]
12-07 07:48:33.733 I/am_proc_bound( 1182): [0,16895,com.letv.bugpostbox]
12-07 07:48:33.737 I/am_proc_died( 1182): [0,10523,com.letv.android.quicksearchbox]
12-07 07:48:33.750 I/am_broadcast_discard_app( 1182): [0,679078932,com.stv.stvpush.ACTION_CONNECTED_PUSH,2,ResolveInfo{2d42b498 com.letv.android.account/.push.LetvAccountStateReceiver m=0x108000}]
12-07 07:48:33.798 I/am_proc_start( 1182): [0,16928,10051,com.letv.android.cloudservice,broadcast,com.letv.android.cloudservice/.account.PushManagerStatusReceiver]
12-07 07:48:33.801 I/dvm_lock_sample( 1182): [system_server,1,Binder_D,32,ActivityManagerService.java,16611,BroadcastQueue.java,544,6]
12-07 07:48:33.839 I/am_proc_bound( 1182): [0,16928,com.letv.android.cloudservice]
12-07 07:48:33.917 I/am_proc_start( 1182): [0,16955,10068,com.letv.android.client,broadcast,com.letv.android.client/com.letv.android.letvpushlib.receiver.PushStartedReceiver]
12-07 07:48:33.919 I/am_kill ( 1182): [0,10605,com.letv.android.quicksearchbox:install,15,empty #9]
12-07 07:48:33.934 I/keyevent( 1182): kbq keyCode=4 down=true canceled=false
12-07 07:48:33.937 I/keyevent( 1182): kbd keyCode=4 down=true repeatCount=0 canceled=false
12-07 07:48:33.939 I/keyevent( 1182): kbq keyCode=4 down=false canceled=false
12-07 07:48:33.941 I/keyevent( 1182): kbd keyCode=4 down=false repeatCount=0 canceled=false
12-07 07:48:34.130 I/dvm_lock_sample( 1182): [system_server,1,Binder_4,211,ActivityManagerService.java,16385,-,19838,42]
12-07 07:48:34.133 I/dvm_lock_sample( 1182): [system_server,1,Binder_10,158,ActivityManagerService.java,6838,-,19838,31]
12-07 07:48:34.133 I/am_proc_bound( 1182): [0,16955,com.letv.android.client]
12-07 07:48:34.139 I/dvm_lock_sample( 1182): [system_server,0,Binder_D,125,ActivityManagerService.java,15328,-,19838,25]
12-07 07:48:34.139 I/dvm_lock_sample( 1182): [system_server,0,Binder_1,94,ActivityManagerService.java,15328,-,19838,18]
12-07 07:48:34.139 I/am_proc_died( 1182): [0,10605,com.letv.android.quicksearchbox:install]
12-07 07:48:34.143 I/dvm_lock_sample( 1182): [system_server,0,Binder_8,79,ActivityManagerService.java,15328,-,19838,15]
12-07 07:48:34.150 I/dvm_lock_sample( 1182): [system_server,0,Binder_6,63,ActivityManagerService.java,15328,-,19838,12]
12-07 07:48:34.268 I/am_broadcast_discard_app( 1182): [0,679078932,com.stv.stvpush.ACTION_CONNECTED_PUSH,5,ResolveInfo{f95d5dc com.letv.bbs/.push.MyReceiver m=0x108000}]
12-07 07:48:34.269 I/am_kill ( 1182): [0,10658,com.sina.weibo,15,empty #9]
12-07 07:48:34.340 I/notification_cancel( 1182): [10001,16895,com.letv.bugpostbox,1000,logOpenNotification,0,0,64,8,NULL]
12-07 07:48:34.380 I/dvm_lock_sample( 1182): [system_server,0,Binder_7,62,ActivityManagerService.java,15328,-,19838,12]
12-07 07:48:34.382 I/am_proc_died( 1182): [0,10658,com.sina.weibo]
12-07 07:48:35.220 I/keyevent( 1182): kbq keyCode=3 down=true canceled=false
12-07 07:48:35.223 I/keyevent( 1182): kbd keyCode=3 down=true repeatCount=0 canceled=false
12-07 07:48:35.225 I/keyevent( 1182): kbq keyCode=3 down=false canceled=false
12-07 07:48:35.227 I/keyevent( 1182): kbd keyCode=3 down=false repeatCount=0 canceled=false
12-07 07:48:35.235 I/wm_task_moved( 1182): [7,1,0]
12-07 07:48:35.235 I/am_new_intent( 1182): [0,236799717,7,com.android.launcher3/.Launcher,android.intent.action.MAIN,NULL,NULL,270532608]
12-07 07:48:35.288 I/am_proc_start( 1182): [0,17675,10104,com.sina.weibo,broadcast,com.sina.weibo/.SwitchStateReceiver]
12-07 07:48:35.320 I/am_proc_bound( 1182): [0,17675,com.sina.weibo]
12-07 07:48:35.323 I/am_kill ( 1182): [0,10494,android.process.acore,15,empty #9]
12-07 07:48:35.538 I/dvm_lock_sample( 1182): [system_server,1,ActivityManager,214,ActivityManagerService.java,3745,-,6838,42]
12-07 07:48:35.539 I/dvm_lock_sample( 1182): [system_server,0,Binder_10,158,ActivityManagerService.java,15328,-,6838,31]
12-07 07:48:35.562 I/am_proc_died( 1182): [0,10494,android.process.acore]
12-07 07:48:36.121 I/am_kill ( 1182): [0,11362,com.android.providers.calendar,15,empty #9]
12-07 07:48:36.237 I/am_proc_died( 1182): [0,11362,com.android.providers.calendar]
12-07 07:48:36.893 I/am_create_task( 1182): [0,28]
12-07 07:48:36.893 I/am_create_activity( 1182): [0,350843452,28,com.android.settings/.Settings,android.intent.action.MAIN,NULL,NULL,270532608]
12-07 07:48:36.893 I/wm_task_created( 1182): [28,1]
12-07 07:48:36.893 I/wm_task_moved( 1182): [28,1,1]
12-07 07:48:36.934 I/am_pause_activity( 1182): [0,872178599,com.android.launcher3/.Launcher]
12-07 07:48:36.966 I/am_on_paused_called( 2844): [0,com.android.launcher3.Launcher]
12-07 07:48:36.973 I/am_restart_activity( 1182): [0,350843452,28,com.android.settings/.Settings]
12-07 07:48:37.062 I/am_proc_start( 1182): [0,18213,10003,com.android.cellbroadcastreceiver,content provider,com.android.cellbroadcastreceiver/.CellBroadcastSearchIndexableProvider]
12-07 07:48:37.120 I/am_proc_bound( 1182): [0,18213,com.android.cellbroadcastreceiver]
12-07 07:48:37.283 I/am_on_resume_called( 3805): [0,com.android.settings.Settings]
12-07 07:48:37.296 I/sf_frame_dur(  401): [com.android.launcher3/com.android.launcher3.Launcher,398,4,7,3,6,1,0]
12-07 07:48:37.300 I/am_kill ( 1182): [0,10862,com.letv.android.ecoProvider,15,empty #9]
12-07 07:48:37.511 I/dvm_lock_sample( 1182): [system_server,0,Binder_A,201,ActivityManagerService.java,15766,-,10529,40]
12-07 07:48:37.512 I/am_proc_died( 1182): [0,10862,com.letv.android.ecoProvider]
12-07 07:48:37.861 I/am_activity_launch_time( 1182): [0,350843452,com.android.settings/.Settings,891,891]
12-07 07:48:40.397 I/notification_cancel( 1182): [10025,2172,com.android.systemui,100,low_battery,0,0,64,8,NULL]
12-07 07:48:42.934 I/wm_task_moved( 1182): [28,1,1]
12-07 07:48:42.934 I/am_create_activity( 1182): [0,956679374,28,com.android.phone/.MobileNetworkSettings,android.intent.action.MAIN,NULL,NULL,0]
12-07 07:48:42.936 I/am_pause_activity( 1182): [0,350843452,com.android.settings/.Settings]
12-07 07:48:42.976 I/am_on_paused_called( 3805): [0,com.android.settings.Settings]
12-07 07:48:42.977 I/am_restart_activity( 1182): [0,956679374,28,com.android.phone/.MobileNetworkSettings]
12-07 07:48:43.117 I/am_on_resume_called( 2774): [0,com.android.phone.MobileNetworkSettings]
12-07 07:48:43.369 I/am_activity_launch_time( 1182): [0,956679374,com.android.phone/.MobileNetworkSettings,393,393]
12-07 07:48:43.703 I/sf_frame_dur(  401): [com.android.settings/com.android.settings.Settings,30,2,4,3,3,1,1]
12-07 07:48:45.541 I/dvm_lock_sample(18992): [uiautomator,0,UiAutomatorHandlerThread,135,QueryController.java,61,-,149,27]
12-07 07:48:49.306 I/sf_frame_dur(  401): [com.android.phone/com.android.phone.MobileNetworkSettings,17,0,1,0,1,1,0]
12-07 07:49:08.974 I/keyevent( 1182): kbq keyCode=4 down=true canceled=false
12-07 07:49:08.978 I/keyevent( 1182): kbd keyCode=4 down=true repeatCount=0 canceled=false
12-07 07:49:08.981 I/keyevent( 1182): kbq keyCode=4 down=false canceled=false
12-07 07:49:08.985 I/keyevent( 1182): kbd keyCode=4 down=false repeatCount=0 canceled=false
12-07 07:49:08.987 I/am_finish_activity( 1182): [0,956679374,28,com.android.phone/.MobileNetworkSettings,app-request]
12-07 07:49:08.988 I/am_pause_activity( 1182): [0,956679374,com.android.phone/.MobileNetworkSettings]
12-07 07:49:08.991 I/am_on_paused_called( 2774): [0,com.android.phone.MobileNetworkSettings]
12-07 07:49:08.997 I/am_resume_activity( 1182): [0,350843452,28,com.android.settings/.Settings]
12-07 07:49:09.065 I/am_on_resume_called( 3805): [0,com.android.settings.Settings]
12-07 07:49:09.639 I/am_destroy_activity( 1182): [0,956679374,28,com.android.phone/.MobileNetworkSettings,finish-imm]
12-07 07:49:09.667 I/sf_frame_dur(  401): [com.android.phone/com.android.phone.MobileNetworkSettings,19,1,3,0,1,3,2]
12-07 07:49:09.817 I/notification_cancel( 1182): [10025,2172,com.android.systemui,100,low_battery,0,0,64,8,NULL]
12-07 07:49:09.992 I/keyevent( 1182): kbq keyCode=4 down=true canceled=false
12-07 07:49:10.000 I/keyevent( 1182): kbd keyCode=4 down=true repeatCount=0 canceled=false
12-07 07:49:10.005 I/keyevent( 1182): kbq keyCode=4 down=false canceled=false
12-07 07:49:10.008 I/keyevent( 1182): kbd keyCode=4 down=false repeatCount=0 canceled=false
12-07 07:49:10.011 I/am_finish_activity( 1182): [0,350843452,28,com.android.settings/.Settings,app-request]
12-07 07:49:10.013 I/wm_task_moved( 1182): [7,1,0]
12-07 07:49:10.054 I/am_pause_activity( 1182): [0,350843452,com.android.settings/.Settings]
12-07 07:49:10.076 I/am_on_paused_called( 3805): [0,com.android.settings.Settings]
12-07 07:49:10.084 I/am_resume_activity( 1182): [0,872178599,7,com.android.launcher3/.Launcher]
12-07 07:49:10.119 I/am_on_resume_called( 2844): [0,com.android.launcher3.Launcher]
12-07 07:49:10.606 I/am_destroy_activity( 1182): [0,350843452,28,com.android.settings/.Settings,finish-imm]
12-07 07:49:10.620 I/sf_frame_dur(  401): [com.android.settings/com.android.settings.Settings,0,0,0,0,2,0,0]
12-07 07:49:10.735 I/wm_task_removed( 1182): [28,removeAppToken: last token]
12-07 07:49:10.735 I/wm_task_removed( 1182): [28,removeTask]
12-07 07:49:11.128 I/keyevent( 1182): kbq keyCode=4 down=true canceled=false
12-07 07:49:11.145 I/keyevent( 1182): kbd keyCode=4 down=true repeatCount=0 canceled=false
12-07 07:49:11.147 I/keyevent( 1182): kbq keyCode=4 down=false canceled=false
12-07 07:49:11.149 I/keyevent( 1182): kbd keyCode=4 down=false repeatCount=0 canceled=false
12-07 07:49:12.430 I/keyevent( 1182): kbq keyCode=4 down=true canceled=false
12-07 07:49:12.438 I/keyevent( 1182): kbd keyCode=4 down=true repeatCount=0 canceled=false
12-07 07:49:12.443 I/keyevent( 1182): kbq keyCode=4 down=false canceled=false
12-07 07:49:12.449 I/keyevent( 1182): kbd keyCode=4 down=false repeatCount=0 canceled=false
12-07 07:49:13.729 I/keyevent( 1182): kbq keyCode=4 down=true canceled=false
12-07 07:49:13.749 I/keyevent( 1182): kbd keyCode=4 down=true repeatCount=0 canceled=false
12-07 07:49:13.759 I/keyevent( 1182): kbq keyCode=4 down=false canceled=false
12-07 07:49:13.762 I/keyevent( 1182): kbd keyCode=4 down=false repeatCount=0 canceled=false
12-07 07:49:26.390 I/keyevent( 1182): kbq keyCode=4 down=true canceled=false
12-07 07:49:26.393 I/keyevent( 1182): kbd keyCode=4 down=true repeatCount=0 canceled=false
12-07 07:49:26.399 I/keyevent( 1182): kbq keyCode=4 down=false canceled=false
12-07 07:49:26.410 I/keyevent( 1182): kbd keyCode=4 down=false repeatCount=0 canceled=false
12-07 07:49:27.693 I/keyevent( 1182): kbq keyCode=4 down=true canceled=false
12-07 07:49:27.696 I/keyevent( 1182): kbd keyCode=4 down=true repeatCount=0 canceled=false
12-07 07:49:27.699 I/keyevent( 1182): kbq keyCode=4 down=false canceled=false
12-07 07:49:27.700 I/keyevent( 1182): kbd keyCode=4 down=false repeatCount=0 canceled=false
12-07 07:49:28.978 I/keyevent( 1182): kbq keyCode=4 down=true canceled=false
12-07 07:49:28.984 I/keyevent( 1182): kbd keyCode=4 down=true repeatCount=0 canceled=false
12-07 07:49:28.986 I/keyevent( 1182): kbq keyCode=4 down=false canceled=false
12-07 07:49:28.989 I/keyevent( 1182): kbd keyCode=4 down=false repeatCount=0 canceled=false
12-07 07:49:30.281 I/keyevent( 1182): kbq keyCode=4 down=true canceled=false
12-07 07:49:30.288 I/keyevent( 1182): kbd keyCode=4 down=true repeatCount=0 canceled=false
12-07 07:49:30.293 I/keyevent( 1182): kbq keyCode=4 down=false canceled=false
12-07 07:49:30.298 I/keyevent( 1182): kbd keyCode=4 down=false repeatCount=0 canceled=false
12-07 07:49:31.583 I/keyevent( 1182): kbq keyCode=4 down=true canceled=false
12-07 07:49:31.591 I/keyevent( 1182): kbd keyCode=4 down=true repeatCount=0 canceled=false
12-07 07:49:31.598 I/keyevent( 1182): kbq keyCode=4 down=false canceled=false
12-07 07:49:31.603 I/keyevent( 1182): kbd keyCode=4 down=false repeatCount=0 canceled=false
12-07 07:49:32.895 I/keyevent( 1182): kbq keyCode=3 down=true canceled=false
12-07 07:49:32.918 I/keyevent( 1182): kbd keyCode=3 down=true repeatCount=0 canceled=false
12-07 07:49:32.919 I/keyevent( 1182): kbq keyCode=3 down=false canceled=false
12-07 07:49:32.922 I/keyevent( 1182): kbd keyCode=3 down=false repeatCount=0 canceled=false
12-07 07:49:32.940 I/wm_task_moved( 1182): [7,1,0]
12-07 07:49:32.940 I/am_new_intent( 1182): [0,154337602,7,com.android.launcher3/.Launcher,android.intent.action.MAIN,NULL,NULL,270532608]
12-07 07:49:34.233 I/keyevent( 1182): kbq keyCode=4 down=true canceled=false
12-07 07:49:34.237 I/keyevent( 1182): kbd keyCode=4 down=true repeatCount=0 canceled=false
12-07 07:49:34.239 I/keyevent( 1182): kbq keyCode=4 down=false canceled=false
12-07 07:49:34.240 I/keyevent( 1182): kbd keyCode=4 down=false repeatCount=0 canceled=false
12-07 07:49:35.530 I/keyevent( 1182): kbq keyCode=4 down=true canceled=false
12-07 07:49:35.533 I/keyevent( 1182): kbd keyCode=4 down=true repeatCount=0 canceled=false
12-07 07:49:35.536 I/keyevent( 1182): kbq keyCode=4 down=false canceled=false
12-07 07:49:35.538 I/keyevent( 1182): kbd keyCode=4 down=false repeatCount=0 canceled=false
12-07 07:49:36.813 I/keyevent( 1182): kbq keyCode=3 down=true canceled=false
12-07 07:49:36.820 I/keyevent( 1182): kbd keyCode=3 down=true repeatCount=0 canceled=false
12-07 07:49:36.825 I/keyevent( 1182): kbq keyCode=3 down=false canceled=false
12-07 07:49:36.831 I/keyevent( 1182): kbd keyCode=3 down=false repeatCount=0 canceled=false
12-07 07:49:36.849 I/wm_task_moved( 1182): [7,1,0]
12-07 07:49:36.849 I/am_new_intent( 1182): [0,407719568,7,com.android.launcher3/.Launcher,android.intent.action.MAIN,NULL,NULL,270532608]
12-07 07:49:38.493 I/am_create_task( 1182): [0,29]
12-07 07:49:38.493 I/am_create_activity( 1182): [0,603189134,29,com.android.settings/.Settings,android.intent.action.MAIN,NULL,NULL,270532608]
12-07 07:49:38.494 I/wm_task_created( 1182): [29,1]
12-07 07:49:38.494 I/wm_task_moved( 1182): [29,1,1]
12-07 07:49:38.523 I/am_pause_activity( 1182): [0,872178599,com.android.launcher3/.Launcher]
12-07 07:49:38.552 I/am_on_paused_called( 2844): [0,com.android.launcher3.Launcher]
12-07 07:49:38.558 I/am_restart_activity( 1182): [0,603189134,29,com.android.settings/.Settings]
12-07 07:49:38.756 I/am_on_resume_called( 3805): [0,com.android.settings.Settings]
12-07 07:49:38.892 I/sf_frame_dur(  401): [com.android.launcher3/com.android.launcher3.Launcher,681,6,10,7,9,2,3]
12-07 07:49:39.041 I/am_activity_launch_time( 1182): [0,603189134,com.android.settings/.Settings,488,488]
12-07 07:49:40.729 I/notification_cancel( 1182): [10025,2172,com.android.systemui,100,low_battery,0,0,64,8,NULL]
12-07 07:49:44.079 I/wm_task_moved( 1182): [29,1,1]
12-07 07:49:44.079 I/am_create_activity( 1182): [0,112986960,29,com.android.phone/.MobileNetworkSettings,android.intent.action.MAIN,NULL,NULL,0]
12-07 07:49:44.079 I/am_pause_activity( 1182): [0,603189134,com.android.settings/.Settings]
12-07 07:49:44.125 I/am_on_paused_called( 3805): [0,com.android.settings.Settings]
12-07 07:49:44.128 I/am_restart_activity( 1182): [0,112986960,29,com.android.phone/.MobileNetworkSettings]
12-07 07:49:44.328 I/am_on_resume_called( 2774): [0,com.android.phone.MobileNetworkSettings]
12-07 07:49:44.639 I/am_activity_launch_time( 1182): [0,112986960,com.android.phone/.MobileNetworkSettings,513,513]
12-07 07:49:44.972 I/sf_frame_dur(  401): [com.android.settings/com.android.settings.Settings,30,2,2,2,1,2,1]
12-07 07:49:49.264 I/keyevent( 1182): kbq keyCode=4 down=true canceled=false
12-07 07:49:49.271 I/keyevent( 1182): kbd keyCode=4 down=true repeatCount=0 canceled=false
12-07 07:49:49.277 I/keyevent( 1182): kbq keyCode=4 down=false canceled=false
12-07 07:49:49.281 I/keyevent( 1182): kbd keyCode=4 down=false repeatCount=0 canceled=false
12-07 07:49:49.284 I/am_finish_activity( 1182): [0,112986960,29,com.android.phone/.MobileNetworkSettings,app-request]
12-07 07:49:49.285 I/am_pause_activity( 1182): [0,112986960,com.android.phone/.MobileNetworkSettings]
12-07 07:49:49.289 I/am_on_paused_called( 2774): [0,com.android.phone.MobileNetworkSettings]
12-07 07:49:49.298 I/am_resume_activity( 1182): [0,603189134,29,com.android.settings/.Settings]
12-07 07:49:49.381 I/am_on_resume_called( 3805): [0,com.android.settings.Settings]
12-07 07:49:49.972 I/am_destroy_activity( 1182): [0,112986960,29,com.android.phone/.MobileNetworkSettings,finish-imm]
12-07 07:49:50.000 I/sf_frame_dur(  401): [com.android.phone/com.android.phone.MobileNetworkSettings,15,1,2,0,1,2,1]
12-07 07:49:50.291 I/keyevent( 1182): kbq keyCode=4 down=true canceled=false
12-07 07:49:50.296 I/keyevent( 1182): kbd keyCode=4 down=true repeatCount=0 canceled=false
12-07 07:49:50.299 I/keyevent( 1182): kbq keyCode=4 down=false canceled=false
12-07 07:49:50.300 I/keyevent( 1182): kbd keyCode=4 down=false repeatCount=0 canceled=false
12-07 07:49:50.303 I/am_finish_activity( 1182): [0,603189134,29,com.android.settings/.Settings,app-request]
12-07 07:49:50.304 I/wm_task_moved( 1182): [7,1,0]
12-07 07:49:50.337 I/am_pause_activity( 1182): [0,603189134,com.android.settings/.Settings]
12-07 07:49:50.353 I/am_on_paused_called( 3805): [0,com.android.settings.Settings]
12-07 07:49:50.370 I/am_resume_activity( 1182): [0,872178599,7,com.android.launcher3/.Launcher]
12-07 07:49:50.380 I/am_on_resume_called( 2844): [0,com.android.launcher3.Launcher]
12-07 07:49:50.876 I/am_destroy_activity( 1182): [0,603189134,29,com.android.settings/.Settings,finish-imm]
12-07 07:49:50.889 I/sf_frame_dur(  401): [com.android.settings/com.android.settings.Settings,0,0,0,1,1,0,0]
12-07 07:49:51.012 I/wm_task_removed( 1182): [29,removeAppToken: last token]
12-07 07:49:51.013 I/wm_task_removed( 1182): [29,removeTask]
12-07 07:49:51.397 I/keyevent( 1182): kbq keyCode=3 down=true canceled=false
12-07 07:49:51.408 I/keyevent( 1182): kbd keyCode=3 down=true repeatCount=0 canceled=false
12-07 07:49:51.410 I/keyevent( 1182): kbq keyCode=3 down=false canceled=false
12-07 07:49:51.416 I/keyevent( 1182): kbd keyCode=3 down=false repeatCount=0 canceled=false
12-07 07:49:51.428 I/wm_task_moved( 1182): [7,1,0]
12-07 07:49:51.428 I/am_new_intent( 1182): [0,243997923,7,com.android.launcher3/.Launcher,android.intent.action.MAIN,NULL,NULL,270532608]
12-07 07:49:53.119 I/am_create_task( 1182): [0,30]
12-07 07:49:53.119 I/am_create_activity( 1182): [0,862799966,30,com.android.settings/.Settings,android.intent.action.MAIN,NULL,NULL,270532608]
12-07 07:49:53.121 I/wm_task_created( 1182): [30,1]
12-07 07:49:53.121 I/wm_task_moved( 1182): [30,1,1]
12-07 07:49:53.155 I/am_pause_activity( 1182): [0,872178599,com.android.launcher3/.Launcher]
12-07 07:49:53.168 I/am_on_paused_called( 2844): [0,com.android.launcher3.Launcher]
12-07 07:49:53.187 I/am_restart_activity( 1182): [0,862799966,30,com.android.settings/.Settings]
12-07 07:49:53.300 I/am_on_resume_called( 3805): [0,com.android.settings.Settings]
12-07 07:49:53.553 I/sf_frame_dur(  401): [com.android.launcher3/com.android.launcher3.Launcher,60,0,2,1,1,2,0]
12-07 07:49:53.621 I/am_activity_launch_time( 1182): [0,862799966,com.android.settings/.Settings,436,436]
12-07 07:49:58.699 I/wm_task_moved( 1182): [30,1,1]
12-07 07:49:58.699 I/am_create_activity( 1182): [0,373437344,30,com.android.phone/.MobileNetworkSettings,android.intent.action.MAIN,NULL,NULL,0]
12-07 07:49:58.700 I/am_pause_activity( 1182): [0,862799966,com.android.settings/.Settings]
12-07 07:49:58.732 I/am_on_paused_called( 3805): [0,com.android.settings.Settings]
12-07 07:49:58.735 I/am_restart_activity( 1182): [0,373437344,30,com.android.phone/.MobileNetworkSettings]
12-07 07:49:58.874 I/am_on_resume_called( 2774): [0,com.android.phone.MobileNetworkSettings]
12-07 07:49:59.062 I/am_activity_launch_time( 1182): [0,373437344,com.android.phone/.MobileNetworkSettings,329,329]
12-07 07:49:59.418 I/sf_frame_dur(  401): [com.android.settings/com.android.settings.Settings,33,2,3,2,2,2,1]
12-07 07:50:01.269 I/dvm_lock_sample(26078): [uiautomator,0,UiAutomatorHandlerThread,143,QueryController.java,61,-,149,28]
12-07 07:50:05.057 I/sf_frame_dur(  401): [com.android.phone/com.android.phone.MobileNetworkSettings,15,1,1,0,1,1,0]
12-07 07:50:08.680 I/battery_status( 1182): [2,2,1,2,Li-ion]
12-07 07:50:08.680 I/battery_level( 1182): [94,4144,352]
12-07 07:50:08.702 I/notification_cancel( 1182): [10025,2172,com.android.systemui,100,low_battery,0,0,64,8,NULL]
12-07 07:50:09.187 I/dvm_lock_sample( 1182): [system_server,0,Binder_9,19,ActivityManagerService.java,2660,-,2660,3]
12-07 07:50:13.157 I/battery_level( 1182): [95,4239,352]
12-07 07:50:13.164 I/notification_cancel( 1182): [10025,2172,com.android.systemui,100,low_battery,0,0,64,8,NULL]
12-07 07:50:24.761 I/keyevent( 1182): kbq keyCode=4 down=true canceled=false
12-07 07:50:24.763 I/keyevent( 1182): kbd keyCode=4 down=true repeatCount=0 canceled=false
12-07 07:50:24.765 I/keyevent( 1182): kbq keyCode=4 down=false canceled=false
12-07 07:50:24.767 I/keyevent( 1182): kbd keyCode=4 down=false repeatCount=0 canceled=false
12-07 07:50:24.769 I/am_finish_activity( 1182): [0,373437344,30,com.android.phone/.MobileNetworkSettings,app-request]
12-07 07:50:24.769 I/am_pause_activity( 1182): [0,373437344,com.android.phone/.MobileNetworkSettings]
12-07 07:50:24.773 I/am_on_paused_called( 2774): [0,com.android.phone.MobileNetworkSettings]
12-07 07:50:24.777 I/am_resume_activity( 1182): [0,862799966,30,com.android.settings/.Settings]
12-07 07:50:24.792 I/dvm_lock_sample( 1182): [system_server,1,android.display,5,WindowManagerService.java,8120,-,3186,1]
12-07 07:50:24.873 I/am_on_resume_called( 3805): [0,com.android.settings.Settings]
12-07 07:50:25.472 I/am_destroy_activity( 1182): [0,373437344,30,com.android.phone/.MobileNetworkSettings,finish-imm]
12-07 07:50:25.486 I/sf_frame_dur(  401): [com.android.phone/com.android.phone.MobileNetworkSettings,20,1,3,0,0,2,3]
12-07 07:50:25.774 I/keyevent( 1182): kbq keyCode=4 down=true canceled=false
12-07 07:50:25.776 I/keyevent( 1182): kbd keyCode=4 down=true repeatCount=0 canceled=false
12-07 07:50:25.778 I/keyevent( 1182): kbq keyCode=4 down=false canceled=false
12-07 07:50:25.782 I/keyevent( 1182): kbd keyCode=4 down=false repeatCount=0 canceled=false
12-07 07:50:25.787 I/am_finish_activity( 1182): [0,862799966,30,com.android.settings/.Settings,app-request]
12-07 07:50:25.788 I/wm_task_moved( 1182): [7,1,0]
12-07 07:50:25.813 I/am_pause_activity( 1182): [0,862799966,com.android.settings/.Settings]
12-07 07:50:25.877 I/am_on_paused_called( 3805): [0,com.android.settings.Settings]
12-07 07:50:25.880 I/am_resume_activity( 1182): [0,872178599,7,com.android.launcher3/.Launcher]
12-07 07:50:25.896 I/dvm_lock_sample( 1182): [system_server,1,ActivityManager,16,ActivityManagerService.java,3745,-,7052,3]
12-07 07:50:25.925 I/am_on_resume_called( 2844): [0,com.android.launcher3.Launcher]
