12-07 07:54:11.273 I/sf_frame_dur(  401): [com.android.phone/com.android.phone.MobileNetworkSettings,15,1,0,0,1,1,1]
12-07 07:54:11.303 I/gsm_service_state_change( 2774): [0,0,0,1]
12-07 07:54:11.453 I/netstats_mobile_sample( 1182): [693572,1200,160000,1440,693572,1200,153749,1440,693781,1202,153937,1443,1449446052037]
12-07 07:54:11.453 I/netstats_wifi_sample( 1182): [0,0,0,0,0,0,0,0,0,0,0,0,1449446052037]
12-07 07:54:11.478 I/netstats_mobile_sample( 1182): [693572,1200,160000,1440,693572,1200,153749,1440,693781,1202,153937,1443,1449446052062]
12-07 07:54:11.478 I/netstats_wifi_sample( 1182): [0,0,0,0,0,0,0,0,0,0,0,0,1449446052062]
12-07 07:54:11.732 I/dvm_lock_sample( 1182): [system_server,1,ActivityManager,312,NetworkPolicyManagerService.java,645,-,1187,62]
12-07 07:54:12.307 I/notification_cancel( 1182): [1000,3805,com.android.settings,12180,NULL,0,0,0,8,NULL]
12-07 07:54:12.329 I/notification_cancel( 1182): [1000,3805,com.android.settings,1002,NULL,0,0,0,8,NULL]
12-07 07:54:12.384 I/dvm_lock_sample( 1182): [system_server,1,Binder_5,10,ActivityManagerService.java,17677,BroadcastQueue.java,544,2]
12-07 07:54:12.441 I/sf_frame_dur(  401): [com.android.phone/com.android.phone.MobileNetworkSettings,6,4,3,3,1,0,0]
12-07 07:54:12.584 I/gsm_service_state_change( 2774): [0,1,1,1]
12-07 07:54:12.584 I/gsm_rat_switched_new( 2774): [-1,14,0]
12-07 07:54:12.900 I/gsm_service_state_change( 2774): [0,1,1,1]
12-07 07:54:12.900 I/gsm_rat_switched_new( 2774): [-1,16,0]
12-07 07:54:13.061 I/am_proc_start( 1182): [0,18486,10004,com.android.contacts,broadcast,com.android.contacts/com.mediatek.contacts.simcontact.BootCmpReceiver]
12-07 07:54:13.165 I/am_proc_bound( 1182): [0,18486,com.android.contacts]
12-07 07:54:13.210 I/am_kill ( 1182): [0,18177,android.process.acore,15,empty #9]
12-07 07:54:13.325 I/dvm_lock_sample( 1182): [system_server,1,ActivityManager,111,ActivityManagerService.java,3745,BroadcastQueue.java,544,22]
12-07 07:54:13.326 I/am_proc_died( 1182): [0,18177,android.process.acore]
12-07 07:54:13.327 I/dvm_lock_sample( 1182): [system_server,1,Binder_2,87,ActivityManagerService.java,17677,BroadcastQueue.java,544,17]
12-07 07:54:13.421 I/am_proc_start( 1182): [0,18547,10004,android.process.acore,content provider,com.android.providers.contacts/.ContactsProvider2]
12-07 07:54:13.554 I/am_proc_bound( 1182): [0,18547,android.process.acore]
12-07 07:54:13.799 I/am_kill ( 1182): [0,25195,com.android.dialer,15,empty #9]
12-07 07:54:14.033 I/dvm_lock_sample( 1182): [system_server,1,ActivityManager,232,ActivityManagerService.java,3745,-,10573,46]
12-07 07:54:14.037 I/dvm_lock_sample( 1182): [system_server,0,Binder_3,174,ActivityManagerService.java,15328,-,10573,34]
12-07 07:54:14.044 I/am_proc_died( 1182): [0,25195,com.android.dialer]
12-07 07:54:14.345 I/am_proc_start( 1182): [0,18870,10039,com.android.exchange,content provider,com.android.exchange/.provider.ExchangeDirectoryProvider]
12-07 07:54:14.382 I/dvm_lock_sample( 1182): [system_server,1,ActivityManager,6,BroadcastQueue.java,544,ActivityManagerService.java,17677,1]
12-07 07:54:14.462 I/am_proc_bound( 1182): [0,18870,com.android.exchange]
12-07 07:54:14.719 I/am_proc_start( 1182): [0,19029,10038,com.android.email,content provider,com.android.email/.provider.EmailProvider]
12-07 07:54:14.740 I/notification_cancel( 1182): [1000,3805,com.android.settings,12180,NULL,0,0,0,8,NULL]
12-07 07:54:14.743 I/am_kill ( 1182): [0,27412,com.letv.android.bugreporter,15,empty #9]
12-07 07:54:14.955 I/notification_cancel( 1182): [1001,2774,com.android.phone,54,NULL,-1,0,64,8,NULL]
12-07 07:54:14.955 I/dvm_lock_sample( 1182): [system_server,0,Binder_5,214,ActivityManagerService.java,17783,BroadcastQueue.java,544,42]
12-07 07:54:14.955 I/notification_cancel( 1182): [1001,2774,com.android.phone,4,NULL,-1,0,64,8,NULL]
12-07 07:54:14.956 I/dvm_lock_sample( 1182): [system_server,1,ActivityManager,212,ActivityManagerService.java,3745,-,10529,42]
12-07 07:54:14.957 I/dvm_lock_sample( 1182): [system_server,1,Binder_1,208,ActivityManagerService.java,10683,-,10529,41]
12-07 07:54:14.957 I/dvm_lock_sample( 1182): [system_server,0,Binder_9,153,ActivityManagerService.java,15328,-,10529,30]
12-07 07:54:14.957 I/am_proc_bound( 1182): [0,19029,com.android.email]
12-07 07:54:14.965 I/am_kill ( 1182): [0,27435,com.letv.bugpostbox,15,empty #9]
12-07 07:54:15.090 I/am_proc_died( 1182): [0,27412,com.letv.android.bugreporter]
12-07 07:54:15.105 I/dvm_lock_sample( 1182): [system_server,0,Binder_4,246,ActivityManagerService.java,15328,-,10529,49]
12-07 07:54:15.107 I/dvm_lock_sample( 1182): [system_server,0,Binder_D,189,ActivityManagerService.java,15328,-,10529,37]
12-07 07:54:15.127 I/dvm_lock_sample( 1182): [system_server,1,Binder_6,152,ActivityManagerService.java,10529,-,6838,30]
12-07 07:54:15.134 I/dvm_lock_sample( 1182): [system_server,1,Binder_9,137,ActivityManagerService.java,17677,-,6838,27]
12-07 07:54:15.136 I/am_proc_died( 1182): [0,27435,com.letv.bugpostbox]
12-07 07:54:15.216 I/am_broadcast_discard_app( 1182): [0,310343315,android.net.conn.CONNECTIVITY_CHANGE,0,ResolveInfo{31bd250b com.lesports.glivesports/com.f1llib.receiver.ConnectionChangeReceiver p=2147483647 m=0x108000}]
12-07 07:54:15.270 I/notification_cancel( 1182): [1000,3805,com.android.settings,1002,NULL,0,0,0,8,NULL]
12-07 07:54:15.316 I/am_proc_start( 1182): [0,19221,10001,com.letv.bugpostbox,broadcast,com.letv.bugpostbox/.receiver.NetworkChangeReceiver]
12-07 07:54:15.319 I/dvm_lock_sample( 1182): [system_server,1,main,49,ActivityManagerService.java,7245,BroadcastQueue.java,544,9]
12-07 07:54:15.382 I/am_proc_bound( 1182): [0,19221,com.letv.bugpostbox]
12-07 07:54:15.502 I/am_proc_start( 1182): [0,19348,10007,android.process.media,broadcast,com.android.providers.downloads/.DownloadReceiver]
12-07 07:54:15.507 I/dvm_lock_sample( 1182): [system_server,1,Binder_1,43,ActivityManagerService.java,10683,BroadcastQueue.java,544,8]
12-07 07:54:15.610 I/am_proc_bound( 1182): [0,19348,android.process.media]
12-07 07:54:15.671 I/dvm_lock_sample(19029): [com.android.email,0,AsyncTask #3,229,EmailProvider.java,458,SQLiteConnection.java,-2,45]
12-07 07:54:15.672 I/dvm_lock_sample(19029): [com.android.email,0,AsyncTask #2,190,EmailProvider.java,458,SQLiteConnection.java,-2,38]
12-07 07:54:16.093 I/notification_cancel( 1182): [10001,19221,com.letv.bugpostbox,1000,logOpenNotification,0,0,64,8,NULL]
12-07 07:54:16.104 I/dvm_lock_sample(19029): [com.android.email,0,AsyncTask #4,705,AccountReconciler.java,119,ImmutableCollection.java,192,100]
12-07 07:54:16.156 I/am_proc_start( 1182): [0,19610,10033,com.android.calendar,broadcast,com.android.calendar/com.letv.calendar.AccountChangeReceiver]
12-07 07:54:16.250 I/dvm_lock_sample(19029): [com.android.email,0,AsyncTask #6,833,AccountReconciler.java,119,ImmutableCollection.java,192,100]
12-07 07:54:16.264 I/am_kill ( 1182): [0,27484,com.letv.android.client,15,empty #9]
12-07 07:54:16.378 I/am_kill ( 1182): [0,27458,com.letv.android.cloudservice,15,empty #10]
12-07 07:54:16.485 I/dvm_lock_sample( 1182): [system_server,1,ActivityManager,220,ActivityManagerService.java,3745,-,16649,44]
12-07 07:54:16.486 I/am_proc_bound( 1182): [0,19610,com.android.calendar]
12-07 07:54:16.490 I/dvm_lock_sample( 1182): [system_server,1,Binder_3,217,ActivityManagerService.java,17677,-,16649,43]
12-07 07:54:16.494 I/am_proc_died( 1182): [0,27484,com.letv.android.client]
12-07 07:54:16.497 I/am_proc_died( 1182): [0,27458,com.letv.android.cloudservice]
12-07 07:54:16.507 I/dvm_lock_sample(19029): [com.android.email,0,AsyncTask #8,987,AccountReconciler.java,119,ImmutableCollection.java,192,100]
12-07 07:54:16.713 I/am_proc_start( 1182): [0,19804,10002,com.android.providers.calendar,content provider,com.android.providers.calendar/.CalendarProvider2]
12-07 07:54:16.816 I/am_proc_bound( 1182): [0,19804,com.android.providers.calendar]
--------- beginning of radio
12-07 07:54:16.892 D/TelephonyManager( 1182): getSimOperator(): default subId=1
12-07 07:54:16.893 D/TelephonyManager( 2774): setTelephonyProperty property=gsm.sim.operator.iso-country propVal=
12-07 07:54:16.894 D/TelephonyManager( 2172): getSimState(): slotId = 0, subId = [1], prop = READY
12-07 07:54:16.899 D/UiccCardApplication( 2774): APPTYPE_UNKNOWN being Disposed
12-07 07:54:16.905 D/ModemStackController( 2774): EVENT_RADIO_NOT_AVAILABLE, phoneId = 0
12-07 07:54:16.906 D/ModemStackController( 2774): processRadioNotAvailable on phoneId = 0
12-07 07:54:16.906 D/TelephonyManager( 2172): getSimState(): slotId = 1, subId = [2], prop = NOT_READY
12-07 07:54:16.907 D/ModemBindingPolicyHandler( 2774): EVENT_RADIO_NOT_AVAILABLE
12-07 07:54:16.908 D/RILJ    ( 2774): [5635]> GET_CURRENT_CALLS [SUB0]
12-07 07:54:16.963 D/TelephonyManager( 1182): getSimOperator: subId=1 operator=
12-07 07:54:16.966 D/RILC    (  446): SOCKET RIL_SOCKET_1 REQUEST: GET_CURRENT_CALLS length:8
12-07 07:54:16.966 D/RILC    (  446): RequestComplete, RIL_SOCKET_1
12-07 07:54:16.966 E/RILC    (  446): Send Response to RIL_SOCKET_1
12-07 07:54:16.966 D/RilRequest( 2774): [5635]< GET_CURRENT_CALLS error: com.android.internal.telephony.CommandException: RADIO_NOT_AVAILABLE ret=
12-07 07:54:16.969 D/TelephonyManager( 2774): setTelephonyProperty property=gsm.sim.state propVal=NOT_READY,NOT_READY
12-07 07:54:16.971 D/IccCardProxy( 2774): Broadcasting intent ACTION_SIM_STATE_CHANGED NOT_READY reason null for mCardIndex : 0
12-07 07:54:16.973 D/DctController( 2774): [DctController] EVENT_PHONE1_RADIO_OFF.
12-07 07:54:16.973 D/GsmDCT  ( 2774): [0]handleMessage msg={ when=-1s77ms what=270342 obj=android.os.AsyncResult@19d63e72 target=com.android.internal.telephony.dataconnection.DcTracker }
12-07 07:54:16.973 D/GsmDCT  ( 2774): [0]onRadioOffOrNotAvailable: is off and clean up all connections
12-07 07:54:16.973 D/GsmDCT  ( 2774): [0]cleanUpAllConnections: tearDown=false reason=radioTurnedOff
12-07 07:54:16.973 D/GsmDCT  ( 2774): [ApnContext:default] set reason as radioTurnedOff,current state IDLE
12-07 07:54:16.973 D/GsmDCT  ( 2774): [0]cleanUpConnection: E tearDown=false reason=radioTurnedOff apnContext={mApnType=default mState=IDLE mWaitingApns={[[ApnSettingV3] CMNET, 1277, 46000, cmnet, , null, , , , -1, default | supl | net, IPV4V6, IP, true, 0, 0, false, 0, 0, 0, 0, , ]} mWaitingApnsPermanentFailureCountDown=1 mApnSetting={[ApnSettingV3] CMNET, 1277, 46000, cmnet, , null, , , , -1, default | supl | net, IPV4V6, IP, true, 0, 0, false, 0, 0, 0, 0, , } mReason=radioTurnedOff mDataEnabled=false mDependencyMet=true}
12-07 07:54:16.973 D/GsmDCT  ( 2774): [ApnContext:default] setState: IDLE, previous state:IDLE
12-07 07:54:16.973 D/GSMPhone( 2774): getDataConnectionState: Data is Out of Service. ret = DISCONNECTED
12-07 07:54:16.973 D/DC-1    ( 2774): DcInactiveState: msg.what=RSP_RESET, ignore we're already reset
12-07 07:54:16.975 D/GsmDCT  ( 2774): [0]isDataAllowed: not allowed due to - SIM not loaded and not NV subscription - mInternalDataEnabled= false
12-07 07:54:16.975 D/GsmDCT  ( 2774): [ApnContext:default] getApnSetting: apnSetting=[ApnSettingV3] CMNET, 1277, 46000, cmnet, , null, , , , -1, default | supl | net, IPV4V6, IP, true, 0, 0, false, 0, 0, 0, 0, , 
12-07 07:54:16.979 D/TelephonyManager( 2172): getSimState(): slotId = 0, subId = [1], prop = NOT_READY
12-07 07:54:16.983 D/TelephonyRegistry( 1182): onDataConnectionStateChanged(0, 0)
12-07 07:54:16.983 D/TelephonyRegistry( 1182): Notify data connection state changed on sub: 1
12-07 07:54:16.984 D/TelephonyRegistry( 1182): Notify data connection state changed on sub: 1
12-07 07:54:16.984 D/TelephonyRegistry( 1182): Notify data connection state changed on sub: 1
12-07 07:54:16.984 D/TelephonyRegistry( 1182): Notify data connection state changed on sub: 1
12-07 07:54:16.997 D/GsmDCT  ( 2774): [ApnContext:default] setDataConnectionAc: old dcac=DC-1 new dcac=null this={mApnType=default mState=IDLE mWaitingApns={[[ApnSettingV3] CMNET, 1277, 46000, cmnet, , null, , , , -1, default | supl | net, IPV4V6, IP, true, 0, 0, false, 0, 0, 0, 0, , ]} mWaitingApnsPermanentFailureCountDown=1 mApnSetting={[ApnSettingV3] CMNET, 1277, 46000, cmnet, , null, , , , -1, default | supl | net, IPV4V6, IP, true, 0, 0, false, 0, 0, 0, 0, , } mReason=radioTurnedOff mDataEnabled=false mDependencyMet=true}
12-07 07:54:16.998 D/TelephonyManager( 2172): getSimState(): slotId = 1, subId = [2], prop = NOT_READY
12-07 07:54:16.999 D/GsmDCT  ( 2774): [0]setupDataForSinglePdn: reason = radioTurnedOff isDisconnected = true
12-07 07:54:16.999 D/GsmDCT  ( 2774): [0]isOnlySingleDcAllowed(0): false
12-07 07:54:16.999 D/GsmDCT  ( 2774): [0]cleanUpConnection: X tearDown=false reason=radioTurnedOff apnContext={mApnType=default mState=IDLE mWaitingApns={[[ApnSettingV3] CMNET, 1277, 46000, cmnet, , null, , , , -1, default | supl | net, IPV4V6, IP, true, 0, 0, false, 0, 0, 0, 0, , ]} mWaitingApnsPermanentFailureCountDown=1 mApnSetting={[ApnSettingV3] CMNET, 1277, 46000, cmnet, , null, , , , -1, default | supl | net, IPV4V6, IP, true, 0, 0, false, 0, 0, 0, 0, , } mReason=radioTurnedOff mDataEnabled=false mDependencyMet=true} dcac=null
12-07 07:54:17.000 D/GsmDCT  ( 2774): [ApnContext:mms] set reason as radioTurnedOff,current state IDLE
12-07 07:54:17.000 D/GsmDCT  ( 2774): [0]cleanUpConnection: E tearDown=false reason=radioTurnedOff apnContext={mApnType=mms mState=IDLE mWaitingApns={null} mWaitingApnsPermanentFailureCountDown=0 mApnSetting={null} mReason=radioTurnedOff mDataEnabled=false mDependencyMet=true}
12-07 07:54:17.000 D/GsmDCT  ( 2774): [ApnContext:mms] setState: IDLE, previous state:IDLE
12-07 07:54:17.000 D/GSMPhone( 2774): getDataConnectionState: Data is Out of Service. ret = DISCONNECTED
12-07 07:54:17.019 D/GsmDCT  ( 2774): [0]isDataAllowed: not allowed due to - SIM not loaded and not NV subscription - mInternalDataEnabled= false
12-07 07:54:17.019 D/GsmDCT  ( 2774): [ApnContext:mms] getApnSetting: apnSetting=null
12-07 07:54:17.047 I/dvm_lock_sample( 1182): [system_server,1,Binder_A,12,ActivityManagerService.java,17677,BroadcastQueue.java,544,2]
12-07 07:54:17.048 D/TelephonyManager( 1182): getSimOperator(): default subId=1
12-07 07:54:17.064 D/TelephonyManager( 2172): getSimState(): slotId = 1, subId = [2], prop = NOT_READY
12-07 07:54:17.087 D/TelephonyManager( 1182): getSimOperator: subId=1 operator=
12-07 07:54:17.093 I/am_proc_start( 1182): [0,19834,10036,com.android.deskclock,broadcast,com.android.deskclock/.AlarmInitReceiver]
12-07 07:54:17.100 I/am_kill ( 1182): [0,5472,com.android.cellbroadcastreceiver,15,empty #9]
12-07 07:54:17.113 D/TelephonyManager( 2172): getSimState(): slotId = 1, subId = [2], prop = NOT_READY
12-07 07:54:17.123 D/TelephonyManager( 2172): getSimState(): slotId = 0, subId = [1], prop = NOT_READY
12-07 07:54:17.134 D/TelephonyManager( 2172): getSimState(): slotId = 1, subId = [2], prop = NOT_READY
12-07 07:54:17.151 D/TelephonyManager( 2172): getSimState(): slotId = 1, subId = [2], prop = NOT_READY
12-07 07:54:17.159 D/TelephonyManager( 2172): getSimState(): slotId = 0, subId = [1], prop = NOT_READY
12-07 07:54:17.171 D/TelephonyManager( 2172): getSimState(): slotId = 0, subId = [1], prop = NOT_READY
12-07 07:54:17.172 D/PhoneFactory( 2774): getPhone: phoneId != DEFAULT_PHONE_ID
12-07 07:54:17.172 D/PhoneFactory( 2774): getPhone:- phone=Handler (com.android.internal.telephony.PhoneProxy) {231b0911}
12-07 07:54:17.176 D/TelephonyManager( 2172): getSimState(): slotId = 0, subId = [1], prop = NOT_READY
12-07 07:54:17.177 D/TelephonyManager( 2172): getSimState(): slotId = 1, subId = [2], prop = NOT_READY
12-07 07:54:17.179 D/TelephonyManager( 2172): getSimState(): slotId = 0, subId = [1], prop = NOT_READY
12-07 07:54:17.181 D/TelephonyManager( 2172): getSimState(): slotId = 1, subId = [2], prop = NOT_READY
12-07 07:54:17.185 D/TelephonyManager( 2172): getSimState(): slotId = 0, subId = [1], prop = NOT_READY
12-07 07:54:17.189 D/TelephonyManager( 2172): getSimState(): slotId = 0, subId = [1], prop = NOT_READY
12-07 07:54:17.193 D/TelephonyManager( 2172): getSimState(): slotId = 0, subId = [1], prop = NOT_READY
12-07 07:54:17.198 D/TelephonyManager( 2172): getSimState(): slotId = 1, subId = [2], prop = NOT_READY
12-07 07:54:17.213 D/TelephonyManager( 2172): getSimState(): slotId = 0, subId = [1], prop = NOT_READY
12-07 07:54:17.318 I/am_kill ( 1182): [0,31177,com.sina.weibo,15,empty #10]
12-07 07:54:17.536 I/dvm_lock_sample( 1182): [system_server,1,ActivityManager,438,ActivityManagerService.java,3745,-,19838,87]
12-07 07:54:17.536 I/dvm_lock_sample( 1182): [system_server,1,Binder_A,489,ActivityManagerService.java,17677,BroadcastQueue.java,544,97]
12-07 07:54:17.537 I/dvm_lock_sample( 1182): [system_server,1,Binder_7,437,ActivityManagerService.java,16862,-,19838,87]
12-07 07:54:17.539 I/dvm_lock_sample( 1182): [system_server,1,Binder_9,383,ActivityManagerService.java,6838,-,19838,76]
12-07 07:54:17.539 I/am_proc_bound( 1182): [0,19834,com.android.deskclock]
12-07 07:54:17.548 I/am_proc_died( 1182): [0,5472,com.android.cellbroadcastreceiver]
12-07 07:54:17.550 I/dvm_lock_sample( 1182): [system_server,0,Binder_4,215,ActivityManagerService.java,15766,-,19838,43]
12-07 07:54:17.554 I/dvm_lock_sample( 1182): [system_server,0,Binder_8,104,ActivityManagerService.java,1217,-,19838,20]
12-07 07:54:17.555 I/am_proc_died( 1182): [0,31177,com.sina.weibo]
12-07 07:54:17.559 I/dvm_lock_sample( 1182): [system_server,1,Binder_F,13,ActivityManagerService.java,10606,-,6838,2]
12-07 07:54:17.560 D/GsmDCT  ( 2774): [ApnContext:mms] setDataConnectionAc: old dcac=null new dcac=null this={mApnType=mms mState=IDLE mWaitingApns={null} mWaitingApnsPermanentFailureCountDown=0 mApnSetting={null} mReason=radioTurnedOff mDataEnabled=false mDependencyMet=true}
12-07 07:54:17.560 D/GsmDCT  ( 2774): [0]setupDataForSinglePdn: reason = radioTurnedOff isDisconnected = true
12-07 07:54:17.560 D/GsmDCT  ( 2774): [0]isOnlySingleDcAllowed(0): false
12-07 07:54:17.560 D/GsmDCT  ( 2774): [0]cleanUpConnection: X tearDown=false reason=radioTurnedOff apnContext={mApnType=mms mState=IDLE mWaitingApns={null} mWaitingApnsPermanentFailureCountDown=0 mApnSetting={null} mReason=radioTurnedOff mDataEnabled=false mDependencyMet=true} dcac=null
12-07 07:54:17.560 D/GsmDCT  ( 2774): [ApnContext:cbs] set reason as radioTurnedOff,current state IDLE
12-07 07:54:17.562 D/GsmDCT  ( 2774): [0]cleanUpConnection: E tearDown=false reason=radioTurnedOff apnContext={mApnType=cbs mState=IDLE mWaitingApns={null} mWaitingApnsPermanentFailureCountDown=0 mApnSetting={null} mReason=radioTurnedOff mDataEnabled=false mDependencyMet=true}
12-07 07:54:17.563 D/GsmDCT  ( 2774): [ApnContext:cbs] setState: IDLE, previous state:IDLE
12-07 07:54:17.563 D/GSMPhone( 2774): getDataConnectionState: Data is Out of Service. ret = DISCONNECTED
12-07 07:54:17.577 D/GsmDCT  ( 2774): [0]isDataAllowed: not allowed due to - SIM not loaded and not NV subscription - mInternalDataEnabled= false
12-07 07:54:17.577 D/GsmDCT  ( 2774): [ApnContext:cbs] getApnSetting: apnSetting=null
12-07 07:54:17.584 D/GsmDCT  ( 2774): [ApnContext:cbs] setDataConnectionAc: old dcac=null new dcac=null this={mApnType=cbs mState=IDLE mWaitingApns={null} mWaitingApnsPermanentFailureCountDown=0 mApnSetting={null} mReason=radioTurnedOff mDataEnabled=false mDependencyMet=true}
12-07 07:54:17.584 D/GsmDCT  ( 2774): [0]setupDataForSinglePdn: reason = radioTurnedOff isDisconnected = true
12-07 07:54:17.584 D/GsmDCT  ( 2774): [0]isOnlySingleDcAllowed(0): false
12-07 07:54:17.584 D/GsmDCT  ( 2774): [0]cleanUpConnection: X tearDown=false reason=radioTurnedOff apnContext={mApnType=cbs mState=IDLE mWaitingApns={null} mWaitingApnsPermanentFailureCountDown=0 mApnSetting={null} mReason=radioTurnedOff mDataEnabled=false mDependencyMet=true} dcac=null
12-07 07:54:17.584 D/GsmDCT  ( 2774): [ApnContext:fota] set reason as radioTurnedOff,current state IDLE
12-07 07:54:17.584 D/GsmDCT  ( 2774): [0]cleanUpConnection: E tearDown=false reason=radioTurnedOff apnContext={mApnType=fota mState=IDLE mWaitingApns={null} mWaitingApnsPermanentFailureCountDown=0 mApnSetting={null} mReason=radioTurnedOff mDataEnabled=false mDependencyMet=true}
12-07 07:54:17.584 D/GsmDCT  ( 2774): [ApnContext:fota] setState: IDLE, previous state:IDLE
12-07 07:54:17.584 D/GSMPhone( 2774): getDataConnectionState: Data is Out of Service. ret = DISCONNECTED
12-07 07:54:17.591 D/GsmDCT  ( 2774): [0]isDataAllowed: not allowed due to - SIM not loaded and not NV subscription - mInternalDataEnabled= false
12-07 07:54:17.591 D/GsmDCT  ( 2774): [ApnContext:fota] getApnSetting: apnSetting=null
12-07 07:54:17.602 I/backup_data_changed( 1182): android
12-07 07:54:17.602 D/GsmDCT  ( 2774): [ApnContext:fota] setDataConnectionAc: old dcac=null new dcac=null this={mApnType=fota mState=IDLE mWaitingApns={null} mWaitingApnsPermanentFailureCountDown=0 mApnSetting={null} mReason=radioTurnedOff mDataEnabled=false mDependencyMet=true}
12-07 07:54:17.602 D/GsmDCT  ( 2774): [0]setupDataForSinglePdn: reason = radioTurnedOff isDisconnected = true
12-07 07:54:17.602 D/GsmDCT  ( 2774): [0]isOnlySingleDcAllowed(0): false
12-07 07:54:17.602 D/GsmDCT  ( 2774): [0]cleanUpConnection: X tearDown=false reason=radioTurnedOff apnContext={mApnType=fota mState=IDLE mWaitingApns={null} mWaitingApnsPermanentFailureCountDown=0 mApnSetting={null} mReason=radioTurnedOff mDataEnabled=false mDependencyMet=true} dcac=null
12-07 07:54:17.602 D/GsmDCT  ( 2774): [ApnContext:supl] set reason as radioTurnedOff,current state IDLE
12-07 07:54:17.602 D/GsmDCT  ( 2774): [0]cleanUpConnection: E tearDown=false reason=radioTurnedOff apnContext={mApnType=supl mState=IDLE mWaitingApns={null} mWaitingApnsPermanentFailureCountDown=0 mApnSetting={null} mReason=radioTurnedOff mDataEnabled=false mDependencyMet=true}
12-07 07:54:17.602 D/GsmDCT  ( 2774): [ApnContext:supl] setState: IDLE, previous state:IDLE
12-07 07:54:17.602 D/GSMPhone( 2774): getDataConnectionState: Data is Out of Service. ret = DISCONNECTED
12-07 07:54:17.603 D/GsmDCT  ( 2774): [0]isDataAllowed: not allowed due to - SIM not loaded and not NV subscription - mInternalDataEnabled= false
12-07 07:54:17.603 D/GsmDCT  ( 2774): [ApnContext:supl] getApnSetting: apnSetting=null
12-07 07:54:17.613 D/GsmDCT  ( 2774): [ApnContext:supl] setDataConnectionAc: old dcac=null new dcac=null this={mApnType=supl mState=IDLE mWaitingApns={null} mWaitingApnsPermanentFailureCountDown=0 mApnSetting={null} mReason=radioTurnedOff mDataEnabled=false mDependencyMet=true}
12-07 07:54:17.614 D/GsmDCT  ( 2774): [0]setupDataForSinglePdn: reason = radioTurnedOff isDisconnected = true
12-07 07:54:17.614 D/GsmDCT  ( 2774): [0]isOnlySingleDcAllowed(0): false
12-07 07:54:17.614 D/GsmDCT  ( 2774): [0]cleanUpConnection: X tearDown=false reason=radioTurnedOff apnContext={mApnType=supl mState=IDLE mWaitingApns={null} mWaitingApnsPermanentFailureCountDown=0 mApnSetting={null} mReason=radioTurnedOff mDataEnabled=false mDependencyMet=true} dcac=null
12-07 07:54:17.614 D/GsmDCT  ( 2774): [ApnContext:dun] set reason as radioTurnedOff,current state IDLE
12-07 07:54:17.614 D/GsmDCT  ( 2774): [0]cleanUpConnection: E tearDown=false reason=radioTurnedOff apnContext={mApnType=dun mState=IDLE mWaitingApns={null} mWaitingApnsPermanentFailureCountDown=0 mApnSetting={null} mReason=radioTurnedOff mDataEnabled=false mDependencyMet=true}
12-07 07:54:17.614 D/GsmDCT  ( 2774): [ApnContext:dun] setState: IDLE, previous state:IDLE
12-07 07:54:17.614 D/GSMPhone( 2774): getDataConnectionState: Data is Out of Service. ret = DISCONNECTED
12-07 07:54:17.616 D/GsmDCT  ( 2774): [0]isDataAllowed: not allowed due to - SIM not loaded and not NV subscription - mInternalDataEnabled= false
12-07 07:54:17.616 D/GsmDCT  ( 2774): [ApnContext:dun] getApnSetting: apnSetting=null
12-07 07:54:17.613 I/backup_data_changed( 1182): android
12-07 07:54:17.636 D/GsmDCT  ( 2774): [ApnContext:dun] setDataConnectionAc: old dcac=null new dcac=null this={mApnType=dun mState=IDLE mWaitingApns={null} mWaitingApnsPermanentFailureCountDown=0 mApnSetting={null} mReason=radioTurnedOff mDataEnabled=false mDependencyMet=true}
12-07 07:54:17.637 D/GsmDCT  ( 2774): [0]setupDataForSinglePdn: reason = radioTurnedOff isDisconnected = true
12-07 07:54:17.637 D/GsmDCT  ( 2774): [0]isOnlySingleDcAllowed(0): false
12-07 07:54:17.637 D/GsmDCT  ( 2774): [0]cleanUpConnection: X tearDown=false reason=radioTurnedOff apnContext={mApnType=dun mState=IDLE mWaitingApns={null} mWaitingApnsPermanentFailureCountDown=0 mApnSetting={null} mReason=radioTurnedOff mDataEnabled=false mDependencyMet=true} dcac=null
12-07 07:54:17.637 D/GsmDCT  ( 2774): [ApnContext:hipri] set reason as radioTurnedOff,current state IDLE
12-07 07:54:17.638 D/GsmDCT  ( 2774): [0]cleanUpConnection: E tearDown=false reason=radioTurnedOff apnContext={mApnType=hipri mState=IDLE mWaitingApns={null} mWaitingApnsPermanentFailureCountDown=0 mApnSetting={null} mReason=radioTurnedOff mDataEnabled=false mDependencyMet=true}
12-07 07:54:17.638 D/GsmDCT  ( 2774): [ApnContext:hipri] setState: IDLE, previous state:IDLE
12-07 07:54:17.638 D/GSMPhone( 2774): getDataConnectionState: Data is Out of Service. ret = DISCONNECTED
12-07 07:54:17.640 D/GsmDCT  ( 2774): [0]isDataAllowed: not allowed due to - SIM not loaded and not NV subscription - mInternalDataEnabled= false
12-07 07:54:17.640 D/GsmDCT  ( 2774): [ApnContext:hipri] getApnSetting: apnSetting=null
12-07 07:54:17.661 D/GsmDCT  ( 2774): [ApnContext:hipri] setDataConnectionAc: old dcac=null new dcac=null this={mApnType=hipri mState=IDLE mWaitingApns={null} mWaitingApnsPermanentFailureCountDown=0 mApnSetting={null} mReason=radioTurnedOff mDataEnabled=false mDependencyMet=true}
12-07 07:54:17.661 D/GsmDCT  ( 2774): [0]setupDataForSinglePdn: reason = radioTurnedOff isDisconnected = true
12-07 07:54:17.661 D/GsmDCT  ( 2774): [0]isOnlySingleDcAllowed(0): false
12-07 07:54:17.662 D/GsmDCT  ( 2774): [0]cleanUpConnection: X tearDown=false reason=radioTurnedOff apnContext={mApnType=hipri mState=IDLE mWaitingApns={null} mWaitingApnsPermanentFailureCountDown=0 mApnSetting={null} mReason=radioTurnedOff mDataEnabled=false mDependencyMet=true} dcac=null
12-07 07:54:17.662 D/GsmDCT  ( 2774): [ApnContext:ims] set reason as radioTurnedOff,current state IDLE
12-07 07:54:17.662 D/GsmDCT  ( 2774): [0]cleanUpConnection: E tearDown=false reason=radioTurnedOff apnContext={mApnType=ims mState=IDLE mWaitingApns={null} mWaitingApnsPermanentFailureCountDown=0 mApnSetting={null} mReason=radioTurnedOff mDataEnabled=false mDependencyMet=true}
12-07 07:54:17.662 D/GsmDCT  ( 2774): [ApnContext:ims] setState: IDLE, previous state:IDLE
12-07 07:54:17.662 D/GSMPhone( 2774): getDataConnectionState: Data is Out of Service. ret = DISCONNECTED
12-07 07:54:17.663 D/GsmDCT  ( 2774): [0]isDataAllowed: not allowed due to - SIM not loaded and not NV subscription - mInternalDataEnabled= false
12-07 07:54:17.663 D/GsmDCT  ( 2774): [ApnContext:ims] getApnSetting: apnSetting=null
12-07 07:54:17.667 D/GsmDCT  ( 2774): [ApnContext:ims] setDataConnectionAc: old dcac=null new dcac=null this={mApnType=ims mState=IDLE mWaitingApns={null} mWaitingApnsPermanentFailureCountDown=0 mApnSetting={null} mReason=radioTurnedOff mDataEnabled=false mDependencyMet=true}
12-07 07:54:17.667 D/GsmDCT  ( 2774): [0]setupDataForSinglePdn: reason = radioTurnedOff isDisconnected = true
12-07 07:54:17.667 D/GsmDCT  ( 2774): [0]isOnlySingleDcAllowed(0): false
12-07 07:54:17.667 D/GsmDCT  ( 2774): [0]cleanUpConnection: X tearDown=false reason=radioTurnedOff apnContext={mApnType=ims mState=IDLE mWaitingApns={null} mWaitingApnsPermanentFailureCountDown=0 mApnSetting={null} mReason=radioTurnedOff mDataEnabled=false mDependencyMet=true} dcac=null
12-07 07:54:17.667 D/GsmDCT  ( 2774): [0]stopNetStatPoll
12-07 07:54:17.667 D/GsmDCT  ( 2774): [0]stopDataStallAlarm: current tag=58627 mDataStallAlarmIntent=null
12-07 07:54:17.667 D/GsmDCT  ( 2774): [0]cleanUpConnection: mDisconnectPendingCount = 0
12-07 07:54:17.669 D/GsmDCT  ( 2774): [0]isDataAllowed: not allowed due to - SIM not loaded and not NV subscription - mInternalDataEnabled= false
12-07 07:54:17.669 D/GsmDCT  ( 2774): [ApnContext:default] getApnSetting: apnSetting=[ApnSettingV3] CMNET, 1277, 46000, cmnet, , null, , , , -1, default | supl | net, IPV4V6, IP, true, 0, 0, false, 0, 0, 0, 0, , 
12-07 07:54:17.677 D/GsmDCT  ( 2774): [0]isDataAllowed: not allowed due to - SIM not loaded and not NV subscription - mInternalDataEnabled= false
12-07 07:54:17.677 D/GsmDCT  ( 2774): [ApnContext:mms] getApnSetting: apnSetting=null
12-07 07:54:17.682 D/GsmDCT  ( 2774): [0]isDataAllowed: not allowed due to - SIM not loaded and not NV subscription - mInternalDataEnabled= false
12-07 07:54:17.682 D/GsmDCT  ( 2774): [ApnContext:cbs] getApnSetting: apnSetting=null
12-07 07:54:17.688 D/GsmDCT  ( 2774): [0]isDataAllowed: not allowed due to - SIM not loaded and not NV subscription - mInternalDataEnabled= false
12-07 07:54:17.688 D/GsmDCT  ( 2774): [ApnContext:fota] getApnSetting: apnSetting=null
12-07 07:54:17.695 D/GsmDCT  ( 2774): [0]isDataAllowed: not allowed due to - SIM not loaded and not NV subscription - mInternalDataEnabled= false
12-07 07:54:17.695 D/GsmDCT  ( 2774): [ApnContext:supl] getApnSetting: apnSetting=null
12-07 07:54:17.709 D/GsmDCT  ( 2774): [0]isDataAllowed: not allowed due to - SIM not loaded and not NV subscription - mInternalDataEnabled= false
12-07 07:54:17.709 D/GsmDCT  ( 2774): [ApnContext:dun] getApnSetting: apnSetting=null
12-07 07:54:17.715 D/GsmDCT  ( 2774): [0]isDataAllowed: not allowed due to - SIM not loaded and not NV subscription - mInternalDataEnabled= false
12-07 07:54:17.715 D/GsmDCT  ( 2774): [ApnContext:hipri] getApnSetting: apnSetting=null
12-07 07:54:17.723 D/GsmDCT  ( 2774): [0]isDataAllowed: not allowed due to - SIM not loaded and not NV subscription - mInternalDataEnabled= false
12-07 07:54:17.723 D/GsmDCT  ( 2774): [ApnContext:ims] getApnSetting: apnSetting=null
12-07 07:54:17.726 D/UiccCard( 2774): Error in SIM access with exceptioncom.android.internal.telephony.CommandException: GENERIC_FAILURE
12-07 07:54:17.726 D/GsmSMSDispatcher( 2774): GsmSMSDispatcher: subId = 1 slotId = 0
12-07 07:54:17.726 D/GsmSMSDispatcher( 2774): Removing stale icc objects.
12-07 07:54:17.726 D/IccCardProxy( 2774): Icc changed. Reregestering.
12-07 07:54:17.726 D/IccCardProxy( 2774): updateActiveRecord app type = 1mIccRecords = null
12-07 07:54:17.726 D/SimPhoneBookIM( 2774): [SimPbInterfaceManager] Card update received: null
12-07 07:54:17.726 D/SimPhoneBookIM( 2774): [SimPbInterfaceManager] Card is null. Cleanup
12-07 07:54:17.726 D/GSMPhone( 2774): [GSMPhone] Removing stale icc objects.
12-07 07:54:17.726 D/GsmSST  ( 2774): [GsmSST1] Removing stale icc objects.
12-07 07:54:17.726 D/GsmDCT  ( 2774): [1]handleMessage msg={ when=-1s760ms what=270369 obj=android.os.AsyncResult@56b82c3 target=com.android.internal.telephony.dataconnection.DcTracker }
12-07 07:54:17.726 D/GsmDCT  ( 2774): [1]updateSimRecords: newSimRecords = null
12-07 07:54:17.726 D/GsmDCT  ( 2774): [1]Removing stale sim objects.
12-07 07:54:17.726 D/GsmDCT  ( 2774): [1]onUpdateIcc: newIccRecords null
12-07 07:54:17.727 D/GsmSMSDispatcher( 2774): GsmSMSDispatcher: subId = 2 slotId = 1
12-07 07:54:17.727 D/GsmSMSDispatcher( 2774): Removing stale icc objects.
12-07 07:54:17.727 D/IccCardProxy( 2774): Icc changed. Reregestering.
12-07 07:54:17.727 D/IccCardProxy( 2774): updateActiveRecord app type = 1mIccRecords = null
12-07 07:54:17.727 D/SUB     ( 2774): [SubInfoRecordUpdater]updateIccAvailability: Enter, slotId 1
12-07 07:54:17.727 I/SubHelper( 2774):  proceedToHandleIccEvent, radio not available, slotId = 1
12-07 07:54:17.727 D/SUB     ( 2774): [SubInfoRecordUpdater]updateIccAvailability: radio is OFF/unavailable, ignore 
12-07 07:54:17.727 D/SimPhoneBookIM( 2774): [SimPbInterfaceManager] Card update received: null
12-07 07:54:17.727 D/SimPhoneBookIM( 2774): [SimPbInterfaceManager] Card is null. Cleanup
12-07 07:54:17.727 D/GSMPhone( 2774): [GSMPhone] Removing stale icc objects.
12-07 07:54:17.727 D/GsmSST  ( 2774): [GsmSST0] Removing stale icc objects.
12-07 07:54:17.727 D/GsmDCT  ( 2774): [0]handleMessage msg={ when=-1s760ms what=270369 obj=android.os.AsyncResult@36704740 target=com.android.internal.telephony.dataconnection.DcTracker }
12-07 07:54:17.727 D/GsmDCT  ( 2774): [0]updateSimRecords: newSimRecords = null
12-07 07:54:17.727 D/GsmDCT  ( 2774): [0]Removing stale sim objects.
12-07 07:54:17.727 D/GsmDCT  ( 2774): [0]onUpdateIcc: newIccRecords null
12-07 07:54:17.793 E/SIMRecords( 2774): [SIMRecords] Received message { when=-924ms what=15 obj=android.os.AsyncResult@3f040679 target=com.android.internal.telephony.uicc.SIMRecords }[15]  while being destroyed. Ignoring.
12-07 07:54:17.794 E/SIMRecords( 2774): [SIMRecords] Received message { when=-924ms what=4 obj=android.os.AsyncResult@945cfbe target=com.android.internal.telephony.uicc.SIMRecords }[4]  while being destroyed. Ignoring.
12-07 07:54:17.794 E/SIMRecords( 2774): [SIMRecords] Received message { when=-924ms what=17 obj=android.os.AsyncResult@22f9881f target=com.android.internal.telephony.uicc.SIMRecords }[17]  while being destroyed. Ignoring.
12-07 07:54:17.794 D/AdnRecordLoader( 2774): handleMessage RuntimeException: com.android.internal.telephony.CommandException: GENERIC_FAILURE
12-07 07:54:17.794 E/SIMRecords( 2774): [SIMRecords] Received message { when=-924ms what=26 obj=android.os.AsyncResult@12b2976c target=com.android.internal.telephony.uicc.SIMRecords }[26]  while being destroyed. Ignoring.
12-07 07:54:17.794 E/SIMRecords( 2774): [SIMRecords] Received message { when=-924ms what=5 obj=android.os.AsyncResult@29b59135 target=com.android.internal.telephony.uicc.SIMRecords }[5]  while being destroyed. Ignoring.
12-07 07:54:17.794 E/SIMRecords( 2774): [SIMRecords] Received message { when=-924ms what=33 obj=android.os.AsyncResult@188b29ca target=com.android.internal.telephony.uicc.SIMRecords }[33]  while being destroyed. Ignoring.
12-07 07:54:17.794 E/SIMRecords( 2774): [SIMRecords] Received message { when=-924ms what=9 obj=android.os.AsyncResult@3638873b target=com.android.internal.telephony.uicc.SIMRecords }[9]  while being destroyed. Ignoring.
12-07 07:54:17.794 E/SIMRecords( 2774): [SIMRecords] Received message { when=-924ms what=34 obj=android.os.AsyncResult@21e7be58 target=com.android.internal.telephony.uicc.SIMRecords }[34]  while being destroyed. Ignoring.
12-07 07:54:17.794 D/GsmSST  ( 2774): [GsmSST1] ACTION_SIM_STATE_CHANGED
12-07 07:54:17.794 D/GsmSST  ( 2774): [GsmSST1] SIM state change, slotId: 1 simState[NOT_READY]
12-07 07:54:17.794 D/SUB     ( 2774): [SubInfoRecordUpdater][Receiver]+
12-07 07:54:17.794 D/SUB     ( 2774): [SubInfoRecordUpdater]Action: android.intent.action.SIM_STATE_CHANGED
12-07 07:54:17.794 D/SUB     ( 2774): [SubInfoRecordUpdater]slotId: 1 simStatus: NOT_READY
12-07 07:54:17.798 D/SUB     ( 2774): [SubInfoRecordUpdater][Receiver]-
12-07 07:54:17.858 D/GsmSST  ( 2774): [GsmSST0] ACTION_SIM_STATE_CHANGED
12-07 07:54:17.869 D/PhoneFactory( 2774): getPhone: phoneId != DEFAULT_PHONE_ID
12-07 07:54:17.869 D/PhoneFactory( 2774): getPhone:- phone=Handler (com.android.internal.telephony.PhoneProxy) {231b0911}
12-07 07:54:17.870 D/CAT     ( 2774): StkAppService: 7called on slot:1
12-07 07:54:17.870 E/SIMRecords( 2774): [SIMRecords] Received message { when=-996ms what=7 obj=android.os.AsyncResult@1bbb0bb1 target=com.android.internal.telephony.uicc.SIMRecords }[7]  while being destroyed. Ignoring.
12-07 07:54:17.870 E/SIMRecords( 2774): [SIMRecords] Received message { when=-996ms what=100 obj=android.os.AsyncResult@81a1896 target=com.android.internal.telephony.uicc.SIMRecords }[100]  while being destroyed. Ignoring.
12-07 07:54:17.870 D/CAT     ( 2774): StkAppService$ServiceHandler: Card/Icc Status change received
12-07 07:54:17.870 E/SIMRecords( 2774): [SIMRecords] Received message { when=-996ms what=8 obj=android.os.AsyncResult@9e5c17 target=com.android.internal.telephony.uicc.SIMRecords }[8]  while being destroyed. Ignoring.
12-07 07:54:17.870 D/CAT     ( 2774): StkAppService$ServiceHandler: CardStatus: false
12-07 07:54:17.870 D/CAT     ( 2774): StkAppService$ServiceHandler: CARD is ABSENT
12-07 07:54:17.871 E/SIMRecords( 2774): [SIMRecords] Received message { when=-997ms what=100 obj=android.os.AsyncResult@14466804 target=com.android.internal.telephony.uicc.SIMRecords }[100]  while being destroyed. Ignoring.
12-07 07:54:17.871 E/SIMRecords( 2774): [SIMRecords] Received message { when=-997ms what=32 obj=android.os.AsyncResult@cc3b1ed target=com.android.internal.telephony.uicc.SIMRecords }[32]  while being destroyed. Ignoring.
12-07 07:54:17.871 E/SIMRecords( 2774): [SIMRecords] Received message { when=-997ms what=28 obj=android.os.AsyncResult@19d72822 target=com.android.internal.telephony.uicc.SIMRecords }[28]  while being destroyed. Ignoring.
12-07 07:54:17.871 E/SIMRecords( 2774): [SIMRecords] Received message { when=-997ms what=24 obj=android.os.AsyncResult@3b22a2b3 target=com.android.internal.telephony.uicc.SIMRecords }[24]  while being destroyed. Ignoring.
12-07 07:54:17.873 I/backup_data_changed( 1182): android
12-07 07:54:17.884 I/backup_data_changed( 1182): android
12-07 07:54:17.884 I/backup_data_changed( 1182): android
12-07 07:54:17.886 I/notification_cancel( 1182): [1001,2774,com.android.stk,333,NULL,0,0,64,8,NULL]
12-07 07:54:17.892 D/GsmSMSDispatcher( 2774): GsmSMSDispatcher: subId = 1 slotId = 0
12-07 07:54:17.892 D/SimPhoneBookIM( 2774): [SimPbInterfaceManager] Card update received: null
12-07 07:54:17.892 D/SimPhoneBookIM( 2774): [SimPbInterfaceManager] Card is null. Cleanup
12-07 07:54:17.892 D/GsmDCT  ( 2774): [1]handleMessage msg={ when=-990ms what=270369 obj=android.os.AsyncResult@4c40070 target=com.android.internal.telephony.dataconnection.DcTracker }
12-07 07:54:17.892 D/GsmDCT  ( 2774): [1]updateSimRecords: newSimRecords = null
12-07 07:54:17.892 D/GsmDCT  ( 2774): [1]onUpdateIcc: newIccRecords null
12-07 07:54:17.893 D/GsmSMSDispatcher( 2774): GsmSMSDispatcher: subId = 2 slotId = 1
12-07 07:54:17.893 D/SUB     ( 2774): [SubInfoRecordUpdater]updateIccAvailability: Enter, slotId 0
12-07 07:54:17.893 I/SubHelper( 2774):  proceedToHandleIccEvent, radio not available, slotId = 0
12-07 07:54:17.893 D/SUB     ( 2774): [SubInfoRecordUpdater]updateIccAvailability: radio is OFF/unavailable, ignore 
12-07 07:54:17.893 D/SimPhoneBookIM( 2774): [SimPbInterfaceManager] Card update received: null
12-07 07:54:17.893 D/SimPhoneBookIM( 2774): [SimPbInterfaceManager] Card is null. Cleanup
12-07 07:54:17.893 D/GsmDCT  ( 2774): [0]handleMessage msg={ when=-989ms what=270369 obj=android.os.AsyncResult@6367fe9 target=com.android.internal.telephony.dataconnection.DcTracker }
12-07 07:54:17.893 D/GsmDCT  ( 2774): [0]updateSimRecords: newSimRecords = null
12-07 07:54:17.893 D/GsmDCT  ( 2774): [0]onUpdateIcc: newIccRecords null
12-07 07:54:17.893 D/GsmSST  ( 2774): [GsmSST1] ACTION_SIM_STATE_CHANGED
12-07 07:54:17.893 D/SUB     ( 2774): [SubInfoRecordUpdater][Receiver]+
12-07 07:54:17.893 D/SUB     ( 2774): [SubInfoRecordUpdater]Action: android.intent.action.SIM_STATE_CHANGED
12-07 07:54:17.893 D/SUB     ( 2774): [SubInfoRecordUpdater]slotId: 0 simStatus: NOT_READY
12-07 07:54:17.893 D/SUB     ( 2774): [SubInfoRecordUpdater][Receiver]-
12-07 07:54:17.896 D/GsmSST  ( 2774): [GsmSST0] ACTION_SIM_STATE_CHANGED
12-07 07:54:17.897 D/GsmSST  ( 2774): [GsmSST0] SIM state change, slotId: 0 simState[NOT_READY]
12-07 07:54:17.964 E/SIMRecords( 2774): [SIMRecords] Received message { when=-237ms what=12 obj=android.os.AsyncResult@1763a46e target=com.android.internal.telephony.uicc.SIMRecords }[12]  while being destroyed. Ignoring.
12-07 07:54:17.964 E/SIMRecords( 2774): [SIMRecords] Received message { when=-170ms what=10 obj=android.os.AsyncResult@2c9ab70f target=com.android.internal.telephony.uicc.SIMRecords }[10]  while being destroyed. Ignoring.
12-07 07:54:18.001 D/PhoneFactory( 2774): getPhone: phoneId != DEFAULT_PHONE_ID
12-07 07:54:18.002 D/PhoneFactory( 2774): getPhone:- phone=Handler (com.android.internal.telephony.PhoneProxy) {398f2d9b}
12-07 07:54:18.003 D/CAT     ( 2774): StkAppService: 7called on slot:0
12-07 07:54:18.004 D/CAT     ( 2774): StkAppService$ServiceHandler: Card/Icc Status change received
12-07 07:54:18.005 D/CAT     ( 2774): StkAppService$ServiceHandler: CardStatus: false
12-07 07:54:18.008 D/CAT     ( 2774): StkAppService$ServiceHandler: CARD is ABSENT
12-07 07:54:18.011 E/RILQ    (  446): (0/446): RIL[0][event] qcril_qmi_check_if_service_is_up: qmi_client_get_service_instance return  b2fcb8f0 -2
12-07 07:54:18.024 I/am_proc_start( 1182): [0,19930,10040,com.android.gallery3d,broadcast,com.android.gallery3d/.cloudservice.photowall.service.core.NetworkStateReceiver]
12-07 07:54:18.026 I/am_kill ( 1182): [0,18486,com.android.contacts,15,empty #9]
12-07 07:54:18.034 E/RILQ    (  446): (0/446): RIL[0][event] qcril_qmi_check_if_service_is_up: qmi_client_get_service_instance return  b2fcb450 -2
12-07 07:54:18.036 E/RILQ    (  599): (1/599): RIL[1][event] qcril_qmi_check_if_service_is_up: qmi_client_get_service_instance return  8dd7f450 -2
12-07 07:54:18.041 I/notification_cancel( 1182): [1001,2774,com.android.stk,333,NULL,0,0,64,8,NULL]
12-07 07:54:18.242 I/dvm_lock_sample( 1182): [system_server,1,main,201,ActivityManagerService.java,7245,-,19838,40]
12-07 07:54:18.242 I/dvm_lock_sample( 1182): [system_server,0,Binder_8,183,ActivityManagerService.java,15328,-,19838,36]
12-07 07:54:18.246 I/dvm_lock_sample( 1182): [system_server,1,Binder_5,146,ActivityManagerService.java,6838,-,19838,29]
12-07 07:54:18.246 I/am_proc_bound( 1182): [0,19930,com.android.gallery3d]
12-07 07:54:18.249 I/dvm_lock_sample( 1182): [system_server,0,Binder_10,224,ActivityManagerService.java,15328,-,19838,44]
12-07 07:54:18.253 I/am_proc_died( 1182): [0,18486,com.android.contacts]
12-07 07:54:18.410 I/am_broadcast_discard_app( 1182): [0,310343315,android.net.conn.CONNECTIVITY_CHANGE,10,ResolveInfo{74b25a2 com.letv.lesophoneclient/com.letv.component.upgrade.core.receiver.NetChangeReceiver m=0x108000}]
12-07 07:54:18.411 I/am_kill ( 1182): [0,18547,android.process.acore,15,empty #9]
12-07 07:54:18.613 E/RILQ    (  599): (1/599): RIL[1][event] qcril_qmi_check_if_service_is_up: qmi_client_get_service_instance return  8dd7f6c0 -2
12-07 07:54:18.615 E/RILQ    (  446): (0/446): RIL[0][event] qcril_qmi_check_if_service_is_up: qmi_client_get_service_instance return  b2fcb6c0 -2
12-07 07:54:18.625 I/dvm_lock_sample( 1182): [system_server,1,ActivityManager,214,BroadcastQueue.java,544,ActivityManagerService.java,19838,42]
12-07 07:54:18.625 I/am_broadcast_discard_app( 1182): [0,310343315,android.net.conn.CONNECTIVITY_CHANGE,11,ResolveInfo{3dc29233 com.letv.lesophoneclient/com.soundink.lib.ConnectionChangeReceiver m=0x108000}]
12-07 07:54:18.626 I/am_broadcast_discard_app( 1182): [0,310343315,android.net.conn.CONNECTIVITY_CHANGE,12,ResolveInfo{1ee2bb69 com.letv.letvshop/com.umeng.message.SystemReceiver m=0x108000}]
12-07 07:54:18.626 I/am_broadcast_discard_app( 1182): [0,310343315,android.net.conn.CONNECTIVITY_CHANGE,13,ResolveInfo{e0a1e8f com.letv.letvshop/com.easy.android.framework.util.netstate.EANetworkStateReceiver m=0x108000}]
12-07 07:54:18.627 I/dvm_lock_sample( 1182): [system_server,1,Binder_3,202,ActivityManagerService.java,10080,-,19838,40]
12-07 07:54:18.628 I/am_proc_died( 1182): [0,18547,android.process.acore]
12-07 07:54:18.650 I/am_broadcast_discard_app( 1182): [0,310343315,android.net.conn.CONNECTIVITY_CHANGE,17,ResolveInfo{138c51c com.letv.games/cn.jpush.android.service.PushReceiver m=0x108000}]
12-07 07:54:18.651 I/am_broadcast_discard_app( 1182): [0,310343315,android.net.conn.CONNECTIVITY_CHANGE,18,ResolveInfo{20e2a525 com.letv.games/com.leplay.gamecenter.activities.StatFragmentActivity$StatReceiver m=0x108000}]
12-07 07:54:18.657 I/am_broadcast_discard_app( 1182): [0,1058567888,android.net.conn.CONNECTIVITY_CHANGE,0,ResolveInfo{2e6fc6fa com.lesports.glivesports/com.f1llib.receiver.ConnectionChangeReceiver p=2147483647 m=0x108000}]
12-07 07:54:18.692 D/PhoneFactory( 2774): getPhone: phoneId != DEFAULT_PHONE_ID
12-07 07:54:18.692 D/PhoneFactory( 2774): getPhone:- phone=Handler (com.android.internal.telephony.PhoneProxy) {231b0911}
12-07 07:54:18.773 I/am_broadcast_discard_app( 1182): [0,1058567888,android.net.conn.CONNECTIVITY_CHANGE,10,ResolveInfo{339414ab com.letv.lesophoneclient/com.letv.component.upgrade.core.receiver.NetChangeReceiver m=0x108000}]
12-07 07:54:18.775 I/am_broadcast_discard_app( 1182): [0,1058567888,android.net.conn.CONNECTIVITY_CHANGE,11,ResolveInfo{3b9b1708 com.letv.lesophoneclient/com.soundink.lib.ConnectionChangeReceiver m=0x108000}]
12-07 07:54:18.776 I/am_broadcast_discard_app( 1182): [0,1058567888,android.net.conn.CONNECTIVITY_CHANGE,12,ResolveInfo{356358c6 com.letv.letvshop/com.umeng.message.SystemReceiver m=0x108000}]
12-07 07:54:18.776 I/am_broadcast_discard_app( 1182): [0,1058567888,android.net.conn.CONNECTIVITY_CHANGE,13,ResolveInfo{364e9bb4 com.letv.letvshop/com.easy.android.framework.util.netstate.EANetworkStateReceiver m=0x108000}]
12-07 07:54:18.903 I/am_broadcast_discard_app( 1182): [0,1058567888,android.net.conn.CONNECTIVITY_CHANGE,17,ResolveInfo{342153dd com.letv.games/cn.jpush.android.service.PushReceiver m=0x108000}]
12-07 07:54:18.904 I/am_broadcast_discard_app( 1182): [0,1058567888,android.net.conn.CONNECTIVITY_CHANGE,18,ResolveInfo{13ac3b52 com.letv.games/com.leplay.gamecenter.activities.StatFragmentActivity$StatReceiver m=0x108000}]
12-07 07:54:19.226 I/am_proc_start( 1182): [0,20103,10004,com.android.contacts,broadcast,com.android.contacts/com.mediatek.contacts.simcontact.BootCmpReceiver]
12-07 07:54:19.326 I/am_proc_bound( 1182): [0,20103,com.android.contacts]
12-07 07:54:19.374 I/am_kill ( 1182): [0,18870,com.android.exchange,15,empty #9]
12-07 07:54:19.407 D/SubController( 2774): [getActiveSubInfoList]+
12-07 07:54:19.407 D/SubController( 2774): selection:sim_id!=-1000 null
12-07 07:54:19.413 D/SubController( 2774): [getSubInfoRecord] SubId:1 iccid:898600710115f0530049 slotId:0 displayName: color:0 mcc/mnc:460/0 subStatus: 1 Nwmode: 1
12-07 07:54:19.413 D/SubController( 2774): [getSubInfoRecord] SubId:2 iccid:89860115811027929457 slotId:1 displayName: color:1 mcc/mnc:460/1 subStatus: 1 Nwmode: 22
12-07 07:54:19.419 D/SubController( 2774): [getActiveSubInfoList]- 2 infos return
12-07 07:54:19.492 I/am_proc_died( 1182): [0,18870,com.android.exchange]
12-07 07:54:19.493 D/PhoneFactory( 2774): getPhone: phoneId != DEFAULT_PHONE_ID
12-07 07:54:19.493 D/PhoneFactory( 2774): getPhone:- phone=Handler (com.android.internal.telephony.PhoneProxy) {398f2d9b}
12-07 07:54:19.511 D/PhoneFactory( 2774): getPhone: phoneId != DEFAULT_PHONE_ID
12-07 07:54:19.511 D/PhoneFactory( 2774): getPhone:- phone=Handler (com.android.internal.telephony.PhoneProxy) {231b0911}
12-07 07:54:19.540 D/PhoneFactory( 2774): getPhone: phoneId != DEFAULT_PHONE_ID
12-07 07:54:19.540 D/PhoneFactory( 2774): getPhone:- phone=Handler (com.android.internal.telephony.PhoneProxy) {398f2d9b}
12-07 07:54:19.542 D/PhoneFactory( 2774): getPhone: phoneId != DEFAULT_PHONE_ID
12-07 07:54:19.542 D/PhoneFactory( 2774): getPhone:- phone=Handler (com.android.internal.telephony.PhoneProxy) {231b0911}
12-07 07:54:19.548 D/PhoneFactory( 2774): getPhone: phoneId != DEFAULT_PHONE_ID
12-07 07:54:19.549 D/PhoneFactory( 2774): getPhone:- phone=Handler (com.android.internal.telephony.PhoneProxy) {398f2d9b}
12-07 07:54:19.559 D/PhoneFactory( 2774): getPhone: phoneId != DEFAULT_PHONE_ID
12-07 07:54:19.559 D/PhoneFactory( 2774): getPhone:- phone=Handler (com.android.internal.telephony.PhoneProxy) {231b0911}
12-07 07:54:19.587 D/PhoneFactory( 2774): getPhone: phoneId != DEFAULT_PHONE_ID
12-07 07:54:19.587 D/PhoneFactory( 2774): getPhone:- phone=Handler (com.android.internal.telephony.PhoneProxy) {398f2d9b}
12-07 07:54:19.595 D/PhoneFactory( 2774): getPhone: phoneId != DEFAULT_PHONE_ID
12-07 07:54:19.595 D/PhoneFactory( 2774): getPhone:- phone=Handler (com.android.internal.telephony.PhoneProxy) {231b0911}
12-07 07:54:19.608 D/PhoneFactory( 2774): getPhone: phoneId != DEFAULT_PHONE_ID
12-07 07:54:19.608 D/PhoneFactory( 2774): getPhone:- phone=Handler (com.android.internal.telephony.PhoneProxy) {398f2d9b}
12-07 07:54:19.611 D/PhoneFactory( 2774): getPhone: phoneId != DEFAULT_PHONE_ID
12-07 07:54:19.611 D/PhoneFactory( 2774): getPhone:- phone=Handler (com.android.internal.telephony.PhoneProxy) {231b0911}
12-07 07:54:19.617 D/PhoneFactory( 2774): getPhone: phoneId != DEFAULT_PHONE_ID
12-07 07:54:19.617 D/PhoneFactory( 2774): getPhone:- phone=Handler (com.android.internal.telephony.PhoneProxy) {398f2d9b}
12-07 07:54:19.620 D/PhoneFactory( 2774): getPhone: phoneId != DEFAULT_PHONE_ID
12-07 07:54:19.620 D/PhoneFactory( 2774): getPhone:- phone=Handler (com.android.internal.telephony.PhoneProxy) {231b0911}
12-07 07:54:19.627 D/PhoneFactory( 2774): getPhone: phoneId != DEFAULT_PHONE_ID
12-07 07:54:19.627 D/PhoneFactory( 2774): getPhone:- phone=Handler (com.android.internal.telephony.PhoneProxy) {398f2d9b}
12-07 07:54:19.636 D/PhoneFactory( 2774): getPhone: phoneId != DEFAULT_PHONE_ID
12-07 07:54:19.636 D/PhoneFactory( 2774): getPhone:- phone=Handler (com.android.internal.telephony.PhoneProxy) {231b0911}
12-07 07:54:19.645 D/PhoneFactory( 2774): getPhone: phoneId != DEFAULT_PHONE_ID
12-07 07:54:19.645 D/PhoneFactory( 2774): getPhone:- phone=Handler (com.android.internal.telephony.PhoneProxy) {398f2d9b}
12-07 07:54:19.651 D/PhoneFactory( 2774): getPhone: phoneId != DEFAULT_PHONE_ID
12-07 07:54:19.651 D/PhoneFactory( 2774): getPhone:- phone=Handler (com.android.internal.telephony.PhoneProxy) {231b0911}
12-07 07:54:19.658 D/PhoneFactory( 2774): getPhone: phoneId != DEFAULT_PHONE_ID
12-07 07:54:19.659 D/PhoneFactory( 2774): getPhone:- phone=Handler (com.android.internal.telephony.PhoneProxy) {398f2d9b}
12-07 07:54:19.671 D/PhoneFactory( 2774): getPhone: phoneId != DEFAULT_PHONE_ID
