12-07 07:54:26.422 D/SUB     ( 2774): [SubInfoRecordUpdater]updateIccAvailability: Enter, slotId 0
12-07 07:54:26.422 D/SUB     ( 2774): [SubInfoRecordUpdater]Slot[0]: New Card State = CARDSTATE_PRESENT Old Card State = CARDSTATE_PRESENT
12-07 07:54:26.422 D/SUB     ( 2774): [SubInfoRecordUpdater]SIM1 refresh happened, need sub activation
12-07 07:54:26.422 D/SUB     ( 2774): [SubInfoRecordUpdater]Wait for SIM1 IccId
12-07 07:54:26.422 D/SUB     ( 2774): [SubInfoRecordUpdater]queryIccId: slotid=0
12-07 07:54:26.422 D/SUB     ( 2774): [SubInfoRecordUpdater]Getting IccFileHandler
12-07 07:54:26.422 D/SUB     ( 2774): [SubInfoRecordUpdater]Querying IccId
12-07 07:54:26.422 D/RILJ    ( 2774): [5719]> iccIO: SIM_IO 0xc0 0x2fe2  path: 3F00,0,0,15 aid: a0000000871002ff86ffff89ffffffff [SUB0]
12-07 07:54:26.423 D/RILC    (  446): SOCKET RIL_SOCKET_1 REQUEST: REPORT_STK_SERVICE_IS_RUNNING length:8
12-07 07:54:26.423 D/RILC    (  446): RequestComplete, RIL_SOCKET_1
12-07 07:54:26.423 E/RILC    (  446): Send Response to RIL_SOCKET_1
12-07 07:54:26.424 E/RILQ    (  446): (0/446): RIL[0][event] qcril_gstk_qmi_get_recovery_proactive_cache: Error GET_CACHED_PROACTIVE_CMD_REQ, qmi_err_code: 0x0, result: 0x1, error: 0x47
12-07 07:54:26.425 E/RILQ    (  446): (0/446): RIL[0][event] qcril_gstk_qmi_get_recovery_proactive_cache: Error GET_CACHED_PROACTIVE_CMD_REQ, qmi_err_code: 0x0, result: 0x1, error: 0x47
12-07 07:54:26.425 D/RILJ    ( 2774): [5718]< RIL_REQUEST_REPORT_STK_SERVICE_IS_RUNNING  [SUB0]
12-07 07:54:26.428 D/RILC    (  446): RequestComplete, RIL_SOCKET_1
12-07 07:54:26.428 E/RILC    (  446): Send Response to RIL_SOCKET_1
12-07 07:54:26.443 D/RILC    (  446): RequestComplete, RIL_SOCKET_1
12-07 07:54:26.443 E/RILC    (  446): Send Response to RIL_SOCKET_1
12-07 07:54:26.452 D/RILC    (  446): RequestComplete, RIL_SOCKET_1
12-07 07:54:26.452 E/RILC    (  446): Send Response to RIL_SOCKET_1
12-07 07:54:26.460 D/RILC    (  599): RequestComplete, RIL_SOCKET_1
12-07 07:54:26.460 E/RILC    (  599): Send Response to RIL_SOCKET_1
12-07 07:54:26.467 D/RILJ    ( 2774): [5667]< SIM_IO IccIoResponse sw1:0x90 sw2:0x0 [SUB1]
12-07 07:54:26.471 D/RILC    (  446): RequestComplete, RIL_SOCKET_1
12-07 07:54:26.471 E/RILC    (  446): Send Response to RIL_SOCKET_1
12-07 07:54:26.488 D/RILC    (  446): RequestComplete, RIL_SOCKET_1
12-07 07:54:26.488 E/RILC    (  446): Send Response to RIL_SOCKET_1
12-07 07:54:26.498 D/RILC    (  446): RequestComplete, RIL_SOCKET_1
12-07 07:54:26.498 E/RILC    (  446): Send Response to RIL_SOCKET_1
12-07 07:54:26.517 D/RILC    (  599): RequestComplete, RIL_SOCKET_1
12-07 07:54:26.517 E/RILC    (  599): Send Response to RIL_SOCKET_1
12-07 07:54:26.517 D/RILJ    ( 2774): [5668]< SIM_IO IccIoResponse sw1:0x90 sw2:0x0 [SUB1]
12-07 07:54:26.545 D/RILC    (  599): RequestComplete, RIL_SOCKET_1
12-07 07:54:26.546 E/RILC    (  599): Send Response to RIL_SOCKET_1
12-07 07:54:26.546 D/RILJ    ( 2774): [5669]< SIM_IO IccIoResponse sw1:0x90 sw2:0x0 [SUB1]
12-07 07:54:26.553 D/RILJ    ( 2774): [5720]> iccIO: SIM_IO 0xc0 0x2fe2  path: 3F00,0,0,15 aid: a0000000871002ff86ffff89ffffffff [SUB0]
12-07 07:54:26.557 D/RILC    (  446): SOCKET RIL_SOCKET_1 REQUEST: SIM_IO length:124
12-07 07:54:26.558 D/TelephonyManager( 2172): getSimState(): slotId = 1, subId = [2], prop = READY
12-07 07:54:26.562 D/TelephonyManager( 2172): getSimState(): slotId = 1, subId = [2], prop = READY
12-07 07:54:26.570 D/SimPhoneBookIM( 2774): [SimPbInterfaceManager] Card update received: com.android.internal.telephony.uicc.UiccCard@1ea8ad32
12-07 07:54:26.570 D/SimPhoneBookIM( 2774): [SimPbInterfaceManager] Card is 3G
12-07 07:54:26.570 D/SimPhoneBookIM( 2774): [SimPbInterfaceManager] Existing app found
12-07 07:54:26.571 D/GsmDCT  ( 2774): [0]handleMessage msg={ when=-648ms what=270369 obj=android.os.AsyncResult@18b06a7e target=com.android.internal.telephony.dataconnection.DcTracker }
12-07 07:54:26.571 D/RilRequest( 2774): [5712]< SIM_IO error: com.android.internal.telephony.CommandException: GENERIC_FAILURE ret=IccIoResponse sw1:0x6a sw2:0x82
12-07 07:54:26.571 D/RilRequest( 2774): [5713]< SIM_IO error: com.android.internal.telephony.CommandException: GENERIC_FAILURE ret=IccIoResponse sw1:0x6a sw2:0x82
12-07 07:54:26.571 D/SIMRecords( 2774): [SIMRecords] getOperatorNumeric: IMSI == null
12-07 07:54:26.571 D/GsmDCT  ( 2774): [0]updateSimRecords: newSimRecords = SimRecords: mDestroyed=false mContext=com.android.phone.PhoneGlobals@1170ce4 mCi=com.android.internal.telephony.RIL@1f521c9d mFh=Handler (com.android.internal.telephony.uicc.UsimFileHandler) {127f7693} mParentApp=com.android.internal.telephony.uicc.UiccCardApplication@3f1876d0 recordsLoadedRegistrants=android.os.RegistrantList@67e26c9 mImsiReadyRegistrants=android.os.RegistrantList@3bfdf1ce mRecordsEventsRegistrants=android.os.RegistrantList@3e20e8ef mNewSmsRegistrants=android.os.RegistrantList@12d62ffc mNetworkSelectionModeAutomaticRegistrants=android.os.RegistrantList@20b96685 recordsToLoad=18 adnCache=Handler (com.android.internal.telephony.uicc.AdnRecordCache) {3c0b5cda} recordsRequested=true iccid=null msisdn=null msisdnTag=null voiceMailNum=null voiceMailTag=null newVoiceMailNum=null newVoiceMailTag=null isVoiceMailFixed=false mImsi=null mncLength=-1 mailboxIndex=0 spn=null mVmConfigcom.android.internal.telephony.uicc.VoiceMailConstants@31bd250b mSpnOverride=mSpnOverride callForwardingEnabled=false spnState=READ_SPN_3GPP mCphsInfo=null mCspPlmnEnabled=true efMWIS=null efCPHS_MWI=null mEfCff=null mEfCfis=null getOperatorNumeric=null
12-07 07:54:26.571 D/RILJ    ( 2774): [5714]< SIM_IO IccIoResponse sw1:0x90 sw2:0x0 [SUB0]
12-07 07:54:26.571 D/GsmDCT  ( 2774): [0]onUpdateIcc: newIccRecords null
12-07 07:54:26.571 D/CAT     ( 2774): CatService: handleMessage[7]
12-07 07:54:26.571 D/CAT     ( 2774): CatService: MSG_ID_ICC_CHANGED
12-07 07:54:26.571 D/CAT     ( 2774): CatService: New Card State = CARDSTATE_PRESENT Old Card State = CARDSTATE_PRESENT
12-07 07:54:26.571 D/RILJ    ( 2774): [5715]< SIM_IO IccIoResponse sw1:0x90 sw2:0x0 [SUB0]
12-07 07:54:26.571 D/CAT     ( 2774): CatService: handleMessage[7]
12-07 07:54:26.571 D/CAT     ( 2774): CatService: MSG_ID_ICC_CHANGED
12-07 07:54:26.571 D/CAT     ( 2774): CatService: New Card State = CARDSTATE_PRESENT Old Card State = CARDSTATE_PRESENT
12-07 07:54:26.571 D/RILJ    ( 2774): [5716]< SIM_IO IccIoResponse sw1:0x90 sw2:0x0 [SUB0]
12-07 07:54:26.571 D/GsmSMSDispatcher( 2774): GsmSMSDispatcher: subId = 1 slotId = 0
12-07 07:54:26.571 D/RILJ    ( 2774): [5717]< SIM_IO IccIoResponse sw1:0x90 sw2:0x0 [SUB0]
12-07 07:54:26.571 D/SimPhoneBookIM( 2774): [SimPbInterfaceManager] Card update received: com.android.internal.telephony.uicc.UiccCard@11db552a
12-07 07:54:26.571 D/SimPhoneBookIM( 2774): [SimPbInterfaceManager] Card is 3G
12-07 07:54:26.571 D/SimPhoneBookIM( 2774): [SimPbInterfaceManager] Existing app found
12-07 07:54:26.571 D/GsmDCT  ( 2774): [1]handleMessage msg={ when=-642ms what=270369 obj=android.os.AsyncResult@1f03ebdf target=com.android.internal.telephony.dataconnection.DcTracker }
12-07 07:54:26.571 D/SIMRecords( 2774): [SIMRecords] getSIMOperatorNumeric: bad mncLength
12-07 07:54:26.572 D/RILC    (  446): SOCKET RIL_SOCKET_1 REQUEST: SIM_IO length:124
12-07 07:54:26.576 D/RILC    (  446): RequestComplete, RIL_SOCKET_1
12-07 07:54:26.576 E/RILC    (  446): Send Response to RIL_SOCKET_1
12-07 07:54:26.578 D/RILJ    ( 2774): [5719]< SIM_IO IccIoResponse sw1:0x90 sw2:0x0 [SUB0]
12-07 07:54:26.587 D/GsmDCT  ( 2774): [1]updateSimRecords: newSimRecords = SimRecords: mDestroyed=false mContext=com.android.phone.PhoneGlobals@1170ce4 mCi=com.android.internal.telephony.RIL@2a452f62 mFh=Handler (com.android.internal.telephony.uicc.UsimFileHandler) {9d5b52b} mParentApp=com.android.internal.telephony.uicc.UiccCardApplication@17736d88 recordsLoadedRegistrants=android.os.RegistrantList@26b54321 mImsiReadyRegistrants=android.os.RegistrantList@227d346 mRecordsEventsRegistrants=android.os.RegistrantList@3b787907 mNewSmsRegistrants=android.os.RegistrantList@2995da34 mNetworkSelectionModeAutomaticRegistrants=android.os.RegistrantList@1581f05d recordsToLoad=17 adnCache=Handler (com.android.internal.telephony.uicc.AdnRecordCache) {47dddd2} recordsRequested=true iccid=null msisdn=null msisdnTag=null voiceMailNum=null voiceMailTag=null newVoiceMailNum=null newVoiceMailTag=null isVoiceMailFixed=false mImsi=460018301619932 mncLength=-1 mailboxIndex=0 spn=null mVmConfigcom.android.internal.telephony.uicc.VoiceMailConstants@25999ea3 mSpnOverride=mSpnOverride callForwardingEnabled=false spnState=READ_SPN_3GPP mCphsInfo=null mCspPlmnEnabled=true efMWIS=null efCPHS_MWI=null mEfCff=null mEfCfis=null getOperatorNumeric=null
12-07 07:54:26.587 D/GsmDCT  ( 2774): [1]onUpdateIcc: newIccRecords null
12-07 07:54:26.587 D/GsmSMSDispatcher( 2774): GsmSMSDispatcher: subId = 2 slotId = 1
12-07 07:54:26.587 D/SUB     ( 2774): [SubInfoRecordUpdater]updateIccAvailability: Enter, slotId 0
12-07 07:54:26.587 D/SUB     ( 2774): [SubInfoRecordUpdater]Slot[0]: New Card State = CARDSTATE_PRESENT Old Card State = CARDSTATE_PRESENT
12-07 07:54:26.587 D/SUB     ( 2774): [SubInfoRecordUpdater]SIM1 refresh happened, need sub activation
12-07 07:54:26.587 D/SUB     ( 2774): [SubInfoRecordUpdater]Wait for SIM1 IccId
12-07 07:54:26.587 D/SUB     ( 2774): [SubInfoRecordUpdater]queryIccId: slotid=0
12-07 07:54:26.587 D/SUB     ( 2774): [SubInfoRecordUpdater]Querying IccId
12-07 07:54:26.593 D/RILJ    ( 2774): [5721]> iccIO: SIM_IO 0xc0 0x2fe2  path: 3F00,0,0,15 aid: a0000000871002ff86ffff89ffffffff [SUB0]
12-07 07:54:26.594 D/RILC    (  446): RequestComplete, RIL_SOCKET_1
12-07 07:54:26.594 E/RILC    (  446): Send Response to RIL_SOCKET_1
12-07 07:54:26.596 D/RILJ    ( 2774): [5720]< SIM_IO IccIoResponse sw1:0x90 sw2:0x0 [SUB0]
12-07 07:54:26.599 D/SimPhoneBookIM( 2774): [SimPbInterfaceManager] Card update received: com.android.internal.telephony.uicc.UiccCard@1ea8ad32
12-07 07:54:26.600 D/RILC    (  446): SOCKET RIL_SOCKET_1 REQUEST: SIM_IO length:124
12-07 07:54:26.601 D/SimPhoneBookIM( 2774): [SimPbInterfaceManager] Card is 3G
12-07 07:54:26.601 D/SimPhoneBookIM( 2774): [SimPbInterfaceManager] Existing app found
12-07 07:54:26.601 D/GsmDCT  ( 2774): [0]handleMessage msg={ when=-672ms what=270369 obj=android.os.AsyncResult@3403902c target=com.android.internal.telephony.dataconnection.DcTracker }
12-07 07:54:26.601 D/SIMRecords( 2774): [SIMRecords] getOperatorNumeric: IMSI == null
12-07 07:54:26.601 D/GsmDCT  ( 2774): [0]updateSimRecords: newSimRecords = SimRecords: mDestroyed=false mContext=com.android.phone.PhoneGlobals@1170ce4 mCi=com.android.internal.telephony.RIL@1f521c9d mFh=Handler (com.android.internal.telephony.uicc.UsimFileHandler) {127f7693} mParentApp=com.android.internal.telephony.uicc.UiccCardApplication@3f1876d0 recordsLoadedRegistrants=android.os.RegistrantList@67e26c9 mImsiReadyRegistrants=android.os.RegistrantList@3bfdf1ce mRecordsEventsRegistrants=android.os.RegistrantList@3e20e8ef mNewSmsRegistrants=android.os.RegistrantList@12d62ffc mNetworkSelectionModeAutomaticRegistrants=android.os.RegistrantList@20b96685 recordsToLoad=18 adnCache=Handler (com.android.internal.telephony.uicc.AdnRecordCache) {3c0b5cda} recordsRequested=true iccid=null msisdn=null msisdnTag=null voiceMailNum=null voiceMailTag=null newVoiceMailNum=null newVoiceMailTag=null isVoiceMailFixed=false mImsi=null mncLength=-1 mailboxIndex=0 spn=null mVmConfigcom.android.internal.telephony.uicc.VoiceMailConstants@31bd250b mSpnOverride=mSpnOverride callForwardingEnabled=false spnState=READ_SPN_3GPP mCphsInfo=null mCspPlmnEnabled=true efMWIS=null efCPHS_MWI=null mEfCff=null mEfCfis=null getOperatorNumeric=null
12-07 07:54:26.601 D/GsmDCT  ( 2774): [0]onUpdateIcc: newIccRecords null
12-07 07:54:26.601 D/CAT     ( 2774): CatService: handleMessage[7]
12-07 07:54:26.601 D/CAT     ( 2774): CatService: MSG_ID_ICC_CHANGED
12-07 07:54:26.601 D/CAT     ( 2774): CatService: New Card State = CARDSTATE_PRESENT Old Card State = CARDSTATE_PRESENT
12-07 07:54:26.601 D/CAT     ( 2774): CatService: handleMessage[7]
12-07 07:54:26.601 D/CAT     ( 2774): CatService: MSG_ID_ICC_CHANGED
12-07 07:54:26.601 D/CAT     ( 2774): CatService: New Card State = CARDSTATE_PRESENT Old Card State = CARDSTATE_PRESENT
12-07 07:54:26.601 D/ModemBindingPolicyHandler( 2774): getNumOfRATsSupportedForNwMode: nwMode[1] modemCaps = [stack = 0, SuppRatBitMask = 82248, voiceDataCap = 1, maxDataCap = 1]
12-07 07:54:26.601 D/ModemBindingPolicyHandler( 2774): getNumOfRATsSupportedForNwMode: supportedRatMaskForNwMode:65536
12-07 07:54:26.601 D/ModemBindingPolicyHandler( 2774): getNumOfRATsSupportedForNwMode: nwMode[1] modemCaps = [stack = 1, SuppRatBitMask = 65536, voiceDataCap = 1, maxDataCap = 1]
12-07 07:54:26.601 D/ModemBindingPolicyHandler( 2774): getNumOfRATsSupportedForNwMode: supportedRatMaskForNwMode:65536
12-07 07:54:26.601 D/ModemBindingPolicyHandler( 2774): nwMode:1, on stack:1 is Supported
12-07 07:54:26.602 D/ModemBindingPolicyHandler( 2774): updatePreferredStackIds: current stack[1]supports NwMode[1] on phoneId[0]
12-07 07:54:26.602 D/ModemBindingPolicyHandler( 2774): getNumOfRATsSupportedForNwMode: nwMode[22] modemCaps = [stack = 0, SuppRatBitMask = 82248, voiceDataCap = 1, maxDataCap = 1]
12-07 07:54:26.602 D/ModemBindingPolicyHandler( 2774): getNumOfRATsSupportedForNwMode: supportedRatMaskForNwMode:82248
12-07 07:54:26.602 D/ModemBindingPolicyHandler( 2774): getNumOfRATsSupportedForNwMode: nwMode[22] modemCaps = [stack = 1, SuppRatBitMask = 65536, voiceDataCap = 1, maxDataCap = 1]
12-07 07:54:26.602 D/ModemBindingPolicyHandler( 2774): getNumOfRATsSupportedForNwMode: supportedRatMaskForNwMode:65536
12-07 07:54:26.602 D/ModemBindingPolicyHandler( 2774): nwMode:22, on stack:0 is Supported
12-07 07:54:26.602 D/ModemBindingPolicyHandler( 2774): updatePreferredStackIds: current stack[0]supports NwMode[22] on phoneId[1]
12-07 07:54:26.603 D/RILC    (  599): RequestComplete, RIL_SOCKET_1
12-07 07:54:26.603 E/RILC    (  599): Send Response to RIL_SOCKET_1
12-07 07:54:26.605 D/RILJ    ( 2774): [5671]< SIM_IO IccIoResponse sw1:0x90 sw2:0x0 [SUB1]
12-07 07:54:26.608 E/ModemStackController( 2774): updateStackBinding: FlexMap Disabled : false
12-07 07:54:26.608 D/ModemStackController( 2774): notifyStackReady: Stack is READY!!!
12-07 07:54:26.608 D/GsmSST  ( 2774): [GsmSST1] ACTION_SIM_STATE_CHANGED
12-07 07:54:26.608 D/SUB     ( 2774): [SubInfoRecordUpdater][Receiver]+
12-07 07:54:26.608 D/SUB     ( 2774): [SubInfoRecordUpdater]Action: android.intent.action.SIM_STATE_CHANGED
12-07 07:54:26.608 D/SUB     ( 2774): [SubInfoRecordUpdater]slotId: 0 simStatus: READY
12-07 07:54:26.608 D/SUB     ( 2774): [SubInfoRecordUpdater][Receiver]-
12-07 07:54:26.608 D/RILJ    ( 2774): [5722]> iccIO: SIM_IO 0xb0 0x6f46  path: 3F007FFF,0,0,17 aid: a0000000871002ff86ffff89ffffffff [SUB1]
12-07 07:54:26.620 D/RILC    (  446): RequestComplete, RIL_SOCKET_1
12-07 07:54:26.620 E/RILC    (  446): Send Response to RIL_SOCKET_1
12-07 07:54:26.625 D/RILC    (  599): SOCKET RIL_SOCKET_1 REQUEST: SIM_IO length:132
12-07 07:54:26.625 D/GsmSST  ( 2774): [GsmSST0] ACTION_SIM_STATE_CHANGED
12-07 07:54:26.625 D/GsmSST  ( 2774): [GsmSST0] SIM state change, slotId: 0 simState[READY]
12-07 07:54:26.625 D/PhoneBase( 2774): Get callforwarding info from perferences
12-07 07:54:26.626 D/SubController( 2774): [getActiveSubInfoList]+
12-07 07:54:26.626 D/SubController( 2774): selection:sim_id!=-1000 null
12-07 07:54:26.629 D/RILC    (  599): RequestComplete, RIL_SOCKET_1
12-07 07:54:26.629 E/RILC    (  599): Send Response to RIL_SOCKET_1
12-07 07:54:26.630 D/RILJ    ( 2774): [5722]< SIM_IO IccIoResponse sw1:0x90 sw2:0x0 [SUB1]
12-07 07:54:26.633 D/SubController( 2774): [getSubInfoRecord] SubId:1 iccid:898600710115f0530049 slotId:0 displayName:中国移动 color:0 mcc/mnc:460/0 subStatus: 1 Nwmode: 1
12-07 07:54:26.633 D/SubController( 2774): [getSubInfoRecord] SubId:2 iccid:89860115811027929457 slotId:1 displayName:中国联通 color:1 mcc/mnc:460/1 subStatus: 1 Nwmode: 22
12-07 07:54:26.638 D/SubController( 2774): [getActiveSubInfoList]- 2 infos return
12-07 07:54:26.638 D/PhoneBase( 2774): Callforwarding enabled value of 1: false
12-07 07:54:26.649 D/TelephonyManager( 2774): getLteOnCdmaMode=1 curVal=1 product_type='' lteOnCdmaProductType=''
12-07 07:54:26.649 D/RILJ    ( 2774): [5723]> REQUEST_SET_PREFERRED_NETWORK_TYPE : 1 [SUB0]
12-07 07:54:26.655 D/RILJ    ( 2774): [5724]> OPERATOR [SUB0]
12-07 07:54:26.656 D/RILC    (  446): SOCKET RIL_SOCKET_1 REQUEST: SET_PREFERRED_NETWORK_TYPE length:16
12-07 07:54:26.657 D/RILJ    ( 2774): [5725]> DATA_REGISTRATION_STATE [SUB0]
12-07 07:54:26.658 D/RILC    (  446): SOCKET RIL_SOCKET_1 REQUEST: OPERATOR length:8
12-07 07:54:26.660 D/RILC    (  446): RequestComplete, RIL_SOCKET_1
12-07 07:54:26.660 E/RILC    (  446): Send Response to RIL_SOCKET_1
12-07 07:54:26.661 D/RILC    (  446): RequestComplete, RIL_SOCKET_1
12-07 07:54:26.661 E/RILC    (  446): Send Response to RIL_SOCKET_1
12-07 07:54:26.661 D/RILJ    ( 2774): [5726]> VOICE_REGISTRATION_STATE [SUB0]
12-07 07:54:26.663 D/RILC    (  446): SOCKET RIL_SOCKET_1 REQUEST: DATA_REGISTRATION_STATE length:8
12-07 07:54:26.664 D/RILJ    ( 2774): [5727]> QUERY_NETWORK_SELECTION_MODE [SUB0]
12-07 07:54:26.664 D/RILC    (  446): SOCKET RIL_SOCKET_1 REQUEST: VOICE_REGISTRATION_STATE length:8
12-07 07:54:26.666 D/RILC    (  446): RequestComplete, RIL_SOCKET_1
12-07 07:54:26.666 E/RILC    (  446): Send Response to RIL_SOCKET_1
12-07 07:54:26.667 D/SIMRecords( 2774): [SIMRecords] getOperatorNumeric: IMSI == null
12-07 07:54:26.667 D/GsmSST  ( 2774): [GsmSST0]  operator from mIccRecords  null
12-07 07:54:26.667 D/GsmSST  ( 2774): [GsmSST0] adjustEccList can't get operator from mIccRecords or serviceState return
12-07 07:54:26.667 D/RILJ    ( 2774): [5728]> SIM_OPEN_CHANNEL [SUB0]
12-07 07:54:26.670 D/RILC    (  446): SOCKET RIL_SOCKET_1 REQUEST: QUERY_NETWORK_SELECTION_MODE length:8
12-07 07:54:26.670 D/SUB     ( 2774): [SubInfoRecordUpdater]EVENT_STACK_READY
12-07 07:54:26.670 D/SUB     ( 2774): [SubInfoRecordUpdater]Wait for SIM1 IccId
12-07 07:54:26.670 D/RILC    (  446): SOCKET RIL_SOCKET_1 REQUEST: SIM_OPEN_CHANNEL length:52
12-07 07:54:26.671 D/RILJ    ( 2774): [5729]> iccIO: SIM_IO 0xb2 0x6fc5  path: 3F007FFF,1,4,14 aid: a0000000871002ff86ffff89ffffffff [SUB1]
12-07 07:54:26.674 D/RILC    (  446): RequestComplete, RIL_SOCKET_1
12-07 07:54:26.675 E/RILC    (  446): Send Response to RIL_SOCKET_1
12-07 07:54:26.676 D/RILC    (  446): RequestComplete, RIL_SOCKET_1
12-07 07:54:26.676 E/RILC    (  446): Send Response to RIL_SOCKET_1
12-07 07:54:26.677 D/RILJ    ( 2774): [5730]> iccIO: SIM_IO 0xc0 0x6f17  path: 3F007FFF,0,0,15 aid: a0000000871002ff86ffff89ffffffff [SUB1]
12-07 07:54:26.678 D/RILC    (  599): SOCKET RIL_SOCKET_1 REQUEST: SIM_IO length:132
12-07 07:54:26.680 D/SIMRecords( 2774): [SIMRecords] onRecordLoaded 17 requested: true
12-07 07:54:26.680 D/UiccCard( 2774): Error in SIM access with exceptioncom.android.internal.telephony.CommandException: NO_SUCH_ELEMENT
12-07 07:54:26.681 D/RILC    (  599): SOCKET RIL_SOCKET_1 REQUEST: SIM_IO length:132
12-07 07:54:26.682 D/PhoneFactory( 2774): getPhone: phoneId != DEFAULT_PHONE_ID
12-07 07:54:26.683 D/PhoneFactory( 2774): getPhone:- phone=Handler (com.android.internal.telephony.PhoneProxy) {398f2d9b}
12-07 07:54:26.685 D/PhoneFactory( 2774): getPhone: phoneId != DEFAULT_PHONE_ID
12-07 07:54:26.686 D/PhoneFactory( 2774): getPhone:- phone=Handler (com.android.internal.telephony.PhoneProxy) {231b0911}
12-07 07:54:26.688 D/GsmSST  ( 2774): [GsmSST1] ACTION_SIM_STATE_CHANGED
12-07 07:54:26.688 D/GsmSST  ( 2774): [GsmSST1] SIM state change, slotId: 1 simState[IMSI]
12-07 07:54:26.688 D/SUB     ( 2774): [SubInfoRecordUpdater][Receiver]+
12-07 07:54:26.688 D/SUB     ( 2774): [SubInfoRecordUpdater]Action: android.intent.action.SIM_STATE_CHANGED
12-07 07:54:26.688 D/SUB     ( 2774): [SubInfoRecordUpdater]slotId: 1 simStatus: IMSI
12-07 07:54:26.688 D/SUB     ( 2774): [SubInfoRecordUpdater][Receiver]-
12-07 07:54:26.690 D/GsmSST  ( 2774): [GsmSST0] ACTION_SIM_STATE_CHANGED
12-07 07:54:26.690 D/SIMRecords( 2774): [SIMRecords] EF_MWIS : null
12-07 07:54:26.690 D/SIMRecords( 2774): [SIMRecords] EVENT_GET_MWIS_DONE exception = com.android.internal.telephony.CommandException: GENERIC_FAILURE
12-07 07:54:26.690 D/SIMRecords( 2774): [SIMRecords] onRecordLoaded 16 requested: true
12-07 07:54:26.694 D/SubController( 2774): [getActiveSubIdList] simInfoSet=[1=2, 0=1]
12-07 07:54:26.694 D/SubController( 2774): [getActiveSubIdList] X subIdArr.length=2
12-07 07:54:26.694 D/DctController( 2774): [DctController] DataStateReceiver: STATE_POWER_OFF Intent from phoneId=1
12-07 07:54:26.695 E/RILQ    (  446): (0/446): RIL[0][qmi_cb] qcril_uim_qmi_conv_open_logical_channel_resp: response error: 0x50
12-07 07:54:26.696 D/RILC    (  446): RequestComplete, RIL_SOCKET_1
12-07 07:54:26.696 E/RILC    (  446): Send Response to RIL_SOCKET_1
12-07 07:54:26.700 D/RILC    (  599): RequestComplete, RIL_SOCKET_1
12-07 07:54:26.700 E/RILC    (  599): Send Response to RIL_SOCKET_1
12-07 07:54:26.700 D/RILJ    ( 2774): [5696]< SIM_IO IccIoResponse sw1:0x90 sw2:0x0 [SUB1]
12-07 07:54:26.703 D/GsmDCT  ( 2774): [1]handleMessage msg={ when=-499ms what=270377 obj=android.os.AsyncResult@2979faf5 target=com.android.internal.telephony.dataconnection.DcTracker }
12-07 07:54:26.703 D/SIMRecords( 2774): [SIMRecords] getSIMOperatorNumeric: bad mncLength
12-07 07:54:26.703 D/GsmDCT  ( 2774): [1]updateSimRecords: newSimRecords = SimRecords: mDestroyed=false mContext=com.android.phone.PhoneGlobals@1170ce4 mCi=com.android.internal.telephony.RIL@2a452f62 mFh=Handler (com.android.internal.telephony.uicc.UsimFileHandler) {9d5b52b} mParentApp=com.android.internal.telephony.uicc.UiccCardApplication@17736d88 recordsLoadedRegistrants=android.os.RegistrantList@26b54321 mImsiReadyRegistrants=android.os.RegistrantList@227d346 mRecordsEventsRegistrants=android.os.RegistrantList@3b787907 mNewSmsRegistrants=android.os.RegistrantList@2995da34 mNetworkSelectionModeAutomaticRegistrants=android.os.RegistrantList@1581f05d recordsToLoad=16 adnCache=Handler (com.android.internal.telephony.uicc.AdnRecordCache) {47dddd2} recordsRequested=true iccid=null msisdn=null msisdnTag=null voiceMailNum=null voiceMailTag=null newVoiceMailNum=null newVoiceMailTag=null isVoiceMailFixed=false mImsi=460018301619932 mncLength=-1 mailboxIndex=0 spn=null mVmConfigcom.android.internal.telephony.uicc.VoiceMailConstants@25999ea3 mSpnOverride=mSpnOverride callForwardingEnabled=false spnState=READ_SPN_3GPP mCphsInfo=null mCspPlmnEnabled=true efMWIS=null efCPHS_MWI=null mEfCff=null mEfCfis=null getOperatorNumeric=null
12-07 07:54:26.703 D/GsmDCT  ( 2774): [1]onUpdateIcc: newIccRecords null
12-07 07:54:26.703 D/SIMRecords( 2774): [SIMRecords] EF_CPHS_MWI: null
12-07 07:54:26.703 D/SIMRecords( 2774): [SIMRecords] EVENT_GET_VOICE_MAIL_INDICATOR_CPHS_DONE exception = com.android.internal.telephony.CommandException: GENERIC_FAILURE
12-07 07:54:26.703 D/SIMRecords( 2774): [SIMRecords] onRecordLoaded 15 requested: true
12-07 07:54:26.703 D/SIMRecords( 2774): [SIMRecords] onRecordLoaded 14 requested: true
12-07 07:54:26.703 D/SIMRecords( 2774): [SIMRecords] IMSI: mMncLength=-1
12-07 07:54:26.703 D/SIMRecords( 2774): [SIMRecords] IMSI: 460008xxxxxxx
12-07 07:54:26.703 D/SIMRecords( 2774): [SIMRecords] isAppStateReady : appState = APPSTATE_READY
12-07 07:54:26.703 D/SIMRecords( 2774): [SIMRecords] onRecordLoaded 17 requested: true
12-07 07:54:26.703 D/RILJ    ( 2774): [5731]> iccIO: SIM_IO 0xb0 0x2fe2  path: 3F00,0,0,10 aid: a0000000871002ff86ffff89ffffffff [SUB0]
12-07 07:54:26.716 D/RILJ    ( 2774): [5732]> iccIO: SIM_IO 0xb0 0x6f38  path: 3F007FFF,0,0,10 aid: a0000000871002ff86ffff89ffffffff [SUB1]
12-07 07:54:26.716 D/RILC    (  446): SOCKET RIL_SOCKET_1 REQUEST: SIM_IO length:124
12-07 07:54:26.718 D/RILJ    ( 2774): [5733]> iccIO: SIM_IO 0xb0 0x6f3e  path: 3F007FFF,0,0,1 aid: a0000000871002ff86ffff89ffffffff [SUB1]
12-07 07:54:26.719 D/RILC    (  599): SOCKET RIL_SOCKET_1 REQUEST: SIM_IO length:132
12-07 07:54:26.719 D/RILC    (  446): RequestComplete, RIL_SOCKET_1
12-07 07:54:26.719 E/RILC    (  446): Send Response to RIL_SOCKET_1
12-07 07:54:26.722 D/RILC    (  599): RequestComplete, RIL_SOCKET_1
12-07 07:54:26.722 E/RILC    (  599): Send Response to RIL_SOCKET_1
12-07 07:54:26.722 D/RILJ    ( 2774): [5732]< SIM_IO IccIoResponse sw1:0x90 sw2:0x0 [SUB1]
12-07 07:54:26.723 D/RILJ    ( 2774): [5721]< SIM_IO IccIoResponse sw1:0x90 sw2:0x0 [SUB0]
12-07 07:54:26.723 D/RILJ    ( 2774): [5723]< REQUEST_SET_PREFERRED_NETWORK_TYPE  [SUB0]
12-07 07:54:26.723 D/RILJ    ( 2774): [5724]< OPERATOR {null, null, null} [SUB0]
12-07 07:54:26.723 D/RILJ    ( 2774): [5725]< DATA_REGISTRATION_STATE {2, null, null, null, 0, 20, null, null, null, null, null} [SUB0]
12-07 07:54:26.724 D/RILJ    ( 2774): [5726]< VOICE_REGISTRATION_STATE {2, null, null, 0, null, null, null, 0, null, null, null, null, null, 0, null} [SUB0]
12-07 07:54:26.724 D/RILJ    ( 2774): [5727]< QUERY_NETWORK_SELECTION_MODE {0} [SUB0]
12-07 07:54:26.724 D/RilRequest( 2774): [5728]< SIM_OPEN_CHANNEL error: com.android.internal.telephony.CommandException: NO_SUCH_ELEMENT ret=
12-07 07:54:26.724 D/RILJ    ( 2774): [5731]< SIM_IO IccIoResponse sw1:0x90 sw2:0x0 [SUB0]
12-07 07:54:26.728 D/RILJ    ( 2774): [5734]> iccIO: SIM_IO 0xb2 0x6f40  path: 3F007FFF,1,4,28 aid: a0000000871002ff86ffff89ffffffff [SUB0]
12-07 07:54:26.728 D/RILC    (  599): SOCKET RIL_SOCKET_1 REQUEST: SIM_IO length:132
12-07 07:54:26.732 D/RILC    (  599): RequestComplete, RIL_SOCKET_1
12-07 07:54:26.732 E/RILC    (  599): Send Response to RIL_SOCKET_1
12-07 07:54:26.734 D/RILJ    ( 2774): [5733]< SIM_IO IccIoResponse sw1:0x90 sw2:0x0 [SUB1]
12-07 07:54:26.743 D/RILJ    ( 2774): [5735]> iccIO: SIM_IO 0xb0 0x6fad  path: 3F007FFF,0,0,4 aid: a0000000871002ff86ffff89ffffffff [SUB0]
12-07 07:54:26.743 D/RILC    (  446): SOCKET RIL_SOCKET_1 REQUEST: SIM_IO length:132
12-07 07:54:26.732 I/auditd  (21278): type=1400 audit(0.0:204): avc: denied { write } for comm="modprobe" name="modules" dev="mmcblk0p40" ino=2721 scontext=u:r:kernel:s0 tcontext=u:object_r:system_file:s0 tclass=dir permissive=0
12-07 07:54:26.749 D/SIMRecords( 2774): [SIMRecords] onRecordLoaded 13 requested: true
12-07 07:54:26.749 D/RILJ    ( 2774): [5736]> iccIO: SIM_IO 0xb0 0x6f46  path: 3F007FFF,0,0,17 aid: a0000000871002ff86ffff89ffffffff [SUB0]
12-07 07:54:26.752 D/RILC    (  599): RequestComplete, RIL_SOCKET_1
12-07 07:54:26.752 E/RILC    (  599): Send Response to RIL_SOCKET_1
12-07 07:54:26.752 D/RILC    (  446): SOCKET RIL_SOCKET_1 REQUEST: SIM_IO length:132
12-07 07:54:26.754 D/RILC    (  446): RequestComplete, RIL_SOCKET_1
12-07 07:54:26.754 E/RILC    (  446): Send Response to RIL_SOCKET_1
12-07 07:54:26.756 D/RILJ    ( 2774): [5697]< SIM_IO IccIoResponse sw1:0x90 sw2:0x0 [SUB1]
12-07 07:54:26.757 D/RILJ    ( 2774): [5737]> iccIO: SIM_IO 0xb0 0x6f38  path: 3F007FFF,0,0,11 aid: a0000000871002ff86ffff89ffffffff [SUB0]
12-07 07:54:26.757 D/RILC    (  446): SOCKET RIL_SOCKET_1 REQUEST: SIM_IO length:132
12-07 07:54:26.757 D/RILJ    ( 2774): [5735]< SIM_IO IccIoResponse sw1:0x90 sw2:0x0 [SUB0]
12-07 07:54:26.760 D/RILC    (  446): RequestComplete, RIL_SOCKET_1
12-07 07:54:26.760 E/RILC    (  446): Send Response to RIL_SOCKET_1
12-07 07:54:26.763 D/RILC    (  446): RequestComplete, RIL_SOCKET_1
12-07 07:54:26.763 E/RILC    (  446): Send Response to RIL_SOCKET_1
12-07 07:54:26.770 D/RILJ    ( 2774): [5738]> iccIO: SIM_IO 0xb0 0x6f05  path: 3F007FFF,0,0,4 aid: a0000000871002ff86ffff89ffffffff [SUB1]
12-07 07:54:26.770 D/RILC    (  446): SOCKET RIL_SOCKET_1 REQUEST: SIM_IO length:132
12-07 07:54:26.770 D/RILJ    ( 2774): [5736]< SIM_IO IccIoResponse sw1:0x90 sw2:0x0 [SUB0]
12-07 07:54:26.770 D/RILJ    ( 2774): [5734]< SIM_IO IccIoResponse sw1:0x90 sw2:0x0 [SUB0]
12-07 07:54:26.773 D/RILC    (  446): RequestComplete, RIL_SOCKET_1
12-07 07:54:26.773 E/RILC    (  446): Send Response to RIL_SOCKET_1
12-07 07:54:26.773 D/RILJ    ( 2774): [5739]> iccIO: SIM_IO 0xb0 0x2f05  path: 3F00,0,0,4 aid: a0000000871002ff86ffff89ffffffff [SUB1]
12-07 07:54:26.773 D/RILC    (  599): SOCKET RIL_SOCKET_1 REQUEST: SIM_IO length:132
12-07 07:54:26.774 D/RILJ    ( 2774): [5737]< SIM_IO IccIoResponse sw1:0x90 sw2:0x0 [SUB0]
12-07 07:54:26.776 D/RILC    (  599): RequestComplete, RIL_SOCKET_1
12-07 07:54:26.776 E/RILC    (  599): Send Response to RIL_SOCKET_1
12-07 07:54:26.776 D/RILJ    ( 2774): [5738]< SIM_IO IccIoResponse sw1:0x90 sw2:0x0 [SUB1]
12-07 07:54:26.781 D/RILJ    ( 2774): [5740]> iccIO: SIM_IO 0xb0 0x6f3e  path: 3F007FFF,0,0,4 aid: a0000000871002ff86ffff89ffffffff [SUB0]
12-07 07:54:26.794 D/RILC    (  599): SOCKET RIL_SOCKET_1 REQUEST: SIM_IO length:124
12-07 07:54:26.795 I/am_proc_start( 1182): [0,21292,10033,com.android.calendar,service,com.android.calendar/.IClockService]
12-07 07:54:26.797 D/RILC    (  446): SOCKET RIL_SOCKET_1 REQUEST: SIM_IO length:132
12-07 07:54:26.797 D/RILJ    ( 2774): [5741]> iccIO: SIM_IO 0xb0 0x6f05  path: 3F007FFF,0,0,8 aid: a0000000871002ff86ffff89ffffffff [SUB0]
12-07 07:54:26.799 D/RILJ    ( 2774): [5742]> iccIO: SIM_IO 0xb0 0x2f05  path: 3F00,0,0,8 aid: a0000000871002ff86ffff89ffffffff [SUB0]
12-07 07:54:26.802 D/RILC    (  599): RequestComplete, RIL_SOCKET_1
12-07 07:54:26.802 E/RILC    (  599): Send Response to RIL_SOCKET_1
12-07 07:54:26.802 D/RILC    (  446): RequestComplete, RIL_SOCKET_1
12-07 07:54:26.802 E/RILC    (  446): Send Response to RIL_SOCKET_1
12-07 07:54:26.803 D/RILJ    ( 2774): [5739]< SIM_IO IccIoResponse sw1:0x90 sw2:0x0 [SUB1]
12-07 07:54:26.809 D/RILC    (  446): SOCKET RIL_SOCKET_1 REQUEST: SIM_IO length:132
12-07 07:54:26.809 D/RILJ    ( 2774): [5740]< SIM_IO IccIoResponse sw1:0x90 sw2:0x0 [SUB0]
12-07 07:54:26.811 D/RILC    (  446): RequestComplete, RIL_SOCKET_1
12-07 07:54:26.811 E/RILC    (  446): Send Response to RIL_SOCKET_1
12-07 07:54:26.824 D/RILJ    ( 2774): [5743]> iccIO: SIM_IO 0xb0 0x2fe2  path: 3F00,0,0,10 aid: a0000000871002ff86ffff89ffffffff [SUB0]
12-07 07:54:26.829 D/RILC    (  446): SOCKET RIL_SOCKET_1 REQUEST: SIM_IO length:124
12-07 07:54:26.831 D/RILC    (  446): RequestComplete, RIL_SOCKET_1
12-07 07:54:26.831 E/RILC    (  446): Send Response to RIL_SOCKET_1
12-07 07:54:26.834 D/RILJ    ( 2774): [5744]> iccIO: SIM_IO 0xb0 0x2fe2  path: 3F00,0,0,10 aid: a0000000871002ff86ffff89ffffffff [SUB0]
12-07 07:54:26.835 D/RILC    (  446): SOCKET RIL_SOCKET_1 REQUEST: SIM_IO length:124
12-07 07:54:26.838 D/RILC    (  446): RequestComplete, RIL_SOCKET_1
12-07 07:54:26.838 E/RILC    (  446): Send Response to RIL_SOCKET_1
12-07 07:54:26.840 D/RILJ    ( 2774): [5745]> iccIO: SIM_IO 0xb0 0x2fe2  path: 3F00,0,0,10 aid: a0000000871002ff86ffff89ffffffff [SUB1]
12-07 07:54:26.841 D/RILC    (  446): SOCKET RIL_SOCKET_1 REQUEST: SIM_IO length:124
12-07 07:54:26.843 D/RILC    (  446): RequestComplete, RIL_SOCKET_1
12-07 07:54:26.843 E/RILC    (  446): Send Response to RIL_SOCKET_1
12-07 07:54:26.843 D/SUB     ( 2774): [SubInfoRecordUpdater]EVENT_STACK_READY
12-07 07:54:26.843 D/SUB     ( 2774): [SubInfoRecordUpdater]Wait for SIM1 IccId
12-07 07:54:26.843 D/SIMRecords( 2774): [SIMRecords] onRecordLoaded 12 requested: true
12-07 07:54:26.843 D/SIMRecords( 2774): [SIMRecords] iccid: 89860115811027929457
12-07 07:54:26.843 D/SIMRecords( 2774): [SIMRecords] onRecordLoaded 11 requested: true
12-07 07:54:26.845 D/RILC    (  599): SOCKET RIL_SOCKET_1 REQUEST: SIM_IO length:124
12-07 07:54:26.845 D/SubController( 2774): [getActiveSubInfoList]+
12-07 07:54:26.846 D/SubController( 2774): selection:sim_id!=-1000 null
12-07 07:54:26.846 D/RILJ    ( 2774): [5741]< SIM_IO IccIoResponse sw1:0x90 sw2:0x0 [SUB0]
12-07 07:54:26.846 D/RILJ    ( 2774): [5742]< SIM_IO IccIoResponse sw1:0x90 sw2:0x0 [SUB0]
12-07 07:54:26.846 D/RILJ    ( 2774): [5743]< SIM_IO IccIoResponse sw1:0x90 sw2:0x0 [SUB0]
12-07 07:54:26.846 D/RILJ    ( 2774): [5744]< SIM_IO IccIoResponse sw1:0x90 sw2:0x0 [SUB0]
12-07 07:54:26.847 D/RILC    (  599): RequestComplete, RIL_SOCKET_1
12-07 07:54:26.847 E/RILC    (  599): Send Response to RIL_SOCKET_1
12-07 07:54:26.848 D/RILJ    ( 2774): [5745]< SIM_IO IccIoResponse sw1:0x90 sw2:0x0 [SUB1]
12-07 07:54:26.849 D/RILC    (  599): RequestComplete, RIL_SOCKET_1
12-07 07:54:26.849 E/RILC    (  599): Send Response to RIL_SOCKET_1
12-07 07:54:26.860 D/RILJ    ( 2774): [5729]< SIM_IO IccIoResponse sw1:0x90 sw2:0x0 [SUB1]
12-07 07:54:26.863 D/SubController( 2774): [getSubInfoRecord] SubId:1 iccid:898600710115f0530049 slotId:0 displayName:中国移动 color:0 mcc/mnc:460/0 subStatus: 1 Nwmode: 1
12-07 07:54:26.863 D/SubController( 2774): [getSubInfoRecord] SubId:2 iccid:89860115811027929457 slotId:1 displayName:中国联通 color:1 mcc/mnc:460/1 subStatus: 1 Nwmode: 22
12-07 07:54:26.873 D/SubController( 2774): [getActiveSubInfoList]- 2 infos return
12-07 07:54:26.874 D/PhoneFactory( 2774): getPhone: phoneId != DEFAULT_PHONE_ID
12-07 07:54:26.876 D/PhoneFactory( 2774): getPhone:- phone=Handler (com.android.internal.telephony.PhoneProxy) {398f2d9b}
12-07 07:54:26.877 I/notification_cancel( 1182): [1001,2774,com.android.phone,4,NULL,-1,0,64,8,NULL]
12-07 07:54:26.877 D/UiccCarrierPrivilegeRules( 2774): EVENT_OPEN_LOGICAL_CHANNEL_DONE
12-07 07:54:26.877 E/UiccCarrierPrivilegeRules( 2774): Error opening channel
12-07 07:54:26.877 D/RILJ    ( 2774): [5746]> iccIO: SIM_IO 0xb0 0x2fe2  path: 3F00,0,0,10 aid: a0000000871002ff86ffff89ffffffff [SUB1]
12-07 07:54:26.885 D/IccCardProxy( 2774): Broadcasting intent ACTION_SIM_STATE_CHANGED IMSI reason null for mCardIndex : 0
12-07 07:54:26.885 D/RILC    (  599): SOCKET RIL_SOCKET_1 REQUEST: SIM_IO length:124
12-07 07:54:26.886 I/am_proc_bound( 1182): [0,21292,com.android.calendar]
12-07 07:54:26.888 D/RILC    (  599): RequestComplete, RIL_SOCKET_1
12-07 07:54:26.888 E/RILC    (  599): Send Response to RIL_SOCKET_1
12-07 07:54:26.891 D/RILJ    ( 2774): [5746]< SIM_IO IccIoResponse sw1:0x90 sw2:0x0 [SUB1]
12-07 07:54:26.893 D/RILC    (  599): RequestComplete, RIL_SOCKET_1
12-07 07:54:26.893 E/RILC    (  599): Send Response to RIL_SOCKET_1
12-07 07:54:26.897 D/RilRequest( 2774): [5730]< SIM_IO error: com.android.internal.telephony.CommandException: GENERIC_FAILURE ret=IccIoResponse sw1:0x6a sw2:0x82
12-07 07:54:26.897 D/SIMRecords( 2774): [SIMRecords] EF_AD: 00000002
12-07 07:54:26.897 D/SIMRecords( 2774): [SIMRecords] setting4 mMncLength=2
12-07 07:54:26.897 D/SIMRecords( 2774): [SIMRecords] mccmncCode=460018
12-07 07:54:26.897 D/SIMRecords( 2774): [SIMRecords] update mccmnc=46001
12-07 07:54:26.903 D/TelephonyManager( 2774): getSimOperator(): default subId=1
12-07 07:54:26.911 D/TelephonyManager( 2774): getSimOperator: subId=1 operator=
12-07 07:54:26.913 I/configuration_changed( 1182): 2
12-07 07:54:26.956 D/TelephonyManager( 1182): getSimOperator(): default subId=1
12-07 07:54:26.982 D/TelephonyManager( 2172): getSimState(): slotId = 0, subId = [1], prop = READY
12-07 07:54:27.022 D/TelephonyManager( 1182): getSimOperator: subId=1 operator=
12-07 07:54:27.038 D/TelephonyManager( 2172): getSimState(): slotId = 1, subId = [2], prop = READY
12-07 07:54:27.046 D/TelephonyManager( 2172): getSimState(): slotId = 0, subId = [1], prop = READY
12-07 07:54:27.056 D/TelephonyManager( 2172): getSimState(): slotId = 0, subId = [1], prop = READY
12-07 07:54:27.060 I/am_relaunch_resume_activity( 1182): [0,780683618,36,com.android.phone/.MobileNetworkSettings]
12-07 07:54:27.064 D/TelephonyManager( 2172): getSimState(): slotId = 0, subId = [1], prop = READY
12-07 07:54:27.068 D/TelephonyManager( 2172): getSimState(): slotId = 0, subId = [1], prop = READY
12-07 07:54:27.073 I/dvm_lock_sample( 1182): [system_server,1,ActivityManager,138,BroadcastQueue.java,544,ActivityManagerService.java,18001,27]
12-07 07:54:27.073 D/SIMRecords( 2774): [SIMRecords] onRecordLoaded 10 requested: true
12-07 07:54:27.073 D/SIMRecords( 2774): [SIMRecords] onRecordLoaded 9 requested: true
12-07 07:54:27.073 E/SIMRecords( 2774): [SIMRecords] Exception in fetching EF_CSP data com.android.internal.telephony.CommandException: GENERIC_FAILURE
12-07 07:54:27.073 D/SIMRecords( 2774): [SIMRecords] onRecordLoaded 8 requested: true
12-07 07:54:27.073 D/RILJ    ( 2774): [5747]> iccIO: SIM_IO 0xb0 0x2fe2  path: 3F00,0,0,10 aid: a0000000871002ff86ffff89ffffffff [SUB0]
12-07 07:54:27.087 D/SIMRecords( 2774): [SIMRecords] getSIMOperatorNumeric: bad mncLength
12-07 07:54:27.087 D/GsmSST  ( 2774): [GsmSST0]  operator from mIccRecords  null
12-07 07:54:27.087 D/GsmSST  ( 2774): [GsmSST0] adjustEccList can't get operator from mIccRecords or serviceState return
12-07 07:54:27.087 D/PHONE   ( 2774): [ServiceState] setDataRegState=1
12-07 07:54:27.087 D/PHONE   ( 2774): [ServiceState] setDataRadioTechnology=0
12-07 07:54:27.087 D/GsmSST  ( 2774): [GsmSST0] handlPollStateResultMessage: GsmSST setDataRegState=1 regState=2 dataRadioTechnology=0
12-07 07:54:27.087 D/PHONE   ( 2774): [ServiceState] setVoiceRegState=1
12-07 07:54:27.087 E/PHONE   ( 2774): [ServiceState] setState deprecated use setVoiceRegState()
12-07 07:54:27.087 D/GsmSST  ( 2774): [GsmSST0] Poll ServiceState done:  oldSS=[1 1 home null null null  Unknown Unknown CSS not supported -1 -1 RoamInd=-1 DefRoamInd=-1 EmergOnly=false] newSS=[1 1 home null null null  Unknown Unknown CSS not supported -1 -1 RoamInd=-1 DefRoamInd=-1 EmergOnly=false] oldMaxDataCalls=20 mNewMaxDataCalls=20 oldReasonDataDenied=-1 mNewReasonDataDenied=-1
12-07 07:54:27.087 D/PHONE   ( 2774): [ServiceState] setNullState=1
12-07 07:54:27.087 D/UiccCard( 2774): Error in SIM access with exceptioncom.android.internal.telephony.CommandException: NO_SUCH_ELEMENT
12-07 07:54:27.087 D/RILJ    ( 2774): [5748]> iccIO: SIM_IO 0xc0 0x6f17  path: 3F007FFF,0,0,15 aid: a0000000871002ff86ffff89ffffffff [SUB0]
12-07 07:54:27.089 D/RILC    (  446): SOCKET RIL_SOCKET_1 REQUEST: SIM_IO length:124
12-07 07:54:27.092 D/RILC    (  446): RequestComplete, RIL_SOCKET_1
12-07 07:54:27.092 E/RILC    (  446): Send Response to RIL_SOCKET_1
12-07 07:54:27.092 D/RILJ    ( 2774): [5747]< SIM_IO IccIoResponse sw1:0x90 sw2:0x0 [SUB0]
12-07 07:54:27.113 D/SIMRecords( 2774): [SIMRecords] onRecordLoaded 17 requested: true
12-07 07:54:27.113 D/SIMRecords( 2774): [SIMRecords] EF_MWIS : null
12-07 07:54:27.113 D/SIMRecords( 2774): [SIMRecords] EVENT_GET_MWIS_DONE exception = com.android.internal.telephony.CommandException: GENERIC_FAILURE
12-07 07:54:27.113 D/SIMRecords( 2774): [SIMRecords] onRecordLoaded 16 requested: true
12-07 07:54:27.114 D/SIMRecords( 2774): [SIMRecords] EF_CPHS_MWI: null
12-07 07:54:27.114 D/SIMRecords( 2774): [SIMRecords] EVENT_GET_VOICE_MAIL_INDICATOR_CPHS_DONE exception = com.android.internal.telephony.CommandException: GENERIC_FAILURE
12-07 07:54:27.114 D/SIMRecords( 2774): [SIMRecords] onRecordLoaded 15 requested: true
12-07 07:54:27.114 D/SIMRecords( 2774): [SIMRecords] onRecordLoaded 14 requested: true
12-07 07:54:27.114 D/SIMRecords( 2774): [SIMRecords] onRecordLoaded 13 requested: true
12-07 07:54:27.114 D/RILC    (  446): SOCKET RIL_SOCKET_1 REQUEST: SIM_IO length:132
12-07 07:54:27.114 D/SIMRecords( 2774): [SIMRecords] onRecordLoaded 12 requested: true
12-07 07:54:27.114 D/SIMRecords( 2774): [SIMRecords] onRecordLoaded 11 requested: true
12-07 07:54:27.114 D/SIMRecords( 2774): [SIMRecords] EVENT_GET_SMS_RECORD_SIZE_DONE Size 176 total 8800 record 50
12-07 07:54:27.114 D/SIMRecords( 2774): [SIMRecords] onRecordLoaded 10 requested: true
12-07 07:54:27.114 E/SIMRecords( 2774): [SIMRecords] Exception in fetching EF_CSP data com.android.internal.telephony.CommandException: GENERIC_FAILURE
12-07 07:54:27.114 D/SIMRecords( 2774): [SIMRecords] onRecordLoaded 9 requested: true
12-07 07:54:27.114 D/SIMRecords( 2774): [SIMRecords] EVENT_GET_SMS_RECORD_SIZE_DONE Size 176 total 8800 record 50
12-07 07:54:27.114 E/SIMRecords( 2774): [SIMRecords] setServiceProviderName spn=
12-07 07:54:27.114 D/SIMRecords( 2774): [SIMRecords] getServiceProviderName: no brandOverride
12-07 07:54:27.114 D/SIMRecords( 2774): [SIMRecords] getServiceProviderName: providerName=
12-07 07:54:27.114 D/SIMRecords( 2774): [SIMRecords] Load EF_SPN:  spnDisplayCondition: 0
12-07 07:54:27.114 D/SIMRecords( 2774): [SIMRecords] getServiceProviderName: no brandOverride
12-07 07:54:27.114 D/SIMRecords( 2774): [SIMRecords] getServiceProviderName: providerName=
12-07 07:54:27.121 D/TelephonyManager( 2774): setTelephonyProperty property=gsm.sim.operator.alpha propVal=,
12-07 07:54:27.124 D/TelephonyManager( 2172): getSimState(): slotId = 1, subId = [2], prop = READY
12-07 07:54:27.128 D/SIMRecords( 2774): [SIMRecords] onRecordLoaded 7 requested: true
12-07 07:54:27.130 D/TelephonyManager( 2172): getSimState(): slotId = 0, subId = [1], prop = READY
12-07 07:54:27.130 D/RILC    (  446): RequestComplete, RIL_SOCKET_1
12-07 07:54:27.130 E/RILC    (  446): Send Response to RIL_SOCKET_1
12-07 07:54:27.132 D/RilRequest( 2774): [5748]< SIM_IO error: com.android.internal.telephony.CommandException: GENERIC_FAILURE ret=IccIoResponse sw1:0x6a sw2:0x82
12-07 07:54:27.132 D/GsmSST  ( 2774): [GsmSST1] ACTION_SIM_STATE_CHANGED
12-07 07:54:27.132 D/SUB     ( 2774): [SubInfoRecordUpdater][Receiver]+
12-07 07:54:27.132 D/SUB     ( 2774): [SubInfoRecordUpdater]Action: android.intent.action.SIM_STATE_CHANGED
12-07 07:54:27.132 D/SUB     ( 2774): [SubInfoRecordUpdater]slotId: 0 simStatus: IMSI
12-07 07:54:27.132 D/SUB     ( 2774): [SubInfoRecordUpdater][Receiver]-
12-07 07:54:27.134 D/GsmSST  ( 2774): [GsmSST0] ACTION_SIM_STATE_CHANGED
12-07 07:54:27.134 D/GsmSST  ( 2774): [GsmSST0] SIM state change, slotId: 0 simState[IMSI]
12-07 07:54:27.140 I/am_on_paused_called( 2774): [0,com.android.phone.MobileNetworkSettings]
12-07 07:54:27.156 D/TelephonyManager( 2172): getSimState(): slotId = 0, subId = [1], prop = READY
12-07 07:54:27.179 D/TelephonyManager( 2172): getSimState(): slotId = 1, subId = [2], prop = READY
12-07 07:54:27.181 D/TelephonyManager( 2172): getSimState(): slotId = 0, subId = [1], prop = READY
12-07 07:54:27.196 I/sf_frame_dur(  401): [com.android.phone/com.android.phone.MobileNetworkSettings,17,1,1,5,1,5,2]
12-07 07:54:27.234 I/am_proc_start( 1182): [0,21445,10002,com.android.providers.calendar,content provider,com.android.providers.calendar/.CalendarProvider2]
12-07 07:54:27.334 I/am_proc_bound( 1182): [0,21445,com.android.providers.calendar]
12-07 07:54:27.345 D/SubController( 2774): [getActiveSubInfoList]+
12-07 07:54:27.345 D/SubController( 2774): selection:sim_id!=-1000 null
12-07 07:54:27.357 D/SubController( 2774): [getSubInfoRecord] SubId:1 iccid:898600710115f0530049 slotId:0 displayName:中国移动 color:0 mcc/mnc:460/0 subStatus: 1 Nwmode: 1
12-07 07:54:27.357 D/SubController( 2774): [getSubInfoRecord] SubId:2 iccid:89860115811027929457 slotId:1 displayName:中国联通 color:1 mcc/mnc:460/1 subStatus: 1 Nwmode: 22
12-07 07:54:27.358 D/SubController( 2774): [getActiveSubInfoList]- 2 infos return
12-07 07:54:27.362 D/SubController( 2774): [getActiveSubInfoList]+
12-07 07:54:27.362 D/SubController( 2774): selection:sim_id!=-1000 null
12-07 07:54:27.373 D/SubController( 2774): [getSubInfoRecord] SubId:1 iccid:898600710115f0530049 slotId:0 displayName:中国移动 color:0 mcc/mnc:460/0 subStatus: 1 Nwmode: 1
12-07 07:54:27.373 D/SubController( 2774): [getSubInfoRecord] SubId:2 iccid:89860115811027929457 slotId:1 displayName:中国联通 color:1 mcc/mnc:460/1 subStatus: 1 Nwmode: 22
12-07 07:54:27.377 D/SubController( 2774): [getActiveSubInfoList]- 2 infos return
12-07 07:54:27.378 D/PhoneFactory( 2774): getPhone: phoneId != DEFAULT_PHONE_ID
12-07 07:54:27.379 D/PhoneFactory( 2774): getPhone:- phone=Handler (com.android.internal.telephony.PhoneProxy) {231b0911}
12-07 07:54:27.381 D/SubController( 2774): [getActiveSubInfoList]+
12-07 07:54:27.381 D/SubController( 2774): selection:sim_id!=-1000 null
12-07 07:54:27.384 D/SubController( 2774): [getSubInfoRecord] SubId:1 iccid:898600710115f0530049 slotId:0 displayName:中国移动 color:0 mcc/mnc:460/0 subStatus: 1 Nwmode: 1
12-07 07:54:27.384 D/SubController( 2774): [getSubInfoRecord] SubId:2 iccid:89860115811027929457 slotId:1 displayName:中国联通 color:1 mcc/mnc:460/1 subStatus: 1 Nwmode: 22
12-07 07:54:27.386 D/SubController( 2774): [getActiveSubInfoList]- 2 infos return
12-07 07:54:27.390 D/TelephonyManager( 2774): getLteOnCdmaMode=0 curVal=-1 product_type='' lteOnCdmaProductType=''
12-07 07:54:27.396 D/SubController( 2774): [getSubInfoUsingSlotIdWithCheck]+ slotId:1
12-07 07:54:27.400 D/SubController( 2774): [getSubInfoRecord] SubId:2 iccid:89860115811027929457 slotId:1 displayName:中国联通 color:1 mcc/mnc:460/1 subStatus: 1 Nwmode: 22
12-07 07:54:27.404 D/SubController( 2774): [getSubInfoUsingSlotId]- null info return
12-07 07:54:27.407 D/SubController( 2774): [getActiveSubInfoList]+
12-07 07:54:27.407 D/SubController( 2774): selection:sim_id!=-1000 null
12-07 07:54:27.411 D/SubController( 2774): [getSubInfoRecord] SubId:1 iccid:898600710115f0530049 slotId:0 displayName:中国移动 color:0 mcc/mnc:460/0 subStatus: 1 Nwmode: 1
12-07 07:54:27.411 D/SubController( 2774): [getSubInfoRecord] SubId:2 iccid:89860115811027929457 slotId:1 displayName:中国联通 color:1 mcc/mnc:460/1 subStatus: 1 Nwmode: 22
12-07 07:54:27.414 D/SubController( 2774): [getActiveSubInfoList]- 2 infos return
12-07 07:54:27.420 D/TelephonyRegistry( 1182): listen: add new record
12-07 07:54:27.421 D/TelephonyRegistry( 1182): listen: r={pkgForDebug=com.android.phone callerUid=0 subId=1 phoneId=0 events=20} r.subId=1 phoneId=0
12-07 07:54:27.421 D/TelephonyRegistry( 1182): validateEventsAndUserLocked: valid=false r.callerUid=0 foregroundUser=0 r.events=32 events=16
12-07 07:54:27.421 D/TelephonyRegistry( 1182): validateEventsAndUserLocked: valid=false r.callerUid=0 foregroundUser=0 r.events=32 events=1024
12-07 07:54:27.427 D/TelephonyRegistry( 1182): listen: add new record
12-07 07:54:27.427 D/TelephonyRegistry( 1182): listen: r={pkgForDebug=com.android.phone callerUid=0 subId=2 phoneId=1 events=20} r.subId=2 phoneId=1
12-07 07:54:27.429 I/am_kill ( 1182): [0,19834,com.android.deskclock,15,empty #9]
12-07 07:54:27.432 I/auditd  (21539): type=1400 audit(0.0:205): avc: denied { write } for comm="modprobe" name="modules" dev="mmcblk0p40" ino=2721 scontext=u:r:kernel:s0 tcontext=u:object_r:system_file:s0 tclass=dir permissive=0
12-07 07:54:27.652 I/dvm_lock_sample( 1182): [system_server,1,Binder_4,225,ActivityManagerService.java,20739,-,16629,45]
12-07 07:54:27.652 D/TelephonyRegistry( 1182): validateEventsAndUserLocked: valid=false r.callerUid=0 foregroundUser=0 r.events=32 events=16
12-07 07:54:27.653 I/am_kill ( 1182): [0,19029,com.android.email,15,empty #9]
12-07 07:54:27.763 I/dvm_lock_sample( 1182): [system_server,0,Binder_A,319,ActivityManagerService.java,15328,-,16629,63]
12-07 07:54:27.777 I/dvm_lock_sample( 1182): [system_server,0,Binder_D,201,ActivityManagerService.java,1217,-,16629,40]
12-07 07:54:27.778 I/am_proc_died( 1182): [0,19834,com.android.deskclock]
12-07 07:54:27.784 I/dvm_lock_sample( 1182): [system_server,1,ActivityManager,128,ActivityManagerService.java,3745,-,16649,25]
12-07 07:54:27.785 I/am_proc_died( 1182): [0,19029,com.android.email]
12-07 07:54:27.786 D/TelephonyRegistry( 1182): validateEventsAndUserLocked: valid=false r.callerUid=0 foregroundUser=0 r.events=32 events=1024
12-07 07:54:27.832 D/SubController( 2774): [getActiveSubInfoList]+
12-07 07:54:27.832 D/SubController( 2774): selection:sim_id!=-1000 null
12-07 07:54:27.838 D/SubController( 2774): [getSubInfoRecord] SubId:1 iccid:898600710115f0530049 slotId:0 displayName:中国移动 color:0 mcc/mnc:460/0 subStatus: 1 Nwmode: 1
12-07 07:54:27.838 D/SubController( 2774): [getSubInfoRecord] SubId:2 iccid:89860115811027929457 slotId:1 displayName:中国联通 color:1 mcc/mnc:460/1 subStatus: 1 Nwmode: 22
12-07 07:54:27.857 D/SubController( 2774): [getActiveSubInfoList]- 2 infos return
12-07 07:54:27.902 D/SubController( 2774): [getActiveSubInfoList]+
12-07 07:54:27.902 D/SubController( 2774): selection:sim_id!=-1000 null
12-07 07:54:27.907 D/SubController( 2774): [getSubInfoRecord] SubId:1 iccid:898600710115f0530049 slotId:0 displayName:中国移动 color:0 mcc/mnc:460/0 subStatus: 1 Nwmode: 1
12-07 07:54:27.907 D/SubController( 2774): [getSubInfoRecord] SubId:2 iccid:89860115811027929457 slotId:1 displayName:中国联通 color:1 mcc/mnc:460/1 subStatus: 1 Nwmode: 22
12-07 07:54:27.921 D/SubController( 2774): [getActiveSubInfoList]- 2 infos return
12-07 07:54:28.008 D/RILJ    ( 2774): [5749]> REQUEST_GET_PREFERRED_NETWORK_TYPE [SUB1]
12-07 07:54:28.016 D/RILC    (  599): SOCKET RIL_SOCKET_1 REQUEST: GET_PREFERRED_NETWORK_TYPE length:8
12-07 07:54:28.020 D/SubController( 2774): [getActiveSubInfoList]+
12-07 07:54:28.022 D/RILC    (  599): RequestComplete, RIL_SOCKET_1
12-07 07:54:28.022 E/RILC    (  599): Send Response to RIL_SOCKET_1
12-07 07:54:28.023 D/RILJ    ( 2774): [5749]< REQUEST_GET_PREFERRED_NETWORK_TYPE {10} [SUB1]
12-07 07:54:28.026 D/SubController( 2774): selection:sim_id!=-1000 null
12-07 07:54:28.035 D/SubController( 2774): [getSubInfoRecord] SubId:1 iccid:898600710115f0530049 slotId:0 displayName:中国移动 color:0 mcc/mnc:460/0 subStatus: 1 Nwmode: 1
12-07 07:54:28.035 D/SubController( 2774): [getSubInfoRecord] SubId:2 iccid:89860115811027929457 slotId:1 displayName:中国联通 color:1 mcc/mnc:460/1 subStatus: 1 Nwmode: 22
12-07 07:54:28.036 D/SubController( 2774): [getActiveSubInfoList]- 2 infos return
12-07 07:54:28.039 D/SubController( 2774): [getActiveSubIdList] simInfoSet=[1=2, 0=1]
12-07 07:54:28.039 D/SubController( 2774): [getActiveSubIdList] X subIdArr.length=2
12-07 07:54:28.039 D/SubController( 2774): [getActiveSubIdList] simInfoSet=[1=2, 0=1]
12-07 07:54:28.039 D/SubController( 2774): [getActiveSubIdList] X subIdArr.length=2
12-07 07:54:28.041 D/SubController( 2774): [getActiveSubInfoList]+
