12-07 07:54:36.889 I/dvm_lock_sample( 1182): [system_server,1,ActivityManager,208,ActivityManagerService.java,3745,-,16649,41]
12-07 07:54:36.894 D/SubController( 2774): [getSubInfoForSubscriberx]+ subId:1
12-07 07:54:36.901 D/SubController( 2774): [getSubInfoForSubscriberx]- Info detail:
12-07 07:54:36.901 D/SubController( 2774): [getSubInfoRecord] SubId:1 iccid:898600710115f0530049 slotId:0 displayName:中国移动 color:0 mcc/mnc:460/0 subStatus: 1 Nwmode: 1
12-07 07:54:36.930 E/PhoneBase( 2774): Error! registerForCallWaiting() in PhoneBase should not be called, CDMAPhone inactive.
12-07 07:54:36.933 I/am_proc_start( 1182): [0,22978,10039,com.android.exchange,content provider,com.android.exchange/.provider.ExchangeDirectoryProvider]
12-07 07:54:36.934 I/dvm_lock_sample( 1182): [system_server,0,Binder_2,162,ActivityManagerService.java,15766,-,16649,32]
12-07 07:54:36.934 I/am_proc_died( 1182): [0,22573,com.letv.android.note]
12-07 07:54:36.950 D/SubController( 2774): [getSubInfoForSubscriberx]+ subId:2
12-07 07:54:36.954 D/SubController( 2774): [getSubInfoForSubscriberx]- Info detail:
12-07 07:54:36.954 D/SubController( 2774): [getSubInfoRecord] SubId:2 iccid:89860115811027929457 slotId:1 displayName:中国联通 color:1 mcc/mnc:460/1 subStatus: 1 Nwmode: 22
12-07 07:54:36.970 E/PhoneBase( 2774): Error! registerForCallWaiting() in PhoneBase should not be called, CDMAPhone inactive.
12-07 07:54:36.983 I/am_proc_bound( 1182): [0,22978,com.android.exchange]
12-07 07:54:36.986 I/am_kill ( 1182): [0,22698,com.letv.leui.schpwronoff,15,empty #9]
12-07 07:54:36.990 D/SubController( 2774): [getActiveSubInfoList]+
12-07 07:54:36.990 D/SubController( 2774): selection:sim_id!=-1000 null
12-07 07:54:36.994 D/SubController( 2774): [getSubInfoRecord] SubId:1 iccid:898600710115f0530049 slotId:0 displayName:中国移动 color:0 mcc/mnc:460/0 subStatus: 1 Nwmode: 1
12-07 07:54:36.995 D/SubController( 2774): [getSubInfoRecord] SubId:2 iccid:89860115811027929457 slotId:1 displayName:中国联通 color:1 mcc/mnc:460/1 subStatus: 1 Nwmode: 22
12-07 07:54:36.996 D/SubController( 2774): [getActiveSubInfoList]- 2 infos return
12-07 07:54:37.004 D/SubController( 2774): [getActiveSubInfoList]+
12-07 07:54:37.005 D/SubController( 2774): selection:sim_id!=-1000 null
12-07 07:54:37.010 D/SubController( 2774): [getSubInfoRecord] SubId:1 iccid:898600710115f0530049 slotId:0 displayName:中国移动 color:0 mcc/mnc:460/0 subStatus: 1 Nwmode: 1
12-07 07:54:37.011 D/SubController( 2774): [getSubInfoRecord] SubId:2 iccid:89860115811027929457 slotId:1 displayName:中国联通 color:1 mcc/mnc:460/1 subStatus: 1 Nwmode: 22
12-07 07:54:37.017 D/SubController( 2774): [getActiveSubInfoList]- 2 infos return
12-07 07:54:37.045 D/CAT     ( 2774): CatService: handleMessage[9]
12-07 07:54:37.045 D/CAT     ( 2774): CatService: SESSION END on 0
12-07 07:54:37.058 I/dvm_lock_sample( 1182): [system_server,1,ActivityManager,71,ActivityManagerService.java,3745,-,6838,14]
12-07 07:54:37.059 I/am_proc_died( 1182): [0,22698,com.letv.leui.schpwronoff]
12-07 07:54:37.060 D/CAT     ( 2774): CatService: handleMessage[9]
12-07 07:54:37.060 D/CAT     ( 2774): CatService: SET_UP_MENU
12-07 07:54:37.060 D/CAT     ( 2774): CatService: encodeOptionalTags() Unsupported Cmd details=CmdDetails: compRequired=true commandNumber=1 typeOfCommand=37 commandQualifier=0
12-07 07:54:37.060 D/RILJ    ( 2774): [5790]> REQUEST_STK_SEND_TERMINAL_RESPONSE [SUB1]
12-07 07:54:37.063 D/CAT     ( 2774): CatService: Sending CmdMsg: com.android.internal.telephony.cat.CatCmdMessage@250d7ebc on slotid:1
12-07 07:54:37.064 D/RILC    (  599): SOCKET RIL_SOCKET_1 REQUEST: STK_SEND_TERMINAL_RESPONSE length:64
12-07 07:54:37.070 D/PhoneFactory( 2774): getPhone: phoneId != DEFAULT_PHONE_ID
12-07 07:54:37.070 D/PhoneFactory( 2774): getPhone:- phone=Handler (com.android.internal.telephony.PhoneProxy) {398f2d9b}
12-07 07:54:37.070 D/CAT     ( 2774): StkAppService: CatService instance for subscription 0 is : Handler (com.android.internal.telephony.cat.CatService) {24c46e45}
12-07 07:54:37.070 D/CAT     ( 2774): StkAppService: 1called on slot:0
12-07 07:54:37.071 D/CAT     ( 2774): StkAppService$ServiceHandler: SET_UP_MENU
12-07 07:54:37.071 D/CAT     ( 2774): StkAppService$ServiceHandler: Uninstall App
12-07 07:54:37.071 D/RILJ    ( 2774): [5791]> OPERATOR [SUB1]
12-07 07:54:37.074 D/RILJ    ( 2774): [5792]> DATA_REGISTRATION_STATE [SUB1]
12-07 07:54:37.076 D/RILJ    ( 2774): [5793]> VOICE_REGISTRATION_STATE [SUB1]
12-07 07:54:37.079 D/RILJ    ( 2774): [5794]> QUERY_NETWORK_SELECTION_MODE [SUB1]
12-07 07:54:37.089 E/RILQ    (  599): (1/599): RIL[1][event] qcril_gstk_qmi_copy_and_save_proactive_cmd: Invalid ril_unsol_resp parameters, cannot save
12-07 07:54:37.089 I/RILC    (  599): RIL_SOCKET_1 UNSOLICITED: UNSOL_STK_SESSION_END length:8
12-07 07:54:37.089 E/RILC    (  599): Send Response to RIL_SOCKET_1
12-07 07:54:37.090 D/RILC    (  599): RequestComplete, RIL_SOCKET_1
12-07 07:54:37.090 E/RILC    (  599): Send Response to RIL_SOCKET_1
12-07 07:54:37.090 D/RILC    (  599): SOCKET RIL_SOCKET_1 REQUEST: OPERATOR length:8
12-07 07:54:37.090 D/RILC    (  599): SOCKET RIL_SOCKET_1 REQUEST: DATA_REGISTRATION_STATE length:8
12-07 07:54:37.091 D/RILJ    ( 2774): [UNSL]< UNSOL_STK_SESSION_END [SUB1]
12-07 07:54:37.091 D/RILC    (  599): SOCKET RIL_SOCKET_1 REQUEST: VOICE_REGISTRATION_STATE length:8
12-07 07:54:37.091 D/RILJ    ( 2774): [5790]< REQUEST_STK_SEND_TERMINAL_RESPONSE  [SUB1]
12-07 07:54:37.091 D/RILC    (  599): SOCKET RIL_SOCKET_1 REQUEST: QUERY_NETWORK_SELECTION_MODE length:8
12-07 07:54:37.096 D/RILC    (  599): RequestComplete, RIL_SOCKET_1
12-07 07:54:37.096 E/RILC    (  599): Send Response to RIL_SOCKET_1
12-07 07:54:37.097 D/RILC    (  599): RequestComplete, RIL_SOCKET_1
12-07 07:54:37.097 E/RILC    (  599): Send Response to RIL_SOCKET_1
12-07 07:54:37.098 D/RILC    (  599): RequestComplete, RIL_SOCKET_1
12-07 07:54:37.098 E/RILC    (  599): Send Response to RIL_SOCKET_1
12-07 07:54:37.104 D/RILJ    ( 2774): [5793]< VOICE_REGISTRATION_STATE {2, null, null, 0, null, null, null, 0, null, null, null, null, null, 0, null} [SUB1]
12-07 07:54:37.105 D/RILJ    ( 2774): [5791]< OPERATOR {null, null, null} [SUB1]
12-07 07:54:37.105 D/RILJ    ( 2774): [5794]< QUERY_NETWORK_SELECTION_MODE {0} [SUB1]
12-07 07:54:37.105 D/RILC    (  599): RequestComplete, RIL_SOCKET_1
12-07 07:54:37.105 E/RILC    (  599): Send Response to RIL_SOCKET_1
12-07 07:54:37.106 D/RILJ    ( 2774): [5792]< DATA_REGISTRATION_STATE {2, null, null, null, 0, 20, null, null, null, null, null} [SUB1]
12-07 07:54:37.157 D/RILJ    ( 2774): [5795]> RIL_REQUEST_SIM_TRANSMIT_APDU_CHANNEL [SUB0]
12-07 07:54:37.169 D/RILC    (  446): SOCKET RIL_SOCKET_1 REQUEST: SIM_TRANSMIT_APDU_CHANNEL length:36
12-07 07:54:37.169 D/RILC    (  446): RequestComplete, RIL_SOCKET_1
12-07 07:54:37.169 E/RILC    (  446): Send Response to RIL_SOCKET_1
12-07 07:54:37.170 D/RILJ    ( 2774): [5795]< RIL_REQUEST_SIM_TRANSMIT_APDU_CHANNEL  [SUB0]
12-07 07:54:37.199 I/am_proc_start( 1182): [0,23062,10038,com.android.email,content provider,com.android.email/.provider.EmailProvider]
12-07 07:54:37.201 D/CAT     ( 2774): CatService: handleMessage[1]
12-07 07:54:37.201 D/CAT     ( 2774): CatService: ril message arrived,slotid:1
12-07 07:54:37.201 D/CAT     ( 2774): RilMessageDecoder$StateStart: StateStart mCaller isn't null and decodeMessageParams
12-07 07:54:37.208 D/PHONE   ( 2774): [ServiceState] setVoiceRegState=1
12-07 07:54:37.208 E/PHONE   ( 2774): [ServiceState] setState deprecated use setVoiceRegState()
12-07 07:54:37.208 D/GsmSST  ( 2774): [GsmSST1]  operator from mIccRecords  46001
12-07 07:54:37.208 D/GsmSST  ( 2774): [GsmSST1] adjustEccList not india or hk operator, do nothing
12-07 07:54:37.208 D/PHONE   ( 2774): [ServiceState] setDataRegState=1
12-07 07:54:37.208 D/PHONE   ( 2774): [ServiceState] setDataRadioTechnology=0
12-07 07:54:37.208 D/GsmSST  ( 2774): [GsmSST1] handlPollStateResultMessage: GsmSST setDataRegState=1 regState=2 dataRadioTechnology=0
12-07 07:54:37.208 D/GsmSST  ( 2774): [GsmSST1] Poll ServiceState done:  oldSS=[1 1 home null null null  Unknown Unknown CSS not supported -1 -1 RoamInd=-1 DefRoamInd=-1 EmergOnly=false] newSS=[1 1 home null null null  Unknown Unknown CSS not supported -1 -1 RoamInd=-1 DefRoamInd=-1 EmergOnly=false] oldMaxDataCalls=20 mNewMaxDataCalls=20 oldReasonDataDenied=-1 mNewReasonDataDenied=-1
12-07 07:54:37.208 D/PHONE   ( 2774): [ServiceState] setNullState=1
12-07 07:54:37.249 I/am_proc_bound( 1182): [0,23062,com.android.email]
12-07 07:54:37.252 I/am_kill ( 1182): [0,20103,com.android.contacts,15,empty #9]
12-07 07:54:37.257 D/PhoneFactory( 2774): getPhone: phoneId != DEFAULT_PHONE_ID
12-07 07:54:37.257 D/PhoneFactory( 2774): getPhone:- phone=Handler (com.android.internal.telephony.PhoneProxy) {398f2d9b}
12-07 07:54:37.257 D/CAT     ( 2774): StkAppService: 4called on slot:0
12-07 07:54:37.257 D/CAT     ( 2774): CatService: handleMessage[9]
12-07 07:54:37.257 D/CAT     ( 2774): CatService: SESSION END on 1
12-07 07:54:37.471 I/dvm_lock_sample( 1182): [system_server,1,ActivityManager,219,ActivityManagerService.java,3745,-,6838,43]
12-07 07:54:37.474 I/dvm_lock_sample( 1182): [system_server,0,Binder_A,215,ActivityManagerService.java,16649,-,6838,43]
12-07 07:54:37.477 I/am_proc_died( 1182): [0,20103,com.android.contacts]
12-07 07:54:37.513 D/PhoneFactory( 2774): getPhone: phoneId != DEFAULT_PHONE_ID
12-07 07:54:37.513 D/PhoneFactory( 2774): getPhone:- phone=Handler (com.android.internal.telephony.PhoneProxy) {231b0911}
12-07 07:54:37.513 D/CAT     ( 2774): StkAppService: CatService instance for subscription 1 is : Handler (com.android.internal.telephony.cat.CatService) {3f971302}
12-07 07:54:37.513 D/CAT     ( 2774): StkAppService: 1called on slot:1
12-07 07:54:37.514 D/CAT     ( 2774): StkAppService$ServiceHandler: SET_UP_MENU
12-07 07:54:37.514 D/CAT     ( 2774): StkAppService$ServiceHandler: Install App
12-07 07:54:37.516 I/backup_data_changed( 1182): android
12-07 07:54:37.530 D/RILJ    ( 2774): [5796]> RIL_REQUEST_SIM_TRANSMIT_APDU_CHANNEL [SUB0]
12-07 07:54:37.523 I/backup_data_changed( 1182): android
12-07 07:54:37.531 I/backup_data_changed( 1182): android
12-07 07:54:37.534 D/RILC    (  446): SOCKET RIL_SOCKET_1 REQUEST: SIM_TRANSMIT_APDU_CHANNEL length:48
12-07 07:54:37.547 D/PhoneFactory( 2774): getPhone: phoneId != DEFAULT_PHONE_ID
12-07 07:54:37.547 D/PhoneFactory( 2774): getPhone:- phone=Handler (com.android.internal.telephony.PhoneProxy) {231b0911}
12-07 07:54:37.547 D/CAT     ( 2774): StkAppService: 4called on slot:1
12-07 07:54:37.554 I/dvm_lock_sample( 1504): [uiautomator,0,UiAutomatorHandlerThread,4844,QueryController.java,61,-,149,100]
12-07 07:54:37.570 D/RILC    (  446): RequestComplete, RIL_SOCKET_1
12-07 07:54:37.570 E/RILC    (  446): Send Response to RIL_SOCKET_1
12-07 07:54:37.572 D/RILJ    ( 2774): [5796]< RIL_REQUEST_SIM_TRANSMIT_APDU_CHANNEL  [SUB0]
12-07 07:54:37.609 D/RILJ    ( 2774): [5797]> RIL_REQUEST_SIM_TRANSMIT_APDU_CHANNEL [SUB0]
12-07 07:54:37.614 D/RILC    (  446): SOCKET RIL_SOCKET_1 REQUEST: SIM_TRANSMIT_APDU_CHANNEL length:36
12-07 07:54:37.618 D/RILC    (  446): RequestComplete, RIL_SOCKET_1
12-07 07:54:37.618 E/RILC    (  446): Send Response to RIL_SOCKET_1
12-07 07:54:37.618 D/RILJ    ( 2774): [5797]< RIL_REQUEST_SIM_TRANSMIT_APDU_CHANNEL  [SUB0]
12-07 07:54:37.647 D/RILJ    ( 2774): [5798]> RIL_REQUEST_SIM_TRANSMIT_APDU_CHANNEL [SUB0]
12-07 07:54:37.651 D/RILC    (  446): SOCKET RIL_SOCKET_1 REQUEST: SIM_TRANSMIT_APDU_CHANNEL length:36
12-07 07:54:37.665 D/RILC    (  446): RequestComplete, RIL_SOCKET_1
12-07 07:54:37.665 E/RILC    (  446): Send Response to RIL_SOCKET_1
12-07 07:54:37.667 D/RILJ    ( 2774): [5798]< RIL_REQUEST_SIM_TRANSMIT_APDU_CHANNEL  [SUB0]
12-07 07:54:37.701 D/RILJ    ( 2774): [5799]> RIL_REQUEST_SIM_TRANSMIT_APDU_CHANNEL [SUB0]
12-07 07:54:37.705 D/RILC    (  446): SOCKET RIL_SOCKET_1 REQUEST: SIM_TRANSMIT_APDU_CHANNEL length:48
12-07 07:54:37.737 D/RILC    (  446): RequestComplete, RIL_SOCKET_1
12-07 07:54:37.737 E/RILC    (  446): Send Response to RIL_SOCKET_1
12-07 07:54:37.739 D/RILJ    ( 2774): [5799]< RIL_REQUEST_SIM_TRANSMIT_APDU_CHANNEL  [SUB0]
12-07 07:54:37.746 D/RILJ    ( 2774): [5800]> RIL_REQUEST_SIM_TRANSMIT_APDU_CHANNEL [SUB0]
12-07 07:54:37.751 D/RILC    (  446): SOCKET RIL_SOCKET_1 REQUEST: SIM_TRANSMIT_APDU_CHANNEL length:36
12-07 07:54:37.754 D/RILC    (  446): RequestComplete, RIL_SOCKET_1
12-07 07:54:37.754 E/RILC    (  446): Send Response to RIL_SOCKET_1
12-07 07:54:37.754 D/RILJ    ( 2774): [5800]< RIL_REQUEST_SIM_TRANSMIT_APDU_CHANNEL  [SUB0]
12-07 07:54:37.769 D/RILJ    ( 2774): [5801]> RIL_REQUEST_SIM_TRANSMIT_APDU_CHANNEL [SUB0]
12-07 07:54:37.771 D/RILC    (  446): SOCKET RIL_SOCKET_1 REQUEST: SIM_TRANSMIT_APDU_CHANNEL length:36
12-07 07:54:37.799 D/RILC    (  446): RequestComplete, RIL_SOCKET_1
12-07 07:54:37.799 E/RILC    (  446): Send Response to RIL_SOCKET_1
12-07 07:54:37.799 D/RILJ    ( 2774): [5801]< RIL_REQUEST_SIM_TRANSMIT_APDU_CHANNEL  [SUB0]
12-07 07:54:37.812 D/RILJ    ( 2774): [5802]> RIL_REQUEST_SIM_TRANSMIT_APDU_CHANNEL [SUB0]
12-07 07:54:37.816 D/RILC    (  446): SOCKET RIL_SOCKET_1 REQUEST: SIM_TRANSMIT_APDU_CHANNEL length:48
12-07 07:54:37.829 I/dvm_lock_sample(23062): [com.android.email,0,AsyncTask #4,213,AccountReconciler.java,119,Thread.java,-2,42]
12-07 07:54:37.848 D/RILC    (  446): RequestComplete, RIL_SOCKET_1
12-07 07:54:37.848 E/RILC    (  446): Send Response to RIL_SOCKET_1
12-07 07:54:37.848 D/RILJ    ( 2774): [5802]< RIL_REQUEST_SIM_TRANSMIT_APDU_CHANNEL  [SUB0]
12-07 07:54:37.860 D/RILJ    ( 2774): [5803]> RIL_REQUEST_SIM_TRANSMIT_APDU_CHANNEL [SUB0]
12-07 07:54:37.862 D/RILC    (  446): SOCKET RIL_SOCKET_1 REQUEST: SIM_TRANSMIT_APDU_CHANNEL length:36
12-07 07:54:37.865 D/RILC    (  446): RequestComplete, RIL_SOCKET_1
12-07 07:54:37.865 E/RILC    (  446): Send Response to RIL_SOCKET_1
12-07 07:54:37.865 D/RILJ    ( 2774): [5803]< RIL_REQUEST_SIM_TRANSMIT_APDU_CHANNEL  [SUB0]
12-07 07:54:37.870 I/dvm_lock_sample(23062): [com.android.email,0,AsyncTask #6,226,AccountReconciler.java,119,Thread.java,-2,45]
12-07 07:54:37.877 D/RILJ    ( 2774): [5804]> RIL_REQUEST_SIM_TRANSMIT_APDU_CHANNEL [SUB0]
12-07 07:54:37.880 D/RILC    (  446): SOCKET RIL_SOCKET_1 REQUEST: SIM_TRANSMIT_APDU_CHANNEL length:36
12-07 07:54:37.884 I/dvm_lock_sample(23062): [com.android.email,0,AsyncTask #8,237,AccountReconciler.java,119,Thread.java,-2,47]
12-07 07:54:37.893 D/RILC    (  446): RequestComplete, RIL_SOCKET_1
12-07 07:54:37.893 E/RILC    (  446): Send Response to RIL_SOCKET_1
12-07 07:54:37.893 D/RILJ    ( 2774): [5804]< RIL_REQUEST_SIM_TRANSMIT_APDU_CHANNEL  [SUB0]
12-07 07:54:37.897 D/RILJ    ( 2774): [5805]> SIM_CLOSE_CHANNEL [SUB0]
12-07 07:54:37.900 D/RILC    (  446): SOCKET RIL_SOCKET_1 REQUEST: SIM_CLOSE_CHANNEL length:16
12-07 07:54:37.908 D/RILC    (  446): RequestComplete, RIL_SOCKET_1
12-07 07:54:37.908 E/RILC    (  446): Send Response to RIL_SOCKET_1
12-07 07:54:37.908 D/RILJ    ( 2774): [5805]< SIM_CLOSE_CHANNEL  [SUB0]
12-07 07:54:37.914 D/RILJ    ( 2774): [5806]> SIM_OPEN_CHANNEL [SUB0]
12-07 07:54:37.916 D/RILC    (  446): SOCKET RIL_SOCKET_1 REQUEST: SIM_OPEN_CHANNEL length:52
12-07 07:54:37.944 E/RILQ    (  446): (0/446): RIL[0][qmi_cb] qcril_uim_qmi_conv_open_logical_channel_resp: response error: 0x50
12-07 07:54:37.945 D/RILC    (  446): RequestComplete, RIL_SOCKET_1
12-07 07:54:37.945 E/RILC    (  446): Send Response to RIL_SOCKET_1
12-07 07:54:37.946 D/RilRequest( 2774): [5806]< SIM_OPEN_CHANNEL error: com.android.internal.telephony.CommandException: NO_SUCH_ELEMENT ret=
12-07 07:54:37.946 D/UiccCard( 2774): Error in SIM access with exceptioncom.android.internal.telephony.CommandException: NO_SUCH_ELEMENT
12-07 07:54:37.949 D/RILJ    ( 2774): [5807]> SIM_OPEN_CHANNEL [SUB0]
12-07 07:54:37.951 D/RILC    (  446): SOCKET RIL_SOCKET_1 REQUEST: SIM_OPEN_CHANNEL length:64
12-07 07:54:37.972 D/RILC    (  446): RequestComplete, RIL_SOCKET_1
12-07 07:54:37.972 E/RILC    (  446): Send Response to RIL_SOCKET_1
12-07 07:54:37.972 D/RILJ    ( 2774): [5807]< SIM_OPEN_CHANNEL  [SUB0]
12-07 07:54:37.975 D/RILJ    ( 2774): [5808]> iccGetSelectResponse: SIM_GET_SELECT_RESPONSE  [SUB0]
12-07 07:54:37.977 D/RILC    (  446): SOCKET RIL_SOCKET_1 REQUEST: <unknown request> length:8
12-07 07:54:37.977 E/RILC    (  446): unsupported request code 135 token 2160
12-07 07:54:37.977 E/RILC    (  446): Send Response to RIL_SOCKET_1
12-07 07:54:37.978 D/RilRequest( 2774): [5808]< SIM_GET_SELECT_RESPONSE error: com.android.internal.telephony.CommandException: GENERIC_FAILURE ret=
12-07 07:54:37.978 E/UiccCardApplication( 2774): Error in SIM access event: 14 exception: com.android.internal.telephony.CommandException: GENERIC_FAILURE
12-07 07:54:37.983 D/RILJ    ( 2774): [5809]> RIL_REQUEST_SIM_TRANSMIT_APDU_CHANNEL [SUB0]
12-07 07:54:37.985 D/RILC    (  446): SOCKET RIL_SOCKET_1 REQUEST: SIM_TRANSMIT_APDU_CHANNEL length:36
12-07 07:54:37.985 D/RILC    (  446): RequestComplete, RIL_SOCKET_1
12-07 07:54:37.985 E/RILC    (  446): Send Response to RIL_SOCKET_1
12-07 07:54:37.986 D/RILJ    ( 2774): [5809]< RIL_REQUEST_SIM_TRANSMIT_APDU_CHANNEL  [SUB0]
12-07 07:54:37.991 D/RILJ    ( 2774): [5810]> RIL_REQUEST_SIM_TRANSMIT_APDU_CHANNEL [SUB0]
12-07 07:54:37.993 D/RILC    (  446): SOCKET RIL_SOCKET_1 REQUEST: SIM_TRANSMIT_APDU_CHANNEL length:48
12-07 07:54:38.026 D/RILC    (  446): RequestComplete, RIL_SOCKET_1
12-07 07:54:38.026 E/RILC    (  446): Send Response to RIL_SOCKET_1
12-07 07:54:38.026 D/RILJ    ( 2774): [5810]< RIL_REQUEST_SIM_TRANSMIT_APDU_CHANNEL  [SUB0]
12-07 07:54:38.030 D/RILJ    ( 2774): [5811]> RIL_REQUEST_SIM_TRANSMIT_APDU_CHANNEL [SUB0]
12-07 07:54:38.032 D/RILC    (  446): SOCKET RIL_SOCKET_1 REQUEST: SIM_TRANSMIT_APDU_CHANNEL length:36
12-07 07:54:38.036 D/RILC    (  446): RequestComplete, RIL_SOCKET_1
12-07 07:54:38.036 E/RILC    (  446): Send Response to RIL_SOCKET_1
12-07 07:54:38.036 D/RILJ    ( 2774): [5811]< RIL_REQUEST_SIM_TRANSMIT_APDU_CHANNEL  [SUB0]
12-07 07:54:38.042 D/RILJ    ( 2774): [5812]> RIL_REQUEST_SIM_TRANSMIT_APDU_CHANNEL [SUB0]
12-07 07:54:38.044 D/RILC    (  446): SOCKET RIL_SOCKET_1 REQUEST: SIM_TRANSMIT_APDU_CHANNEL length:36
12-07 07:54:38.057 D/RILC    (  446): RequestComplete, RIL_SOCKET_1
12-07 07:54:38.057 E/RILC    (  446): Send Response to RIL_SOCKET_1
12-07 07:54:38.057 D/RILJ    ( 2774): [5812]< RIL_REQUEST_SIM_TRANSMIT_APDU_CHANNEL  [SUB0]
12-07 07:54:38.061 D/RILJ    ( 2774): [5813]> RIL_REQUEST_SIM_TRANSMIT_APDU_CHANNEL [SUB0]
12-07 07:54:38.063 D/RILC    (  446): SOCKET RIL_SOCKET_1 REQUEST: SIM_TRANSMIT_APDU_CHANNEL length:48
12-07 07:54:38.095 D/RILC    (  446): RequestComplete, RIL_SOCKET_1
12-07 07:54:38.095 E/RILC    (  446): Send Response to RIL_SOCKET_1
12-07 07:54:38.095 D/RILJ    ( 2774): [5813]< RIL_REQUEST_SIM_TRANSMIT_APDU_CHANNEL  [SUB0]
12-07 07:54:38.099 D/RILJ    ( 2774): [5814]> RIL_REQUEST_SIM_TRANSMIT_APDU_CHANNEL [SUB0]
12-07 07:54:38.101 D/RILC    (  446): SOCKET RIL_SOCKET_1 REQUEST: SIM_TRANSMIT_APDU_CHANNEL length:36
12-07 07:54:38.104 D/RILC    (  446): RequestComplete, RIL_SOCKET_1
12-07 07:54:38.104 E/RILC    (  446): Send Response to RIL_SOCKET_1
12-07 07:54:38.105 D/RILJ    ( 2774): [5814]< RIL_REQUEST_SIM_TRANSMIT_APDU_CHANNEL  [SUB0]
12-07 07:54:38.110 D/RILJ    ( 2774): [5815]> RIL_REQUEST_SIM_TRANSMIT_APDU_CHANNEL [SUB0]
12-07 07:54:38.113 D/RILC    (  446): SOCKET RIL_SOCKET_1 REQUEST: SIM_TRANSMIT_APDU_CHANNEL length:36
12-07 07:54:38.140 D/RILC    (  446): RequestComplete, RIL_SOCKET_1
12-07 07:54:38.140 E/RILC    (  446): Send Response to RIL_SOCKET_1
12-07 07:54:38.140 D/RILJ    ( 2774): [5815]< RIL_REQUEST_SIM_TRANSMIT_APDU_CHANNEL  [SUB0]
12-07 07:54:38.145 D/RILJ    ( 2774): [5816]> RIL_REQUEST_SIM_TRANSMIT_APDU_CHANNEL [SUB0]
12-07 07:54:38.147 D/RILC    (  446): SOCKET RIL_SOCKET_1 REQUEST: SIM_TRANSMIT_APDU_CHANNEL length:48
12-07 07:54:38.178 D/RILC    (  446): RequestComplete, RIL_SOCKET_1
12-07 07:54:38.178 E/RILC    (  446): Send Response to RIL_SOCKET_1
12-07 07:54:38.179 D/RILJ    ( 2774): [5816]< RIL_REQUEST_SIM_TRANSMIT_APDU_CHANNEL  [SUB0]
12-07 07:54:38.184 D/RILJ    ( 2774): [5817]> RIL_REQUEST_SIM_TRANSMIT_APDU_CHANNEL [SUB0]
12-07 07:54:38.186 D/RILC    (  446): SOCKET RIL_SOCKET_1 REQUEST: SIM_TRANSMIT_APDU_CHANNEL length:36
12-07 07:54:38.189 D/RILC    (  446): RequestComplete, RIL_SOCKET_1
12-07 07:54:38.189 E/RILC    (  446): Send Response to RIL_SOCKET_1
12-07 07:54:38.190 D/RILJ    ( 2774): [5817]< RIL_REQUEST_SIM_TRANSMIT_APDU_CHANNEL  [SUB0]
12-07 07:54:38.198 D/RILJ    ( 2774): [5818]> RIL_REQUEST_SIM_TRANSMIT_APDU_CHANNEL [SUB0]
12-07 07:54:38.205 D/RILC    (  446): SOCKET RIL_SOCKET_1 REQUEST: SIM_TRANSMIT_APDU_CHANNEL length:36
12-07 07:54:38.217 D/RILC    (  446): RequestComplete, RIL_SOCKET_1
12-07 07:54:38.217 E/RILC    (  446): Send Response to RIL_SOCKET_1
12-07 07:54:38.218 D/RILJ    ( 2774): [5818]< RIL_REQUEST_SIM_TRANSMIT_APDU_CHANNEL  [SUB0]
12-07 07:54:38.221 D/RILJ    ( 2774): [5819]> SIM_CLOSE_CHANNEL [SUB0]
12-07 07:54:38.223 D/RILC    (  446): SOCKET RIL_SOCKET_1 REQUEST: SIM_CLOSE_CHANNEL length:16
12-07 07:54:38.231 D/RILC    (  446): RequestComplete, RIL_SOCKET_1
12-07 07:54:38.231 E/RILC    (  446): Send Response to RIL_SOCKET_1
12-07 07:54:38.231 D/RILJ    ( 2774): [5819]< SIM_CLOSE_CHANNEL  [SUB0]
12-07 07:54:38.922 I/keyevent( 1182): kbq keyCode=4 down=true canceled=false
12-07 07:54:38.928 I/keyevent( 1182): kbd keyCode=4 down=true repeatCount=0 canceled=false
12-07 07:54:38.933 I/keyevent( 1182): kbq keyCode=4 down=false canceled=false
12-07 07:54:38.935 I/keyevent( 1182): kbd keyCode=4 down=false repeatCount=0 canceled=false
12-07 07:54:38.936 I/am_finish_activity( 1182): [0,780683618,36,com.android.phone/.MobileNetworkSettings,app-request]
12-07 07:54:38.937 I/am_pause_activity( 1182): [0,780683618,com.android.phone/.MobileNetworkSettings]
12-07 07:54:38.941 I/am_on_paused_called( 2774): [0,com.android.phone.MobileNetworkSettings]
12-07 07:54:38.946 I/am_resume_activity( 1182): [0,954009328,36,com.android.settings/.Settings]
12-07 07:54:38.972 I/dvm_lock_sample( 1182): [system_server,1,Binder_C,10,WindowManagerService.java,7896,-,3186,2]
12-07 07:54:38.997 D/PhoneFactory( 2774): getPhone: phoneId != DEFAULT_PHONE_ID
12-07 07:54:38.997 D/PhoneFactory( 2774): getPhone:- phone=Handler (com.android.internal.telephony.PhoneProxy) {231b0911}
12-07 07:54:39.002 D/PhoneFactory( 2774): getPhone: phoneId != DEFAULT_PHONE_ID
12-07 07:54:39.002 D/PhoneFactory( 2774): getPhone:- phone=Handler (com.android.internal.telephony.PhoneProxy) {231b0911}
12-07 07:54:39.008 D/SubController( 2774): [getSubInfoUsingSlotIdWithCheck]+ slotId:0
12-07 07:54:39.013 D/SubController( 2774): [getSubInfoRecord] SubId:1 iccid:898600710115f0530049 slotId:0 displayName:中国移动 color:0 mcc/mnc:460/0 subStatus: 1 Nwmode: 1
12-07 07:54:39.014 D/SubController( 2774): [getSubInfoUsingSlotId]- null info return
12-07 07:54:39.018 D/SubController( 2774): [getActiveSubInfoList]+
12-07 07:54:39.019 D/SubController( 2774): selection:sim_id!=-1000 null
12-07 07:54:39.023 D/SubController( 2774): [getSubInfoRecord] SubId:1 iccid:898600710115f0530049 slotId:0 displayName:中国移动 color:0 mcc/mnc:460/0 subStatus: 1 Nwmode: 1
12-07 07:54:39.023 D/SubController( 2774): [getSubInfoRecord] SubId:2 iccid:89860115811027929457 slotId:1 displayName:中国联通 color:1 mcc/mnc:460/1 subStatus: 1 Nwmode: 22
12-07 07:54:39.024 D/SubController( 2774): [getActiveSubInfoList]- 2 infos return
12-07 07:54:39.032 I/am_on_resume_called( 3805): [0,com.android.settings.Settings]
12-07 07:54:39.135 D/SubController( 2774): [getActiveSubInfoList]+
12-07 07:54:39.136 D/SubController( 2774): selection:sim_id!=-1000 null
12-07 07:54:39.140 D/SubController( 2774): [getSubInfoRecord] SubId:1 iccid:898600710115f0530049 slotId:0 displayName:中国移动 color:0 mcc/mnc:460/0 subStatus: 1 Nwmode: 1
12-07 07:54:39.140 D/SubController( 2774): [getSubInfoRecord] SubId:2 iccid:89860115811027929457 slotId:1 displayName:中国联通 color:1 mcc/mnc:460/1 subStatus: 1 Nwmode: 22
12-07 07:54:39.141 D/SubController( 2774): [getActiveSubInfoList]- 2 infos return
12-07 07:54:39.145 D/SubController( 2774): [getActiveSubInfoList]+
12-07 07:54:39.145 D/SubController( 2774): selection:sim_id!=-1000 null
12-07 07:54:39.152 D/SubController( 2774): [getSubInfoRecord] SubId:1 iccid:898600710115f0530049 slotId:0 displayName:中国移动 color:0 mcc/mnc:460/0 subStatus: 1 Nwmode: 1
12-07 07:54:39.152 D/SubController( 2774): [getSubInfoRecord] SubId:2 iccid:89860115811027929457 slotId:1 displayName:中国联通 color:1 mcc/mnc:460/1 subStatus: 1 Nwmode: 22
12-07 07:54:39.154 D/SubController( 2774): [getActiveSubInfoList]- 2 infos return
12-07 07:54:39.159 D/SubController( 2774): [getActiveSubInfoList]+
12-07 07:54:39.159 D/SubController( 2774): selection:sim_id!=-1000 null
12-07 07:54:39.163 D/SubController( 2774): [getSubInfoRecord] SubId:1 iccid:898600710115f0530049 slotId:0 displayName:中国移动 color:0 mcc/mnc:460/0 subStatus: 1 Nwmode: 1
12-07 07:54:39.163 D/SubController( 2774): [getSubInfoRecord] SubId:2 iccid:89860115811027929457 slotId:1 displayName:中国联通 color:1 mcc/mnc:460/1 subStatus: 1 Nwmode: 22
12-07 07:54:39.166 D/SubController( 2774): [getActiveSubInfoList]- 2 infos return
12-07 07:54:39.175 D/PhoneFactory( 2774): getPhone: phoneId != DEFAULT_PHONE_ID
12-07 07:54:39.175 D/PhoneFactory( 2774): getPhone:- phone=Handler (com.android.internal.telephony.PhoneProxy) {231b0911}
12-07 07:54:39.177 D/PhoneFactory( 2774): getPhone: phoneId != DEFAULT_PHONE_ID
12-07 07:54:39.177 D/PhoneFactory( 2774): getPhone:- phone=Handler (com.android.internal.telephony.PhoneProxy) {231b0911}
12-07 07:54:39.179 D/SubController( 2774): [getActiveSubInfoList]+
12-07 07:54:39.179 D/SubController( 2774): selection:sim_id!=-1000 null
12-07 07:54:39.185 D/SubController( 2774): [getSubInfoRecord] SubId:1 iccid:898600710115f0530049 slotId:0 displayName:中国移动 color:0 mcc/mnc:460/0 subStatus: 1 Nwmode: 1
12-07 07:54:39.185 D/SubController( 2774): [getSubInfoRecord] SubId:2 iccid:89860115811027929457 slotId:1 displayName:中国联通 color:1 mcc/mnc:460/1 subStatus: 1 Nwmode: 22
12-07 07:54:39.187 D/SubController( 2774): [getActiveSubInfoList]- 2 infos return
12-07 07:54:39.192 D/PhoneFactory( 2774): getPhone: phoneId != DEFAULT_PHONE_ID
12-07 07:54:39.192 D/PhoneFactory( 2774): getPhone:- phone=Handler (com.android.internal.telephony.PhoneProxy) {231b0911}
12-07 07:54:39.194 D/PhoneFactory( 2774): getPhone: phoneId != DEFAULT_PHONE_ID
12-07 07:54:39.194 D/PhoneFactory( 2774): getPhone:- phone=Handler (com.android.internal.telephony.PhoneProxy) {231b0911}
12-07 07:54:39.196 D/SubController( 2774): [getActiveSubInfoList]+
12-07 07:54:39.196 D/SubController( 2774): selection:sim_id!=-1000 null
12-07 07:54:39.202 D/SubController( 2774): [getSubInfoRecord] SubId:1 iccid:898600710115f0530049 slotId:0 displayName:中国移动 color:0 mcc/mnc:460/0 subStatus: 1 Nwmode: 1
12-07 07:54:39.202 D/SubController( 2774): [getSubInfoRecord] SubId:2 iccid:89860115811027929457 slotId:1 displayName:中国联通 color:1 mcc/mnc:460/1 subStatus: 1 Nwmode: 22
12-07 07:54:39.203 D/SubController( 2774): [getActiveSubInfoList]- 2 infos return
12-07 07:54:39.206 D/PhoneFactory( 2774): getPhone: phoneId != DEFAULT_PHONE_ID
12-07 07:54:39.206 D/PhoneFactory( 2774): getPhone:- phone=Handler (com.android.internal.telephony.PhoneProxy) {231b0911}
12-07 07:54:39.212 D/PhoneFactory( 2774): getPhone: phoneId != DEFAULT_PHONE_ID
12-07 07:54:39.212 D/PhoneFactory( 2774): getPhone:- phone=Handler (com.android.internal.telephony.PhoneProxy) {231b0911}
12-07 07:54:39.213 D/SubController( 2774): [getActiveSubInfoList]+
12-07 07:54:39.213 D/SubController( 2774): selection:sim_id!=-1000 null
12-07 07:54:39.218 D/SubController( 2774): [getSubInfoRecord] SubId:1 iccid:898600710115f0530049 slotId:0 displayName:中国移动 color:0 mcc/mnc:460/0 subStatus: 1 Nwmode: 1
12-07 07:54:39.219 D/SubController( 2774): [getSubInfoRecord] SubId:2 iccid:89860115811027929457 slotId:1 displayName:中国联通 color:1 mcc/mnc:460/1 subStatus: 1 Nwmode: 22
12-07 07:54:39.220 D/SubController( 2774): [getActiveSubInfoList]- 2 infos return
12-07 07:54:39.223 D/SubController( 2774): [getSubInfoUsingSlotIdWithCheck]+ slotId:0
12-07 07:54:39.226 D/SubController( 2774): [getSubInfoRecord] SubId:1 iccid:898600710115f0530049 slotId:0 displayName:中国移动 color:0 mcc/mnc:460/0 subStatus: 1 Nwmode: 1
12-07 07:54:39.228 D/SubController( 2774): [getSubInfoUsingSlotId]- null info return
12-07 07:54:39.231 D/SubController( 2774): [getActiveSubInfoList]+
12-07 07:54:39.231 D/SubController( 2774): selection:sim_id!=-1000 null
12-07 07:54:39.235 D/SubController( 2774): [getSubInfoRecord] SubId:1 iccid:898600710115f0530049 slotId:0 displayName:中国移动 color:0 mcc/mnc:460/0 subStatus: 1 Nwmode: 1
12-07 07:54:39.235 D/SubController( 2774): [getSubInfoRecord] SubId:2 iccid:89860115811027929457 slotId:1 displayName:中国联通 color:1 mcc/mnc:460/1 subStatus: 1 Nwmode: 22
12-07 07:54:39.236 D/SubController( 2774): [getActiveSubInfoList]- 2 infos return
12-07 07:54:39.239 D/SubController( 2774): [getActiveSubInfoList]+
12-07 07:54:39.239 D/SubController( 2774): selection:sim_id!=-1000 null
12-07 07:54:39.243 D/SubController( 2774): [getSubInfoRecord] SubId:1 iccid:898600710115f0530049 slotId:0 displayName:中国移动 color:0 mcc/mnc:460/0 subStatus: 1 Nwmode: 1
12-07 07:54:39.243 D/SubController( 2774): [getSubInfoRecord] SubId:2 iccid:89860115811027929457 slotId:1 displayName:中国联通 color:1 mcc/mnc:460/1 subStatus: 1 Nwmode: 22
12-07 07:54:39.244 D/SubController( 2774): [getActiveSubInfoList]- 2 infos return
12-07 07:54:39.248 D/SubController( 2774): [getSubInfoUsingSlotIdWithCheck]+ slotId:0
12-07 07:54:39.253 D/SubController( 2774): [getSubInfoRecord] SubId:1 iccid:898600710115f0530049 slotId:0 displayName:中国移动 color:0 mcc/mnc:460/0 subStatus: 1 Nwmode: 1
12-07 07:54:39.255 D/SubController( 2774): [getSubInfoUsingSlotId]- null info return
12-07 07:54:39.318 D/SubController( 2774): [getActiveSubInfoList]+
12-07 07:54:39.318 D/SubController( 2774): selection:sim_id!=-1000 null
12-07 07:54:39.324 D/SubController( 2774): [getSubInfoRecord] SubId:1 iccid:898600710115f0530049 slotId:0 displayName:中国移动 color:0 mcc/mnc:460/0 subStatus: 1 Nwmode: 1
12-07 07:54:39.325 D/SubController( 2774): [getSubInfoRecord] SubId:2 iccid:89860115811027929457 slotId:1 displayName:中国联通 color:1 mcc/mnc:460/1 subStatus: 1 Nwmode: 22
12-07 07:54:39.326 D/SubController( 2774): [getActiveSubInfoList]- 2 infos return
12-07 07:54:39.669 I/am_destroy_activity( 1182): [0,780683618,36,com.android.phone/.MobileNetworkSettings,finish-imm]
12-07 07:54:39.709 I/backup_data_changed( 1182): android
12-07 07:54:39.709 I/sf_frame_dur(  401): [com.android.phone/com.android.phone.MobileNetworkSettings,3,1,1,1,1,1,2]
12-07 07:54:39.720 I/backup_data_changed( 1182): android
12-07 07:54:39.950 I/keyevent( 1182): kbq keyCode=4 down=true canceled=false
12-07 07:54:39.974 I/keyevent( 1182): kbd keyCode=4 down=true repeatCount=0 canceled=false
12-07 07:54:39.980 I/keyevent( 1182): kbq keyCode=4 down=false canceled=false
12-07 07:54:39.983 I/keyevent( 1182): kbd keyCode=4 down=false repeatCount=0 canceled=false
12-07 07:54:39.986 I/am_finish_activity( 1182): [0,954009328,36,com.android.settings/.Settings,app-request]
12-07 07:54:39.988 I/wm_task_moved( 1182): [7,1,0]
12-07 07:54:40.030 I/am_pause_activity( 1182): [0,954009328,com.android.settings/.Settings]
12-07 07:54:40.068 I/am_on_paused_called( 3805): [0,com.android.settings.Settings]
12-07 07:54:40.076 I/am_resume_activity( 1182): [0,872178599,7,com.android.launcher3/.Launcher]
12-07 07:54:40.119 I/am_on_resume_called( 2844): [0,com.android.launcher3.Launcher]
12-07 07:54:40.600 I/am_destroy_activity( 1182): [0,954009328,36,com.android.settings/.Settings,finish-imm]
12-07 07:54:40.630 I/sf_frame_dur(  401): [com.android.settings/com.android.settings.Settings,0,0,0,1,1,0,0]
12-07 07:54:40.756 I/wm_task_removed( 1182): [36,removeAppToken: last token]
12-07 07:54:40.756 I/wm_task_removed( 1182): [36,removeTask]
12-07 07:54:41.127 I/keyevent( 1182): kbq keyCode=4 down=true canceled=false
12-07 07:54:41.132 I/keyevent( 1182): kbd keyCode=4 down=true repeatCount=0 canceled=false
12-07 07:54:41.135 I/keyevent( 1182): kbq keyCode=4 down=false canceled=false
12-07 07:54:41.137 I/keyevent( 1182): kbd keyCode=4 down=false repeatCount=0 canceled=false
12-07 07:54:42.424 I/keyevent( 1182): kbq keyCode=4 down=true canceled=false
12-07 07:54:42.430 I/keyevent( 1182): kbd keyCode=4 down=true repeatCount=0 canceled=false
12-07 07:54:42.432 I/keyevent( 1182): kbq keyCode=4 down=false canceled=false
12-07 07:54:42.438 I/keyevent( 1182): kbd keyCode=4 down=false repeatCount=0 canceled=false
12-07 07:54:43.722 I/keyevent( 1182): kbq keyCode=4 down=true canceled=false
12-07 07:54:43.725 I/keyevent( 1182): kbd keyCode=4 down=true repeatCount=0 canceled=false
12-07 07:54:43.727 I/keyevent( 1182): kbq keyCode=4 down=false canceled=false
12-07 07:54:43.728 I/keyevent( 1182): kbd keyCode=4 down=false repeatCount=0 canceled=false
12-07 07:54:45.013 I/keyevent( 1182): kbq keyCode=3 down=true canceled=false
12-07 07:54:45.021 I/keyevent( 1182): kbd keyCode=3 down=true repeatCount=0 canceled=false
12-07 07:54:45.023 I/keyevent( 1182): kbq keyCode=3 down=false canceled=false
12-07 07:54:45.027 I/keyevent( 1182): kbd keyCode=3 down=false repeatCount=0 canceled=false
12-07 07:54:45.055 I/wm_task_moved( 1182): [7,1,0]
12-07 07:54:45.055 I/am_new_intent( 1182): [0,976336653,7,com.android.launcher3/.Launcher,android.intent.action.MAIN,NULL,NULL,270532608]
12-07 07:54:45.104 I/am_proc_start( 1182): [0,23134,10104,com.sina.weibo,broadcast,com.sina.weibo/.SwitchStateReceiver]
12-07 07:54:45.132 I/am_proc_bound( 1182): [0,23134,com.sina.weibo]
12-07 07:54:45.781 I/am_kill ( 1182): [0,20821,com.android.cellbroadcastreceiver,15,empty #9]
12-07 07:54:45.889 I/am_proc_died( 1182): [0,20821,com.android.cellbroadcastreceiver]
12-07 07:54:45.892 I/dvm_lock_sample(23134): [com.sina.weibo,0,HIGH_IO # default#4,87,SharePrefManager.java,331,Thread.java,-2,17]
12-07 07:54:46.779 I/wm_task_moved( 1182): [33,1,1]
12-07 07:54:46.818 I/am_pause_activity( 1182): [0,872178599,com.android.launcher3/.Launcher]
12-07 07:54:46.821 I/am_task_to_front( 1182): [0,33]
12-07 07:54:46.821 I/am_new_intent( 1182): [0,278785540,33,com.android.mms/.ui.ConversationList,android.intent.action.MAIN,NULL,NULL,274726912]
12-07 07:54:46.842 I/am_on_paused_called( 2844): [0,com.android.launcher3.Launcher]
12-07 07:54:46.849 I/am_resume_activity( 1182): [0,346561257,33,com.android.mms/.ui.ConversationList]
12-07 07:54:46.873 I/notification_cancel( 1182): [10013,16993,com.android.mms,239,NULL,0,0,64,8,NULL]
12-07 07:54:46.882 I/am_on_resume_called(16993): [0,com.android.mms.ui.ConversationList]
12-07 07:54:46.880 I/auditd  (17144): type=1400 audit(0.0:212): avc: denied { search } for comm="RenderThread" name="thermal" dev="sysfs" ino=19400 scontext=u:r:untrusted_app:s0 tcontext=u:object_r:sysfs_thermal:s0 tclass=dir permissive=0
12-07 07:54:46.982 I/notification_cancel( 1182): [10013,16993,com.android.mms,789,NULL,0,0,64,8,NULL]
12-07 07:54:46.990 I/notification_cancel( 1182): [10013,16993,com.android.mms,531,NULL,0,0,64,8,NULL]
12-07 07:54:47.006 I/notification_cancel_all( 1182): [10013,16993,com.android.mms,0,0,64,9,NULL]
12-07 07:54:47.234 I/sf_frame_dur(  401): [com.android.launcher3/com.android.launcher3.Launcher,236,6,2,3,3,1,0]
12-07 07:54:47.693 I/am_proc_start( 1182): [0,23180,10098,com.letv.android.quicksearchbox,broadcast,com.letv.android.quicksearchbox/.CorporaUpdateReceiver]
12-07 07:54:47.722 I/am_proc_bound( 1182): [0,23180,com.letv.android.quicksearchbox]
12-07 07:54:47.804 I/am_proc_start( 1182): [0,23203,10098,com.letv.android.quicksearchbox:install,service,com.letv.android.quicksearchbox/.update.SilenceInstallService]
12-07 07:54:47.840 I/am_proc_bound( 1182): [0,23203,com.letv.android.quicksearchbox:install]
12-07 07:54:47.876 I/am_kill ( 1182): [0,22726,com.qualcomm.timeservice,15,empty #9]
12-07 07:54:48.094 I/am_proc_died( 1182): [0,22726,com.qualcomm.timeservice]
12-07 07:54:48.168 I/am_kill ( 1182): [0,22751,com.letv.android.ecoProvider,15,empty #9]
12-07 07:54:48.275 I/dvm_lock_sample( 1182): [system_server,1,ActivityManager,108,ActivityManagerService.java,3745,-,16629,21]
12-07 07:54:48.276 I/am_proc_died( 1182): [0,22751,com.letv.android.ecoProvider]
12-07 07:54:50.200 I/RILC    (  599): RIL_SOCKET_1 UNSOLICITED: UNSOL_RESPONSE_VOICE_NETWORK_STATE_CHANGED length:8
12-07 07:54:50.200 E/RILC    (  599): Send Response to RIL_SOCKET_1
12-07 07:54:50.201 D/RILJ    ( 2774): [UNSL]< UNSOL_RESPONSE_VOICE_NETWORK_STATE_CHANGED [SUB1]
12-07 07:54:50.201 D/RILJ    ( 2774): [5820]> OPERATOR [SUB1]
12-07 07:54:50.205 I/RILC    (  599): RIL_SOCKET_1 UNSOLICITED: UNSOL_OEM_HOOK_RAW length:32
12-07 07:54:50.205 E/RILC    (  599): Send Response to RIL_SOCKET_1
12-07 07:54:50.206 V/RILJ    ( 2774): [UNSL]< UNSOL_OEM_HOOK_RAW 514f454d484f4f4bef0308000100000003 [SUB1]
12-07 07:54:50.206 D/RILJ    ( 2774): Oem ID in RIL_UNSOL_OEM_HOOK_RAW is QOEMHOOK
12-07 07:54:50.206 D/RILJ    ( 2774): OEM ID check Passed
12-07 07:54:50.206 D/RILJ    ( 2774): Response ID in RIL_UNSOL_OEM_HOOK_RAW is 525295
12-07 07:54:50.206 D/RILJ    ( 2774): Response ID 525295 is not served in this process.
12-07 07:54:50.208 D/RILJ    ( 2774): [5821]> DATA_REGISTRATION_STATE [SUB1]
12-07 07:54:50.210 D/RILC    (  599): SOCKET RIL_SOCKET_1 REQUEST: OPERATOR length:8
12-07 07:54:50.212 D/RILJ    ( 2774): [5822]> VOICE_REGISTRATION_STATE [SUB1]
12-07 07:54:50.214 D/RILC    (  599): RequestComplete, RIL_SOCKET_1
12-07 07:54:50.214 I/RILC    (  599): RIL_SOCKET_1 UNSOLICITED: UNSOL_RESPONSE_VOICE_NETWORK_STATE_CHANGED length:8
12-07 07:54:50.214 E/RILC    (  599): Send Response to RIL_SOCKET_1
12-07 07:54:50.214 E/RILC    (  599): Send Response to RIL_SOCKET_1
12-07 07:54:50.215 D/RILJ    ( 2774): [UNSL]< UNSOL_RESPONSE_VOICE_NETWORK_STATE_CHANGED [SUB1]
12-07 07:54:50.215 D/RILJ    ( 2774): [5820]< OPERATOR {null, null, null} [SUB1]
12-07 07:54:50.215 D/RILC    (  599): SOCKET RIL_SOCKET_1 REQUEST: DATA_REGISTRATION_STATE length:8
12-07 07:54:50.215 I/RILC    (  599): RIL_SOCKET_1 UNSOLICITED: UNSOL_VOICE_RADIO_TECH_CHANGED length:16
12-07 07:54:50.215 E/RILC    (  599): Send Response to RIL_SOCKET_1
12-07 07:54:50.219 D/RILJ    ( 2774): [5823]> QUERY_NETWORK_SELECTION_MODE [SUB1]
12-07 07:54:50.219 D/RILC    (  599): SOCKET RIL_SOCKET_1 REQUEST: VOICE_REGISTRATION_STATE length:8
12-07 07:54:50.220 D/RILC    (  599): RequestComplete, RIL_SOCKET_1
12-07 07:54:50.221 E/RILC    (  599): Send Response to RIL_SOCKET_1
12-07 07:54:50.221 I/RILC    (  599): RIL_SOCKET_1 UNSOLICITED: UNSOL_SIGNAL_STRENGTH length:60
12-07 07:54:50.221 E/RILC    (  599): Send Response to RIL_SOCKET_1
12-07 07:54:50.222 D/RILC    (  599): RequestComplete, RIL_SOCKET_1
12-07 07:54:50.223 D/RILJ    ( 2774): [5824]> OPERATOR [SUB1]
12-07 07:54:50.223 E/RILC    (  599): Send Response to RIL_SOCKET_1
12-07 07:54:50.223 D/RILJ    ( 2774): [UNSL]< UNSOL_VOICE_RADIO_TECH_CHANGED {3} [SUB1]
12-07 07:54:50.223 D/RILJ    ( 2774): [5821]< DATA_REGISTRATION_STATE {2, null, null, null, 0, 20, null, null, null, null, null} [SUB1]
12-07 07:54:50.223 D/RILC    (  599): SOCKET RIL_SOCKET_1 REQUEST: QUERY_NETWORK_SELECTION_MODE length:8
12-07 07:54:50.225 D/RILC    (  599): RequestComplete, RIL_SOCKET_1
12-07 07:54:50.225 E/RILC    (  599): Send Response to RIL_SOCKET_1
12-07 07:54:50.230 D/RILJ    ( 2774): [5825]> DATA_REGISTRATION_STATE [SUB1]
12-07 07:54:50.230 D/RILC    (  599): SOCKET RIL_SOCKET_1 REQUEST: OPERATOR length:8
12-07 07:54:50.230 W/SignalStrength( 2774): Size of signalstrength parcel:60
12-07 07:54:50.231 D/RILC    (  599): RequestComplete, RIL_SOCKET_1
12-07 07:54:50.231 E/RILC    (  599): Send Response to RIL_SOCKET_1
12-07 07:54:50.231 D/RILJ    ( 2774): [5822]< VOICE_REGISTRATION_STATE {12, null, null, 0, null, null, null, 0, null, null, null, null, null, 0, 99} [SUB1]
12-07 07:54:50.231 D/RILJ    ( 2774): [5826]> VOICE_REGISTRATION_STATE [SUB1]
12-07 07:54:50.232 D/RILC    (  599): SOCKET RIL_SOCKET_1 REQUEST: DATA_REGISTRATION_STATE length:8
12-07 07:54:50.232 D/RILJ    ( 2774): [5823]< QUERY_NETWORK_SELECTION_MODE {0} [SUB1]
12-07 07:54:50.234 D/RILC    (  599): RequestComplete, RIL_SOCKET_1
12-07 07:54:50.234 E/RILC    (  599): Send Response to RIL_SOCKET_1
12-07 07:54:50.234 D/RILJ    ( 2774): [5827]> QUERY_NETWORK_SELECTION_MODE [SUB1]
12-07 07:54:50.235 D/RILC    (  599): SOCKET RIL_SOCKET_1 REQUEST: VOICE_REGISTRATION_STATE length:8
12-07 07:54:50.236 D/RILC    (  599): RequestComplete, RIL_SOCKET_1
12-07 07:54:50.236 E/RILC    (  599): Send Response to RIL_SOCKET_1
12-07 07:54:50.236 D/PhoneProxy( 2774): [PhoneProxy] EVENT_VOICE_RADIO_TECH_CHANGED: newVoiceTech=3
12-07 07:54:50.236 D/PhoneProxy( 2774): [PhoneProxy] phoneObjectUpdater: newVoiceRadioTech=3
12-07 07:54:50.236 D/PhoneProxy( 2774): [PhoneProxy] phoneObjectUpdater: No change ignore, newVoiceRadioTech=3 mActivePhone=GSM
12-07 07:54:50.236 D/RILJ    ( 2774): [5824]< OPERATOR {null, null, null} [SUB1]
12-07 07:54:50.236 W/SignalStrength( 2774): Signal before validate=SignalStrength: 17 0 -1 -1 -1 -1 -1 99 2147483647 2147483647 2147483647 2147483647 2147483647 gsm|lte
12-07 07:54:50.236 W/SignalStrength( 2774): Signal after validate=SignalStrength: 17 0 -120 -160 -120 -1 -1 99 2147483647 2147483647 2147483647 2147483647 2147483647 gsm|lte
12-07 07:54:50.236 D/RILJ    ( 2774): [5825]< DATA_REGISTRATION_STATE {2, null, null, null, 0, 20, null, null, null, null, null} [SUB1]
12-07 07:54:50.236 D/DefaultPhoneNotifier( 2774): notifySignalStrength: mRegistry=com.android.internal.telephony.ITelephonyRegistry$Stub$Proxy@20b6fd67 ss=SignalStrength: 17 0 -120 -160 -120 -1 -1 99 2147483647 2147483647 2147483647 2147483647 2147483647 gsm|lte sender=Handler (com.android.internal.telephony.gsm.GSMPhone) {36c3a76}
12-07 07:54:50.237 D/RILJ    ( 2774): [5826]< VOICE_REGISTRATION_STATE {12, null, null, 0, null, null, null, 0, null, null, null, null, null, 0, 99} [SUB1]
12-07 07:54:50.237 W/SignalStrength( 1182): Size of signalstrength parcel:176
12-07 07:54:50.237 D/RILC    (  599): SOCKET RIL_SOCKET_1 REQUEST: QUERY_NETWORK_SELECTION_MODE length:8
12-07 07:54:50.238 D/RILC    (  599): RequestComplete, RIL_SOCKET_1
12-07 07:54:50.238 E/RILC    (  599): Send Response to RIL_SOCKET_1
12-07 07:54:50.238 D/RILJ    ( 2774): [5827]< QUERY_NETWORK_SELECTION_MODE {0} [SUB1]
12-07 07:54:50.240 D/TelephonyRegistry( 1182): notifySignalStrengthForSubscriber: callback.onSsS r={pkgForDebug=android callerUid=0 subId=9223372036854775807 phoneId=-1000 events=1c1} subId=2 phoneId=1 ss=SignalStrength: 17 0 -120 -160 -120 -1 -1 99 2147483647 2147483647 2147483647 2147483647 2147483647 gsm|lte
12-07 07:54:50.240 D/TelephonyRegistry( 1182): notifySignalStrengthForSubscriber: callback.onSsS r={pkgForDebug=com.baidu.map.location callerUid=0 subId=9223372036854775807 phoneId=-1000 events=110} subId=2 phoneId=1 ss=SignalStrength: 17 0 -120 -160 -120 -1 -1 99 2147483647 2147483647 2147483647 2147483647 2147483647 gsm|lte
12-07 07:54:50.240 D/TelephonyRegistry( 1182): notifySignalStrengthForSubscriber: callback.onSsS r={pkgForDebug=com.android.systemui callerUid=0 subId=2 phoneId=1 events=1e1} subId=2 phoneId=1 ss=SignalStrength: 17 0 -120 -160 -120 -1 -1 99 2147483647 2147483647 2147483647 2147483647 2147483647 gsm|lte
12-07 07:54:50.240 W/SignalStrength( 2550): Size of signalstrength parcel:172
12-07 07:54:50.240 W/SignalStrength( 2172): Size of signalstrength parcel:172
12-07 07:54:50.241 W/SignalStrength( 1182): getLteLevel rsrpIconLevel=0
12-07 07:54:50.241 W/SignalStrength( 1182): getTdScdmaLevel = 0
12-07 07:54:50.241 W/SignalStrength( 1182): getGsmLevel=4
12-07 07:54:50.241 W/SignalStrength( 1182): getLevel=4
12-07 07:54:50.242 D/GsmSST  ( 2774): [GsmSST1]  operator from mIccRecords  46001
12-07 07:54:50.242 D/GsmSST  ( 2774): [GsmSST1] adjustEccList not india or hk operator, do nothing
12-07 07:54:50.242 D/PHONE   ( 2774): [ServiceState] setDataRegState=1
12-07 07:54:50.242 D/PHONE   ( 2774): [ServiceState] setDataRadioTechnology=0
12-07 07:54:50.242 W/SignalStrength( 2172): getLteLevel rsrpIconLevel=0
12-07 07:54:50.242 D/GsmSST  ( 2774): [GsmSST1] handlPollStateResultMessage: GsmSST setDataRegState=1 regState=2 dataRadioTechnology=0
12-07 07:54:50.242 W/SignalStrength( 2172): getTdScdmaLevel = 0
12-07 07:54:50.243 D/PHONE   ( 2774): [ServiceState] setVoiceRegState=1
12-07 07:54:50.243 W/SignalStrength( 2172): getGsmLevel=4
12-07 07:54:50.243 E/PHONE   ( 2774): [ServiceState] setState deprecated use setVoiceRegState()
12-07 07:54:50.243 W/SignalStrength( 2172): getLevel=4
12-07 07:54:50.243 D/GsmSST  ( 2774): [GsmSST1] Poll ServiceState done:  oldSS=[1 1 home null null null  Unknown Unknown CSS not supported -1 -1 RoamInd=-1 DefRoamInd=-1 EmergOnly=false] newSS=[1 1 home null null null  Unknown Unknown CSS not supported -1 -1 RoamInd=-1 DefRoamInd=-1 EmergOnly=true] oldMaxDataCalls=20 mNewMaxDataCalls=20 oldReasonDataDenied=-1 mNewReasonDataDenied=-1
12-07 07:54:50.243 D/PHONE   ( 2774): [ServiceState] setNullState=1
12-07 07:54:50.244 D/SIMRecords( 2774): [SIMRecords] getServiceProviderName: no brandOverride
12-07 07:54:50.244 D/SIMRecords( 2774): [SIMRecords] getServiceProviderName: providerName=中国联通
12-07 07:54:50.245 D/GsmSST  ( 2774): [GsmSST1] updateSpnDisplay: radio is on but out of service, set plmn='只能拨打紧急呼救电话'
12-07 07:54:50.245 D/SIMRecords( 2774): [SIMRecords] getServiceProviderName: no brandOverride
12-07 07:54:50.245 D/SIMRecords( 2774): [SIMRecords] getServiceProviderName: providerName=中国联通
12-07 07:54:50.245 W/SpnOverride( 2774): lookupOperatorName: 46001
12-07 07:54:50.250 D/GsmSST  ( 2774): [GsmSST1]  phoneId:1 showSpn:true spn:中国联通 showPlmn:true plmn:只能拨打紧急呼救电话 rule:3
12-07 07:54:50.251 D/TelephonyManager( 2774): setTelephonyProperty property=gsm.operator.alpha propVal=CHINA MOBILE,
12-07 07:54:50.253 D/TelephonyManager( 2774): setTelephonyProperty property=gsm.operator.numeric propVal=46000,
12-07 07:54:50.254 D/GsmSST  ( 2774): [GsmSST1] update mccmnc=null fromServiceState=true
12-07 07:54:50.255 D/GsmSST  ( 2774): [GsmSST1] operatorNumeric is null
12-07 07:54:50.255 D/TelephonyManager( 2774): setTelephonyProperty property=gsm.operator.iso-country propVal=cn,
12-07 07:54:50.257 D/TelephonyManager( 2172): getSimState(): slotId = 1, subId = [2], prop = READY
12-07 07:54:50.257 D/TelephonyManager( 2774): setTelephonyProperty property=gsm.operator.isroaming propVal=false,false
12-07 07:54:50.258 D/DefaultPhoneNotifier( 2774): nofityServiceState: mRegistry=com.android.internal.telephony.ITelephonyRegistry$Stub$Proxy@20b6fd67 ss=1 1 home null null null  Unknown Unknown CSS not supported -1 -1 RoamInd=-1 DefRoamInd=-1 EmergOnly=true sender=Handler (com.android.internal.telephony.gsm.GSMPhone) {36c3a76} phondId=1 subId=2
12-07 07:54:50.259 D/TelephonyRegistry( 1182): notifyServiceStateForSubscriber: subId=2 phoneId=1 state=1 1 home null null null  Unknown Unknown CSS not supported -1 -1 RoamInd=-1 DefRoamInd=-1 EmergOnly=true
12-07 07:54:50.259 D/TelephonyRegistry( 1182): notifyServiceStateForSubscriber: callback.onSSC r={pkgForDebug=android callerUid=0 subId=9223372036854775807 phoneId=-1000 events=1c1} subId=2 phoneId=1 state=1 1 home null null null  Unknown Unknown CSS not supported -1 -1 RoamInd=-1 DefRoamInd=-1 EmergOnly=true
12-07 07:54:50.259 D/TelephonyRegistry( 1182): notifyServiceStateForSubscriber: callback.onSSC r={pkgForDebug=com.android.phone callerUid=0 subId=9223372036854775807 phoneId=0 events=1} subId=2 phoneId=1 state=1 1 home null null null  Unknown Unknown CSS not supported -1 -1 RoamInd=-1 DefRoamInd=-1 EmergOnly=true
12-07 07:54:50.259 D/TelephonyRegistry( 1182): notifyServiceStateForSubscriber: callback.onSSC r={pkgForDebug=android callerUid=0 subId=9223372036854775807 phoneId=0 events=1} subId=2 phoneId=1 state=1 1 home null null null  Unknown Unknown CSS not supported -1 -1 RoamInd=-1 DefRoamInd=-1 EmergOnly=true
12-07 07:54:50.259 D/TelephonyRegistry( 1182): notifyServiceStateForSubscriber: callback.onSSC r={pkgForDebug=com.android.systemui callerUid=0 subId=2 phoneId=1 events=1e1} subId=2 phoneId=1 state=1 1 home null null null  Unknown Unknown CSS not supported -1 -1 RoamInd=-1 DefRoamInd=-1 EmergOnly=true
12-07 07:54:50.259 D/TelephonyRegistry( 1182): notifyServiceStateForSubscriber: callback.onSSC r={pkgForDebug=com.android.systemui callerUid=0 subId=2 phoneId=1 events=61} subId=2 phoneId=1 state=1 1 home null null null  Unknown Unknown CSS not supported -1 -1 RoamInd=-1 DefRoamInd=-1 EmergOnly=true
12-07 07:54:50.260 D/TelephonyRegistry( 1182): broadcastServiceStateChanged:  state = 1 1 home null null null  Unknown Unknown CSS not supported -1 -1 RoamInd=-1 DefRoamInd=-1 EmergOnly=true, subId = 2
12-07 07:54:50.265 D/TelephonyManager( 1182): getSimState(): slotId = 1, subId = [2], prop = READY
12-07 07:54:50.266 D/GsmSST  ( 2774): [GsmSST1] SST.getAllCellInfo(): return last, same thread can't block
12-07 07:54:50.267 D/GsmSST  ( 2774): [GsmSST1] SST.getAllCellInfo(): X size=0 list=null
12-07 07:54:50.267 D/GsmSST  ( 2774): [GsmSST1] getCellLocation(): X empty mCellLoc and CellInfo mCellLoc=[-1,-1,153]
12-07 07:54:50.267 D/TelephonyRegistry( 1182): notifyCellLocationForSubscriber: subId=2 cellLocation=Bundle[mParcelledData.dataSize=64]
12-07 07:54:50.275 D/TelephonyManager( 2172): getSimState(): slotId = 1, subId = [2], prop = READY
12-07 07:54:50.280 D/TelephonyManager( 2172): getSimState(): slotId = 1, subId = [2], prop = READY
12-07 07:54:50.310 I/am_proc_start( 1182): [0,23246,10003,com.android.cellbroadcastreceiver,broadcast,com.android.cellbroadcastreceiver/.CellBroadcastReceiver]
