12-07 07:54:29.587 W/SignalStrength( 2172): getGsmLevel=0
12-07 07:54:29.587 W/SignalStrength( 2172): getLevel=0
12-07 07:54:29.630 D/TelephonyManager( 2172): getSimState(): slotId = 1, subId = [2], prop = READY
12-07 07:54:29.647 D/TelephonyManager( 2172): getSimState(): slotId = 1, subId = [2], prop = READY
12-07 07:54:29.673 D/TelephonyManager( 2172): getSimState(): slotId = 1, subId = [2], prop = READY
12-07 07:54:29.684 W/SignalStrength( 2172): getLteLevel rsrpIconLevel=0
12-07 07:54:29.684 W/SignalStrength( 2172): getTdScdmaLevel = 0
12-07 07:54:29.684 W/SignalStrength( 2172): getGsmLevel=0
12-07 07:54:29.684 W/SignalStrength( 2172): getLevel=0
12-07 07:54:29.719 D/TelephonyManager( 2172): getSimState(): slotId = 0, subId = [1], prop = READY
12-07 07:54:29.723 D/TelephonyManager( 2172): getSimState(): slotId = 0, subId = [1], prop = READY
12-07 07:54:29.725 D/TelephonyManager( 2172): getSimState(): slotId = 1, subId = [2], prop = READY
12-07 07:54:29.739 D/TelephonyManager( 2172): getSimState(): slotId = 1, subId = [2], prop = READY
12-07 07:54:29.816 D/SubController( 2774): [getActiveSubInfoList]+
12-07 07:54:29.816 D/SubController( 2774): selection:sim_id!=-1000 null
12-07 07:54:29.825 D/SubController( 2774): [getSubInfoRecord] SubId:1 iccid:898600710115f0530049 slotId:0 displayName:null color:0 mcc/mnc:460/0 subStatus: 1 Nwmode: 1
12-07 07:54:29.825 D/SubController( 2774): [getSubInfoRecord] SubId:2 iccid:89860115811027929457 slotId:1 displayName:null color:1 mcc/mnc:460/1 subStatus: 1 Nwmode: 22
12-07 07:54:29.826 D/SubController( 2774): [getActiveSubInfoList]- 2 infos return
12-07 07:54:29.829 D/SubController( 2774): [getActiveSubInfoList]+
12-07 07:54:29.829 D/SubController( 2774): selection:sim_id!=-1000 null
12-07 07:54:29.833 D/SubController( 2774): [getSubInfoRecord] SubId:1 iccid:898600710115f0530049 slotId:0 displayName:null color:0 mcc/mnc:460/0 subStatus: 1 Nwmode: 1
12-07 07:54:29.833 D/SubController( 2774): [getSubInfoRecord] SubId:2 iccid:89860115811027929457 slotId:1 displayName:null color:1 mcc/mnc:460/1 subStatus: 1 Nwmode: 22
12-07 07:54:29.834 D/SubController( 2774): [getActiveSubInfoList]- 2 infos return
12-07 07:54:29.836 D/PhoneFactory( 2774): getPhone: phoneId != DEFAULT_PHONE_ID
12-07 07:54:29.836 D/PhoneFactory( 2774): getPhone:- phone=Handler (com.android.internal.telephony.PhoneProxy) {231b0911}
12-07 07:54:29.839 D/SubController( 2774): [getActiveSubInfoList]+
12-07 07:54:29.839 D/SubController( 2774): selection:sim_id!=-1000 null
12-07 07:54:29.845 D/SubController( 2774): [getSubInfoRecord] SubId:1 iccid:898600710115f0530049 slotId:0 displayName:null color:0 mcc/mnc:460/0 subStatus: 1 Nwmode: 1
12-07 07:54:29.845 D/SubController( 2774): [getSubInfoRecord] SubId:2 iccid:89860115811027929457 slotId:1 displayName:null color:1 mcc/mnc:460/1 subStatus: 1 Nwmode: 22
12-07 07:54:29.846 D/SubController( 2774): [getActiveSubInfoList]- 2 infos return
12-07 07:54:29.848 D/TelephonyManager( 2774): getLteOnCdmaMode=0 curVal=-1 product_type='' lteOnCdmaProductType=''
12-07 07:54:29.850 D/SubController( 2774): [getSubInfoUsingSlotIdWithCheck]+ slotId:1
12-07 07:54:29.856 D/SubController( 2774): [getSubInfoRecord] SubId:2 iccid:89860115811027929457 slotId:1 displayName:null color:1 mcc/mnc:460/1 subStatus: 1 Nwmode: 22
12-07 07:54:29.858 D/SubController( 2774): [getSubInfoUsingSlotId]- null info return
12-07 07:54:29.865 D/SubController( 2774): [getActiveSubInfoList]+
12-07 07:54:29.866 D/SubController( 2774): selection:sim_id!=-1000 null
12-07 07:54:29.872 D/SubController( 2774): [getSubInfoRecord] SubId:1 iccid:898600710115f0530049 slotId:0 displayName:null color:0 mcc/mnc:460/0 subStatus: 1 Nwmode: 1
12-07 07:54:29.872 D/SubController( 2774): [getSubInfoRecord] SubId:2 iccid:89860115811027929457 slotId:1 displayName:null color:1 mcc/mnc:460/1 subStatus: 1 Nwmode: 22
12-07 07:54:29.873 D/SubController( 2774): [getActiveSubInfoList]- 2 infos return
12-07 07:54:29.876 D/TelephonyRegistry( 1182): listen: add new record
12-07 07:54:29.876 D/TelephonyRegistry( 1182): listen: r={pkgForDebug=com.android.phone callerUid=0 subId=1 phoneId=0 events=20} r.subId=1 phoneId=0
12-07 07:54:29.876 D/TelephonyRegistry( 1182): validateEventsAndUserLocked: valid=false r.callerUid=0 foregroundUser=0 r.events=32 events=16
12-07 07:54:29.876 D/TelephonyRegistry( 1182): validateEventsAndUserLocked: valid=false r.callerUid=0 foregroundUser=0 r.events=32 events=1024
12-07 07:54:29.880 D/TelephonyRegistry( 1182): listen: add new record
12-07 07:54:29.880 D/TelephonyRegistry( 1182): listen: r={pkgForDebug=com.android.phone callerUid=0 subId=2 phoneId=1 events=20} r.subId=2 phoneId=1
12-07 07:54:29.880 D/TelephonyRegistry( 1182): validateEventsAndUserLocked: valid=false r.callerUid=0 foregroundUser=0 r.events=32 events=16
12-07 07:54:29.880 D/TelephonyRegistry( 1182): validateEventsAndUserLocked: valid=false r.callerUid=0 foregroundUser=0 r.events=32 events=1024
12-07 07:54:29.906 D/SubController( 2774): [getActiveSubInfoList]+
12-07 07:54:29.907 D/SubController( 2774): selection:sim_id!=-1000 null
12-07 07:54:29.910 D/SubController( 2774): [getSubInfoRecord] SubId:1 iccid:898600710115f0530049 slotId:0 displayName:null color:0 mcc/mnc:460/0 subStatus: 1 Nwmode: 1
12-07 07:54:29.911 D/SubController( 2774): [getSubInfoRecord] SubId:2 iccid:89860115811027929457 slotId:1 displayName:null color:1 mcc/mnc:460/1 subStatus: 1 Nwmode: 22
12-07 07:54:29.911 D/SubController( 2774): [getActiveSubInfoList]- 2 infos return
12-07 07:54:29.942 D/SubController( 2774): [getActiveSubInfoList]+
12-07 07:54:29.942 D/SubController( 2774): selection:sim_id!=-1000 null
12-07 07:54:29.946 D/SubController( 2774): [getSubInfoRecord] SubId:1 iccid:898600710115f0530049 slotId:0 displayName:null color:0 mcc/mnc:460/0 subStatus: 1 Nwmode: 1
12-07 07:54:29.946 D/SubController( 2774): [getSubInfoRecord] SubId:2 iccid:89860115811027929457 slotId:1 displayName:null color:1 mcc/mnc:460/1 subStatus: 1 Nwmode: 22
12-07 07:54:29.947 D/SubController( 2774): [getActiveSubInfoList]- 2 infos return
12-07 07:54:29.964 D/RILJ    ( 2774): [5753]> REQUEST_GET_PREFERRED_NETWORK_TYPE [SUB1]
12-07 07:54:29.980 D/RILC    (  599): SOCKET RIL_SOCKET_1 REQUEST: GET_PREFERRED_NETWORK_TYPE length:8
12-07 07:54:29.981 D/SubController( 2774): [getActiveSubInfoList]+
12-07 07:54:29.981 D/SubController( 2774): selection:sim_id!=-1000 null
12-07 07:54:29.985 D/SubController( 2774): [getSubInfoRecord] SubId:1 iccid:898600710115f0530049 slotId:0 displayName:null color:0 mcc/mnc:460/0 subStatus: 1 Nwmode: 1
12-07 07:54:29.985 D/SubController( 2774): [getSubInfoRecord] SubId:2 iccid:89860115811027929457 slotId:1 displayName:null color:1 mcc/mnc:460/1 subStatus: 1 Nwmode: 22
12-07 07:54:29.987 D/SubController( 2774): [getActiveSubInfoList]- 2 infos return
12-07 07:54:29.990 D/RILC    (  599): RequestComplete, RIL_SOCKET_1
12-07 07:54:29.990 E/RILC    (  599): Send Response to RIL_SOCKET_1
12-07 07:54:29.991 D/RILJ    ( 2774): [5753]< REQUEST_GET_PREFERRED_NETWORK_TYPE {10} [SUB1]
12-07 07:54:30.005 D/SubController( 2774): [getActiveSubIdList] simInfoSet=[1=2, 0=1]
12-07 07:54:30.005 D/SubController( 2774): [getActiveSubIdList] X subIdArr.length=2
12-07 07:54:30.006 D/SubController( 2774): [getActiveSubIdList] simInfoSet=[1=2, 0=1]
12-07 07:54:30.006 D/SubController( 2774): [getActiveSubIdList] X subIdArr.length=2
12-07 07:54:30.007 D/SubController( 2774): [getActiveSubInfoList]+
12-07 07:54:30.008 D/SubController( 2774): selection:sim_id!=-1000 null
12-07 07:54:30.039 D/SubController( 2774): [getSubInfoRecord] SubId:1 iccid:898600710115f0530049 slotId:0 displayName:null color:0 mcc/mnc:460/0 subStatus: 1 Nwmode: 1
12-07 07:54:30.039 D/SubController( 2774): [getSubInfoRecord] SubId:2 iccid:89860115811027929457 slotId:1 displayName:null color:1 mcc/mnc:460/1 subStatus: 1 Nwmode: 22
12-07 07:54:30.051 D/SubController( 2774): [getActiveSubInfoList]- 2 infos return
12-07 07:54:30.052 D/SubController( 2774): [getActiveSubIdList] simInfoSet=[1=2, 0=1]
12-07 07:54:30.052 D/SubController( 2774): [getActiveSubIdList] X subIdArr.length=2
12-07 07:54:30.052 D/SubController( 2774): [getActiveSubIdList] simInfoSet=[1=2, 0=1]
12-07 07:54:30.053 D/SubController( 2774): [getActiveSubIdList] X subIdArr.length=2
12-07 07:54:30.057 D/SubController( 2774): [getActiveSubInfoList]+
12-07 07:54:30.057 D/SubController( 2774): selection:sim_id!=-1000 null
12-07 07:54:30.063 D/SubController( 2774): [getSubInfoRecord] SubId:1 iccid:898600710115f0530049 slotId:0 displayName:null color:0 mcc/mnc:460/0 subStatus: 1 Nwmode: 1
12-07 07:54:30.063 D/SubController( 2774): [getSubInfoRecord] SubId:2 iccid:89860115811027929457 slotId:1 displayName:null color:1 mcc/mnc:460/1 subStatus: 1 Nwmode: 22
12-07 07:54:30.064 D/SubController( 2774): [getActiveSubInfoList]- 2 infos return
12-07 07:54:30.071 D/SubController( 2774): [getActiveSubInfoList]+
12-07 07:54:30.072 D/SubController( 2774): selection:sim_id!=-1000 null
12-07 07:54:30.075 D/SubController( 2774): [getSubInfoRecord] SubId:1 iccid:898600710115f0530049 slotId:0 displayName:null color:0 mcc/mnc:460/0 subStatus: 1 Nwmode: 1
12-07 07:54:30.075 D/SubController( 2774): [getSubInfoRecord] SubId:2 iccid:89860115811027929457 slotId:1 displayName:null color:1 mcc/mnc:460/1 subStatus: 1 Nwmode: 22
12-07 07:54:30.076 D/SubController( 2774): [getActiveSubInfoList]- 2 infos return
12-07 07:54:30.078 I/am_on_resume_called( 2774): [0,com.android.phone.MobileNetworkSettings]
12-07 07:54:30.072 I/auditd  (22059): type=1400 audit(0.0:209): avc: denied { write } for comm="modprobe" name="modules" dev="mmcblk0p40" ino=2721 scontext=u:r:kernel:s0 tcontext=u:object_r:system_file:s0 tclass=dir permissive=0
12-07 07:54:30.094 D/SIMRecords( 2774): [SIMRecords] MSISDN: xxxxxxx
12-07 07:54:30.094 D/SIMRecords( 2774): [SIMRecords] onRecordLoaded 1 requested: true
12-07 07:54:30.094 D/SubHelper( 2774): EVENT_SET_UICC_SUBSCRIPTION_DONE
12-07 07:54:30.095 D/SubController( 2774): [getSubInfoForSubscriberx]+ subId:1
12-07 07:54:30.102 D/SubController( 2774): [getSubInfoForSubscriberx]- Info detail:
12-07 07:54:30.102 D/SubController( 2774): [getSubInfoRecord] SubId:1 iccid:898600710115f0530049 slotId:0 displayName:null color:0 mcc/mnc:460/0 subStatus: 1 Nwmode: 1
12-07 07:54:30.104 D/CdmaSSM ( 2774): EVENT_SUBSCRIPTION_STATUS_CHANGED
12-07 07:54:30.104 D/CdmaSSM ( 2774): actStatus = 1
12-07 07:54:30.104 V/CdmaSSM ( 2774): get Cdma Subscription Source
12-07 07:54:30.104 D/RILJ    ( 2774): [5754]> RIL_REQUEST_CDMA_GET_SUBSCRIPTION_SOURCE [SUB0]
12-07 07:54:30.106 D/RILJ    ( 2774): [5755]> OPERATOR [SUB0]
12-07 07:54:30.107 D/RILC    (  446): SOCKET RIL_SOCKET_1 REQUEST: CDMA_GET_SUBSCRIPTION_SOURCE length:8
12-07 07:54:30.108 D/RILJ    ( 2774): [5756]> DATA_REGISTRATION_STATE [SUB0]
12-07 07:54:30.109 D/RILC    (  446): RequestComplete, RIL_SOCKET_1
12-07 07:54:30.109 E/RILC    (  446): Send Response to RIL_SOCKET_1
12-07 07:54:30.110 D/RILJ    ( 2774): [5754]< RIL_REQUEST_CDMA_GET_SUBSCRIPTION_SOURCE {0} [SUB0]
12-07 07:54:30.110 D/RILC    (  446): SOCKET RIL_SOCKET_1 REQUEST: OPERATOR length:8
12-07 07:54:30.111 D/RILC    (  446): RequestComplete, RIL_SOCKET_1
12-07 07:54:30.112 E/RILC    (  446): Send Response to RIL_SOCKET_1
12-07 07:54:30.121 D/RILJ    ( 2774): [5757]> VOICE_REGISTRATION_STATE [SUB0]
12-07 07:54:30.122 D/RILJ    ( 2774): [5755]< OPERATOR {CHINA MOBILE, CMCC, 46000} [SUB0]
12-07 07:54:30.127 D/RILC    (  446): SOCKET RIL_SOCKET_1 REQUEST: DATA_REGISTRATION_STATE length:8
12-07 07:54:30.127 D/RILJ    ( 2774): [5758]> QUERY_NETWORK_SELECTION_MODE [SUB0]
12-07 07:54:30.132 D/RILC    (  446): SOCKET RIL_SOCKET_1 REQUEST: VOICE_REGISTRATION_STATE length:8
12-07 07:54:30.133 W/SignalStrength( 2774): Signal before validate=SignalStrength: 99 0 -1 -1 -1 -1 -1 99 2147483647 2147483647 2147483647 2147483647 2147483647 gsm|lte
12-07 07:54:30.133 W/SignalStrength( 2774): Signal after validate=SignalStrength: 99 0 -120 -160 -120 -1 -1 99 2147483647 2147483647 2147483647 2147483647 2147483647 gsm|lte
12-07 07:54:30.133 D/DefaultPhoneNotifier( 2774): notifySignalStrength: mRegistry=com.android.internal.telephony.ITelephonyRegistry$Stub$Proxy@20b6fd67 ss=SignalStrength: 99 0 -120 -160 -120 -1 -1 99 2147483647 2147483647 2147483647 2147483647 2147483647 gsm|lte sender=Handler (com.android.internal.telephony.gsm.GSMPhone) {2a3ad61f}
12-07 07:54:30.134 D/RILC    (  446): RequestComplete, RIL_SOCKET_1
12-07 07:54:30.134 E/RILC    (  446): Send Response to RIL_SOCKET_1
12-07 07:54:30.134 W/SignalStrength( 1182): Size of signalstrength parcel:176
12-07 07:54:30.135 D/RILJ    ( 2774): [5756]< DATA_REGISTRATION_STATE {2, null, null, null, 0, 20, null, null, null, null, null} [SUB0]
12-07 07:54:30.135 D/RILC    (  446): SOCKET RIL_SOCKET_1 REQUEST: QUERY_NETWORK_SELECTION_MODE length:8
12-07 07:54:30.136 D/RILC    (  446): RequestComplete, RIL_SOCKET_1
12-07 07:54:30.137 E/RILC    (  446): Send Response to RIL_SOCKET_1
12-07 07:54:30.138 D/RILJ    ( 2774): [5757]< VOICE_REGISTRATION_STATE {1, 10b5, 0000591e, 16, null, null, null, 0, null, null, null, null, null, 0, null} [SUB0]
12-07 07:54:30.142 D/TelephonyRegistry( 1182): notifySignalStrengthForSubscriber: callback.onSsS r={pkgForDebug=android callerUid=0 subId=9223372036854775807 phoneId=-1000 events=1c1} subId=1 phoneId=0 ss=SignalStrength: 99 0 -120 -160 -120 -1 -1 99 2147483647 2147483647 2147483647 2147483647 2147483647 gsm|lte
12-07 07:54:30.142 D/RILC    (  446): RequestComplete, RIL_SOCKET_1
12-07 07:54:30.143 E/RILC    (  446): Send Response to RIL_SOCKET_1
12-07 07:54:30.144 D/RILJ    ( 2774): [5758]< QUERY_NETWORK_SELECTION_MODE {0} [SUB0]
12-07 07:54:30.145 D/TelephonyRegistry( 1182): notifySignalStrengthForSubscriber: callback.onSsS r={pkgForDebug=com.baidu.map.location callerUid=0 subId=9223372036854775807 phoneId=-1000 events=110} subId=1 phoneId=0 ss=SignalStrength: 99 0 -120 -160 -120 -1 -1 99 2147483647 2147483647 2147483647 2147483647 2147483647 gsm|lte
12-07 07:54:30.146 D/TelephonyRegistry( 1182): notifySignalStrengthForSubscriber: callback.onSsS r={pkgForDebug=com.android.systemui callerUid=0 subId=1 phoneId=0 events=1e1} subId=1 phoneId=0 ss=SignalStrength: 99 0 -120 -160 -120 -1 -1 99 2147483647 2147483647 2147483647 2147483647 2147483647 gsm|lte
12-07 07:54:30.146 W/SignalStrength( 1182): getLteLevel rsrpIconLevel=0
12-07 07:54:30.146 W/SignalStrength( 1182): getTdScdmaLevel = 0
12-07 07:54:30.146 W/SignalStrength( 1182): getGsmLevel=0
12-07 07:54:30.146 W/SignalStrength( 1182): getLevel=0
12-07 07:54:30.146 W/SignalStrength( 2550): Size of signalstrength parcel:172
12-07 07:54:30.147 W/SignalStrength( 2172): Size of signalstrength parcel:172
12-07 07:54:30.149 D/SubHelper( 2774): EVENT_SET_UICC_SUBSCRIPTION_DONE
12-07 07:54:30.149 D/SubController( 2774): [getSubInfoForSubscriberx]+ subId:2
12-07 07:54:30.150 W/SignalStrength( 2172): getLteLevel rsrpIconLevel=0
12-07 07:54:30.150 W/SignalStrength( 2172): getTdScdmaLevel = 0
12-07 07:54:30.150 W/SignalStrength( 2172): getGsmLevel=0
12-07 07:54:30.150 W/SignalStrength( 2172): getLevel=0
12-07 07:54:30.160 D/SubController( 2774): [getSubInfoForSubscriberx]- Info detail:
12-07 07:54:30.160 D/SubController( 2774): [getSubInfoRecord] SubId:2 iccid:89860115811027929457 slotId:1 displayName:null color:1 mcc/mnc:460/1 subStatus: 1 Nwmode: 22
12-07 07:54:30.165 D/SubHelper( 2774): Received all subs, now update user preferred subs, slotid = 1 newSubState = 1 sTriggerDds = false
12-07 07:54:30.166 D/SubController( 2774): [getActiveSubInfoList]+
12-07 07:54:30.166 D/SubController( 2774): selection:sim_id!=-1000 null
12-07 07:54:30.169 D/SubController( 2774): [getSubInfoRecord] SubId:1 iccid:898600710115f0530049 slotId:0 displayName:null color:0 mcc/mnc:460/0 subStatus: 1 Nwmode: 1
12-07 07:54:30.169 D/SubController( 2774): [getSubInfoRecord] SubId:2 iccid:89860115811027929457 slotId:1 displayName:null color:1 mcc/mnc:460/1 subStatus: 1 Nwmode: 22
12-07 07:54:30.171 D/SubController( 2774): [getActiveSubInfoList]- 2 infos return
12-07 07:54:30.172 D/PhoneFactory( 2774): getPhone: phoneId != DEFAULT_PHONE_ID
12-07 07:54:30.172 D/PhoneFactory( 2774): getPhone:- phone=Handler (com.android.internal.telephony.PhoneProxy) {398f2d9b}
12-07 07:54:30.174 D/PhoneFactory( 2774): getPhone: phoneId != DEFAULT_PHONE_ID
12-07 07:54:30.174 D/PhoneFactory( 2774): getPhone:- phone=Handler (com.android.internal.telephony.PhoneProxy) {231b0911}
12-07 07:54:30.174 D/SubController( 2774): updateUserPrefs: hasim1 = true hasim2 = true
12-07 07:54:30.174 D/SubController( 2774): [getActiveSubInfoCount]+
12-07 07:54:30.175 D/SubController( 2774): [getActiveSubInfoList]+
12-07 07:54:30.175 D/SubController( 2774): selection:sim_id!=-1000 null
12-07 07:54:30.180 D/SubController( 2774): [getSubInfoRecord] SubId:1 iccid:898600710115f0530049 slotId:0 displayName:null color:0 mcc/mnc:460/0 subStatus: 1 Nwmode: 1
12-07 07:54:30.180 D/SubController( 2774): [getSubInfoRecord] SubId:2 iccid:89860115811027929457 slotId:1 displayName:null color:1 mcc/mnc:460/1 subStatus: 1 Nwmode: 22
12-07 07:54:30.186 D/SubController( 2774): [getActiveSubInfoList]- 2 infos return
12-07 07:54:30.186 D/SubController( 2774): [getActiveSubInfoCount]- count: 2
12-07 07:54:30.186 D/SubController( 2774): updateUserPrefs: isCard1Insert = true, isCard2Insert = true, actSubCount = 2, cardCount = 2
12-07 07:54:30.186 D/SubController( 2774): [getActiveSubInfoCount]+
12-07 07:54:30.187 D/SubController( 2774): [getActiveSubInfoList]+
12-07 07:54:30.187 D/SubController( 2774): selection:sim_id!=-1000 null
12-07 07:54:30.190 D/SubController( 2774): [getSubInfoRecord] SubId:1 iccid:898600710115f0530049 slotId:0 displayName:null color:0 mcc/mnc:460/0 subStatus: 1 Nwmode: 1
12-07 07:54:30.191 D/SubController( 2774): [getSubInfoRecord] SubId:2 iccid:89860115811027929457 slotId:1 displayName:null color:1 mcc/mnc:460/1 subStatus: 1 Nwmode: 22
12-07 07:54:30.193 D/SubController( 2774): [getActiveSubInfoList]- 2 infos return
12-07 07:54:30.193 D/SubController( 2774): [getActiveSubInfoCount]- count: 2
12-07 07:54:30.193 D/SubController( 2774): enter get current dds iccid from preferences
12-07 07:54:30.193 D/SubController( 2774): exit get current dds iccid and the value is 89860115811027929457 from preferences
12-07 07:54:30.194 D/SubController( 2774): [getActiveSubInfoList]+
12-07 07:54:30.194 D/SubController( 2774): selection:sim_id!=-1000 null
12-07 07:54:30.197 D/SubController( 2774): [getSubInfoRecord] SubId:1 iccid:898600710115f0530049 slotId:0 displayName:null color:0 mcc/mnc:460/0 subStatus: 1 Nwmode: 1
12-07 07:54:30.197 D/SubController( 2774): [getSubInfoRecord] SubId:2 iccid:89860115811027929457 slotId:1 displayName:null color:1 mcc/mnc:460/1 subStatus: 1 Nwmode: 22
12-07 07:54:30.198 D/SubController( 2774): [getActiveSubInfoList]- 2 infos return
12-07 07:54:30.199 D/SubController( 2774): LSisHasActiveCTSubInfo: isHasCtCard = false,[0:not has ,1:has]allSimType=0
12-07 07:54:30.199 D/SubController( 2774): [getSubInfoForSubscriberx]+ subId:1
12-07 07:54:30.203 D/SubController( 2774): [getSubInfoForSubscriberx]- Info detail:
12-07 07:54:30.203 D/SubController( 2774): [getSubInfoRecord] SubId:1 iccid:898600710115f0530049 slotId:0 displayName:null color:0 mcc/mnc:460/0 subStatus: 1 Nwmode: 1
12-07 07:54:30.204 D/SubController( 2774): updateUserPrefs: the iccid from list is 898600710115f0530049
12-07 07:54:30.204 D/SubController( 2774): updateUserPrefs: mNextActivatedSub == null && first_subInfo == null
12-07 07:54:30.204 D/SubController( 2774): [getSubInfoForSubscriberx]+ subId:2
12-07 07:54:30.213 D/SubController( 2774): [getSubInfoForSubscriberx]- Info detail:
12-07 07:54:30.213 D/SubController( 2774): [getSubInfoRecord] SubId:2 iccid:89860115811027929457 slotId:1 displayName:null color:1 mcc/mnc:460/1 subStatus: 1 Nwmode: 22
12-07 07:54:30.214 D/SubController( 2774): updateUserPrefs: the iccid from list is 89860115811027929457
12-07 07:54:30.214 D/SubController( 2774): updateUserPrefs: restore subid from preferences and the value is 2
12-07 07:54:30.214 D/SubController( 2774): updateUserPrefs: active sub count = 2 dds = 2 voice = -1001 sms = -1001 setDDs = false
12-07 07:54:30.214 D/SubController( 2774): [getSubInfoForSubscriberx]+ subId:1
12-07 07:54:30.218 D/SubController( 2774): [getSubInfoForSubscriberx]- Info detail:
12-07 07:54:30.218 D/SubController( 2774): [getSubInfoRecord] SubId:1 iccid:898600710115f0530049 slotId:0 displayName:null color:0 mcc/mnc:460/0 subStatus: 1 Nwmode: 1
12-07 07:54:30.220 D/SubController( 2774): [getSubInfoForSubscriberx]+ subId:2
12-07 07:54:30.241 D/SubController( 2774): [getSubInfoForSubscriberx]- Info detail:
12-07 07:54:30.242 D/SubController( 2774): [getSubInfoRecord] SubId:2 iccid:89860115811027929457 slotId:1 displayName:null color:1 mcc/mnc:460/1 subStatus: 1 Nwmode: 22
12-07 07:54:30.244 D/SubController( 2774): [getSubInfoForSubscriberx]+ subId:2
12-07 07:54:30.245 D/RILC    (  599): RequestComplete, RIL_SOCKET_1
12-07 07:54:30.245 E/RILC    (  599): Send Response to RIL_SOCKET_1
12-07 07:54:30.245 D/RILJ    ( 2774): [5640]< RADIO_POWER  [SUB1]
12-07 07:54:30.245 I/RILC    (  599): RIL_SOCKET_1 UNSOLICITED: UNSOL_OEM_HOOK_RAW length:32
12-07 07:54:30.245 E/RILC    (  599): Send Response to RIL_SOCKET_1
12-07 07:54:30.245 I/RILC    (  599): RIL_SOCKET_1 UNSOLICITED: UNSOL_RESPONSE_RADIO_STATE_CHANGED length:12
12-07 07:54:30.245 E/RILC    (  599): Send Response to RIL_SOCKET_1
12-07 07:54:30.254 V/RILJ    ( 2774): [UNSL]< UNSOL_OEM_HOOK_RAW 514f454d484f4f4bf2030800040000000010c010 [SUB1]
12-07 07:54:30.254 D/RILJ    ( 2774): Oem ID in RIL_UNSOL_OEM_HOOK_RAW is QOEMHOOK
12-07 07:54:30.254 D/RILJ    ( 2774): OEM ID check Passed
12-07 07:54:30.254 D/RILJ    ( 2774): Response ID in RIL_UNSOL_OEM_HOOK_RAW is 525298
12-07 07:54:30.254 D/RILJ    ( 2774): Response ID 525298 is not served in this process.
12-07 07:54:30.255 D/RILJ    ( 2774): [UNSL]< UNSOL_RESPONSE_RADIO_STATE_CHANGED RADIO_ON [SUB1]
12-07 07:54:30.260 D/SubController( 2774): [getSubInfoForSubscriberx]- Info detail:
12-07 07:54:30.260 D/SubController( 2774): [getSubInfoRecord] SubId:2 iccid:89860115811027929457 slotId:1 displayName:null color:1 mcc/mnc:460/1 subStatus: 1 Nwmode: 22
12-07 07:54:30.261 D/SubController( 2774): updateUserPrefs: subInfo = {mSubId=2, mIccId=89860115811027929457 mSlotId=1 mDisplayName=null mNameSource=0 mColor=1 mNumber=+8618618309502 mDisplayNumberFormat=1 mDataRoaming=0 mSimIconRes=[I@184d442f mMcc 460 mMnc 1 mSubStatus=1 mNwMode=22}SubscriptionHelper.hotPlugOut=falseisNeedDds=false
12-07 07:54:30.261 D/SubController( 2774): updateUserPrefs: ddsSubState = 1ddsSubId=2mNextActivatedSub=2
12-07 07:54:30.262 D/SubController( 2774): [getSubInfoForSubscriberx]+ subId:-1001
12-07 07:54:30.263 D/SubController( 2774): [getSubInfoForSubscriberx]- invalid subId or not ready, subId = -1001
12-07 07:54:30.264 D/SubController( 2774): [getSubInfoForSubscriberx]+ subId:-1001
12-07 07:54:30.265 D/SubController( 2774): [getSubInfoForSubscriberx]- invalid subId or not ready, subId = -1001
12-07 07:54:30.265 D/SubController( 2774): updateUserPrefs: after currentDds = 2 voice = -1001 sms = -1001 newDds = 2
12-07 07:54:30.265 D/RILJ    ( 2774): [5759]> OPERATOR [SUB1]
12-07 07:54:30.267 D/RILJ    ( 2774): [5760]> DATA_REGISTRATION_STATE [SUB1]
12-07 07:54:30.267 D/RILC    (  599): SOCKET RIL_SOCKET_1 REQUEST: OPERATOR length:8
12-07 07:54:30.268 D/RILC    (  599): RequestComplete, RIL_SOCKET_1
12-07 07:54:30.268 E/RILC    (  599): Send Response to RIL_SOCKET_1
12-07 07:54:30.269 D/RILJ    ( 2774): [5759]< OPERATOR {null, null, null} [SUB1]
12-07 07:54:30.272 D/RILJ    ( 2774): [5761]> VOICE_REGISTRATION_STATE [SUB1]
12-07 07:54:30.272 D/RILC    (  599): SOCKET RIL_SOCKET_1 REQUEST: DATA_REGISTRATION_STATE length:8
12-07 07:54:30.276 D/RILC    (  599): RequestComplete, RIL_SOCKET_1
12-07 07:54:30.276 E/RILC    (  599): Send Response to RIL_SOCKET_1
12-07 07:54:30.278 D/RILJ    ( 2774): [5762]> QUERY_NETWORK_SELECTION_MODE [SUB1]
12-07 07:54:30.280 D/RILC    (  599): SOCKET RIL_SOCKET_1 REQUEST: VOICE_REGISTRATION_STATE length:8
12-07 07:54:30.282 D/RILJ    ( 2774): [5760]< DATA_REGISTRATION_STATE {2, null, null, null, 0, 20, null, null, null, null, null} [SUB1]
12-07 07:54:30.282 D/RILC    (  599): SOCKET RIL_SOCKET_1 REQUEST: QUERY_NETWORK_SELECTION_MODE length:8
12-07 07:54:30.282 W/SignalStrength( 2774): Signal before validate=SignalStrength: 99 0 -1 -1 -1 -1 -1 99 2147483647 2147483647 2147483647 2147483647 2147483647 gsm|lte
12-07 07:54:30.282 W/SignalStrength( 2774): Signal after validate=SignalStrength: 99 0 -120 -160 -120 -1 -1 99 2147483647 2147483647 2147483647 2147483647 2147483647 gsm|lte
12-07 07:54:30.282 D/DefaultPhoneNotifier( 2774): notifySignalStrength: mRegistry=com.android.internal.telephony.ITelephonyRegistry$Stub$Proxy@20b6fd67 ss=SignalStrength: 99 0 -120 -160 -120 -1 -1 99 2147483647 2147483647 2147483647 2147483647 2147483647 gsm|lte sender=Handler (com.android.internal.telephony.gsm.GSMPhone) {36c3a76}
12-07 07:54:30.283 W/SignalStrength( 1182): Size of signalstrength parcel:176
12-07 07:54:30.285 D/TelephonyRegistry( 1182): notifySignalStrengthForSubscriber: callback.onSsS r={pkgForDebug=android callerUid=0 subId=9223372036854775807 phoneId=-1000 events=1c1} subId=2 phoneId=1 ss=SignalStrength: 99 0 -120 -160 -120 -1 -1 99 2147483647 2147483647 2147483647 2147483647 2147483647 gsm|lte
12-07 07:54:30.286 D/TelephonyRegistry( 1182): notifySignalStrengthForSubscriber: callback.onSsS r={pkgForDebug=com.baidu.map.location callerUid=0 subId=9223372036854775807 phoneId=-1000 events=110} subId=2 phoneId=1 ss=SignalStrength: 99 0 -120 -160 -120 -1 -1 99 2147483647 2147483647 2147483647 2147483647 2147483647 gsm|lte
12-07 07:54:30.286 D/TelephonyRegistry( 1182): notifySignalStrengthForSubscriber: callback.onSsS r={pkgForDebug=com.android.systemui callerUid=0 subId=2 phoneId=1 events=1e1} subId=2 phoneId=1 ss=SignalStrength: 99 0 -120 -160 -120 -1 -1 99 2147483647 2147483647 2147483647 2147483647 2147483647 gsm|lte
12-07 07:54:30.286 W/SignalStrength( 1182): getLteLevel rsrpIconLevel=0
12-07 07:54:30.286 W/SignalStrength( 1182): getTdScdmaLevel = 0
12-07 07:54:30.286 W/SignalStrength( 1182): getGsmLevel=0
12-07 07:54:30.286 W/SignalStrength( 1182): getLevel=0
12-07 07:54:30.287 W/SignalStrength( 2550): Size of signalstrength parcel:172
12-07 07:54:30.287 W/SignalStrength( 2172): Size of signalstrength parcel:172
12-07 07:54:30.288 D/SIMRecords( 2774): [SIMRecords] Invalid or missing EF[MAILBOX]
12-07 07:54:30.288 D/SIMRecords( 2774): [SIMRecords] onRecordLoaded 0 requested: true
12-07 07:54:30.288 D/SIMRecords( 2774): [SIMRecords] record load complete
12-07 07:54:30.288 D/SIMRecords( 2774): [SIMRecords] languages from sim = zh
12-07 07:54:30.288 D/SIMRecords( 2774): [SIMRecords] Setting locale to zh_cn
12-07 07:54:30.289 D/SIMRecords( 2774): [SIMRecords] onAllRecordsLoaded set 'gsm.sim.operator.numeric' to operator='46001'
12-07 07:54:30.289 D/SIMRecords( 2774): [SIMRecords] update icc_operator_numeric=46001
12-07 07:54:30.289 D/TelephonyManager( 2774): setTelephonyProperty property=gsm.sim.operator.numeric propVal=,46001
12-07 07:54:30.290 D/SubController( 2774): [setMccMnc]+ mcc/mnc:460/1 subId:-1001
12-07 07:54:30.291 D/RILC    (  599): RequestComplete, RIL_SOCKET_1
12-07 07:54:30.291 E/RILC    (  599): Send Response to RIL_SOCKET_1
12-07 07:54:30.291 D/RILJ    ( 2774): [5762]< QUERY_NETWORK_SELECTION_MODE {0} [SUB1]
12-07 07:54:30.295 D/RILC    (  599): RequestComplete, RIL_SOCKET_1
12-07 07:54:30.296 E/RILC    (  599): Send Response to RIL_SOCKET_1
12-07 07:54:30.296 D/RILJ    ( 2774): [5761]< VOICE_REGISTRATION_STATE {2, null, null, 0, null, null, null, 0, null, null, null, null, null, 0, null} [SUB1]
12-07 07:54:30.296 W/SignalStrength( 2172): getLteLevel rsrpIconLevel=0
12-07 07:54:30.296 W/SignalStrength( 2172): getTdScdmaLevel = 0
12-07 07:54:30.296 W/SignalStrength( 2172): getGsmLevel=0
12-07 07:54:30.296 W/SignalStrength( 2172): getLevel=0
12-07 07:54:30.305 D/SubController( 2774): [broadcastSimInfoContentChanged] subId-1001 changed, mcc -> 460
12-07 07:54:30.308 D/SIMRecords( 2774): [SIMRecords] onAllRecordsLoaded set mcc imsi=460018301619932
12-07 07:54:30.309 D/TelephonyManager( 2774): setTelephonyProperty property=gsm.sim.operator.iso-country propVal=,cn
12-07 07:54:30.310 D/SIMRecords( 2774): [SIMRecords] getServiceProviderName: no brandOverride
12-07 07:54:30.310 D/SIMRecords( 2774): [SIMRecords] getServiceProviderName: providerName=
12-07 07:54:30.310 E/SIMRecords( 2774): [SIMRecords] setServiceProviderName spn=中国联通
12-07 07:54:30.310 D/SIMRecords( 2774): [SIMRecords] getServiceProviderName: no brandOverride
12-07 07:54:30.310 D/SIMRecords( 2774): [SIMRecords] getServiceProviderName: providerName=中国联通
12-07 07:54:30.313 D/TelephonyManager( 1182): getSimOperator(): default subId=1
12-07 07:54:30.319 D/TelephonyManager( 2774): setTelephonyProperty property=gsm.sim.operator.alpha propVal=CMCC,中国联通
12-07 07:54:30.321 D/SIMRecords( 2774): [SIMRecords] isAppStateReady : appState = APPSTATE_READY
12-07 07:54:30.321 D/AdnRecordLoader( 2774): handleMessage RuntimeException: com.android.internal.telephony.CommandException: GENERIC_FAILURE
12-07 07:54:30.321 D/GsmDCT  ( 2774): [1]got ACTION_SUBINFO_RECORD_UPDATED, mySubId = 2
12-07 07:54:30.321 D/SubController( 2774): [getSubInfoForSubscriberx]+ subId:2
12-07 07:54:30.329 D/SubController( 2774): [getSubInfoForSubscriberx]- Info detail:
12-07 07:54:30.329 D/SubController( 2774): [getSubInfoRecord] SubId:2 iccid:89860115811027929457 slotId:1 displayName:null color:1 mcc/mnc:460/1 subStatus: 1 Nwmode: 22
12-07 07:54:30.333 D/SubController( 2774): registerForOnDemandDdsLockNotification for client=2
12-07 07:54:30.334 D/TelephonyManager( 1182): getSimOperator: subId=1 operator=
12-07 07:54:30.335 D/SubController( 2774): [getActiveSubIdList] simInfoSet=[1=2, 0=1]
12-07 07:54:30.336 D/SubController( 2774): [getActiveSubIdList] X subIdArr.length=2
12-07 07:54:30.337 D/SubController( 2774): [getActiveSubIdList] simInfoSet=[1=2, 0=1]
12-07 07:54:30.337 D/SubController( 2774): [getActiveSubIdList] X subIdArr.length=2
12-07 07:54:30.338 D/SubController( 2774): [getActiveSubInfoList]+
12-07 07:54:30.339 D/SubController( 2774): selection:sim_id!=-1000 null
12-07 07:54:30.344 D/SubController( 2774): [getSubInfoRecord] SubId:1 iccid:898600710115f0530049 slotId:0 displayName:null color:0 mcc/mnc:460/0 subStatus: 1 Nwmode: 1
12-07 07:54:30.344 D/SubController( 2774): [getSubInfoRecord] SubId:2 iccid:89860115811027929457 slotId:1 displayName:null color:1 mcc/mnc:460/1 subStatus: 1 Nwmode: 22
12-07 07:54:30.345 D/SubController( 2774): [getActiveSubInfoList]- 2 infos return
12-07 07:54:30.346 D/SubController( 2774): [getActiveSubIdList] simInfoSet=[1=2, 0=1]
12-07 07:54:30.346 D/SubController( 2774): [getActiveSubIdList] X subIdArr.length=2
12-07 07:54:30.347 D/SubController( 2774): [getActiveSubIdList] simInfoSet=[1=2, 0=1]
12-07 07:54:30.347 D/SubController( 2774): [getActiveSubIdList] X subIdArr.length=2
12-07 07:54:30.348 D/SubController( 2774): [getActiveSubInfoList]+
12-07 07:54:30.348 D/SubController( 2774): selection:sim_id!=-1000 null
12-07 07:54:30.353 D/SubController( 2774): [getSubInfoRecord] SubId:1 iccid:898600710115f0530049 slotId:0 displayName:null color:0 mcc/mnc:460/0 subStatus: 1 Nwmode: 1
12-07 07:54:30.353 D/SubController( 2774): [getSubInfoRecord] SubId:2 iccid:89860115811027929457 slotId:1 displayName:null color:1 mcc/mnc:460/1 subStatus: 1 Nwmode: 22
12-07 07:54:30.354 D/SubController( 2774): [getActiveSubInfoList]- 2 infos return
12-07 07:54:30.356 D/SubController( 2774): [getActiveSubInfoList]+
12-07 07:54:30.356 D/SubController( 2774): selection:sim_id!=-1000 null
12-07 07:54:30.359 D/SubController( 2774): [getSubInfoRecord] SubId:1 iccid:898600710115f0530049 slotId:0 displayName:null color:0 mcc/mnc:460/0 subStatus: 1 Nwmode: 1
12-07 07:54:30.360 D/SubController( 2774): [getSubInfoRecord] SubId:2 iccid:89860115811027929457 slotId:1 displayName:null color:1 mcc/mnc:460/1 subStatus: 1 Nwmode: 22
12-07 07:54:30.361 D/SubController( 2774): [getActiveSubInfoList]- 2 infos return
12-07 07:54:30.362 D/SubController( 2774): [getActiveSubInfoCount]+
12-07 07:54:30.363 D/SubController( 2774): [getActiveSubInfoList]+
12-07 07:54:30.363 D/SubController( 2774): selection:sim_id!=-1000 null
12-07 07:54:30.367 D/SubController( 2774): [getSubInfoRecord] SubId:1 iccid:898600710115f0530049 slotId:0 displayName:null color:0 mcc/mnc:460/0 subStatus: 1 Nwmode: 1
12-07 07:54:30.367 D/SubController( 2774): [getSubInfoRecord] SubId:2 iccid:89860115811027929457 slotId:1 displayName:null color:1 mcc/mnc:460/1 subStatus: 1 Nwmode: 22
12-07 07:54:30.369 D/SubController( 2774): [getActiveSubInfoList]- 2 infos return
12-07 07:54:30.369 D/SubController( 2774): [getActiveSubInfoCount]- count: 2
12-07 07:54:30.369 E/PhoneBase( 2774): Error! unregisterForCallWaiting() in PhoneBase should not be called, CDMAPhone inactive.
12-07 07:54:30.371 E/PhoneBase( 2774): Error! unregisterForCallWaiting() in PhoneBase should not be called, CDMAPhone inactive.
12-07 07:54:30.381 D/SubController( 2774): [getSubInfoForSubscriberx]+ subId:1
12-07 07:54:30.391 D/SubController( 2774): [getSubInfoForSubscriberx]- Info detail:
12-07 07:54:30.391 D/SubController( 2774): [getSubInfoRecord] SubId:1 iccid:898600710115f0530049 slotId:0 displayName:null color:0 mcc/mnc:460/0 subStatus: 1 Nwmode: 1
12-07 07:54:30.414 E/PhoneBase( 2774): Error! registerForCallWaiting() in PhoneBase should not be called, CDMAPhone inactive.
12-07 07:54:30.425 D/SubController( 2774): [getSubInfoForSubscriberx]+ subId:2
12-07 07:54:30.430 D/SubController( 2774): [getSubInfoForSubscriberx]- Info detail:
12-07 07:54:30.430 D/SubController( 2774): [getSubInfoRecord] SubId:2 iccid:89860115811027929457 slotId:1 displayName:null color:1 mcc/mnc:460/1 subStatus: 1 Nwmode: 22
12-07 07:54:30.449 E/PhoneBase( 2774): Error! registerForCallWaiting() in PhoneBase should not be called, CDMAPhone inactive.
12-07 07:54:30.458 D/GsmDCT  ( 2774): [0]got ACTION_SUBINFO_RECORD_UPDATED, mySubId = 1
12-07 07:54:30.458 D/SubController( 2774): [getSubInfoForSubscriberx]+ subId:1
12-07 07:54:30.462 D/SubController( 2774): [getSubInfoForSubscriberx]- Info detail:
12-07 07:54:30.462 D/SubController( 2774): [getSubInfoRecord] SubId:1 iccid:898600710115f0530049 slotId:0 displayName:null color:0 mcc/mnc:460/0 subStatus: 1 Nwmode: 1
12-07 07:54:30.464 D/SubController( 2774): registerForOnDemandDdsLockNotification for client=1
12-07 07:54:30.469 D/SubController( 2774): [getActiveSubInfoList]+
12-07 07:54:30.469 D/SubController( 2774): selection:sim_id!=-1000 null
12-07 07:54:30.472 D/SubController( 2774): [getSubInfoRecord] SubId:1 iccid:898600710115f0530049 slotId:0 displayName:null color:0 mcc/mnc:460/0 subStatus: 1 Nwmode: 1
12-07 07:54:30.473 D/SubController( 2774): [getSubInfoRecord] SubId:2 iccid:89860115811027929457 slotId:1 displayName:null color:1 mcc/mnc:460/1 subStatus: 1 Nwmode: 22
12-07 07:54:30.473 D/SubController( 2774): [getActiveSubInfoList]- 2 infos return
12-07 07:54:30.506 D/RILJ    ( 2774): [5763]> OPERATOR [SUB0]
12-07 07:54:30.509 D/RILJ    ( 2774): [5764]> DATA_REGISTRATION_STATE [SUB0]
12-07 07:54:30.509 D/RILC    (  446): SOCKET RIL_SOCKET_1 REQUEST: OPERATOR length:8
12-07 07:54:30.511 D/RILJ    ( 2774): [5765]> VOICE_REGISTRATION_STATE [SUB0]
12-07 07:54:30.512 D/RILC    (  446): RequestComplete, RIL_SOCKET_1
12-07 07:54:30.512 E/RILC    (  446): Send Response to RIL_SOCKET_1
12-07 07:54:30.512 D/RILC    (  446): SOCKET RIL_SOCKET_1 REQUEST: DATA_REGISTRATION_STATE length:8
12-07 07:54:30.513 D/RILJ    ( 2774): [5763]< OPERATOR {CHINA MOBILE, CMCC, 46000} [SUB0]
12-07 07:54:30.516 D/RILJ    ( 2774): [5766]> QUERY_NETWORK_SELECTION_MODE [SUB0]
12-07 07:54:30.519 D/RILC    (  446): SOCKET RIL_SOCKET_1 REQUEST: VOICE_REGISTRATION_STATE length:8
12-07 07:54:30.521 D/RILC    (  446): RequestComplete, RIL_SOCKET_1
12-07 07:54:30.522 E/RILC    (  446): Send Response to RIL_SOCKET_1
12-07 07:54:30.523 D/RILC    (  446): RequestComplete, RIL_SOCKET_1
12-07 07:54:30.523 E/RILC    (  446): Send Response to RIL_SOCKET_1
12-07 07:54:30.531 W/SignalStrength( 2774): Signal before validate=SignalStrength: 27 0 -1 -1 -1 -1 -1 99 2147483647 2147483647 2147483647 2147483647 2147483647 gsm|lte
12-07 07:54:30.531 W/SignalStrength( 2774): Signal after validate=SignalStrength: 27 0 -120 -160 -120 -1 -1 99 2147483647 2147483647 2147483647 2147483647 2147483647 gsm|lte
12-07 07:54:30.531 D/RILJ    ( 2774): [5764]< DATA_REGISTRATION_STATE {2, null, null, null, 0, 20, null, null, null, null, null} [SUB0]
12-07 07:54:30.531 D/DefaultPhoneNotifier( 2774): notifySignalStrength: mRegistry=com.android.internal.telephony.ITelephonyRegistry$Stub$Proxy@20b6fd67 ss=SignalStrength: 27 0 -120 -160 -120 -1 -1 99 2147483647 2147483647 2147483647 2147483647 2147483647 gsm|lte sender=Handler (com.android.internal.telephony.gsm.GSMPhone) {2a3ad61f}
12-07 07:54:30.531 D/RILJ    ( 2774): [5765]< VOICE_REGISTRATION_STATE {1, 10b5, 0000591e, 16, null, null, null, 0, null, null, null, null, null, 0, null} [SUB0]
12-07 07:54:30.531 D/RILC    (  446): SOCKET RIL_SOCKET_1 REQUEST: QUERY_NETWORK_SELECTION_MODE length:8
12-07 07:54:30.533 D/RILC    (  446): RequestComplete, RIL_SOCKET_1
12-07 07:54:30.533 E/RILC    (  446): Send Response to RIL_SOCKET_1
12-07 07:54:30.533 W/SignalStrength( 1182): Size of signalstrength parcel:176
12-07 07:54:30.533 D/RILJ    ( 2774): [5766]< QUERY_NETWORK_SELECTION_MODE {0} [SUB0]
12-07 07:54:30.537 D/TelephonyRegistry( 1182): notifySignalStrengthForSubscriber: callback.onSsS r={pkgForDebug=android callerUid=0 subId=9223372036854775807 phoneId=-1000 events=1c1} subId=1 phoneId=0 ss=SignalStrength: 27 0 -120 -160 -120 -1 -1 99 2147483647 2147483647 2147483647 2147483647 2147483647 gsm|lte
12-07 07:54:30.537 D/TelephonyRegistry( 1182): notifySignalStrengthForSubscriber: callback.onSsS r={pkgForDebug=com.baidu.map.location callerUid=0 subId=9223372036854775807 phoneId=-1000 events=110} subId=1 phoneId=0 ss=SignalStrength: 27 0 -120 -160 -120 -1 -1 99 2147483647 2147483647 2147483647 2147483647 2147483647 gsm|lte
12-07 07:54:30.537 D/TelephonyRegistry( 1182): notifySignalStrengthForSubscriber: callback.onSsS r={pkgForDebug=com.android.systemui callerUid=0 subId=1 phoneId=0 events=1e1} subId=1 phoneId=0 ss=SignalStrength: 27 0 -120 -160 -120 -1 -1 99 2147483647 2147483647 2147483647 2147483647 2147483647 gsm|lte
12-07 07:54:30.537 W/SignalStrength( 1182): getLteLevel rsrpIconLevel=0
12-07 07:54:30.537 W/SignalStrength( 1182): getTdScdmaLevel = 0
12-07 07:54:30.538 W/SignalStrength( 1182): getGsmLevel=4
12-07 07:54:30.538 W/SignalStrength( 1182): getLevel=4
12-07 07:54:30.538 W/SignalStrength( 2550): Size of signalstrength parcel:172
12-07 07:54:30.538 W/SignalStrength( 2172): Size of signalstrength parcel:172
12-07 07:54:30.539 D/RILJ    ( 2774): [5767]> OPERATOR [SUB0]
12-07 07:54:30.539 W/SignalStrength( 2172): getLteLevel rsrpIconLevel=0
12-07 07:54:30.539 W/SignalStrength( 2172): getTdScdmaLevel = 0
12-07 07:54:30.539 W/SignalStrength( 2172): getGsmLevel=4
12-07 07:54:30.539 W/SignalStrength( 2172): getLevel=4
12-07 07:54:30.551 D/RILJ    ( 2774): [5768]> DATA_REGISTRATION_STATE [SUB0]
12-07 07:54:30.551 D/RILC    (  446): SOCKET RIL_SOCKET_1 REQUEST: OPERATOR length:8
12-07 07:54:30.555 D/RILJ    ( 2774): [5769]> VOICE_REGISTRATION_STATE [SUB0]
12-07 07:54:30.556 D/RILC    (  446): RequestComplete, RIL_SOCKET_1
12-07 07:54:30.556 E/RILC    (  446): Send Response to RIL_SOCKET_1
12-07 07:54:30.557 D/RILJ    ( 2774): [5767]< OPERATOR {CHINA MOBILE, CMCC, 46000} [SUB0]
12-07 07:54:30.560 D/RILC    (  446): SOCKET RIL_SOCKET_1 REQUEST: DATA_REGISTRATION_STATE length:8
12-07 07:54:30.564 D/RILJ    ( 2774): [5770]> QUERY_NETWORK_SELECTION_MODE [SUB0]
12-07 07:54:30.564 D/RILC    (  446): SOCKET RIL_SOCKET_1 REQUEST: VOICE_REGISTRATION_STATE length:8
12-07 07:54:30.565 D/RILC    (  446): RequestComplete, RIL_SOCKET_1
12-07 07:54:30.565 E/RILC    (  446): Send Response to RIL_SOCKET_1
12-07 07:54:30.566 D/RILJ    ( 2774): [5768]< DATA_REGISTRATION_STATE {2, null, null, null, 0, 20, null, null, null, null, null} [SUB0]
12-07 07:54:30.569 D/RILC    (  446): RequestComplete, RIL_SOCKET_1
12-07 07:54:30.569 E/RILC    (  446): Send Response to RIL_SOCKET_1
12-07 07:54:30.577 D/RILJ    ( 2774): [5769]< VOICE_REGISTRATION_STATE {1, 10b5, 0000591e, 16, null, null, null, 0, null, null, null, null, null, 0, null} [SUB0]
12-07 07:54:30.577 D/PhoneProxy( 2774): [PhoneProxy] EVENT_VOICE_RADIO_TECH_CHANGED: newVoiceTech=2
12-07 07:54:30.577 D/PhoneProxy( 2774): [PhoneProxy] phoneObjectUpdater: newVoiceRadioTech=2
12-07 07:54:30.577 D/PhoneProxy( 2774): [PhoneProxy] phoneObjectUpdater: No change ignore, newVoiceRadioTech=2 mActivePhone=GSM
12-07 07:54:30.577 W/SignalStrength( 2774): Signal before validate=SignalStrength: 27 0 -1 -1 -1 -1 -1 99 2147483647 2147483647 2147483647 2147483647 2147483647 gsm|lte
12-07 07:54:30.577 W/SignalStrength( 2774): Signal after validate=SignalStrength: 27 0 -120 -160 -120 -1 -1 99 2147483647 2147483647 2147483647 2147483647 2147483647 gsm|lte
12-07 07:54:30.577 D/RILC    (  446): SOCKET RIL_SOCKET_1 REQUEST: QUERY_NETWORK_SELECTION_MODE length:8
12-07 07:54:30.577 D/DefaultPhoneNotifier( 2774): notifySignalStrength: mRegistry=com.android.internal.telephony.ITelephonyRegistry$Stub$Proxy@20b6fd67 ss=SignalStrength: 27 0 -120 -160 -120 -1 -1 99 2147483647 2147483647 2147483647 2147483647 2147483647 gsm|lte sender=Handler (com.android.internal.telephony.gsm.GSMPhone) {2a3ad61f}
12-07 07:54:30.577 W/SignalStrength( 1182): Size of signalstrength parcel:176
12-07 07:54:30.580 D/TelephonyRegistry( 1182): notifySignalStrengthForSubscriber: callback.onSsS r={pkgForDebug=android callerUid=0 subId=9223372036854775807 phoneId=-1000 events=1c1} subId=1 phoneId=0 ss=SignalStrength: 27 0 -120 -160 -120 -1 -1 99 2147483647 2147483647 2147483647 2147483647 2147483647 gsm|lte
12-07 07:54:30.581 D/RILC    (  446): RequestComplete, RIL_SOCKET_1
12-07 07:54:30.581 E/RILC    (  446): Send Response to RIL_SOCKET_1
12-07 07:54:30.581 D/RILJ    ( 2774): [5770]< QUERY_NETWORK_SELECTION_MODE {0} [SUB0]
12-07 07:54:30.583 D/TelephonyRegistry( 1182): notifySignalStrengthForSubscriber: callback.onSsS r={pkgForDebug=com.baidu.map.location callerUid=0 subId=9223372036854775807 phoneId=-1000 events=110} subId=1 phoneId=0 ss=SignalStrength: 27 0 -120 -160 -120 -1 -1 99 2147483647 2147483647 2147483647 2147483647 2147483647 gsm|lte
12-07 07:54:30.583 D/TelephonyRegistry( 1182): notifySignalStrengthForSubscriber: callback.onSsS r={pkgForDebug=com.android.systemui callerUid=0 subId=1 phoneId=0 events=1e1} subId=1 phoneId=0 ss=SignalStrength: 27 0 -120 -160 -120 -1 -1 99 2147483647 2147483647 2147483647 2147483647 2147483647 gsm|lte
12-07 07:54:30.583 W/SignalStrength( 1182): getLteLevel rsrpIconLevel=0
12-07 07:54:30.583 W/SignalStrength( 1182): getTdScdmaLevel = 0
12-07 07:54:30.583 W/SignalStrength( 1182): getGsmLevel=4
12-07 07:54:30.583 W/SignalStrength( 1182): getLevel=4
12-07 07:54:30.583 W/SignalStrength( 2172): Size of signalstrength parcel:172
12-07 07:54:30.584 W/SignalStrength( 2774): Signal before validate=SignalStrength: 27 0 -1 -1 -1 -1 -1 99 2147483647 2147483647 2147483647 2147483647 2147483647 gsm|lte
12-07 07:54:30.584 W/SignalStrength( 2774): Signal after validate=SignalStrength: 27 0 -120 -160 -120 -1 -1 99 2147483647 2147483647 2147483647 2147483647 2147483647 gsm|lte
12-07 07:54:30.584 D/DefaultPhoneNotifier( 2774): notifySignalStrength: mRegistry=com.android.internal.telephony.ITelephonyRegistry$Stub$Proxy@20b6fd67 ss=SignalStrength: 27 0 -120 -160 -120 -1 -1 99 2147483647 2147483647 2147483647 2147483647 2147483647 gsm|lte sender=Handler (com.android.internal.telephony.gsm.GSMPhone) {2a3ad61f}
12-07 07:54:30.585 W/SignalStrength( 2550): Size of signalstrength parcel:172
12-07 07:54:30.586 W/SignalStrength( 1182): Size of signalstrength parcel:176
12-07 07:54:30.588 W/SignalStrength( 2172): getLteLevel rsrpIconLevel=0
12-07 07:54:30.588 W/SignalStrength( 2172): getTdScdmaLevel = 0
12-07 07:54:30.588 W/SignalStrength( 2172): getGsmLevel=4
12-07 07:54:30.588 W/SignalStrength( 2172): getLevel=4
12-07 07:54:30.592 D/TelephonyRegistry( 1182): notifySignalStrengthForSubscriber: callback.onSsS r={pkgForDebug=android callerUid=0 subId=9223372036854775807 phoneId=-1000 events=1c1} subId=1 phoneId=0 ss=SignalStrength: 27 0 -120 -160 -120 -1 -1 99 2147483647 2147483647 2147483647 2147483647 2147483647 gsm|lte
12-07 07:54:30.592 D/TelephonyRegistry( 1182): notifySignalStrengthForSubscriber: callback.onSsS r={pkgForDebug=com.baidu.map.location callerUid=0 subId=9223372036854775807 phoneId=-1000 events=110} subId=1 phoneId=0 ss=SignalStrength: 27 0 -120 -160 -120 -1 -1 99 2147483647 2147483647 2147483647 2147483647 2147483647 gsm|lte
12-07 07:54:30.592 D/TelephonyRegistry( 1182): notifySignalStrengthForSubscriber: callback.onSsS r={pkgForDebug=com.android.systemui callerUid=0 subId=1 phoneId=0 events=1e1} subId=1 phoneId=0 ss=SignalStrength: 27 0 -120 -160 -120 -1 -1 99 2147483647 2147483647 2147483647 2147483647 2147483647 gsm|lte
12-07 07:54:30.593 W/SignalStrength( 1182): getLteLevel rsrpIconLevel=0
12-07 07:54:30.593 W/SignalStrength( 1182): getTdScdmaLevel = 0
12-07 07:54:30.593 W/SignalStrength( 1182): getGsmLevel=4
12-07 07:54:30.593 W/SignalStrength( 1182): getLevel=4
12-07 07:54:30.593 W/SignalStrength( 2172): Size of signalstrength parcel:172
12-07 07:54:30.596 W/SignalStrength( 2550): Size of signalstrength parcel:172
12-07 07:54:30.598 W/SignalStrength( 2774): Signal before validate=SignalStrength: 27 0 -1 -1 -1 -1 -1 99 2147483647 2147483647 2147483647 2147483647 2147483647 gsm|lte
12-07 07:54:30.598 W/SignalStrength( 2774): Signal after validate=SignalStrength: 27 0 -120 -160 -120 -1 -1 99 2147483647 2147483647 2147483647 2147483647 2147483647 gsm|lte
12-07 07:54:30.598 D/DefaultPhoneNotifier( 2774): notifySignalStrength: mRegistry=com.android.internal.telephony.ITelephonyRegistry$Stub$Proxy@20b6fd67 ss=SignalStrength: 27 0 -120 -160 -120 -1 -1 99 2147483647 2147483647 2147483647 2147483647 2147483647 gsm|lte sender=Handler (com.android.internal.telephony.gsm.GSMPhone) {2a3ad61f}
12-07 07:54:30.601 W/SignalStrength( 1182): Size of signalstrength parcel:176
12-07 07:54:30.612 D/TelephonyRegistry( 1182): notifySignalStrengthForSubscriber: callback.onSsS r={pkgForDebug=android callerUid=0 subId=9223372036854775807 phoneId=-1000 events=1c1} subId=1 phoneId=0 ss=SignalStrength: 27 0 -120 -160 -120 -1 -1 99 2147483647 2147483647 2147483647 2147483647 2147483647 gsm|lte
12-07 07:54:30.613 D/TelephonyRegistry( 1182): notifySignalStrengthForSubscriber: callback.onSsS r={pkgForDebug=com.baidu.map.location callerUid=0 subId=9223372036854775807 phoneId=-1000 events=110} subId=1 phoneId=0 ss=SignalStrength: 27 0 -120 -160 -120 -1 -1 99 2147483647 2147483647 2147483647 2147483647 2147483647 gsm|lte
12-07 07:54:30.613 D/TelephonyRegistry( 1182): notifySignalStrengthForSubscriber: callback.onSsS r={pkgForDebug=com.android.systemui callerUid=0 subId=1 phoneId=0 events=1e1} subId=1 phoneId=0 ss=SignalStrength: 27 0 -120 -160 -120 -1 -1 99 2147483647 2147483647 2147483647 2147483647 2147483647 gsm|lte
12-07 07:54:30.613 W/SignalStrength( 1182): getLteLevel rsrpIconLevel=0
12-07 07:54:30.613 W/SignalStrength( 1182): getTdScdmaLevel = 0
12-07 07:54:30.613 W/SignalStrength( 1182): getGsmLevel=4
12-07 07:54:30.613 W/SignalStrength( 1182): getLevel=4
12-07 07:54:30.613 W/SignalStrength( 2172): Size of signalstrength parcel:172
12-07 07:54:30.615 D/RILJ    ( 2774): [5771]> OPERATOR [SUB0]
12-07 07:54:30.621 W/SignalStrength( 2550): Size of signalstrength parcel:172
12-07 07:54:30.622 D/RILJ    ( 2774): [5772]> DATA_REGISTRATION_STATE [SUB0]
12-07 07:54:30.623 D/RILC    (  446): SOCKET RIL_SOCKET_1 REQUEST: OPERATOR length:8
12-07 07:54:30.625 D/RILC    (  446): RequestComplete, RIL_SOCKET_1
12-07 07:54:30.625 E/RILC    (  446): Send Response to RIL_SOCKET_1
12-07 07:54:30.626 D/RILJ    ( 2774): [5771]< OPERATOR {CHINA MOBILE, CMCC, 46000} [SUB0]
12-07 07:54:30.626 D/RILJ    ( 2774): [5773]> VOICE_REGISTRATION_STATE [SUB0]
12-07 07:54:30.626 D/RILC    (  446): SOCKET RIL_SOCKET_1 REQUEST: DATA_REGISTRATION_STATE length:8
12-07 07:54:30.632 D/RILC    (  446): RequestComplete, RIL_SOCKET_1
12-07 07:54:30.633 E/RILC    (  446): Send Response to RIL_SOCKET_1
12-07 07:54:30.634 D/RILJ    ( 2774): [5774]> QUERY_NETWORK_SELECTION_MODE [SUB0]
12-07 07:54:30.634 D/RILC    (  446): SOCKET RIL_SOCKET_1 REQUEST: VOICE_REGISTRATION_STATE length:8
12-07 07:54:30.636 W/SignalStrength( 2172): getLteLevel rsrpIconLevel=0
12-07 07:54:30.636 W/SignalStrength( 2172): getTdScdmaLevel = 0
12-07 07:54:30.636 W/SignalStrength( 2172): getGsmLevel=4
12-07 07:54:30.636 W/SignalStrength( 2172): getLevel=4
12-07 07:54:30.637 D/RILJ    ( 2774): [5775]> OPERATOR [SUB0]
12-07 07:54:30.637 D/RILC    (  446): SOCKET RIL_SOCKET_1 REQUEST: QUERY_NETWORK_SELECTION_MODE length:8
12-07 07:54:30.638 D/RILJ    ( 2774): [5772]< DATA_REGISTRATION_STATE {2, null, null, null, 0, 20, null, null, null, null, null} [SUB0]
12-07 07:54:30.640 D/RILC    (  446): RequestComplete, RIL_SOCKET_1
12-07 07:54:30.640 E/RILC    (  446): Send Response to RIL_SOCKET_1
12-07 07:54:30.641 D/RILJ    ( 2774): [5773]< VOICE_REGISTRATION_STATE {1, 10b5, 0000591e, 16, null, null, null, 0, null, null, null, null, null, 0, null} [SUB0]
12-07 07:54:30.642 D/RILC    (  446): RequestComplete, RIL_SOCKET_1
12-07 07:54:30.643 E/RILC    (  446): Send Response to RIL_SOCKET_1
12-07 07:54:30.650 D/RILJ    ( 2774): [5776]> DATA_REGISTRATION_STATE [SUB0]
12-07 07:54:30.650 D/RILC    (  446): SOCKET RIL_SOCKET_1 REQUEST: OPERATOR length:8
