12-07 07:54:30.652 D/RILC    (  446): RequestComplete, RIL_SOCKET_1
12-07 07:54:30.652 E/RILC    (  446): Send Response to RIL_SOCKET_1
12-07 07:54:30.655 D/RILJ    ( 2774): [5777]> VOICE_REGISTRATION_STATE [SUB0]
12-07 07:54:30.655 D/RILC    (  446): SOCKET RIL_SOCKET_1 REQUEST: DATA_REGISTRATION_STATE length:8
12-07 07:54:30.660 D/RILJ    ( 2774): [5778]> QUERY_NETWORK_SELECTION_MODE [SUB0]
12-07 07:54:30.660 D/RILC    (  446): SOCKET RIL_SOCKET_1 REQUEST: VOICE_REGISTRATION_STATE length:8
12-07 07:54:30.661 D/RILC    (  446): RequestComplete, RIL_SOCKET_1
12-07 07:54:30.661 E/RILC    (  446): Send Response to RIL_SOCKET_1
12-07 07:54:30.671 D/RILC    (  446): SOCKET RIL_SOCKET_1 REQUEST: QUERY_NETWORK_SELECTION_MODE length:8
12-07 07:54:30.671 D/RILJ    ( 2774): [5774]< QUERY_NETWORK_SELECTION_MODE {0} [SUB0]
12-07 07:54:30.672 D/RILJ    ( 2774): [5775]< OPERATOR {CHINA MOBILE, CMCC, 46000} [SUB0]
12-07 07:54:30.672 D/RILJ    ( 2774): [5776]< DATA_REGISTRATION_STATE {2, null, null, null, 0, 20, null, null, null, null, null} [SUB0]
12-07 07:54:30.673 D/RILC    (  446): RequestComplete, RIL_SOCKET_1
12-07 07:54:30.673 E/RILC    (  446): Send Response to RIL_SOCKET_1
12-07 07:54:30.674 D/RILJ    ( 2774): [5777]< VOICE_REGISTRATION_STATE {1, 10b5, 0000591e, 16, null, null, null, 0, null, null, null, null, null, 0, null} [SUB0]
12-07 07:54:30.674 D/RILC    (  446): RequestComplete, RIL_SOCKET_1
12-07 07:54:30.674 E/RILC    (  446): Send Response to RIL_SOCKET_1
12-07 07:54:30.675 D/RILJ    ( 2774): [5778]< QUERY_NETWORK_SELECTION_MODE {0} [SUB0]
12-07 07:54:30.676 D/PhoneFactory( 2774): getPhone: phoneId != DEFAULT_PHONE_ID
12-07 07:54:30.676 D/PhoneFactory( 2774): getPhone:- phone=Handler (com.android.internal.telephony.PhoneProxy) {398f2d9b}
12-07 07:54:30.691 D/PhoneFactory( 2774): getPhone: phoneId != DEFAULT_PHONE_ID
12-07 07:54:30.691 D/PhoneFactory( 2774): getPhone:- phone=Handler (com.android.internal.telephony.PhoneProxy) {231b0911}
12-07 07:54:30.697 D/SubController( 2774): [getActiveSubInfoCount]+
12-07 07:54:30.697 D/SubController( 2774): [getActiveSubInfoList]+
12-07 07:54:30.698 W/SignalStrength( 2172): getLteLevel rsrpIconLevel=0
12-07 07:54:30.698 D/SubController( 2774): selection:sim_id!=-1000 null
12-07 07:54:30.698 W/SignalStrength( 2172): getTdScdmaLevel = 0
12-07 07:54:30.699 W/SignalStrength( 2172): getGsmLevel=4
12-07 07:54:30.699 W/SignalStrength( 2172): getLevel=4
12-07 07:54:30.703 D/SubController( 2774): [getSubInfoRecord] SubId:1 iccid:898600710115f0530049 slotId:0 displayName:null color:0 mcc/mnc:460/0 subStatus: 1 Nwmode: 1
12-07 07:54:30.703 D/SubController( 2774): [getSubInfoRecord] SubId:2 iccid:89860115811027929457 slotId:1 displayName:null color:1 mcc/mnc:460/1 subStatus: 1 Nwmode: 22
12-07 07:54:30.705 D/SubController( 2774): [getActiveSubInfoList]- 2 infos return
12-07 07:54:30.705 D/SubController( 2774): [getActiveSubInfoCount]- count: 2
12-07 07:54:30.706 D/SubController( 2774): [getActiveSubInfoList]+
12-07 07:54:30.706 D/SubController( 2774): selection:sim_id!=-1000 null
12-07 07:54:30.712 D/SubController( 2774): [getSubInfoRecord] SubId:1 iccid:898600710115f0530049 slotId:0 displayName:null color:0 mcc/mnc:460/0 subStatus: 1 Nwmode: 1
12-07 07:54:30.712 D/SubController( 2774): [getSubInfoRecord] SubId:2 iccid:89860115811027929457 slotId:1 displayName:null color:1 mcc/mnc:460/1 subStatus: 1 Nwmode: 22
12-07 07:54:30.716 D/SubController( 2774): [getActiveSubInfoList]- 2 infos return
12-07 07:54:30.702 I/auditd  (22172): type=1400 audit(0.0:210): avc: denied { write } for comm="modprobe" name="modules" dev="mmcblk0p40" ino=2721 scontext=u:r:kernel:s0 tcontext=u:object_r:system_file:s0 tclass=dir permissive=0
12-07 07:54:30.734 D/SubController( 2774): [getActiveSubIdList] simInfoSet=[1=2, 0=1]
12-07 07:54:30.735 D/SubController( 2774): [getActiveSubIdList] X subIdArr.length=2
12-07 07:54:30.735 D/SubController( 2774): [getActiveSubIdList] simInfoSet=[1=2, 0=1]
12-07 07:54:30.735 D/SubController( 2774): [getActiveSubIdList] X subIdArr.length=2
12-07 07:54:30.737 D/SubController( 2774): [getActiveSubInfoList]+
12-07 07:54:30.737 D/SubController( 2774): selection:sim_id!=-1000 null
12-07 07:54:30.742 D/SubController( 2774): [getActiveSubInfoList]+
12-07 07:54:30.742 D/SubController( 2774): selection:sim_id!=-1000 null
12-07 07:54:30.744 D/SubController( 2774): [getSubInfoRecord] SubId:1 iccid:898600710115f0530049 slotId:0 displayName:null color:0 mcc/mnc:460/0 subStatus: 1 Nwmode: 1
12-07 07:54:30.744 D/SubController( 2774): [getSubInfoRecord] SubId:2 iccid:89860115811027929457 slotId:1 displayName:null color:1 mcc/mnc:460/1 subStatus: 1 Nwmode: 22
12-07 07:54:30.746 D/SubController( 2774): [getActiveSubInfoList]- 2 infos return
12-07 07:54:30.748 D/SubController( 2774): [getSubInfoRecord] SubId:1 iccid:898600710115f0530049 slotId:0 displayName:null color:0 mcc/mnc:460/0 subStatus: 1 Nwmode: 1
12-07 07:54:30.748 D/SubController( 2774): [getSubInfoRecord] SubId:2 iccid:89860115811027929457 slotId:1 displayName:null color:1 mcc/mnc:460/1 subStatus: 1 Nwmode: 22
12-07 07:54:30.748 D/SubController( 2774): [getActiveSubIdList] simInfoSet=[1=2, 0=1]
12-07 07:54:30.749 D/SubController( 2774): [getActiveSubIdList] X subIdArr.length=2
12-07 07:54:30.749 D/SubController( 2774): [getActiveSubIdList] simInfoSet=[1=2, 0=1]
12-07 07:54:30.749 D/SubController( 2774): [getActiveSubInfoList]- 2 infos return
12-07 07:54:30.749 D/SubController( 2774): [getActiveSubIdList] X subIdArr.length=2
12-07 07:54:30.751 D/SubController( 2774): [getActiveSubInfoList]+
12-07 07:54:30.751 D/SubController( 2774): selection:sim_id!=-1000 null
12-07 07:54:30.755 D/SubController( 2774): [getSubInfoRecord] SubId:1 iccid:898600710115f0530049 slotId:0 displayName:null color:0 mcc/mnc:460/0 subStatus: 1 Nwmode: 1
12-07 07:54:30.755 D/SubController( 2774): [getSubInfoRecord] SubId:2 iccid:89860115811027929457 slotId:1 displayName:null color:1 mcc/mnc:460/1 subStatus: 1 Nwmode: 22
12-07 07:54:30.756 D/SubController( 2774): [getActiveSubInfoCount]+
12-07 07:54:30.759 D/SubController( 2774): [getActiveSubInfoList]+
12-07 07:54:30.759 D/SubController( 2774): selection:sim_id!=-1000 null
12-07 07:54:30.760 D/SubController( 2774): [getActiveSubInfoList]- 2 infos return
12-07 07:54:30.762 D/SubController( 2774): [getActiveSubInfoList]+
12-07 07:54:30.762 D/SubController( 2774): selection:sim_id!=-1000 null
12-07 07:54:30.770 D/SubController( 2774): [getSubInfoRecord] SubId:1 iccid:898600710115f0530049 slotId:0 displayName:null color:0 mcc/mnc:460/0 subStatus: 1 Nwmode: 1
12-07 07:54:30.770 D/SubController( 2774): [getSubInfoRecord] SubId:2 iccid:89860115811027929457 slotId:1 displayName:null color:1 mcc/mnc:460/1 subStatus: 1 Nwmode: 22
12-07 07:54:30.772 D/SubController( 2774): [getActiveSubInfoList]- 2 infos return
12-07 07:54:30.772 D/SubController( 2774): [getActiveSubInfoCount]- count: 2
12-07 07:54:30.772 D/SubController( 2774): [getSubInfoRecord] SubId:1 iccid:898600710115f0530049 slotId:0 displayName:null color:0 mcc/mnc:460/0 subStatus: 1 Nwmode: 1
12-07 07:54:30.772 D/SubController( 2774): [getSubInfoRecord] SubId:2 iccid:89860115811027929457 slotId:1 displayName:null color:1 mcc/mnc:460/1 subStatus: 1 Nwmode: 22
12-07 07:54:30.775 D/SubController( 2774): [getActiveSubInfoList]- 2 infos return
12-07 07:54:30.777 D/SubController( 2774): [getActiveSubIdList] simInfoSet=[1=2, 0=1]
12-07 07:54:30.777 D/SubController( 2774): [getActiveSubIdList] X subIdArr.length=2
12-07 07:54:30.778 D/SubController( 2774): [getActiveSubIdList] simInfoSet=[1=2, 0=1]
12-07 07:54:30.778 D/SubController( 2774): [getActiveSubIdList] X subIdArr.length=2
12-07 07:54:30.780 D/SubController( 2774): [getActiveSubInfoList]+
12-07 07:54:30.780 D/SubController( 2774): selection:sim_id!=-1000 null
12-07 07:54:30.805 D/SubController( 2774): [getSubInfoRecord] SubId:1 iccid:898600710115f0530049 slotId:0 displayName:null color:0 mcc/mnc:460/0 subStatus: 1 Nwmode: 1
12-07 07:54:30.805 D/SubController( 2774): [getSubInfoRecord] SubId:2 iccid:89860115811027929457 slotId:1 displayName:null color:1 mcc/mnc:460/1 subStatus: 1 Nwmode: 22
12-07 07:54:30.811 D/SubController( 2774): [getActiveSubInfoList]- 2 infos return
12-07 07:54:30.824 I/am_proc_start( 1182): [0,22173,10006,com.android.dialer,broadcast,com.android.dialer/.calllog.CallLogReceiver]
12-07 07:54:30.825 I/dvm_lock_sample( 1182): [system_server,1,Binder_10,33,ActivityManagerService.java,12899,BroadcastQueue.java,544,6]
12-07 07:54:30.830 D/SubController( 2774): [getActiveSubIdList] simInfoSet=[1=2, 0=1]
12-07 07:54:30.830 D/SubController( 2774): [getActiveSubIdList] X subIdArr.length=2
12-07 07:54:30.833 D/SubController( 2774): [getActiveSubIdList] simInfoSet=[1=2, 0=1]
12-07 07:54:30.833 D/SubController( 2774): [getActiveSubIdList] X subIdArr.length=2
12-07 07:54:30.834 D/SubController( 2774): [getActiveSubInfoList]+
12-07 07:54:30.835 D/SubController( 2774): selection:sim_id!=-1000 null
12-07 07:54:30.838 D/SubController( 2774): [getSubInfoRecord] SubId:1 iccid:898600710115f0530049 slotId:0 displayName:null color:0 mcc/mnc:460/0 subStatus: 1 Nwmode: 1
12-07 07:54:30.838 D/SubController( 2774): [getSubInfoRecord] SubId:2 iccid:89860115811027929457 slotId:1 displayName:null color:1 mcc/mnc:460/1 subStatus: 1 Nwmode: 22
12-07 07:54:30.839 D/SubController( 2774): [getActiveSubInfoList]- 2 infos return
12-07 07:54:30.842 D/SubController( 2774): [getActiveSubInfoList]+
12-07 07:54:30.842 D/SubController( 2774): selection:sim_id!=-1000 null
12-07 07:54:30.852 D/SubController( 2774): [getSubInfoRecord] SubId:1 iccid:898600710115f0530049 slotId:0 displayName:null color:0 mcc/mnc:460/0 subStatus: 1 Nwmode: 1
12-07 07:54:30.853 D/SubController( 2774): [getSubInfoRecord] SubId:2 iccid:89860115811027929457 slotId:1 displayName:null color:1 mcc/mnc:460/1 subStatus: 1 Nwmode: 22
12-07 07:54:30.854 D/SubController( 2774): [getActiveSubInfoList]- 2 infos return
12-07 07:54:30.872 D/SubController( 2774): [getActiveSubInfoList]+
12-07 07:54:30.872 D/SubController( 2774): selection:sim_id!=-1000 null
12-07 07:54:30.878 D/SubController( 2774): [getSubInfoRecord] SubId:1 iccid:898600710115f0530049 slotId:0 displayName:null color:0 mcc/mnc:460/0 subStatus: 1 Nwmode: 1
12-07 07:54:30.879 D/SubController( 2774): [getSubInfoRecord] SubId:2 iccid:89860115811027929457 slotId:1 displayName:null color:1 mcc/mnc:460/1 subStatus: 1 Nwmode: 22
12-07 07:54:30.880 D/SubController( 2774): [getActiveSubInfoList]- 2 infos return
12-07 07:54:30.888 I/am_proc_bound( 1182): [0,22173,com.android.dialer]
12-07 07:54:30.904 D/SubController( 2774): [getActiveSubInfoList]+
12-07 07:54:30.904 D/SubController( 2774): selection:sim_id!=-1000 null
12-07 07:54:30.916 D/SubController( 2774): [getSubInfoRecord] SubId:1 iccid:898600710115f0530049 slotId:0 displayName:null color:0 mcc/mnc:460/0 subStatus: 1 Nwmode: 1
12-07 07:54:30.916 D/SubController( 2774): [getSubInfoRecord] SubId:2 iccid:89860115811027929457 slotId:1 displayName:null color:1 mcc/mnc:460/1 subStatus: 1 Nwmode: 22
12-07 07:54:30.932 D/SubController( 2774): [getActiveSubInfoList]- 2 infos return
12-07 07:54:30.942 D/SubController( 2774): [getActiveSubInfoList]+
12-07 07:54:30.949 D/SubController( 2774): selection:sim_id!=-1000 null
12-07 07:54:30.959 D/SubController( 2774): [getSubInfoRecord] SubId:1 iccid:898600710115f0530049 slotId:0 displayName:null color:0 mcc/mnc:460/0 subStatus: 1 Nwmode: 1
12-07 07:54:30.959 D/SubController( 2774): [getSubInfoRecord] SubId:2 iccid:89860115811027929457 slotId:1 displayName:null color:1 mcc/mnc:460/1 subStatus: 1 Nwmode: 22
12-07 07:54:30.961 D/SubController( 2774): [getActiveSubInfoList]- 2 infos return
12-07 07:54:30.972 D/ModemStackController( 2774): Received ACTION_SUBSCRIPTION_SET_UICC_RESULT on subId: 1phoneId 0 status: 0
12-07 07:54:30.972 D/CdmaSSM ( 2774): CDMA_SUBSCRIPTION_SOURCE event = 2
12-07 07:54:30.972 D/ModemStackController( 2774): Received ACTION_SUBSCRIPTION_SET_UICC_RESULT on subId: 2phoneId 1 status: 0
12-07 07:54:30.973 D/GsmSST  ( 2774): [GsmSST1] mDeviceShuttingDown = false
12-07 07:54:30.973 D/GsmSST  ( 2774): [GsmSST1] mDesiredPowerState = true
12-07 07:54:30.973 D/GsmSST  ( 2774): [GsmSST1] getRadioState = RADIO_ON
12-07 07:54:30.973 D/GsmSST  ( 2774): [GsmSST1] mPowerOffDelayNeed = true
12-07 07:54:30.973 D/GsmSST  ( 2774): [GsmSST1] mAlarmSwitch = false
12-07 07:54:30.973 D/RILJ    ( 2774): [5779]> OPERATOR [SUB1]
12-07 07:54:30.976 D/RILC    (  599): SOCKET RIL_SOCKET_1 REQUEST: OPERATOR length:8
12-07 07:54:30.976 D/RILJ    ( 2774): [5780]> DATA_REGISTRATION_STATE [SUB1]
12-07 07:54:30.977 D/RILC    (  599): RequestComplete, RIL_SOCKET_1
12-07 07:54:30.977 E/RILC    (  599): Send Response to RIL_SOCKET_1
12-07 07:54:30.978 D/RILJ    ( 2774): [5779]< OPERATOR {null, null, null} [SUB1]
12-07 07:54:30.980 D/RILC    (  599): SOCKET RIL_SOCKET_1 REQUEST: DATA_REGISTRATION_STATE length:8
12-07 07:54:30.982 D/RILJ    ( 2774): [5781]> VOICE_REGISTRATION_STATE [SUB1]
12-07 07:54:30.983 D/RILC    (  599): RequestComplete, RIL_SOCKET_1
12-07 07:54:30.983 E/RILC    (  599): Send Response to RIL_SOCKET_1
12-07 07:54:30.985 D/RILJ    ( 2774): [5780]< DATA_REGISTRATION_STATE {2, null, null, null, 0, 20, null, null, null, null, null} [SUB1]
12-07 07:54:30.990 D/RILJ    ( 2774): [5782]> QUERY_NETWORK_SELECTION_MODE [SUB1]
12-07 07:54:30.991 D/RILC    (  599): SOCKET RIL_SOCKET_1 REQUEST: VOICE_REGISTRATION_STATE length:8
12-07 07:54:30.995 D/RILC    (  599): RequestComplete, RIL_SOCKET_1
12-07 07:54:30.995 E/RILC    (  599): Send Response to RIL_SOCKET_1
12-07 07:54:30.997 D/RILJ    ( 2774): [5783]> GET_CURRENT_CALLS [SUB1]
12-07 07:54:30.999 D/RILC    (  599): SOCKET RIL_SOCKET_1 REQUEST: QUERY_NETWORK_SELECTION_MODE length:8
12-07 07:54:31.001 D/RILJ    ( 2774): [5784]> RIL_REQUEST_VOICE_RADIO_TECH [SUB1]
12-07 07:54:31.001 D/RILJ    ( 2774): [5781]< VOICE_REGISTRATION_STATE {2, null, null, 0, null, null, null, 0, null, null, null, null, null, 0, null} [SUB1]
12-07 07:54:31.002 D/RILC    (  599): RequestComplete, RIL_SOCKET_1
12-07 07:54:31.002 E/RILC    (  599): Send Response to RIL_SOCKET_1
12-07 07:54:31.004 D/RILC    (  599): SOCKET RIL_SOCKET_1 REQUEST: GET_CURRENT_CALLS length:8
12-07 07:54:31.004 I/RILQ    (  599): (1/599):RIL[1][main] qcril_qmi_get_call_list_to_send: RILVI: calls rep: reported/skipped 0/0 calls
12-07 07:54:31.004 D/RILC    (  599): RequestComplete, RIL_SOCKET_1
12-07 07:54:31.004 E/RILC    (  599): Send Response to RIL_SOCKET_1
12-07 07:54:31.007 D/RILJ    ( 2774): [5785]> RIL_REQUEST_IMS_REGISTRATION_STATE [SUB1]
12-07 07:54:31.009 D/ModemStackController( 2774): Received ACTION_SUBINFO_CONTENT_CHANGE on subId: -1001for mcc intValue: 460
12-07 07:54:31.009 E/PhoneBase( 2774): Error! unregisterForCallWaiting() in PhoneBase should not be called, CDMAPhone inactive.
12-07 07:54:31.011 D/RILC    (  599): SOCKET RIL_SOCKET_1 REQUEST: VOICE_RADIO_TECH length:8
12-07 07:54:31.011 D/RILC    (  599): SOCKET RIL_SOCKET_1 REQUEST: IMS_REGISTRATION_STATE length:8
12-07 07:54:31.013 E/PhoneBase( 2774): Error! unregisterForCallWaiting() in PhoneBase should not be called, CDMAPhone inactive.
12-07 07:54:31.013 D/RILJ    ( 2774): [5782]< QUERY_NETWORK_SELECTION_MODE {0} [SUB1]
12-07 07:54:31.013 D/RILJ    ( 2774): [5783]< GET_CURRENT_CALLS   [SUB1]
12-07 07:54:31.015 E/RILQ    (  599): (1/599): RIL[1][cmd-112(824)] qcril_qmi_client_send_msg_sync_ex: error 2 / 0 / 1 / 52, context msg hex 4a, service 2 
12-07 07:54:31.015 E/RILQ    (  599): (1/599): RIL[1][cmd-112(824)] qcril_sms_request_ims_registration_state: Failed to get the response of IMS NW registration state from qmi.
12-07 07:54:31.016 D/RILC    (  599): RequestComplete, RIL_SOCKET_1
12-07 07:54:31.016 E/RILC    (  599): Send Response to RIL_SOCKET_1
12-07 07:54:31.018 D/RILC    (  599): RequestComplete, RIL_SOCKET_1
12-07 07:54:31.019 E/RILC    (  599): Send Response to RIL_SOCKET_1
12-07 07:54:31.020 D/RilRequest( 2774): [5785]< RIL_REQUEST_IMS_REGISTRATION_STATE error: com.android.internal.telephony.CommandException: GENERIC_FAILURE ret=
12-07 07:54:31.021 D/RILJ    ( 2774): [5784]< RIL_REQUEST_VOICE_RADIO_TECH {17} [SUB1]
12-07 07:54:31.032 D/SubController( 2774): [getSubInfoForSubscriberx]+ subId:1
12-07 07:54:31.049 D/SubController( 2774): [getSubInfoForSubscriberx]- Info detail:
12-07 07:54:31.050 D/SubController( 2774): [getSubInfoRecord] SubId:1 iccid:898600710115f0530049 slotId:0 displayName:null color:0 mcc/mnc:460/0 subStatus: 1 Nwmode: 1
12-07 07:54:31.083 D/SubController( 2774): [getActiveSubInfoList]+
12-07 07:54:31.084 D/SubController( 2774): selection:sim_id!=-1000 null
12-07 07:54:31.088 E/PhoneBase( 2774): Error! registerForCallWaiting() in PhoneBase should not be called, CDMAPhone inactive.
12-07 07:54:31.092 D/SubController( 2774): [getSubInfoRecord] SubId:1 iccid:898600710115f0530049 slotId:0 displayName:null color:0 mcc/mnc:460/0 subStatus: 1 Nwmode: 1
12-07 07:54:31.092 D/SubController( 2774): [getSubInfoRecord] SubId:2 iccid:89860115811027929457 slotId:1 displayName:null color:1 mcc/mnc:460/1 subStatus: 1 Nwmode: 22
12-07 07:54:31.095 D/SubController( 2774): [getActiveSubInfoList]- 2 infos return
12-07 07:54:31.100 D/SubController( 2774): [getSubInfoForSubscriberx]+ subId:2
12-07 07:54:31.106 I/am_kill ( 1182): [0,21292,com.android.calendar,15,empty #9]
12-07 07:54:31.107 D/SubController( 2774): [getSubInfoForSubscriberx]- Info detail:
12-07 07:54:31.108 D/SubController( 2774): [getSubInfoRecord] SubId:2 iccid:89860115811027929457 slotId:1 displayName:null color:1 mcc/mnc:460/1 subStatus: 1 Nwmode: 22
12-07 07:54:31.112 D/SubController( 2774): [getActiveSubInfoList]+
12-07 07:54:31.112 D/SubController( 2774): selection:sim_id!=-1000 null
12-07 07:54:31.126 D/SubController( 2774): [getSubInfoRecord] SubId:1 iccid:898600710115f0530049 slotId:0 displayName:null color:0 mcc/mnc:460/0 subStatus: 1 Nwmode: 1
12-07 07:54:31.126 D/SubController( 2774): [getSubInfoRecord] SubId:2 iccid:89860115811027929457 slotId:1 displayName:null color:1 mcc/mnc:460/1 subStatus: 1 Nwmode: 22
12-07 07:54:31.127 D/SubController( 2774): [getActiveSubInfoList]- 2 infos return
12-07 07:54:31.134 E/PhoneBase( 2774): Error! registerForCallWaiting() in PhoneBase should not be called, CDMAPhone inactive.
12-07 07:54:31.252 I/RILC    (  446): RIL_SOCKET_1 UNSOLICITED: UNSOL_NITZ_TIME_RECEIVED length:68
12-07 07:54:31.252 E/RILC    (  446): Send Response to RIL_SOCKET_1
12-07 07:54:31.252 D/RILJ    ( 2774): [UNSL]< UNSOL_NITZ_TIME_RECEIVED 15/12/06,23:54:32+32,00 [SUB0]
12-07 07:54:31.321 I/dvm_lock_sample( 1182): [system_server,1,Binder_9,182,ActivityManagerService.java,16862,BroadcastQueue.java,544,36]
12-07 07:54:31.321 I/am_proc_died( 1182): [0,21292,com.android.calendar]
12-07 07:54:31.330 D/SubController( 2774): [getActiveSubInfoCount]+
12-07 07:54:31.336 D/SubController( 2774): [getActiveSubInfoList]+
12-07 07:54:31.336 D/SubController( 2774): selection:sim_id!=-1000 null
12-07 07:54:31.340 D/SubController( 2774): [getActiveSubInfoList]+
12-07 07:54:31.341 D/SubController( 2774): selection:sim_id!=-1000 null
12-07 07:54:31.343 D/SubController( 2774): [getSubInfoRecord] SubId:1 iccid:898600710115f0530049 slotId:0 displayName:null color:0 mcc/mnc:460/0 subStatus: 1 Nwmode: 1
12-07 07:54:31.343 D/SubController( 2774): [getSubInfoRecord] SubId:2 iccid:89860115811027929457 slotId:1 displayName:null color:1 mcc/mnc:460/1 subStatus: 1 Nwmode: 22
12-07 07:54:31.344 D/SubController( 2774): [getActiveSubInfoList]+
12-07 07:54:31.344 D/SubController( 2774): selection:sim_id!=-1000 null
12-07 07:54:31.348 D/SubController( 2774): [getActiveSubInfoList]- 2 infos return
12-07 07:54:31.348 D/SubController( 2774): [getActiveSubInfoCount]- count: 2
12-07 07:54:31.354 D/SubController( 2774): [getSubInfoRecord] SubId:1 iccid:898600710115f0530049 slotId:0 displayName:null color:0 mcc/mnc:460/0 subStatus: 1 Nwmode: 1
12-07 07:54:31.354 D/SubController( 2774): [getSubInfoRecord] SubId:2 iccid:89860115811027929457 slotId:1 displayName:null color:1 mcc/mnc:460/1 subStatus: 1 Nwmode: 22
12-07 07:54:31.357 D/SubController( 2774): [getSubInfoRecord] SubId:1 iccid:898600710115f0530049 slotId:0 displayName:null color:0 mcc/mnc:460/0 subStatus: 1 Nwmode: 1
12-07 07:54:31.357 D/SubController( 2774): [getSubInfoRecord] SubId:2 iccid:89860115811027929457 slotId:1 displayName:null color:1 mcc/mnc:460/1 subStatus: 1 Nwmode: 22
12-07 07:54:31.359 D/SubController( 2774): [getActiveSubInfoList]- 2 infos return
12-07 07:54:31.366 D/SubController( 2774): [getActiveSubInfoList]+
12-07 07:54:31.367 D/SubController( 2774): selection:sim_id!=-1000 null
12-07 07:54:31.367 D/SubController( 2774): [getActiveSubInfoList]- 2 infos return
12-07 07:54:31.362 I/auditd  (22220): type=1400 audit(0.0:211): avc: denied { write } for comm="modprobe" name="modules" dev="mmcblk0p40" ino=2721 scontext=u:r:kernel:s0 tcontext=u:object_r:system_file:s0 tclass=dir permissive=0
12-07 07:54:31.375 D/SubController( 2774): [getSubInfoRecord] SubId:1 iccid:898600710115f0530049 slotId:0 displayName:null color:0 mcc/mnc:460/0 subStatus: 1 Nwmode: 1
12-07 07:54:31.376 D/SubController( 2774): [getSubInfoRecord] SubId:2 iccid:89860115811027929457 slotId:1 displayName:null color:1 mcc/mnc:460/1 subStatus: 1 Nwmode: 22
12-07 07:54:31.377 D/SubController( 2774): [getActiveSubInfoList]- 2 infos return
12-07 07:54:31.380 D/GSMPhone( 2774): [GSMPhone] updateCurrentCarrierInProvider: mSubId = 2 currentDds = 2 operatorNumeric = 46001
12-07 07:54:31.380 D/SubController( 2774): [getSubInfoForSubscriberx]+ subId:1
12-07 07:54:31.407 D/GSMPhone( 2774): Voicemail count retrieval for Imsi = null current Imsi = 460018301619932
12-07 07:54:31.407 D/GSMPhone( 2774): updateVoiceMail countVoiceMessages = 0 subId 2
12-07 07:54:31.408 D/GSMPhone( 2774): updateCallForwardStatus got sim records
12-07 07:54:31.408 D/GsmSST  ( 2774): [GsmSST1] EVENT_SIM_RECORDS_LOADED: what=16
12-07 07:54:31.409 D/SubController( 2774): [getSubInfoForSubscriberx]- Info detail:
12-07 07:54:31.409 D/SubController( 2774): [getSubInfoRecord] SubId:1 iccid:898600710115f0530049 slotId:0 displayName:null color:0 mcc/mnc:460/0 subStatus: 1 Nwmode: 1
12-07 07:54:31.410 D/SIMRecords( 2774): [SIMRecords] getServiceProviderName: no brandOverride
12-07 07:54:31.410 D/SIMRecords( 2774): [SIMRecords] getServiceProviderName: providerName=中国联通
12-07 07:54:31.410 D/GsmSST  ( 2774): [GsmSST1] updateSpnDisplay: radio is off w/ showPlmn=false plmn=null
12-07 07:54:31.410 D/SIMRecords( 2774): [SIMRecords] getServiceProviderName: no brandOverride
12-07 07:54:31.410 D/SIMRecords( 2774): [SIMRecords] getServiceProviderName: providerName=中国联通
12-07 07:54:31.410 W/SpnOverride( 2774): lookupOperatorName: 46001
12-07 07:54:31.416 D/GsmSST  ( 2774): [GsmSST1]  phoneId:1 showSpn:true spn:中国联通 showPlmn:false plmn:null rule:3
12-07 07:54:31.416 D/GsmDCT  ( 2774): [1]EVENT_3GPP_RECORDS_LOADED
12-07 07:54:31.416 D/GsmDCT  ( 2774): [1]create3gppApnList: selection=numeric = '46001' and carrier_enabled = 1
12-07 07:54:31.420 D/TelephonyManager( 2172): getSimState(): slotId = 1, subId = [2], prop = READY
12-07 07:54:31.424 I/RILC    (  446): RIL_SOCKET_1 UNSOLICITED: UNSOL_STK_PROACTIVE_COMMAND length:76
12-07 07:54:31.424 E/RILC    (  446): Send Response to RIL_SOCKET_1
12-07 07:54:31.425 D/RILJ    ( 2774): [UNSL]< UNSOL_STK_PROACTIVE_COMMAND [SUB0]
12-07 07:54:31.429 D/GsmDCT  ( 2774): [1]createApnList: X result=[[ApnSettingV3] 沃宽带用户连接互联网, 1280, 46001, 3gnet, , null, , , , -1, default | supl | net, IP, IP, true, 0, 0, false, 0, 0, 0, 0, , , [ApnSettingV3] 沃宽带用户手机上网, 1281, 46001, 3gwap, 10.0.0.172, null, , , 80, -1, *, IP, IP, true, 0, 0, false, 0, 0, 0, 0, , , [ApnSettingV3] 中国联通 3g 彩信 (China Unicom), 1282, 46001, 3gwap, , http://mmsc.myuni.com.cn, 10.0.0.172, 80, , -1, mms, IP, IP, true, 0, 0, false, 0, 0, 0, 0, , ]
12-07 07:54:31.435 D/SubController( 2774): [getSubInfoForSubscriberx]+ subId:2
12-07 07:54:31.439 D/GsmDCT  ( 2774): [1]getPreferredApn: mRequestedApnType=default cursor=android.content.ContentResolver$CursorWrapperInner@2347702a cursor.count=1
12-07 07:54:31.439 D/GsmDCT  ( 2774): [1]getPreferredApn: apnSetting=[ApnSettingV3] 沃宽带用户连接互联网, 1280, 46001, 3gnet, , null, , , , -1, default | supl | net, IP, IP, true, 0, 0, false, 0, 0, 0, 0, , 
12-07 07:54:31.439 D/GsmDCT  ( 2774): [1]getPreferredApn: X found apnSetting[ApnSettingV3] 沃宽带用户连接互联网, 1280, 46001, 3gnet, , null, , , , -1, default | supl | net, IP, IP, true, 0, 0, false, 0, 0, 0, 0, , 
12-07 07:54:31.442 D/SubController( 2774): [getSubInfoForSubscriberx]- Info detail:
12-07 07:54:31.442 D/SubController( 2774): [getSubInfoRecord] SubId:2 iccid:89860115811027929457 slotId:1 displayName:null color:1 mcc/mnc:460/1 subStatus: 1 Nwmode: 22
12-07 07:54:31.442 D/GsmDCT  ( 2774): [1]setInitialApn: E preferredApn=[ApnSettingV3] 沃宽带用户连接互联网, 1280, 46001, 3gnet, , null, , , , -1, default | supl | net, IP, IP, true, 0, 0, false, 0, 0, 0, 0, , 
12-07 07:54:31.442 D/GsmDCT  ( 2774): [1]setInitialApn: firstApnSetting=[ApnSettingV3] 沃宽带用户连接互联网, 1280, 46001, 3gnet, , null, , , , -1, default | supl | net, IP, IP, true, 0, 0, false, 0, 0, 0, 0, , 
12-07 07:54:31.442 D/GsmDCT  ( 2774): [1]setInitialApn: defaultApnSetting=[ApnSettingV3] 沃宽带用户连接互联网, 1280, 46001, 3gnet, , null, , , , -1, default | supl | net, IP, IP, true, 0, 0, false, 0, 0, 0, 0, , 
12-07 07:54:31.442 D/GsmDCT  ( 2774): [1]setInitialAttachApn: using preferredApn
12-07 07:54:31.442 D/GsmDCT  ( 2774): [1]setInitialAttachApn: X selected Apn=[ApnSettingV3] 沃宽带用户连接互联网, 1280, 46001, 3gnet, , null, , , , -1, default | supl | net, IP, IP, true, 0, 0, false, 0, 0, 0, 0, , 
12-07 07:54:31.442 D/RILJ    ( 2774): Set RIL_REQUEST_SET_INITIAL_ATTACH_APN [SUB1]
12-07 07:54:31.442 D/RILJ    ( 2774): [5786]> RIL_REQUEST_SET_INITIAL_ATTACH_APN, apn:3gnet, protocol:IP, authType:-1, username:null, password:null [SUB1]
12-07 07:54:31.446 D/IccCardProxy( 2774): operator = 46001 slotId = 1
12-07 07:54:31.446 D/IccCardProxy( 2774): update icc_operator_numeric=46001
12-07 07:54:31.451 D/RILC    (  599): SOCKET RIL_SOCKET_1 REQUEST: RIL_REQUEST_SET_INITIAL_ATTACH_APN length:48
12-07 07:54:31.458 D/RILC    (  599): RequestComplete, RIL_SOCKET_1
12-07 07:54:31.458 E/RILC    (  599): Send Response to RIL_SOCKET_1
12-07 07:54:31.459 D/RILJ    ( 2774): [5786]< RIL_REQUEST_SET_INITIAL_ATTACH_APN  [SUB1]
12-07 07:54:31.461 D/TelephonyManager( 2774): setTelephonyProperty property=gsm.sim.operator.numeric propVal=,46001
12-07 07:54:31.463 D/TelephonyManager( 2774): setTelephonyProperty property=gsm.apn.sim.operator.numeric propVal=46000,46001
12-07 07:54:31.464 D/IccCardProxy( 2774): update sim_operator_numeric=46001
12-07 07:54:31.464 D/TelephonyManager( 2774): setTelephonyProperty property=gsm.sim.operator.iso-country propVal=,cn
12-07 07:54:31.465 D/SubController( 2774): [setMccMnc]+ mcc/mnc:460/1 subId:2
12-07 07:54:31.478 D/SubController( 2774): [broadcastSimInfoContentChanged] subId2 changed, mcc -> 460
12-07 07:54:31.482 D/IccCardProxy( 2774): Broadcasting intent ACTION_SIM_STATE_CHANGED LOADED reason null for mCardIndex : 1
12-07 07:54:31.493 D/TelephonyManager( 1182): getSimOperator(): default subId=1
12-07 07:54:31.502 I/notification_cancel( 1182): [1000,3805,com.android.settings,1003,NULL,0,0,0,8,NULL]
12-07 07:54:31.508 D/TelephonyManager( 1182): getSimOperator: subId=1 operator=
12-07 07:54:31.521 D/SIMRecords( 2774): [SIMRecords] Invalid or missing EF[MAILBOX]
12-07 07:54:31.521 D/SIMRecords( 2774): [SIMRecords] onRecordLoaded 0 requested: true
12-07 07:54:31.521 D/SIMRecords( 2774): [SIMRecords] record load complete
12-07 07:54:31.522 D/SIMRecords( 2774): [SIMRecords] languages from sim = ÿÿ
12-07 07:54:31.522 D/SIMRecords( 2774): [SIMRecords] languages from sim = ÿÿ
12-07 07:54:31.522 D/SIMRecords( 2774): [SIMRecords] languages from sim = ÿÿ
12-07 07:54:31.522 D/SIMRecords( 2774): [SIMRecords] languages from sim = ÿÿ
12-07 07:54:31.522 D/SIMRecords( 2774): [SIMRecords] languages from sim = ÿÿ
12-07 07:54:31.522 D/SIMRecords( 2774): [SIMRecords] languages from sim = ÿÿ
12-07 07:54:31.522 D/SIMRecords( 2774): [SIMRecords] languages from sim = ÿÿ
12-07 07:54:31.523 D/SIMRecords( 2774): [SIMRecords] languages from sim = ÿÿ
12-07 07:54:31.523 D/SIMRecords( 2774): [SIMRecords] No suitable USIM selected locale
12-07 07:54:31.523 D/SIMRecords( 2774): [SIMRecords] onAllRecordsLoaded set 'gsm.sim.operator.numeric' to operator='46000'
12-07 07:54:31.523 D/SIMRecords( 2774): [SIMRecords] update icc_operator_numeric=46000
12-07 07:54:31.538 D/TelephonyManager( 2774): setTelephonyProperty property=gsm.sim.operator.numeric propVal=46000,46001
12-07 07:54:31.538 D/SubController( 2774): [setMccMnc]+ mcc/mnc:460/0 subId:-1001
12-07 07:54:31.547 D/SubController( 2774): [broadcastSimInfoContentChanged] subId-1001 changed, mcc -> 460
12-07 07:54:31.616 I/am_proc_start( 1182): [0,22287,1001,com.qualcomm.qti.telephony,broadcast,com.qualcomm.qti.telephony/.SubInfoRecordUpdatedReceiver]
12-07 07:54:31.617 D/SIMRecords( 2774): [SIMRecords] onAllRecordsLoaded set mcc imsi=460008322164391
12-07 07:54:31.618 D/TelephonyManager( 2774): setTelephonyProperty property=gsm.sim.operator.iso-country propVal=cn,cn
12-07 07:54:31.618 D/SIMRecords( 2774): [SIMRecords] getServiceProviderName: no brandOverride
12-07 07:54:31.618 D/SIMRecords( 2774): [SIMRecords] getServiceProviderName: providerName=CMCC
12-07 07:54:31.618 E/SIMRecords( 2774): [SIMRecords] setServiceProviderName spn=中国移动
12-07 07:54:31.618 D/SIMRecords( 2774): [SIMRecords] getServiceProviderName: no brandOverride
12-07 07:54:31.618 D/SIMRecords( 2774): [SIMRecords] getServiceProviderName: providerName=中国移动
12-07 07:54:31.619 D/TelephonyManager( 2774): setTelephonyProperty property=gsm.sim.operator.alpha propVal=中国移动,中国联通
12-07 07:54:31.620 D/SIMRecords( 2774): [SIMRecords] isAppStateReady : appState = APPSTATE_READY
12-07 07:54:31.665 D/TelephonyManager( 2172): getSimState(): slotId = 0, subId = [1], prop = READY
12-07 07:54:31.671 D/TelephonyManager( 1182): getSimOperator(): default subId=1
12-07 07:54:31.674 D/TelephonyRegistry( 1182): listen: add new record
12-07 07:54:31.674 D/TelephonyRegistry( 1182): listen: r={pkgForDebug=com.android.phone callerUid=0 subId=1 phoneId=0 events=c} r.subId=1 phoneId=0
12-07 07:54:31.674 D/TelephonyRegistry( 1182): validateEventsAndUserLocked: valid=false r.callerUid=0 foregroundUser=0 r.events=12 events=16
12-07 07:54:31.674 D/TelephonyRegistry( 1182): validateEventsAndUserLocked: valid=false r.callerUid=0 foregroundUser=0 r.events=12 events=1024
12-07 07:54:31.677 D/TelephonyManager( 2172): getSimState(): slotId = 1, subId = [2], prop = READY
12-07 07:54:31.682 D/TelephonyManager( 2172): getSimState(): slotId = 0, subId = [1], prop = READY
12-07 07:54:31.688 D/TelephonyRegistry( 1182): listen: add new record
12-07 07:54:31.688 D/TelephonyRegistry( 1182): listen: r={pkgForDebug=com.android.phone callerUid=0 subId=2 phoneId=1 events=c} r.subId=2 phoneId=1
12-07 07:54:31.689 D/TelephonyRegistry( 1182): validateEventsAndUserLocked: valid=false r.callerUid=0 foregroundUser=0 r.events=12 events=16
12-07 07:54:31.689 D/TelephonyRegistry( 1182): validateEventsAndUserLocked: valid=false r.callerUid=0 foregroundUser=0 r.events=12 events=1024
12-07 07:54:31.689 D/TelephonyManager( 2172): getSimState(): slotId = 1, subId = [2], prop = READY
12-07 07:54:31.694 D/TelephonyManager( 2172): getSimState(): slotId = 1, subId = [2], prop = READY
12-07 07:54:31.701 D/TelephonyManager( 2172): getSimState(): slotId = 0, subId = [1], prop = READY
12-07 07:54:31.727 D/TelephonyManager( 2172): getSimState(): slotId = 1, subId = [2], prop = READY
12-07 07:54:31.743 I/am_proc_bound( 1182): [0,22287,com.qualcomm.qti.telephony]
12-07 07:54:31.748 D/TelephonyManager( 2172): getSimState(): slotId = 1, subId = [2], prop = READY
12-07 07:54:31.946 D/TelephonyManager( 1182): getSimOperator: subId=1 operator=46000
12-07 07:54:31.969 D/GsmSST  ( 2774): [GsmSST0]  operator from mIccRecords  46000
12-07 07:54:31.969 D/GsmSST  ( 2774): [GsmSST0] adjustEccList not india or hk operator, do nothing
12-07 07:54:31.969 D/PHONE   ( 2774): [ServiceState] setDataRegState=1
12-07 07:54:31.969 D/PHONE   ( 2774): [ServiceState] setDataRadioTechnology=0
12-07 07:54:31.969 D/GsmSST  ( 2774): [GsmSST0] handlPollStateResultMessage: GsmSST setDataRegState=1 regState=2 dataRadioTechnology=0
12-07 07:54:31.969 D/PHONE   ( 2774): [ServiceState] setVoiceRegState=0
12-07 07:54:31.969 E/PHONE   ( 2774): [ServiceState] setState deprecated use setVoiceRegState()
12-07 07:54:31.969 D/GsmSST  ( 2774): [GsmSST0] Poll ServiceState done:  oldSS=[1 1 home null null null  Unknown Unknown CSS not supported -1 -1 RoamInd=-1 DefRoamInd=-1 EmergOnly=false] newSS=[0 1 home CHINA MOBILE CMCC 46000  GSM Unknown CSS not supported -1 -1 RoamInd=-1 DefRoamInd=-1 EmergOnly=false] oldMaxDataCalls=20 mNewMaxDataCalls=20 oldReasonDataDenied=-1 mNewReasonDataDenied=-1
12-07 07:54:31.969 I/gsm_service_state_change( 2774): [1,1,0,1]
12-07 07:54:31.969 I/gsm_rat_switched_new( 2774): [22814,0,16]
12-07 07:54:31.969 D/GsmSST  ( 2774): [GsmSST0] RAT switched Unknown -> GSM at cell 22814
12-07 07:54:31.969 D/PHONE   ( 2774): [ServiceState] setNullState=1
12-07 07:54:31.969 D/GsmSST  ( 2774): [GsmSST0] pollStateDone: registering current mNitzUpdatedTime=false changing to false
12-07 07:54:31.969 D/SIMRecords( 2774): [SIMRecords] getServiceProviderName: no brandOverride
12-07 07:54:31.969 D/SIMRecords( 2774): [SIMRecords] getServiceProviderName: providerName=中国移动
12-07 07:54:31.969 D/SIMRecords( 2774): [SIMRecords] getServiceProviderName: no brandOverride
12-07 07:54:31.969 D/SIMRecords( 2774): [SIMRecords] getServiceProviderName: providerName=中国移动
12-07 07:54:31.969 W/SpnOverride( 2774): lookupOperatorName: 46000
12-07 07:54:31.969 D/SIMRecords( 2774): [SIMRecords] getServiceProviderName: no brandOverride
12-07 07:54:31.969 D/SIMRecords( 2774): [SIMRecords] getServiceProviderName: providerName=中国移动
12-07 07:54:31.969 W/SpnOverride( 2774): lookupOperatorName: 46000
12-07 07:54:31.983 D/GsmSST  ( 2774): [GsmSST0]  phoneId:0 showSpn:true spn:中国移动 showPlmn:false plmn:中国移动 rule:1
12-07 07:54:31.984 D/TelephonyManager( 2774): setTelephonyProperty property=gsm.operator.alpha propVal=CHINA MOBILE
12-07 07:54:31.985 D/TelephonyManager( 2774): setTelephonyProperty property=gsm.operator.numeric propVal=46000
12-07 07:54:31.986 D/GsmSST  ( 2774): [GsmSST0] update mccmnc=46000 fromServiceState=true
12-07 07:54:31.986 D/TelephonyManager( 2774): getSimOperator(): default subId=1
12-07 07:54:31.986 D/TelephonyManager( 2774): getSimOperator: subId=1 operator=46000
12-07 07:54:31.993 D/TelephonyManager( 2774): setTelephonyProperty property=gsm.operator.iso-country propVal=cn
12-07 07:54:31.998 D/GsmSST  ( 2774): [GsmSST0] pollStateDone: there are 2 unique offsets for iso-cc='cn testOneUniqueOffsetPath=false', do nothing
12-07 07:54:31.999 D/GsmSST  ( 2774): [GsmSST0] shouldFixTimeZoneNow: retVal=true iccCardExist=true operatorNumeric=46000 mcc=460 prevOperatorNumeric=, prevMcc=461 needToFixTimeZone=false ltod=12-07 07:54:31.998
12-07 07:54:31.999 D/GsmSST  ( 2774): [GsmSST0] pollStateDone: fix time zone zoneName='Asia/Shanghai' mZoneOffset=28800000 mZoneDst=false iso-cc='cn' iso-cc-idx=-3
12-07 07:54:31.999 D/GsmSST  ( 2774): [GsmSST0] pollStateDone: using getTimeZone(off, dst, time, iso)
12-07 07:54:31.999 D/GsmSST  ( 2774): [GsmSST0] pollStateDone: zone != null zone.getID=Asia/Shanghai
12-07 07:54:31.999 D/GsmSST  ( 2774): [GsmSST0] setAndBroadcastNetworkSetTimeZone: setTimeZone=Asia/Shanghai
12-07 07:54:32.007 D/GsmSST  ( 2774): [GsmSST0] setAndBroadcastNetworkSetTimeZone: call alarm.setTimeZone and broadcast zoneId=Asia/Shanghai
12-07 07:54:32.021 D/TelephonyManager( 2774): setTelephonyProperty property=gsm.operator.isroaming propVal=false,false
12-07 07:54:32.022 D/DefaultPhoneNotifier( 2774): nofityServiceState: mRegistry=com.android.internal.telephony.ITelephonyRegistry$Stub$Proxy@20b6fd67 ss=0 1 home CHINA MOBILE CMCC 46000  GSM Unknown CSS not supported -1 -1 RoamInd=-1 DefRoamInd=-1 EmergOnly=false sender=Handler (com.android.internal.telephony.gsm.GSMPhone) {2a3ad61f} phondId=0 subId=1
12-07 07:54:32.026 D/TelephonyRegistry( 1182): notifyServiceStateForSubscriber: subId=1 phoneId=0 state=0 1 home CHINA MOBILE CMCC 46000  GSM Unknown CSS not supported -1 -1 RoamInd=-1 DefRoamInd=-1 EmergOnly=false
12-07 07:54:32.026 D/TelephonyRegistry( 1182): notifyServiceStateForSubscriber: callback.onSSC r={pkgForDebug=android callerUid=0 subId=9223372036854775807 phoneId=-1000 events=1c1} subId=1 phoneId=0 state=0 1 home CHINA MOBILE CMCC 46000  GSM Unknown CSS not supported -1 -1 RoamInd=-1 DefRoamInd=-1 EmergOnly=false
12-07 07:54:32.026 D/TelephonyRegistry( 1182): notifyServiceStateForSubscriber: callback.onSSC r={pkgForDebug=com.android.phone callerUid=0 subId=9223372036854775807 phoneId=0 events=1} subId=1 phoneId=0 state=0 1 home CHINA MOBILE CMCC 46000  GSM Unknown CSS not supported -1 -1 RoamInd=-1 DefRoamInd=-1 EmergOnly=false
12-07 07:54:32.026 D/TelephonyRegistry( 1182): notifyServiceStateForSubscriber: callback.onSSC r={pkgForDebug=android callerUid=0 subId=9223372036854775807 phoneId=0 events=1} subId=1 phoneId=0 state=0 1 home CHINA MOBILE CMCC 46000  GSM Unknown CSS not supported -1 -1 RoamInd=-1 DefRoamInd=-1 EmergOnly=false
12-07 07:54:32.026 D/TelephonyRegistry( 1182): notifyServiceStateForSubscriber: callback.onSSC r={pkgForDebug=com.android.systemui callerUid=0 subId=1 phoneId=0 events=1e1} subId=1 phoneId=0 state=0 1 home CHINA MOBILE CMCC 46000  GSM Unknown CSS not supported -1 -1 RoamInd=-1 DefRoamInd=-1 EmergOnly=false
12-07 07:54:32.026 D/TelephonyRegistry( 1182): notifyServiceStateForSubscriber: callback.onSSC r={pkgForDebug=com.android.systemui callerUid=0 subId=1 phoneId=0 events=61} subId=1 phoneId=0 state=0 1 home CHINA MOBILE CMCC 46000  GSM Unknown CSS not supported -1 -1 RoamInd=-1 DefRoamInd=-1 EmergOnly=false
12-07 07:54:32.026 D/TelephonyRegistry( 1182): broadcastServiceStateChanged:  state = 0 1 home CHINA MOBILE CMCC 46000  GSM Unknown CSS not supported -1 -1 RoamInd=-1 DefRoamInd=-1 EmergOnly=false, subId = 1
12-07 07:54:32.047 D/TelephonyManager( 2172): getSimState(): slotId = 0, subId = [1], prop = READY
12-07 07:54:32.059 D/TelephonyManager( 1182): getSimState(): slotId = 1, subId = [2], prop = READY
12-07 07:54:32.062 D/GsmSST  ( 2774): [GsmSST0] getCellLocation(): X good mCellLoc=[4277,22814,-1]
12-07 07:54:32.062 D/TelephonyRegistry( 1182): notifyCellLocationForSubscriber: subId=1 cellLocation=Bundle[mParcelledData.dataSize=64]
12-07 07:54:32.068 D/TelephonyRegistry( 1182): validateEventsAndUserLocked: valid=false r.callerUid=0 foregroundUser=0 r.events=32 events=16
12-07 07:54:32.068 D/TelephonyRegistry( 1182): validateEventsAndUserLocked: valid=false r.callerUid=0 foregroundUser=0 r.events=8192 events=16
12-07 07:54:32.068 D/TelephonyRegistry( 1182): validateEventsAndUserLocked: valid=false r.callerUid=0 foregroundUser=0 r.events=449 events=16
12-07 07:54:32.069 D/TelephonyRegistry( 1182): validateEventsAndUserLocked: valid=false r.callerUid=0 foregroundUser=0 r.events=32 events=16
12-07 07:54:32.069 D/TelephonyRegistry( 1182): validateEventsAndUserLocked: valid=false r.callerUid=0 foregroundUser=0 r.events=32 events=16
12-07 07:54:32.069 D/TelephonyRegistry( 1182): validateEventsAndUserLocked: valid=false r.callerUid=0 foregroundUser=0 r.events=32 events=16
12-07 07:54:32.069 D/TelephonyRegistry( 1182): validateEventsAndUserLocked: valid=true r.callerUid=0 foregroundUser=0 r.events=272 events=16
12-07 07:54:32.069 D/TelephonyRegistry( 1182): validateEventsAndUserLocked: valid=false r.callerUid=0 foregroundUser=0 r.events=32 events=16
12-07 07:54:32.069 D/TelephonyRegistry( 1182): validateEventsAndUserLocked: valid=false r.callerUid=0 foregroundUser=0 r.events=1 events=16
12-07 07:54:32.069 D/TelephonyRegistry( 1182): validateEventsAndUserLocked: valid=false r.callerUid=0 foregroundUser=0 r.events=64 events=16
12-07 07:54:32.069 D/TelephonyRegistry( 1182): validateEventsAndUserLocked: valid=false r.callerUid=0 foregroundUser=0 r.events=512 events=16
12-07 07:54:32.069 D/TelephonyRegistry( 1182): validateEventsAndUserLocked: valid=false r.callerUid=0 foregroundUser=0 r.events=32 events=16
12-07 07:54:32.069 D/TelephonyRegistry( 1182): validateEventsAndUserLocked: valid=false r.callerUid=0 foregroundUser=0 r.events=32 events=16
12-07 07:54:32.069 D/TelephonyRegistry( 1182): validateEventsAndUserLocked: valid=false r.callerUid=0 foregroundUser=0 r.events=32 events=16
12-07 07:54:32.069 D/TelephonyRegistry( 1182): validateEventsAndUserLocked: valid=false r.callerUid=0 foregroundUser=0 r.events=32 events=16
12-07 07:54:32.069 D/TelephonyRegistry( 1182): validateEventsAndUserLocked: valid=false r.callerUid=0 foregroundUser=0 r.events=32 events=16
12-07 07:54:32.069 D/TelephonyRegistry( 1182): validateEventsAndUserLocked: valid=false r.callerUid=0 foregroundUser=0 r.events=32 events=16
12-07 07:54:32.069 D/TelephonyRegistry( 1182): validateEventsAndUserLocked: valid=false r.callerUid=0 foregroundUser=0 r.events=32 events=16
12-07 07:54:32.069 D/TelephonyRegistry( 1182): validateEventsAndUserLocked: valid=false r.callerUid=0 foregroundUser=0 r.events=32 events=16
12-07 07:54:32.069 D/TelephonyRegistry( 1182): validateEventsAndUserLocked: valid=false r.callerUid=0 foregroundUser=0 r.events=32 events=16
12-07 07:54:32.070 D/TelephonyRegistry( 1182): validateEventsAndUserLocked: valid=false r.callerUid=0 foregroundUser=0 r.events=32 events=16
12-07 07:54:32.070 D/TelephonyRegistry( 1182): validateEventsAndUserLocked: valid=false r.callerUid=0 foregroundUser=0 r.events=1 events=16
12-07 07:54:32.070 D/TelephonyRegistry( 1182): validateEventsAndUserLocked: valid=false r.callerUid=0 foregroundUser=0 r.events=32 events=16
12-07 07:54:32.070 D/TelephonyRegistry( 1182): validateEventsAndUserLocked: valid=false r.callerUid=0 foregroundUser=0 r.events=481 events=16
12-07 07:54:32.070 D/TelephonyRegistry( 1182): validateEventsAndUserLocked: valid=false r.callerUid=0 foregroundUser=0 r.events=481 events=16
12-07 07:54:32.070 D/TelephonyRegistry( 1182): validateEventsAndUserLocked: valid=false r.callerUid=0 foregroundUser=0 r.events=97 events=16
12-07 07:54:32.070 D/TelephonyRegistry( 1182): validateEventsAndUserLocked: valid=false r.callerUid=0 foregroundUser=0 r.events=97 events=16
12-07 07:54:32.070 D/TelephonyRegistry( 1182): validateEventsAndUserLocked: valid=false r.callerUid=0 foregroundUser=0 r.events=32 events=16
12-07 07:54:32.070 D/TelephonyRegistry( 1182): validateEventsAndUserLocked: valid=false r.callerUid=0 foregroundUser=0 r.events=32 events=16
12-07 07:54:32.070 D/TelephonyRegistry( 1182): validateEventsAndUserLocked: valid=false r.callerUid=0 foregroundUser=0 r.events=12 events=16
12-07 07:54:32.070 D/TelephonyRegistry( 1182): validateEventsAndUserLocked: valid=false r.callerUid=0 foregroundUser=0 r.events=12 events=16
12-07 07:54:32.074 D/GsmSST  ( 2774): [GsmSST1]  operator from mIccRecords  46001
12-07 07:54:32.074 D/GsmSST  ( 2774): [GsmSST1] adjustEccList not india or hk operator, do nothing
12-07 07:54:32.074 D/PHONE   ( 2774): [ServiceState] setDataRegState=1
12-07 07:54:32.075 D/PHONE   ( 2774): [ServiceState] setDataRadioTechnology=0
12-07 07:54:32.075 D/GsmSST  ( 2774): [GsmSST1] handlPollStateResultMessage: GsmSST setDataRegState=1 regState=2 dataRadioTechnology=0
12-07 07:54:32.075 D/PHONE   ( 2774): [ServiceState] setVoiceRegState=1
12-07 07:54:32.075 E/PHONE   ( 2774): [ServiceState] setState deprecated use setVoiceRegState()
12-07 07:54:32.075 D/GsmSST  ( 2774): [GsmSST1] Poll ServiceState done:  oldSS=[3 3 home null null null  Unknown Unknown CSS not supported -1 -1 RoamInd=-1 DefRoamInd=-1 EmergOnly=false] newSS=[1 1 home null null null  Unknown Unknown CSS not supported -1 -1 RoamInd=-1 DefRoamInd=-1 EmergOnly=false] oldMaxDataCalls=20 mNewMaxDataCalls=20 oldReasonDataDenied=-1 mNewReasonDataDenied=-1
12-07 07:54:32.075 I/gsm_service_state_change( 2774): [3,3,1,1]
12-07 07:54:32.075 D/PHONE   ( 2774): [ServiceState] setNullState=1
12-07 07:54:32.075 D/SIMRecords( 2774): [SIMRecords] getServiceProviderName: no brandOverride
12-07 07:54:32.075 D/SIMRecords( 2774): [SIMRecords] getServiceProviderName: providerName=中国联通
12-07 07:54:32.075 D/GsmSST  ( 2774): [GsmSST1] updateSpnDisplay: radio is on but out of service, set plmn='无服务'
12-07 07:54:32.077 I/am_kill ( 1182): [0,20216,com.letv.android.ecoProvider,15,empty #9]
12-07 07:54:32.075 D/SIMRecords( 2774): [SIMRecords] getServiceProviderName: no brandOverride
12-07 07:54:32.078 D/SIMRecords( 2774): [SIMRecords] getServiceProviderName: providerName=中国联通
12-07 07:54:32.078 W/SpnOverride( 2774): lookupOperatorName: 46001
12-07 07:54:32.086 W/SignalStrength( 2172): getLteLevel rsrpIconLevel=0
12-07 07:54:32.086 W/SignalStrength( 2172): getTdScdmaLevel = 0
12-07 07:54:32.086 W/SignalStrength( 2172): getGsmLevel=4
12-07 07:54:32.086 W/SignalStrength( 2172): getLevel=4
12-07 07:54:32.097 D/TelephonyManager( 2550): getSimState(): slotId = 1, subId = [2], prop = READY
12-07 07:54:32.101 D/TelephonyManager( 2172): getSimState(): slotId = 0, subId = [1], prop = READY
12-07 07:54:32.121 D/TelephonyManager( 2172): getSimState(): slotId = 0, subId = [1], prop = READY
12-07 07:54:32.133 D/TelephonyManager( 1182): getSimOperator(): default subId=1
12-07 07:54:32.134 D/TelephonyManager( 1182): getSimOperator: subId=1 operator=46000
12-07 07:54:32.294 I/dvm_lock_sample( 1182): [system_server,1,Binder_10,211,ActivityManagerService.java,17677,BroadcastQueue.java,544,42]
12-07 07:54:32.295 I/dvm_lock_sample( 1182): [system_server,1,ActivityManager,206,ActivityManagerService.java,3745,BroadcastQueue.java,544,41]
12-07 07:54:32.295 I/dvm_lock_sample( 1182): [system_server,1,Binder_5,192,ActivityManagerService.java,20739,BroadcastQueue.java,544,38]
12-07 07:54:32.296 I/am_proc_died( 1182): [0,20216,com.letv.android.ecoProvider]
12-07 07:54:32.306 D/GsmSST  ( 2774): [GsmSST0] getCellLocation(): X good mCellLoc=[4277,22814,-1]
12-07 07:54:32.312 D/GsmSST  ( 2774): [GsmSST1]  phoneId:1 showSpn:true spn:中国联通 showPlmn:true plmn:无服务 rule:3
12-07 07:54:32.314 D/TelephonyManager( 2774): setTelephonyProperty property=gsm.operator.alpha propVal=CHINA MOBILE,
12-07 07:54:32.316 D/TelephonyManager( 2774): setTelephonyProperty property=gsm.operator.numeric propVal=46000,
12-07 07:54:32.317 D/TelephonyManager( 2172): getSimState(): slotId = 1, subId = [2], prop = READY
12-07 07:54:32.321 D/GsmSST  ( 2774): [GsmSST1] update mccmnc=null fromServiceState=true
12-07 07:54:32.327 D/GsmSST  ( 2774): [GsmSST1] operatorNumeric is null
12-07 07:54:32.328 D/TelephonyManager( 2774): setTelephonyProperty property=gsm.operator.iso-country propVal=cn,
12-07 07:54:32.331 D/TelephonyManager( 2774): setTelephonyProperty property=gsm.operator.isroaming propVal=false,false
12-07 07:54:32.331 D/TelephonyManager( 2550): getSimState(): slotId = 1, subId = [2], prop = READY
12-07 07:54:32.332 D/DefaultPhoneNotifier( 2774): nofityServiceState: mRegistry=com.android.internal.telephony.ITelephonyRegistry$Stub$Proxy@20b6fd67 ss=1 1 home null null null  Unknown Unknown CSS not supported -1 -1 RoamInd=-1 DefRoamInd=-1 EmergOnly=false sender=Handler (com.android.internal.telephony.gsm.GSMPhone) {36c3a76} phondId=1 subId=2
12-07 07:54:32.333 D/TelephonyRegistry( 1182): notifyServiceStateForSubscriber: subId=2 phoneId=1 state=1 1 home null null null  Unknown Unknown CSS not supported -1 -1 RoamInd=-1 DefRoamInd=-1 EmergOnly=false
12-07 07:54:32.333 D/TelephonyRegistry( 1182): notifyServiceStateForSubscriber: callback.onSSC r={pkgForDebug=android callerUid=0 subId=9223372036854775807 phoneId=-1000 events=1c1} subId=2 phoneId=1 state=1 1 home null null null  Unknown Unknown CSS not supported -1 -1 RoamInd=-1 DefRoamInd=-1 EmergOnly=false
12-07 07:54:32.333 D/TelephonyRegistry( 1182): notifyServiceStateForSubscriber: callback.onSSC r={pkgForDebug=com.android.phone callerUid=0 subId=9223372036854775807 phoneId=0 events=1} subId=2 phoneId=1 state=1 1 home null null null  Unknown Unknown CSS not supported -1 -1 RoamInd=-1 DefRoamInd=-1 EmergOnly=false
12-07 07:54:32.334 D/TelephonyRegistry( 1182): notifyServiceStateForSubscriber: callback.onSSC r={pkgForDebug=android callerUid=0 subId=9223372036854775807 phoneId=0 events=1} subId=2 phoneId=1 state=1 1 home null null null  Unknown Unknown CSS not supported -1 -1 RoamInd=-1 DefRoamInd=-1 EmergOnly=false
12-07 07:54:32.334 D/TelephonyRegistry( 1182): notifyServiceStateForSubscriber: callback.onSSC r={pkgForDebug=com.android.systemui callerUid=0 subId=2 phoneId=1 events=1e1} subId=2 phoneId=1 state=1 1 home null null null  Unknown Unknown CSS not supported -1 -1 RoamInd=-1 DefRoamInd=-1 EmergOnly=false
12-07 07:54:32.334 D/TelephonyRegistry( 1182): notifyServiceStateForSubscriber: callback.onSSC r={pkgForDebug=com.android.systemui callerUid=0 subId=2 phoneId=1 events=61} subId=2 phoneId=1 state=1 1 home null null null  Unknown Unknown CSS not supported -1 -1 RoamInd=-1 DefRoamInd=-1 EmergOnly=false
12-07 07:54:32.335 D/TelephonyRegistry( 1182): broadcastServiceStateChanged:  state = 1 1 home null null null  Unknown Unknown CSS not supported -1 -1 RoamInd=-1 DefRoamInd=-1 EmergOnly=false, subId = 2
12-07 07:54:32.348 D/TelephonyManager( 2550): getSimState(): slotId = 1, subId = [2], prop = READY
12-07 07:54:32.353 D/TelephonyManager( 1182): getSimState(): slotId = 1, subId = [2], prop = READY
12-07 07:54:32.362 D/GsmSST  ( 2774): [GsmSST1] notifyDataRegStateRilRadioTechnologyChanged: drs=1 rat=0
12-07 07:54:32.367 D/TelephonyManager( 2774): setTelephonyProperty property=gsm.network.type propVal=Unknown,Unknown
12-07 07:54:32.369 D/GsmSST  ( 2774): [GsmSST1] Iwlan feature available = true
12-07 07:54:32.369 D/GsmSST  ( 2774): [GsmSST1] Iwlan feature available = true
